INFO  Using log config file: jar:file:/C:/prog/ghidra/ghidra_12.1.3_PUBLIC/Ghidra/Framework/Generic/lib/Generic.jar!/generic.log4j.xml (LoggingInitialization)  
INFO  Using log file: C:\Users\yomei\AppData\Roaming\ghidra\ghidra_12.1.3_PUBLIC\application.log (LoggingInitialization)  
INFO  Loading user preferences: C:\Users\yomei\AppData\Roaming\ghidra\ghidra_12.1.3_PUBLIC\preferences (Preferences)  
INFO  Searching for classes... (ClassSearcher)  
INFO  Class search complete (1045 ms) (ClassSearcher)  
INFO  Initializing SSL Context (DefaultSSLContextInitializer)  
INFO  Initializing Random Number Generator... (SecureRandomFactory)  
INFO  Random Number Generator initialization complete: SHA1PRNG (SecureRandomFactory)  
INFO  Trust manager disabled, cacerts have not been set (DefaultTrustManagerFactory)  
INFO  Headless startup complete (10177 ms) (AnalyzeHeadless)  
INFO  Class searcher loaded 59 extension points (20 false positives) (ClassSearcher)  
INFO  HEADLESS Script Paths:
    C:\prog\ghidra\ghidra_12.1.3_PUBLIC\Ghidra\Debug\Debugger-rmi-trace\ghidra_scripts
    C:\prog\ghidra\ghidra_12.1.3_PUBLIC\Ghidra\Features\FileFormats\ghidra_scripts
    C:\prog\ghidra\ghidra_12.1.3_PUBLIC\Ghidra\Features\GnuDemangler\ghidra_scripts
    C:\prog\ghidra\ghidra_12.1.3_PUBLIC\Ghidra\Features\VersionTracking\ghidra_scripts
    C:\prog\ghidra\ghidra_12.1.3_PUBLIC\Ghidra\Debug\Debugger\ghidra_scripts
    C:\prog\ghidra\ghidra_12.1.3_PUBLIC\Ghidra\Processors\8051\ghidra_scripts
    C:\prog\ghidra\ghidra_12.1.3_PUBLIC\Ghidra\Features\BSim\ghidra_scripts
    C:\prog\ghidra\ghidra_12.1.3_PUBLIC\Ghidra\Features\WildcardAssembler\ghidra_scripts
    C:\prog\ghidra\ghidra_12.1.3_PUBLIC\Ghidra\Features\FunctionID\ghidra_scripts
    C:\prog\ghidra\ghidra_12.1.3_PUBLIC\Ghidra\Features\SystemEmulation\ghidra_scripts
    C:\prog\ghidra\ghidra_12.1.3_PUBLIC\Ghidra\Processors\PIC\ghidra_scripts
    C:\prog\ghidra\ghidra_12.1.3_PUBLIC\Ghidra\Features\PDB\ghidra_scripts
    C:\prog\ghidra\ghidra_12.1.3_PUBLIC\Ghidra\Features\DecompilerDependent\ghidra_scripts
    C:\prog\ghidra\ghidra_12.1.3_PUBLIC\Ghidra\Features\SwiftDemangler\ghidra_scripts
    C:\prog\ghidra\ghidra_12.1.3_PUBLIC\Ghidra\Features\MicrosoftCodeAnalyzer\ghidra_scripts
    C:\prog\ghidra\ghidra_12.1.3_PUBLIC\Ghidra\Processors\DATA\ghidra_scripts
    C:\prog\ghidra\ghidra_12.1.3_PUBLIC\Ghidra\Features\Decompiler\ghidra_scripts
    C:\prog\ghidra\ghidra_12.1.3_PUBLIC\Ghidra\Features\BytePatterns\ghidra_scripts
    C:\prog\ghidra\ghidra_12.1.3_PUBLIC\Ghidra\Features\PyGhidra\ghidra_scripts
    C:\prog\ghidra\ghidra_12.1.3_PUBLIC\Ghidra\Processors\Atmel\ghidra_scripts
    C:\prog\ghidra\ghidra_12.1.3_PUBLIC\Ghidra\Features\Base\ghidra_scripts
    C:\prog\jwcad\ghidra_scripts
    C:\prog\ghidra\ghidra_12.1.3_PUBLIC\Ghidra\Processors\JVM\ghidra_scripts (HeadlessAnalyzer)  
INFO  HEADLESS: execution starts (HeadlessAnalyzer)  
INFO  Creating temporary project: C:\prog\jwcad\proj\ovl35 (HeadlessAnalyzer)  
INFO  Creating project: C:\prog\jwcad\proj\ovl35 (DefaultProject)  
INFO  REPORT: Processing input files:  (HeadlessAnalyzer)  
INFO       project: C:\prog\jwcad\proj\ovl35 (HeadlessAnalyzer)  
INFO  IMPORTING: file:///C:/prog/jwcad/ovl/jw35.exe (HeadlessAnalyzer)  
INFO  Using Loader: Old-style DOS Executable (MZ) (ProgramLoader)  
INFO  Using Language/Compiler: x86:LE:16:Real Mode:default (ProgramLoader)  
INFO  Using Library Search Path: [., C:\Windows\SysWOW64, C:\prog\ghidra\jdk21\bin, C:\Windows\Sun\Java\bin, C:\Windows\system32, C:\Windows, C:\Program Files\Python312\Scripts\, C:\Program Files\Python312\, C:\Windows\System32\Wbem, C:\Windows\System32\WindowsPowerShell\v1.0\, C:\Windows\System32\OpenSSH\, C:\Program Files\Amazon\AWSCLIV2\, C:\ProgramData\chocolatey\bin, C:\ffmpeg, C:\Users\yomei\AppData\Local\Microsoft\WindowsApps] (ProgramLoader)  
INFO  Additional info:
There were too many messages to display.
1933 messages have been truncated.

Loading file:///C:/prog/jwcad/ovl/jw35.exe?MD5=63d6a77ecaf2c6115fa7bfa26f48734b...
Failed to process relocation: 6570:017c (Invalid index: 388172)
Failed to process relocation: 6570:0154 (Invalid index: 388132)
Failed to process relocation: 6570:0137 (Invalid index: 388103)
Failed to process relocation: 6570:0125 (Invalid index: 388085)
Failed to process relocation: 6570:0111 (Invalid index: 388065)
Failed to process relocation: 6570:0109 (Invalid index: 388057)
Failed to process relocation: 6570:00f4 (Invalid index: 388036)
Failed to process relocation: 6570:00c9 (Invalid index: 387993)
Failed to process relocation: 6570:00c1 (Invalid index: 387985)
Failed to process relocation: 6570:00b7 (Invalid index: 387975)
Failed to process relocation: 6570:008e (Invalid index: 387934)
Failed to process relocation: 6570:0086 (Invalid index: 387926)
Failed to process relocation: 6570:007c (Invalid index: 387916)
Failed to process relocation: 6570:002c (Invalid index: 387836)
Failed to process relocation: 6570:0013 (Invalid index: 387811)
Failed to process relocation: 6570:0009 (Invalid index: 387801)
Failed to process relocation: 6570:0530 (Invalid index: 389120)
Failed to process relocation: 6570:0520 (Invalid index: 389104)
Failed to process relocation: 6570:0510 (Invalid index: 389088)
Failed to process relocation: 6570:0500 (Invalid index: 389072)
Failed to process relocation: 6570:04e4 (Invalid index: 389044)
Failed to process relocation: 6570:04c2 (Invalid index: 389010)
Failed to process relocation: 6570:047c (Invalid index: 388940)
Failed to process relocation: 6570:0472 (Invalid index: 388930)
Failed to process relocation: 6570:0461 (Invalid index: 388913)
Failed to process relocation: 6570:043d (Invalid index: 388877)
Failed to process relocation: 6570:0437 (Invalid index: 388871)
Failed to process relocation: 6570:042c (Invalid index: 388860)
Failed to process relocation: 6570:0417 (Invalid index: 388839)
Failed to process relocation: 6570:03f8 (Invalid index: 388808)
Failed to process relocation: 6570:03e5 (Invalid index: 388789)
Failed to process relocation: 6570:03d8 (Invalid index: 388776)
Failed to process relocation: 6570:03ce (Invalid index: 388766)
Failed to process relocation: 6570:03c9 (Invalid index: 388761)
Failed to process relocation: 6570:03c1 (Invalid index: 388753)
Failed to process relocation: 6570:03b7 (Invalid index: 388743)
Failed to process relocation: 6570:0387 (Invalid index: 388695)
Failed to process relocation: 6570:034d (Invalid index: 388637)
Failed to process relocation: 6570:0348 (Invalid index: 388632)
Failed to process relocation: 6570:0343 (Invalid index: 388627)
Failed to process relocation: 6570:033b (Invalid index: 388619)
Failed to process relocation: 6570:0313 (Invalid index: 388579)
Failed to process relocation: 6570:02ee (Invalid index: 388542)
Failed to process relocation: 6570:02dc (Invalid index: 388524)
Failed to process relocation: 6570:02bf (Invalid index: 388495)
Failed to process relocation: 6570:02ba (Invalid index: 388490)
Failed to process relocation: 6570:02ae (Invalid index: 388478)
Failed to process relocation: 6570:0298 (Invalid index: 388456)
Failed to process relocation: 6570:0291 (Invalid index: 388449)
Failed to process relocation: 6570:0282 (Invalid index: 388434)
Failed to process relocation: 6570:0261 (Invalid index: 388401)
Failed to process relocation: 6570:0247 (Invalid index: 388375)
Failed to process relocation: 6570:0242 (Invalid index: 388370)
Failed to process relocation: 6570:0239 (Invalid index: 388361)
Failed to process relocation: 6570:022f (Invalid index: 388351)
Failed to process relocation: 6570:022a (Invalid index: 388346)
Failed to process relocation: 6570:0221 (Invalid index: 388337)
Failed to process relocation: 6570:0202 (Invalid index: 388306)
Failed to process relocation: 6570:0197 (Invalid index: 388199)
Failed to process relocation: 6570:08f0 (Invalid index: 390080)
Failed to process relocation: 6570:08e8 (Invalid index: 390072)
Failed to process relocation: 6570:08e0 (Invalid index: 390064)
Failed to process relocation: 6570:08d6 (Invalid index: 390054)
Failed to process relocation: 6570:08d1 (Invalid index: 390049)
Failed to process relocation: 6570:08c9 (Invalid index: 390041)
Failed to process relocation: 6570:08bf (Invalid index: 390031)
Failed to process relocation: 6570:08ba (Invalid index: 390026)
Failed to process relocation: 6570:08b2 (Invalid index: 390018)
Failed to process relocation: 6570:08a8 (Invalid index: 390008)
Failed to process relocation: 6570:08a3 (Invalid index: 390003)
Failed to process relocation: 6570:0887 (Invalid index: 389975)
Failed to process relocation: 6570:087d (Invalid index: 389965)
Failed to process relocation: 6570:0878 (Invalid index: 389960)
Failed to process relocation: 6570:0870 (Invalid index: 389952)
Failed to process relocation: 6570:0866 (Invalid index: 389942)
Failed to process relocation: 6570:0861 (Invalid index: 389937)
Failed to process relocation: 6570:0859 (Invalid index: 389929)
Failed to process relocation: 6570:084f (Invalid index: 389919)
Failed to process relocation: 6570:084a (Invalid index: 389914)
Failed to process relocation: 6570:0826 (Invalid index: 389878)
Failed to process relocation: 6570:0821 (Invalid index: 389873)
Failed to process relocation: 6570:081c (Invalid index: 389868)
Failed to process relocation: 6570:0817 (Invalid index: 389863)
Failed to process relocation: 6570:080f (Invalid index: 389855)
Failed to process relocation: 6570:0807 (Invalid index: 389847)
Failed to process relocation: 6570:0802 (Invalid index: 389842)
Failed to process relocation: 6570:07f9 (Invalid index: 389833)
Failed to process relocation: 6570:07f1 (Invalid index: 389825)
Failed to process relocation: 6570:07ec (Invalid index: 389820)
Failed to process relocation: 6570:07e7 (Invalid index: 389815)
Failed to process relocation: 6570:07df (Invalid index: 389807)
Failed to process relocation: 6570:07d7 (Invalid index: 389799)
Failed to process relocation: 6570:07d2 (Invalid index: 389794)
Failed to process relocation: 6570:07c9 (Invalid index: 389785)
Failed to process relocation: 6570:07ba (Invalid index: 389770)
Failed to process relocation: 6570:07a6 (Invalid index: 389750)
Failed to process relocation: 6570:0759 (Invalid index: 389673)
Failed to process relocation: 6570:074e (Invalid index: 389662)
Failed to process relocation: 6570:073a (Invalid index: 389642)
Failed to process relocation: 6570:070f (Invalid index: 389599)
Failed to process relocation: 6570:06e6 (Invalid index: 389558)
Failed to process relocation: 6570:06cc (Invalid index: 389532)
Failed to process relocation: 6570:06bb (Invalid index: 389515)
Failed to process relocation: 6570:06aa (Invalid index: 389498)
Failed to process relocation: 6570:0693 (Invalid index: 389475)
Failed to process relocation: 6570:066f (Invalid index: 389439)
Failed to process relocation: 6570:0658 (Invalid index: 389416)
Failed to process relocation: 6570:0640 (Invalid index: 389392)
Failed to process relocation: 6570:0626 (Invalid index: 389366)
Failed to process relocation: 6570:0616 (Invalid index: 389350)
Failed to process relocation: 6570:05f6 (Invalid index: 389318)
Failed to process relocation: 6570:05f1 (Invalid index: 389313)
Failed to process relocation: 6570:05e7 (Invalid index: 389303)
Failed to process relocation: 6570:05e2 (Invalid index: 389298)
Failed to process relocation: 6570:05d9 (Invalid index: 389289)
Failed to process relocation: 6570:05cf (Invalid index: 389279)
Failed to process relocation: 6570:05ca (Invalid index: 389274)
Failed to process relocation: 6570:05c1 (Invalid index: 389265)
Failed to process relocation: 6570:0554 (Invalid index: 389156)
Failed to process relocation: 6570:0c9c (Invalid index: 391020)
Failed to process relocation: 6570:0c7c (Invalid index: 390988)
Failed to process relocation: 6570:0c52 (Invalid index: 390946)
Failed to process relocation: 6570:0c27 (Invalid index: 390903)
Failed to process relocation: 6570:0c22 (Invalid index: 390898)
Failed to process relocation: 6570:0c1d (Invalid index: 390893)
Failed to process relocation: 6570:0c15 (Invalid index: 390885)
Failed to process relocation: 6570:0bed (Invalid index: 390845)
Failed to process relocation: 6570:0bc8 (Invalid index: 390808)
Failed to process relocation: 6570:0bb6 (Invalid index: 390790)
Failed to process relocation: 6570:0b97 (Invalid index: 390759)
Failed to process relocation: 6570:0b87 (Invalid index: 390743)
Failed to process relocation: 6570:0b82 (Invalid index: 390738)
Failed to process relocation: 6570:0b7a (Invalid index: 390730)
Failed to process relocation: 6570:0b66 (Invalid index: 390710)
Failed to process relocation: 6570:0b3f (Invalid index: 390671)
Failed to process relocation: 6570:0b32 (Invalid index: 390658)
Failed to process relocation: 6570:0b2a (Invalid index: 390650)
Failed to process relocation: 6570:0b15 (Invalid index: 390629)
Failed to process relocation: 6570:0b01 (Invalid index: 390609)
Failed to process relocation: 6570:0af6 (Invalid index: 390598)
Failed to process relocation: 6570:0ae2 (Invalid index: 390578)
Failed to process relocation: 6570:0adc (Invalid index: 390572)
Failed to process relocation: 6570:0ad1 (Invalid index: 390561)
Failed to process relocation: 6570:0ac5 (Invalid index: 390549)
Failed to process relocation: 6570:0ab6 (Invalid index: 390534)
Failed to process relocation: 6570:0aa7 (Invalid index: 390519)
Failed to process relocation: 6570:0a98 (Invalid index: 390504)
Failed to process relocation: 6570:0a7d (Invalid index: 390477)
Failed to process relocation: 6570:0a29 (Invalid index: 390393)
Failed to process relocation: 6570:0a08 (Invalid index: 390360)
Failed to process relocation: 6570:09ff (Invalid index: 390351)
Failed to process relocation: 6570:09f9 (Invalid index: 390345)
Failed to process relocation: 6570:09ef (Invalid index: 390335)
Failed to process relocation: 6570:09de (Invalid index: 390318)
Failed to process relocation: 6570:09c7 (Invalid index: 390295)
Failed to process relocation: 6570:09c2 (Invalid index: 390290)
Failed to process relocation: 6570:09bd (Invalid index: 390285)
Failed to process relocation: 6570:09b8 (Invalid index: 390280)
Failed to process relocation: 6570:09b3 (Invalid index: 390275)
Failed to process relocation: 6570:09ab (Invalid index: 390267)
Failed to process relocation: 6570:09a3 (Invalid index: 390259)
Failed to process relocation: 6570:099e (Invalid index: 390254)
Failed to process relocation: 6570:0995 (Invalid index: 390245)
Failed to process relocation: 6570:098d (Invalid index: 390237)
Failed to process relocation: 6570:0972 (Invalid index: 390210)
Failed to process relocation: 6570:096d (Invalid index: 390205)
Failed to process relocation: 6570:0963 (Invalid index: 390195)
Failed to process relocation: 6570:095e (Invalid index: 390190)
Failed to process relocation: 6570:0956 (Invalid index: 390182)
Failed to process relocation: 6570:094c (Invalid index: 390172)
Failed to process relocation: 6570:0947 (Invalid index: 390167)
Failed to process relocation: 6570:093f (Invalid index: 390159)
Failed to process relocation: 6570:0935 (Invalid index: 390149)
Failed to process relocation: 6570:0930 (Invalid index: 390144)
Failed to process relocation: 6570:0927 (Invalid index: 390135)
Failed to process relocation: 6570:091f (Invalid index: 390127)
Failed to process relocation: 6570:0917 (Invalid index: 390119)
Failed to process relocation: 6570:090d (Invalid index: 390109)
Failed to process relocation: 6570:0908 (Invalid index: 390104)
Failed to process relocation: 6570:0e19 (Invalid index: 391401)
Failed to process relocation: 6570:0dfa (Invalid index: 391370)
Failed to process relocation: 6570:0de3 (Invalid index: 391347)
Failed to process relocation: 6570:0dd8 (Invalid index: 391336)
Failed to process relocation: 6570:0dc3 (Invalid index: 391315)
Failed to process relocation: 6570:0da2 (Invalid index: 391282)
Failed to process relocation: 6570:0d8c (Invalid index: 391260)
Failed to process relocation: 6570:0d24 (Invalid index: 391156)
Failed to process relocation: 6570:0d14 (Invalid index: 391140)
Failed to process relocation: 6570:0cfc (Invalid index: 391116)
Failed to process relocation: 6570:0cef (Invalid index: 391103)
Failed to process relocation: 6570:0ce5 (Invalid index: 391093)
Failed to process relocation: 6570:0ce0 (Invalid index: 391088)
Failed to process relocation: 6570:0cd8 (Invalid index: 391080)
Failed to process relocation: 6570:0cce (Invalid index: 391070)
Failed to process relocation: 6570:11df (Invalid index: 392367)
Failed to process relocation: 6570:11d7 (Invalid index: 392359)
Failed to process relocation: 6570:11cf (Invalid index: 392351)
Failed to process relocation: 6570:11c7 (Invalid index: 392343)
Failed to process relocation: 6570:11bf (Invalid index: 392335)
Failed to process relocation: 6570:11b7 (Invalid index: 392327)
Failed to process relocation: 6570:11b2 (Invalid index: 392322)
Failed to process relocation: 6570:11a5 (Invalid index: 392309)
Failed to process relocation: 6570:11a0 (Invalid index: 392304)
Failed to process relocation: 6570:119b (Invalid index: 392299)
Failed to process relocation: 6570:1193 (Invalid index: 392291)
Failed to process relocation: 6570:1188 (Invalid index: 392280)
Failed to process relocation: 6570:1183 (Invalid index: 392275)
Failed to process relocation: 6570:117b (Invalid index: 392267)
Failed to process relocation: 6570:1173 (Invalid index: 392259)
Failed to process relocation: 6570:116b (Invalid index: 392251)
Failed to process relocation: 6570:1163 (Invalid index: 392243)
Failed to process relocation: 6570:115b (Invalid index: 392235)
Failed to process relocation: 6570:1153 (Invalid index: 392227)
Failed to process relocation: 6570:114e (Invalid index: 392222)
Failed to process relocation: 6570:1146 (Invalid index: 392214)
Failed to process relocation: 6570:113e (Invalid index: 392206)
Failed to process relocation: 6570:1136 (Invalid index: 392198)
Failed to process relocation: 6570:1123 (Invalid index: 392179)
Failed to process relocation: 6570:111e (Invalid index: 392174)
Failed to process relocation: 6570:1116 (Invalid index: 392166)
Failed to process relocation: 6570:110e (Invalid index: 392158)
Failed to process relocation: 6570:1103 (Invalid index: 392147)
Failed to process relocation: 6570:10fe (Invalid index: 392142)
Failed to process relocation: 6570:10f6 (Invalid index: 392134)
Failed to process relocation: 6570:10ee (Invalid index: 392126)
Failed to process relocation: 6570:10e3 (Invalid index: 392115)
Failed to process relocation: 6570:10de (Invalid index: 392110)
Failed to process relocation: 6570:10d6 (Invalid index: 392102)
Failed to process relocation: 6570:10ce (Invalid index: 392094)
Failed to process relocation: 6570:10c6 (Invalid index: 392086)
Failed to process relocation: 6570:10c1 (Invalid index: 392081)
Failed to process relocation: 6570:10b7 (Invalid index: 392071)
Failed to process relocation: 6570:10af (Invalid index: 392063)
Failed to process relocation: 6570:10aa (Invalid index: 392058)
Failed to process relocation: 6570:10a2 (Invalid index: 392050)
Failed to process relocation: 6570:109a (Invalid index: 392042)
Failed to process relocation: 6570:1092 (Invalid index: 392034)
Failed to process relocation: 6570:108a (Invalid index: 392026)
Failed to process relocation: 6570:1082 (Invalid index: 392018)
Failed to process relocation: 6570:107d (Invalid index: 392013)
Failed to process relocation: 6570:106e (Invalid index: 391998)
Failed to process relocation: 6570:1069 (Invalid index: 391993)
Failed to process relocation: 6570:1064 (Invalid index: 391988)
Failed to process relocation: 6570:105c (Invalid index: 391980)
Failed to process relocation: 6570:1051 (Invalid index: 391969)
Failed to process relocation: 6570:104c (Invalid index: 391964)
Failed to process relocation: 6570:1044 (Invalid index: 391956)
Failed to process relocation: 6570:103c (Invalid index: 391948)
Failed to process relocation: 6570:1034 (Invalid index: 391940)
Failed to process relocation: 6570:102c (Invalid index: 391932)
Failed to process relocation: 6570:1024 (Invalid index: 391924)
Failed to process relocation: 6570:101c (Invalid index: 391916)
Failed to process relocation: 6570:1017 (Invalid index: 391911)
Failed to process relocation: 6570:100f (Invalid index: 391903)
Failed to process relocation: 6570:1007 (Invalid index: 391895)
Failed to process relocation: 6570:0fff (Invalid index: 391887)
Failed to process relocation: 6570:0fec (Invalid index: 391868)
Failed to process relocation: 6570:0fe7 (Invalid index: 391863)
Failed to process relocation: 6570:0fdf (Invalid index: 391855)
Failed to process relocation: 6570:0fd7 (Invalid index: 391847)
Failed to process relocation: 6570:0fcc (Invalid index: 391836)
Failed to process relocation: 6570:0fc7 (Invalid index: 391831)
Failed to process relocation: 6570:0fbf (Invalid index: 391823)
Failed to process relocation: 6570:0fb7 (Invalid index: 391815)
Failed to process relocation: 6570:0fac (Invalid index: 391804)
Failed to process relocation: 6570:0fa7 (Invalid index: 391799)
Failed to process relocation: 6570:0f9f (Invalid index: 391791)
Failed to process relocation: 6570:0f97 (Invalid index: 391783)
Failed to process relocation: 6570:0f8f (Invalid index: 391775)
Failed to process relocation: 6570:0f87 (Invalid index: 391767)
Failed to process relocation: 6570:0f7f (Invalid index: 391759)
Failed to process relocation: 6570:0f7a (Invalid index: 391754)
Failed to process relocation: 6570:0f72 (Invalid index: 391746)
Failed to process relocation: 6570:0f6a (Invalid index: 391738)
Failed to process relocation: 6570:0f65 (Invalid index: 391733)
Failed to process relocation: 6570:0f5d (Invalid index: 391725)
Failed to process relocation: 6570:0f55 (Invalid index: 391717)
Failed to process relocation: 6570:0f4d (Invalid index: 391709)
Failed to process relocation: 6570:0f45 (Invalid index: 391701)
Failed to process relocation: 6570:0f40 (Invalid index: 391696)
Failed to process relocation: 6570:0f38 (Invalid index: 391688)
Failed to process relocation: 6570:0f30 (Invalid index: 391680)
Failed to process relocation: 6570:0f2b (Invalid index: 391675)
Failed to process relocation: 6570:0f23 (Invalid index: 391667)
Failed to process relocation: 6570:0f1b (Invalid index: 391659)
Failed to process relocation: 6570:0f13 (Invalid index: 391651)
Failed to process relocation: 6570:0f0b (Invalid index: 391643)
Failed to process relocation: 6570:0f03 (Invalid index: 391635)
Failed to process relocation: 6570:0efb (Invalid index: 391627)
Failed to process relocation: 6570:0ef3 (Invalid index: 391619)
Failed to process relocation: 6570:0eee (Invalid index: 391614)
Failed to process relocation: 6570:0ee6 (Invalid index: 391606)
Failed to process relocation: 6570:0ede (Invalid index: 391598)
Failed to process relocation: 6570:0ed6 (Invalid index: 391590)
Failed to process relocation: 6570:0ed1 (Invalid index: 391585)
Failed to process relocation: 6570:0eb7 (Invalid index: 391559)
Failed to process relocation: 6570:0ea5 (Invalid index: 391541)
Failed to process relocation: 6570:0e37 (Invalid index: 391431)
Failed to process relocation: 6570:148f (Invalid index: 393055)
Failed to process relocation: 6570:1469 (Invalid index: 393017)
Failed to process relocation: 6570:145e (Invalid index: 393006)
Failed to process relocation: 6570:143a (Invalid index: 392970)
Failed to process relocation: 6570:1382 (Invalid index: 392786)
Failed to process relocation: 6570:137a (Invalid index: 392778)
Failed to process relocation: 6570:1372 (Invalid index: 392770)
Failed to process relocation: 6570:136a (Invalid index: 392762)
Failed to process relocation: 6570:1362 (Invalid index: 392754)
Failed to process relocation: 6570:135a (Invalid index: 392746)
Failed to process relocation: 6570:131d (Invalid index: 392685)
Failed to process relocation: 6570:1318 (Invalid index: 392680)
Failed to process relocation: 6570:1310 (Invalid index: 392672)
Failed to process relocation: 6570:1308 (Invalid index: 392664)
Failed to process relocation: 6570:1300 (Invalid index: 392656)
Failed to process relocation: 6570:12fb (Invalid index: 392651)
Failed to process relocation: 6570:12e3 (Invalid index: 392627)
Failed to process relocation: 6570:12db (Invalid index: 392619)
Failed to process relocation: 6570:12d1 (Invalid index: 392609)
Failed to process relocation: 6570:12c9 (Invalid index: 392601)
Failed to process relocation: 6570:12bf (Invalid index: 392591)
Failed to process relocation: 6570:12a7 (Invalid index: 392567)
Failed to process relocation: 6570:129f (Invalid index: 392559)
Failed to process relocation: 6570:1295 (Invalid index: 392549)
Failed to process relocation: 6570:128d (Invalid index: 392541)
Failed to process relocation: 6570:1283 (Invalid index: 392531)
Failed to process relocation: 6570:126b (Invalid index: 392507)
Failed to process relocation: 6570:1263 (Invalid index: 392499)
Failed to process relocation: 6570:1259 (Invalid index: 392489)
Failed to process relocation: 6570:1251 (Invalid index: 392481)
Failed to process relocation: 6570:1247 (Invalid index: 392471)
Failed to process relocation: 6570:122f (Invalid index: 392447)
Failed to process relocation: 6570:1227 (Invalid index: 392439)
Failed to process relocation: 6570:121d (Invalid index: 392429)
Failed to process relocation: 6570:1215 (Invalid index: 392421)
Failed to process relocation: 6570:120b (Invalid index: 392411)
Failed to process relocation: 6570:1203 (Invalid index: 392403)
Failed to process relocation: 6570:11fb (Invalid index: 392395)
Failed to process relocation: 6570:11f6 (Invalid index: 392390)
Failed to process relocation: 6570:11ec (Invalid index: 392380)
Failed to process relocation: 6570:11e4 (Invalid index: 392372)
Failed to process relocation: 6570:181b (Invalid index: 393963)
Failed to process relocation: 6570:1813 (Invalid index: 393955)
Failed to process relocation: 6570:180e (Invalid index: 393950)
Failed to process relocation: 6570:17fe (Invalid index: 393934)
Failed to process relocation: 6570:17f9 (Invalid index: 393929)
Failed to process relocation: 6570:17f0 (Invalid index: 393920)
Failed to process relocation: 6570:17d8 (Invalid index: 393896)
Failed to process relocation: 6570:1799 (Invalid index: 393833)
Failed to process relocation: 6570:1779 (Invalid index: 393801)
Failed to process relocation: 6570:16e7 (Invalid index: 393655)
Failed to process relocation: 6570:16e2 (Invalid index: 393650)
Failed to process relocation: 6570:16dd (Invalid index: 393645)
Failed to process relocation: 6570:16d8 (Invalid index: 393640)
Failed to process relocation: 6570:16d0 (Invalid index: 393632)
Failed to process relocation: 6570:16cb (Invalid index: 393627)
Failed to process relocation: 6570:16c3 (Invalid index: 393619)
Failed to process relocation: 6570:16be (Invalid index: 393614)
Failed to process relocation: 6570:16b6 (Invalid index: 393606)
Failed to process relocation: 6570:16b1 (Invalid index: 393601)
Failed to process relocation: 6570:16a9 (Invalid index: 393593)
Failed to process relocation: 6570:166b (Invalid index: 393531)
Failed to process relocation: 6570:1572 (Invalid index: 393282)
Failed to process relocation: 6570:1569 (Invalid index: 393273)
Failed to process relocation: 6570:1561 (Invalid index: 393265)
Failed to process relocation: 6570:1558 (Invalid index: 393256)
Failed to process relocation: 6570:154f (Invalid index: 393247)
Failed to process relocation: 6570:1547 (Invalid index: 393239)
Failed to process relocation: 6570:14ec (Invalid index: 393148)
Failed to process relocation: 6570:14e3 (Invalid index: 393139)
Failed to process relocation: 6570:14da (Invalid index: 393130)
Failed to process relocation: 6570:14d2 (Invalid index: 393122)
Failed to process relocation: 6570:14c9 (Invalid index: 393113)
Failed to process relocation: 6570:14c0 (Invalid index: 393104)
Failed to process relocation: 6570:14b6 (Invalid index: 393094)
Failed to process relocation: 6570:1c0a (Invalid index: 394970)
Failed to process relocation: 6570:1beb (Invalid index: 394939)
Failed to process relocation: 6570:1bd3 (Invalid index: 394915)
Failed to process relocation: 6570:1bca (Invalid index: 394906)
Failed to process relocation: 6570:1bc2 (Invalid index: 394898)
Failed to process relocation: 6570:1bbd (Invalid index: 394893)
Failed to process relocation: 6570:1bb5 (Invalid index: 394885)
Failed to process relocation: 6570:1bac (Invalid index: 394876)
Failed to process relocation: 6570:1ba2 (Invalid index: 394866)
Failed to process relocation: 6570:1b9d (Invalid index: 394861)
Failed to process relocation: 6570:1b93 (Invalid index: 394851)
Failed to process relocation: 6570:1b8e (Invalid index: 394846)
Failed to process relocation: 6570:1b85 (Invalid index: 394837)
Failed to process relocation: 6570:1b7b (Invalid index: 394827)
Failed to process relocation: 6570:1b76 (Invalid index: 394822)
Failed to process relocation: 6570:1b57 (Invalid index: 394791)
Failed to process relocation: 6570:1b3c (Invalid index: 394764)
Failed to process relocation: 6570:1b34 (Invalid index: 394756)
Failed to process relocation: 6570:1b2a (Invalid index: 394746)
Failed to process relocation: 6570:1b25 (Invalid index: 394741)
Failed to process relocation: 6570:1afd (Invalid index: 394701)
Failed to process relocation: 6570:1af5 (Invalid index: 394693)
Failed to process relocation: 6570:1aeb (Invalid index: 394683)
Failed to process relocation: 6570:1ae6 (Invalid index: 394678)
Failed to process relocation: 6570:1ade (Invalid index: 394670)
Failed to process relocation: 6570:1ad6 (Invalid index: 394662)
Failed to process relocation: 6570:1ad1 (Invalid index: 394657)
Failed to process relocation: 6570:1ab9 (Invalid index: 394633)
Failed to process relocation: 6570:1ab1 (Invalid index: 394625)
Failed to process relocation: 6570:1aa9 (Invalid index: 394617)
Failed to process relocation: 6570:1aa4 (Invalid index: 394612)
Failed to process relocation: 6570:1a91 (Invalid index: 394593)
Failed to process relocation: 6570:1a6c (Invalid index: 394556)
Failed to process relocation: 6570:1994 (Invalid index: 394340)
Failed to process relocation: 6570:190f (Invalid index: 394207)
Failed to process relocation: 6570:1906 (Invalid index: 394198)
Failed to process relocation: 6570:18fb (Invalid index: 394187)
Failed to process relocation: 6570:18f6 (Invalid index: 394182)
Failed to process relocation: 6570:18ee (Invalid index: 394174)
Failed to process relocation: 6570:18e3 (Invalid index: 394163)
Failed to process relocation: 6570:18de (Invalid index: 394158)
Failed to process relocation: 6570:18d6 (Invalid index: 394150)
Failed to process relocation: 6570:18cd (Invalid index: 394141)
Failed to process relocation: 6570:18c5 (Invalid index: 394133)
Failed to process relocation: 6570:18bd (Invalid index: 394125)
Failed to process relocation: 6570:18b8 (Invalid index: 394120)
Failed to process relocation: 6570:1c58 (Invalid index: 395048)
Failed to process relocation: 6570:1c40 (Invalid index: 395024)
Failed to process relocation: 6570:1c37 (Invalid index: 395015)
Failed to process relocation: 6570:1e5c (Invalid index: 395564)
Failed to process relocation: 6570:1e54 (Invalid index: 395556)
Failed to process relocation: 6570:1e4c (Invalid index: 395548)
Failed to process relocation: 6570:1e47 (Invalid index: 395543)
Failed to process relocation: 6570:1e3f (Invalid index: 395535)
Failed to process relocation: 6570:1e37 (Invalid index: 395527)
Failed to process relocation: 6570:1e2f (Invalid index: 395519)
Failed to process relocation: 6570:1e27 (Invalid index: 395511)
Failed to process relocation: 6570:1e1f (Invalid index: 395503)
Failed to process relocation: 6570:1e17 (Invalid index: 395495)
Failed to process relocation: 6570:1e12 (Invalid index: 395490)
Failed to process relocation: 6570:1e0a (Invalid index: 395482)
Failed to process relocation: 6570:1e02 (Invalid index: 395474)
Failed to process relocation: 6570:1df8 (Invalid index: 395464)
Failed to process relocation: 6570:1df3 (Invalid index: 395459)
Failed to process relocation: 6570:1de9 (Invalid index: 395449)
Failed to process relocation: 6570:1de1 (Invalid index: 395441)
Failed to process relocation: 6570:1dd9 (Invalid index: 395433)
Failed to process relocation: 6570:1dd1 (Invalid index: 395425)
Failed to process relocation: 6570:1dc9 (Invalid index: 395417)
Failed to process relocation: 6570:1dc1 (Invalid index: 395409)
Failed to process relocation: 6570:1db9 (Invalid index: 395401)
Failed to process relocation: 6570:1db1 (Invalid index: 395393)
Failed to process relocation: 6570:1da9 (Invalid index: 395385)
Failed to process relocation: 6570:1da1 (Invalid index: 395377)
Failed to process relocation: 6570:1d99 (Invalid index: 395369)
Failed to process relocation: 6570:1d91 (Invalid index: 395361)
Failed to process relocation: 6570:1d7b (Invalid index: 395339)
Failed to process relocation: 6570:1d76 (Invalid index: 395334)
Failed to process relocation: 6570:1d6c (Invalid index: 395324)
Failed to process relocation: 6570:1d56 (Invalid index: 395302)
Failed to process relocation: 6570:1d51 (Invalid index: 395297)
Failed to process relocation: 6570:1d47 (Invalid index: 395287)
Failed to process relocation: 6570:1d31 (Invalid index: 395265)
Failed to process relocation: 6570:1d2c (Invalid index: 395260)
Failed to process relocation: 6570:1d22 (Invalid index: 395250)
Failed to process relocation: 6570:1d1a (Invalid index: 395242)
Failed to process relocation: 6570:1d12 (Invalid index: 395234)
Failed to process relocation: 6570:1d0a (Invalid index: 395226)
Failed to process relocation: 6570:1d01 (Invalid index: 395217)
Failed to process relocation: 6570:1ce8 (Invalid index: 395192)
Failed to process relocation: 6570:1ce0 (Invalid index: 395184)
Failed to process relocation: 6570:1cd8 (Invalid index: 395176)
Failed to process relocation: 6570:1ccf (Invalid index: 395167)
Failed to process relocation: 6570:1cb1 (Invalid index: 395137)
Failed to process relocation: 6570:1ca9 (Invalid index: 395129)
Failed to process relocation: 6570:1ca1 (Invalid index: 395121)
Failed to process relocation: 6570:1c98 (Invalid index: 395112)
Failed to process relocation: 6570:1c82 (Invalid index: 395090)
Failed to process relocation: 6570:2201 (Invalid index: 396497)
Failed to process relocation: 6570:21a8 (Invalid index: 396408)
Failed to process relocation: 6570:2198 (Invalid index: 396392)
Failed to process relocation: 6570:218f (Invalid index: 396383)
Failed to process relocation: 6570:2183 (Invalid index: 396371)
Failed to process relocation: 6570:2159 (Invalid index: 396329)
Failed to process relocation: 6570:2139 (Invalid index: 396297)
Failed to process relocation: 6570:2134 (Invalid index: 396292)
Failed to process relocation: 6570:212b (Invalid index: 396283)
Failed to process relocation: 6570:2120 (Invalid index: 396272)
Failed to process relocation: 6570:211b (Invalid index: 396267)
Failed to process relocation: 6570:2112 (Invalid index: 396258)
Failed to process relocation: 6570:20f0 (Invalid index: 396224)
Failed to process relocation: 6570:20da (Invalid index: 396202)
Failed to process relocation: 6570:20be (Invalid index: 396174)
Failed to process relocation: 6570:20b5 (Invalid index: 396165)
Failed to process relocation: 6570:20b0 (Invalid index: 396160)
Failed to process relocation: 6570:209d (Invalid index: 396141)
Failed to process relocation: 6570:2088 (Invalid index: 396120)
Failed to process relocation: 6570:2015 (Invalid index: 396005)
Failed to process relocation: 6570:200c (Invalid index: 395996)
Failed to process relocation: 6570:2003 (Invalid index: 395987)
Failed to process relocation: 6570:1ffe (Invalid index: 395982)
Failed to process relocation: 6570:1fee (Invalid index: 395966)
Failed to process relocation: 6570:1fe6 (Invalid index: 395958)
Failed to process relocation: 6570:1fdd (Invalid index: 395949)
Failed to process relocation: 6570:1fd8 (Invalid index: 395944)
Failed to process relocation: 6570:1fd3 (Invalid index: 395939)
 (ProgramLoader)  
INFO  IMPORTING: Loaded 0 additional files (HeadlessAnalyzer)  
INFO  REPORT: Execute script: MarkOverlayThunks 'pre' '3ab8'  (HeadlessAnalyzer)  
INFO  SCRIPT: C:\prog\jwcad\ghidra_scripts\MarkOverlayThunks.java (HeadlessAnalyzer)  
INFO  MarkOverlayThunks.java> cd 3f sites: 102 (GhidraScript)  
INFO  MarkOverlayThunks.java> overlay trap operands marked as data: 102 of 102 (GhidraScript)  
INFO  ANALYZING all memory and code: file:///C:/prog/jwcad/ovl/jw35.exe (HeadlessAnalyzer)  
ERROR Failed to create function at 1885:07c4 since its body contains referring thunk at 1885:0344 (CreateFunctionCmd)  
ERROR Failed to create function at 28b3:0f86 since its body contains referring thunk at 28b3:0ee9 (CreateFunctionCmd)  
WARN  Decompiling 32b2:0d40, pcode error at 3000:5054: Unable to resolve constructor at 3000:5054 (DecompileCallback)  
WARN  Decompiling 32b2:1528: Unable to read bytes at ram:0000:7be2 (DecompileCallback)  
WARN  Decompiling 1000:0a81, pcode error at 1000:0a6f: Unable to resolve constructor at 1000:0a6f (DecompileCallback)  
WARN  Decompiling 1000:0a81, pcode error at 1000:0a4b: Unable to resolve constructor at 1000:0a4b (DecompileCallback)  
WARN  Decompiling 1000:0a81, pcode error at 1000:0818: Unable to resolve constructor at 1000:0818 (DecompileCallback)  
WARN  Decompiling 12c1:097e, pcode error at 1000:5097: Unable to resolve constructor at 1000:5097 (DecompileCallback)  
WARN  Decompiling 21f2:246e, pcode error at 2000:3158: Unable to resolve constructor at 2000:3158 (DecompileCallback)  
WARN  Decompiling 21f2:246e, pcode error at 2000:7191: Unable to resolve constructor at 2000:7191 (DecompileCallback)  
INFO  Packed database cache: C:\Users\yomei\AppData\Local\ghidra\packed-db-cache (PackedDatabaseCache)  
INFO  Applied data type archive: generic_clib (ApplyDataArchiveAnalyzer)  
INFO  -----------------------------------------------------
    ASCII Strings                              0.302 secs
    Apply Data Archives                        0.735 secs
    Call Convention ID                         0.002 secs
    Call-Fixup Installer                       0.016 secs
    Create Function                            0.489 secs
    Data Reference                             0.031 secs
    Decompiler Switch Analysis                46.052 secs
    Demangler GNU                              0.040 secs
    Disassemble                                2.352 secs
    Disassemble Entry Points                   0.190 secs
    Embedded Media                             0.014 secs
    External Entry References                  0.001 secs
    Function ID                                0.124 secs
    Function Start Search                      0.033 secs
    Non-Returning Functions - Discovered       0.444 secs
    Reference                                  0.042 secs
    Segmented X86 Calling Conventions          0.002 secs
    Shared Return Calls                        0.160 secs
    Stack                                      2.387 secs
    Subroutine References                      0.142 secs
    Subroutine References - One Time           0.000 secs
    X86 Function Callee Purge                  0.122 secs
    x86 Constant Reference Analyzer            1.699 secs
-----------------------------------------------------
     Total Time   55 secs
-----------------------------------------------------
 (AutoAnalysisManager)  
INFO  REPORT: Analysis succeeded for file: file:///C:/prog/jwcad/ovl/jw35.exe (HeadlessAnalyzer)  
INFO  REPORT: Execute script: MarkOverlayThunks 'post' '3ab8' 'C:\prog\jwcad\entries\35.txt' '35'  (HeadlessAnalyzer)  
INFO  SCRIPT: C:\prog\jwcad\ghidra_scripts\MarkOverlayThunks.java (HeadlessAnalyzer)  
INFO  MarkOverlayThunks.java> cd 3f sites: 102 (GhidraScript)  
INFO  MarkOverlayThunks.java> overlay traps given a fall-through: 102, references added: 0 (GhidraScript)  
INFO  MarkOverlayThunks.java> overlay entry points seeded: 2 (GhidraScript)  
INFO  MarkOverlayThunks.java> overlay hole cleared: 0 stray functions (GhidraScript)  
INFO  REPORT: Execute script: DecompileAll 'C:\prog\jwcad\out\ovl35' '3ab8' '4375'  (HeadlessAnalyzer)  
INFO  SCRIPT: C:\prog\jwcad\ghidra_scripts\DecompileAll.java (HeadlessAnalyzer)  
WARN  Decompiling 3ab8:4fbf, pcode error at 4000:fd32: Disassembly not permitted within uninitialized memory block (DecompileCallback)  
WARN  Decompiling 3ab8:517f, pcode error at 4000:fd32: Disassembly not permitted within uninitialized memory block (DecompileCallback)  
INFO  DecompileAll.java> decompiled 16 functions, 0 failed (GhidraScript)  
INFO  ANALYZING changes made by post scripts: file:///C:/prog/jwcad/ovl/jw35.exe (HeadlessAnalyzer)  
INFO  REPORT: Post-analysis succeeded for file: file:///C:/prog/jwcad/ovl/jw35.exe (HeadlessAnalyzer)  
INFO  /jw35.exe: file created (yomei) (LocalFileSystem)  
INFO  REPORT: Save succeeded for: /jw35.exe (ovl35:/jw35.exe) (HeadlessAnalyzer)  
INFO  REPORT: Import succeeded (HeadlessAnalyzer)  
