INFO  Using log config file: jar:file:/C:/prog/ghidra/ghidra_12.1.3_PUBLIC/Ghidra/Framework/Generic/lib/Generic.jar!/generic.log4j.xml (LoggingInitialization)  
INFO  Using log file: C:\Users\yomei\AppData\Roaming\ghidra\ghidra_12.1.3_PUBLIC\application.log (LoggingInitialization)  
INFO  Loading user preferences: C:\Users\yomei\AppData\Roaming\ghidra\ghidra_12.1.3_PUBLIC\preferences (Preferences)  
INFO  Searching for classes... (ClassSearcher)  
INFO  Class search complete (1053 ms) (ClassSearcher)  
INFO  Initializing SSL Context (DefaultSSLContextInitializer)  
INFO  Initializing Random Number Generator... (SecureRandomFactory)  
INFO  Random Number Generator initialization complete: SHA1PRNG (SecureRandomFactory)  
INFO  Trust manager disabled, cacerts have not been set (DefaultTrustManagerFactory)  
INFO  Headless startup complete (10895 ms) (AnalyzeHeadless)  
INFO  Class searcher loaded 59 extension points (20 false positives) (ClassSearcher)  
INFO  HEADLESS Script Paths:
    C:\prog\ghidra\ghidra_12.1.3_PUBLIC\Ghidra\Debug\Debugger-rmi-trace\ghidra_scripts
    C:\prog\ghidra\ghidra_12.1.3_PUBLIC\Ghidra\Features\FileFormats\ghidra_scripts
    C:\prog\ghidra\ghidra_12.1.3_PUBLIC\Ghidra\Features\GnuDemangler\ghidra_scripts
    C:\prog\ghidra\ghidra_12.1.3_PUBLIC\Ghidra\Features\VersionTracking\ghidra_scripts
    C:\prog\ghidra\ghidra_12.1.3_PUBLIC\Ghidra\Debug\Debugger\ghidra_scripts
    C:\prog\ghidra\ghidra_12.1.3_PUBLIC\Ghidra\Processors\8051\ghidra_scripts
    C:\prog\ghidra\ghidra_12.1.3_PUBLIC\Ghidra\Features\BSim\ghidra_scripts
    C:\prog\ghidra\ghidra_12.1.3_PUBLIC\Ghidra\Features\WildcardAssembler\ghidra_scripts
    C:\prog\ghidra\ghidra_12.1.3_PUBLIC\Ghidra\Features\FunctionID\ghidra_scripts
    C:\prog\ghidra\ghidra_12.1.3_PUBLIC\Ghidra\Features\SystemEmulation\ghidra_scripts
    C:\prog\ghidra\ghidra_12.1.3_PUBLIC\Ghidra\Processors\PIC\ghidra_scripts
    C:\prog\ghidra\ghidra_12.1.3_PUBLIC\Ghidra\Features\PDB\ghidra_scripts
    C:\prog\ghidra\ghidra_12.1.3_PUBLIC\Ghidra\Features\DecompilerDependent\ghidra_scripts
    C:\prog\ghidra\ghidra_12.1.3_PUBLIC\Ghidra\Features\SwiftDemangler\ghidra_scripts
    C:\prog\ghidra\ghidra_12.1.3_PUBLIC\Ghidra\Features\MicrosoftCodeAnalyzer\ghidra_scripts
    C:\prog\ghidra\ghidra_12.1.3_PUBLIC\Ghidra\Processors\DATA\ghidra_scripts
    C:\prog\ghidra\ghidra_12.1.3_PUBLIC\Ghidra\Features\Decompiler\ghidra_scripts
    C:\prog\ghidra\ghidra_12.1.3_PUBLIC\Ghidra\Features\BytePatterns\ghidra_scripts
    C:\prog\ghidra\ghidra_12.1.3_PUBLIC\Ghidra\Features\PyGhidra\ghidra_scripts
    C:\prog\ghidra\ghidra_12.1.3_PUBLIC\Ghidra\Processors\Atmel\ghidra_scripts
    C:\prog\ghidra\ghidra_12.1.3_PUBLIC\Ghidra\Features\Base\ghidra_scripts
    C:\prog\jwcad\ghidra_scripts
    C:\prog\ghidra\ghidra_12.1.3_PUBLIC\Ghidra\Processors\JVM\ghidra_scripts (HeadlessAnalyzer)  
INFO  HEADLESS: execution starts (HeadlessAnalyzer)  
INFO  Creating temporary project: C:\prog\jwcad\proj\ovl04 (HeadlessAnalyzer)  
INFO  Creating project: C:\prog\jwcad\proj\ovl04 (DefaultProject)  
INFO  REPORT: Processing input files:  (HeadlessAnalyzer)  
INFO       project: C:\prog\jwcad\proj\ovl04 (HeadlessAnalyzer)  
INFO  IMPORTING: file:///C:/prog/jwcad/ovl/jw04.exe (HeadlessAnalyzer)  
INFO  Using Loader: Old-style DOS Executable (MZ) (ProgramLoader)  
INFO  Using Language/Compiler: x86:LE:16:Real Mode:default (ProgramLoader)  
INFO  Using Library Search Path: [., C:\Windows\SysWOW64, C:\prog\ghidra\jdk21\bin, C:\Windows\Sun\Java\bin, C:\Windows\system32, C:\Windows, C:\Program Files\Python312\Scripts\, C:\Program Files\Python312\, C:\Windows\System32\Wbem, C:\Windows\System32\WindowsPowerShell\v1.0\, C:\Windows\System32\OpenSSH\, C:\Program Files\Amazon\AWSCLIV2\, C:\ProgramData\chocolatey\bin, C:\ffmpeg, C:\Users\yomei\AppData\Local\Microsoft\WindowsApps] (ProgramLoader)  
INFO  Additional info:
There were too many messages to display.
1786 messages have been truncated.

Loading file:///C:/prog/jwcad/ovl/jw04.exe?MD5=79e5d40412bd927cd0610e734254257a...
Failed to process relocation: 6570:00d9 (Invalid index: 387417)
Failed to process relocation: 6570:00d4 (Invalid index: 387412)
Failed to process relocation: 6570:00ca (Invalid index: 387402)
Failed to process relocation: 6570:00a9 (Invalid index: 387369)
Failed to process relocation: 6570:009f (Invalid index: 387359)
Failed to process relocation: 6570:007b (Invalid index: 387323)
Failed to process relocation: 6570:0076 (Invalid index: 387318)
Failed to process relocation: 6570:006c (Invalid index: 387308)
Failed to process relocation: 6570:0067 (Invalid index: 387303)
Failed to process relocation: 6570:005f (Invalid index: 387295)
Failed to process relocation: 6570:0055 (Invalid index: 387285)
Failed to process relocation: 6570:0050 (Invalid index: 387280)
Failed to process relocation: 6570:0048 (Invalid index: 387272)
Failed to process relocation: 6570:003e (Invalid index: 387262)
Failed to process relocation: 6570:0039 (Invalid index: 387257)
Failed to process relocation: 6570:0031 (Invalid index: 387249)
Failed to process relocation: 6570:0027 (Invalid index: 387239)
Failed to process relocation: 6570:0022 (Invalid index: 387234)
Failed to process relocation: 6570:0009 (Invalid index: 387209)
Failed to process relocation: 6570:0391 (Invalid index: 388113)
Failed to process relocation: 6570:038c (Invalid index: 388108)
Failed to process relocation: 6570:0377 (Invalid index: 388087)
Failed to process relocation: 6570:036d (Invalid index: 388077)
Failed to process relocation: 6570:0368 (Invalid index: 388072)
Failed to process relocation: 6570:0360 (Invalid index: 388064)
Failed to process relocation: 6570:0355 (Invalid index: 388053)
Failed to process relocation: 6570:0350 (Invalid index: 388048)
Failed to process relocation: 6570:033b (Invalid index: 388027)
Failed to process relocation: 6570:0331 (Invalid index: 388017)
Failed to process relocation: 6570:032c (Invalid index: 388012)
Failed to process relocation: 6570:0324 (Invalid index: 388004)
Failed to process relocation: 6570:031c (Invalid index: 387996)
Failed to process relocation: 6570:0313 (Invalid index: 387987)
Failed to process relocation: 6570:030b (Invalid index: 387979)
Failed to process relocation: 6570:0303 (Invalid index: 387971)
Failed to process relocation: 6570:02f6 (Invalid index: 387958)
Failed to process relocation: 6570:02f1 (Invalid index: 387953)
Failed to process relocation: 6570:02e9 (Invalid index: 387945)
Failed to process relocation: 6570:02df (Invalid index: 387935)
Failed to process relocation: 6570:02da (Invalid index: 387930)
Failed to process relocation: 6570:02d2 (Invalid index: 387922)
Failed to process relocation: 6570:02ba (Invalid index: 387898)
Failed to process relocation: 6570:02b2 (Invalid index: 387890)
Failed to process relocation: 6570:02a8 (Invalid index: 387880)
Failed to process relocation: 6570:0280 (Invalid index: 387840)
Failed to process relocation: 6570:0278 (Invalid index: 387832)
Failed to process relocation: 6570:026e (Invalid index: 387822)
Failed to process relocation: 6570:0266 (Invalid index: 387814)
Failed to process relocation: 6570:025e (Invalid index: 387806)
Failed to process relocation: 6570:023e (Invalid index: 387774)
Failed to process relocation: 6570:0239 (Invalid index: 387769)
Failed to process relocation: 6570:0231 (Invalid index: 387761)
Failed to process relocation: 6570:0228 (Invalid index: 387752)
Failed to process relocation: 6570:0220 (Invalid index: 387744)
Failed to process relocation: 6570:021b (Invalid index: 387739)
Failed to process relocation: 6570:0211 (Invalid index: 387729)
Failed to process relocation: 6570:0208 (Invalid index: 387720)
Failed to process relocation: 6570:01fe (Invalid index: 387710)
Failed to process relocation: 6570:01f6 (Invalid index: 387702)
Failed to process relocation: 6570:01ec (Invalid index: 387692)
Failed to process relocation: 6570:01e4 (Invalid index: 387684)
Failed to process relocation: 6570:01dc (Invalid index: 387676)
Failed to process relocation: 6570:01d7 (Invalid index: 387671)
Failed to process relocation: 6570:01cd (Invalid index: 387661)
Failed to process relocation: 6570:01a9 (Invalid index: 387625)
Failed to process relocation: 6570:01a4 (Invalid index: 387620)
Failed to process relocation: 6570:019a (Invalid index: 387610)
Failed to process relocation: 6570:0195 (Invalid index: 387605)
Failed to process relocation: 6570:018d (Invalid index: 387597)
Failed to process relocation: 6570:0183 (Invalid index: 387587)
Failed to process relocation: 6570:017e (Invalid index: 387582)
Failed to process relocation: 6570:0176 (Invalid index: 387574)
Failed to process relocation: 6570:016c (Invalid index: 387564)
Failed to process relocation: 6570:0164 (Invalid index: 387556)
Failed to process relocation: 6570:015a (Invalid index: 387546)
Failed to process relocation: 6570:0141 (Invalid index: 387521)
Failed to process relocation: 6570:075f (Invalid index: 389087)
Failed to process relocation: 6570:075a (Invalid index: 389082)
Failed to process relocation: 6570:0751 (Invalid index: 389073)
Failed to process relocation: 6570:0747 (Invalid index: 389063)
Failed to process relocation: 6570:0742 (Invalid index: 389058)
Failed to process relocation: 6570:0725 (Invalid index: 389029)
Failed to process relocation: 6570:071d (Invalid index: 389021)
Failed to process relocation: 6570:0714 (Invalid index: 389012)
Failed to process relocation: 6570:070b (Invalid index: 389003)
Failed to process relocation: 6570:0702 (Invalid index: 388994)
Failed to process relocation: 6570:06fa (Invalid index: 388986)
Failed to process relocation: 6570:06f2 (Invalid index: 388978)
Failed to process relocation: 6570:06e9 (Invalid index: 388969)
Failed to process relocation: 6570:06e0 (Invalid index: 388960)
Failed to process relocation: 6570:06d8 (Invalid index: 388952)
Failed to process relocation: 6570:06d0 (Invalid index: 388944)
Failed to process relocation: 6570:06c8 (Invalid index: 388936)
Failed to process relocation: 6570:06c0 (Invalid index: 388928)
Failed to process relocation: 6570:06b7 (Invalid index: 388919)
Failed to process relocation: 6570:06ad (Invalid index: 388909)
Failed to process relocation: 6570:069c (Invalid index: 388892)
Failed to process relocation: 6570:0692 (Invalid index: 388882)
Failed to process relocation: 6570:067c (Invalid index: 388860)
Failed to process relocation: 6570:0677 (Invalid index: 388855)
Failed to process relocation: 6570:066e (Invalid index: 388846)
Failed to process relocation: 6570:0665 (Invalid index: 388837)
Failed to process relocation: 6570:065b (Invalid index: 388827)
Failed to process relocation: 6570:064a (Invalid index: 388810)
Failed to process relocation: 6570:0640 (Invalid index: 388800)
Failed to process relocation: 6570:062f (Invalid index: 388783)
Failed to process relocation: 6570:0620 (Invalid index: 388768)
Failed to process relocation: 6570:061b (Invalid index: 388763)
Failed to process relocation: 6570:0611 (Invalid index: 388753)
Failed to process relocation: 6570:060c (Invalid index: 388748)
Failed to process relocation: 6570:0603 (Invalid index: 388739)
Failed to process relocation: 6570:05f9 (Invalid index: 388729)
Failed to process relocation: 6570:05f4 (Invalid index: 388724)
Failed to process relocation: 6570:05eb (Invalid index: 388715)
Failed to process relocation: 6570:05e1 (Invalid index: 388705)
Failed to process relocation: 6570:05dc (Invalid index: 388700)
Failed to process relocation: 6570:05d3 (Invalid index: 388691)
Failed to process relocation: 6570:05c9 (Invalid index: 388681)
Failed to process relocation: 6570:05c4 (Invalid index: 388676)
Failed to process relocation: 6570:05a7 (Invalid index: 388647)
Failed to process relocation: 6570:059f (Invalid index: 388639)
Failed to process relocation: 6570:0596 (Invalid index: 388630)
Failed to process relocation: 6570:058d (Invalid index: 388621)
Failed to process relocation: 6570:0584 (Invalid index: 388612)
Failed to process relocation: 6570:057c (Invalid index: 388604)
Failed to process relocation: 6570:0574 (Invalid index: 388596)
Failed to process relocation: 6570:056b (Invalid index: 388587)
Failed to process relocation: 6570:0562 (Invalid index: 388578)
Failed to process relocation: 6570:055a (Invalid index: 388570)
Failed to process relocation: 6570:0552 (Invalid index: 388562)
Failed to process relocation: 6570:054a (Invalid index: 388554)
Failed to process relocation: 6570:0545 (Invalid index: 388549)
Failed to process relocation: 6570:052a (Invalid index: 388522)
Failed to process relocation: 6570:0525 (Invalid index: 388517)
Failed to process relocation: 6570:051c (Invalid index: 388508)
Failed to process relocation: 6570:050b (Invalid index: 388491)
Failed to process relocation: 6570:0506 (Invalid index: 388486)
Failed to process relocation: 6570:04fd (Invalid index: 388477)
Failed to process relocation: 6570:04f4 (Invalid index: 388468)
Failed to process relocation: 6570:04ea (Invalid index: 388458)
Failed to process relocation: 6570:04d9 (Invalid index: 388441)
Failed to process relocation: 6570:04cf (Invalid index: 388431)
Failed to process relocation: 6570:04be (Invalid index: 388414)
Failed to process relocation: 6570:04b0 (Invalid index: 388400)
Failed to process relocation: 6570:04ab (Invalid index: 388395)
Failed to process relocation: 6570:04a2 (Invalid index: 388386)
Failed to process relocation: 6570:0488 (Invalid index: 388360)
Failed to process relocation: 6570:045d (Invalid index: 388317)
Failed to process relocation: 6570:0455 (Invalid index: 388309)
Failed to process relocation: 6570:044d (Invalid index: 388301)
Failed to process relocation: 6570:0444 (Invalid index: 388292)
Failed to process relocation: 6570:043a (Invalid index: 388282)
Failed to process relocation: 6570:0429 (Invalid index: 388265)
Failed to process relocation: 6570:0421 (Invalid index: 388257)
Failed to process relocation: 6570:0417 (Invalid index: 388247)
Failed to process relocation: 6570:0406 (Invalid index: 388230)
Failed to process relocation: 6570:03fd (Invalid index: 388221)
Failed to process relocation: 6570:03f3 (Invalid index: 388211)
Failed to process relocation: 6570:03de (Invalid index: 388190)
Failed to process relocation: 6570:03d6 (Invalid index: 388182)
Failed to process relocation: 6570:03d1 (Invalid index: 388177)
Failed to process relocation: 6570:03b6 (Invalid index: 388150)
Failed to process relocation: 6570:0b0d (Invalid index: 390029)
Failed to process relocation: 6570:0b03 (Invalid index: 390019)
Failed to process relocation: 6570:0afe (Invalid index: 390014)
Failed to process relocation: 6570:0af5 (Invalid index: 390005)
Failed to process relocation: 6570:0aeb (Invalid index: 389995)
Failed to process relocation: 6570:0ae6 (Invalid index: 389990)
Failed to process relocation: 6570:0add (Invalid index: 389981)
Failed to process relocation: 6570:0ad4 (Invalid index: 389972)
Failed to process relocation: 6570:0acc (Invalid index: 389964)
Failed to process relocation: 6570:0ac7 (Invalid index: 389959)
Failed to process relocation: 6570:0abd (Invalid index: 389949)
Failed to process relocation: 6570:0ab4 (Invalid index: 389940)
Failed to process relocation: 6570:0aaa (Invalid index: 389930)
Failed to process relocation: 6570:0aa2 (Invalid index: 389922)
Failed to process relocation: 6570:0a98 (Invalid index: 389912)
Failed to process relocation: 6570:0a7e (Invalid index: 389886)
Failed to process relocation: 6570:0a75 (Invalid index: 389877)
Failed to process relocation: 6570:0a6b (Invalid index: 389867)
Failed to process relocation: 6570:0a63 (Invalid index: 389859)
Failed to process relocation: 6570:0a59 (Invalid index: 389849)
Failed to process relocation: 6570:0a51 (Invalid index: 389841)
Failed to process relocation: 6570:0a48 (Invalid index: 389832)
Failed to process relocation: 6570:0a40 (Invalid index: 389824)
Failed to process relocation: 6570:0a3b (Invalid index: 389819)
Failed to process relocation: 6570:0a31 (Invalid index: 389809)
Failed to process relocation: 6570:0a28 (Invalid index: 389800)
Failed to process relocation: 6570:0a1e (Invalid index: 389790)
Failed to process relocation: 6570:0a16 (Invalid index: 389782)
Failed to process relocation: 6570:0a0c (Invalid index: 389772)
Failed to process relocation: 6570:09f2 (Invalid index: 389746)
Failed to process relocation: 6570:09e9 (Invalid index: 389737)
Failed to process relocation: 6570:09df (Invalid index: 389727)
Failed to process relocation: 6570:09d7 (Invalid index: 389719)
Failed to process relocation: 6570:09cd (Invalid index: 389709)
Failed to process relocation: 6570:09c5 (Invalid index: 389701)
Failed to process relocation: 6570:09bc (Invalid index: 389692)
Failed to process relocation: 6570:09b4 (Invalid index: 389684)
Failed to process relocation: 6570:09af (Invalid index: 389679)
Failed to process relocation: 6570:09a5 (Invalid index: 389669)
Failed to process relocation: 6570:099c (Invalid index: 389660)
Failed to process relocation: 6570:0992 (Invalid index: 389650)
Failed to process relocation: 6570:098a (Invalid index: 389642)
Failed to process relocation: 6570:0980 (Invalid index: 389632)
Failed to process relocation: 6570:0966 (Invalid index: 389606)
Failed to process relocation: 6570:095d (Invalid index: 389597)
Failed to process relocation: 6570:0953 (Invalid index: 389587)
Failed to process relocation: 6570:094b (Invalid index: 389579)
Failed to process relocation: 6570:0941 (Invalid index: 389569)
Failed to process relocation: 6570:0939 (Invalid index: 389561)
Failed to process relocation: 6570:0930 (Invalid index: 389552)
Failed to process relocation: 6570:0928 (Invalid index: 389544)
Failed to process relocation: 6570:0923 (Invalid index: 389539)
Failed to process relocation: 6570:0919 (Invalid index: 389529)
Failed to process relocation: 6570:0910 (Invalid index: 389520)
Failed to process relocation: 6570:0906 (Invalid index: 389510)
Failed to process relocation: 6570:08fe (Invalid index: 389502)
Failed to process relocation: 6570:08f4 (Invalid index: 389492)
Failed to process relocation: 6570:08da (Invalid index: 389466)
Failed to process relocation: 6570:08d1 (Invalid index: 389457)
Failed to process relocation: 6570:08c7 (Invalid index: 389447)
Failed to process relocation: 6570:08bf (Invalid index: 389439)
Failed to process relocation: 6570:08b5 (Invalid index: 389429)
Failed to process relocation: 6570:0811 (Invalid index: 389265)
Failed to process relocation: 6570:080c (Invalid index: 389260)
Failed to process relocation: 6570:0801 (Invalid index: 389249)
Failed to process relocation: 6570:07f4 (Invalid index: 389236)
Failed to process relocation: 6570:07df (Invalid index: 389215)
Failed to process relocation: 6570:079e (Invalid index: 389150)
Failed to process relocation: 6570:0799 (Invalid index: 389145)
Failed to process relocation: 6570:078f (Invalid index: 389135)
Failed to process relocation: 6570:078a (Invalid index: 389130)
Failed to process relocation: 6570:0781 (Invalid index: 389121)
Failed to process relocation: 6570:0777 (Invalid index: 389111)
Failed to process relocation: 6570:0772 (Invalid index: 389106)
Failed to process relocation: 6570:0769 (Invalid index: 389097)
Failed to process relocation: 6570:0ec1 (Invalid index: 390977)
Failed to process relocation: 6570:0eaf (Invalid index: 390959)
Failed to process relocation: 6570:0eaa (Invalid index: 390954)
Failed to process relocation: 6570:0ea0 (Invalid index: 390944)
Failed to process relocation: 6570:0e97 (Invalid index: 390935)
Failed to process relocation: 6570:0e8d (Invalid index: 390925)
Failed to process relocation: 6570:0e84 (Invalid index: 390916)
Failed to process relocation: 6570:0e7a (Invalid index: 390906)
Failed to process relocation: 6570:0e75 (Invalid index: 390901)
Failed to process relocation: 6570:0e6c (Invalid index: 390892)
Failed to process relocation: 6570:0e62 (Invalid index: 390882)
Failed to process relocation: 6570:0e5d (Invalid index: 390877)
Failed to process relocation: 6570:0d93 (Invalid index: 390675)
Failed to process relocation: 6570:0d8a (Invalid index: 390666)
Failed to process relocation: 6570:0d82 (Invalid index: 390658)
Failed to process relocation: 6570:0d78 (Invalid index: 390648)
Failed to process relocation: 6570:0d63 (Invalid index: 390627)
Failed to process relocation: 6570:0d5a (Invalid index: 390618)
Failed to process relocation: 6570:0d52 (Invalid index: 390610)
Failed to process relocation: 6570:0d48 (Invalid index: 390600)
Failed to process relocation: 6570:0d33 (Invalid index: 390579)
Failed to process relocation: 6570:0d2b (Invalid index: 390571)
Failed to process relocation: 6570:0d23 (Invalid index: 390563)
Failed to process relocation: 6570:0d19 (Invalid index: 390553)
Failed to process relocation: 6570:0d04 (Invalid index: 390532)
Failed to process relocation: 6570:0cfe (Invalid index: 390526)
Failed to process relocation: 6570:0cf5 (Invalid index: 390517)
Failed to process relocation: 6570:0ceb (Invalid index: 390507)
Failed to process relocation: 6570:0cd6 (Invalid index: 390486)
Failed to process relocation: 6570:0cce (Invalid index: 390478)
Failed to process relocation: 6570:0cc6 (Invalid index: 390470)
Failed to process relocation: 6570:0cbd (Invalid index: 390461)
Failed to process relocation: 6570:0cb4 (Invalid index: 390452)
Failed to process relocation: 6570:0cac (Invalid index: 390444)
Failed to process relocation: 6570:0c8c (Invalid index: 390412)
Failed to process relocation: 6570:0c83 (Invalid index: 390403)
Failed to process relocation: 6570:0c7a (Invalid index: 390394)
Failed to process relocation: 6570:0c72 (Invalid index: 390386)
Failed to process relocation: 6570:0c5d (Invalid index: 390365)
Failed to process relocation: 6570:0c54 (Invalid index: 390356)
Failed to process relocation: 6570:0c4b (Invalid index: 390347)
Failed to process relocation: 6570:0c43 (Invalid index: 390339)
Failed to process relocation: 6570:0c1e (Invalid index: 390302)
Failed to process relocation: 6570:0c16 (Invalid index: 390294)
Failed to process relocation: 6570:0c0d (Invalid index: 390285)
Failed to process relocation: 6570:0c04 (Invalid index: 390276)
Failed to process relocation: 6570:0bfc (Invalid index: 390268)
Failed to process relocation: 6570:0bb0 (Invalid index: 390192)
Failed to process relocation: 6570:0bab (Invalid index: 390187)
Failed to process relocation: 6570:0ba1 (Invalid index: 390177)
Failed to process relocation: 6570:0b9c (Invalid index: 390172)
Failed to process relocation: 6570:0b93 (Invalid index: 390163)
Failed to process relocation: 6570:0b89 (Invalid index: 390153)
Failed to process relocation: 6570:0b84 (Invalid index: 390148)
Failed to process relocation: 6570:0b7b (Invalid index: 390139)
Failed to process relocation: 6570:0b71 (Invalid index: 390129)
Failed to process relocation: 6570:0b6c (Invalid index: 390124)
Failed to process relocation: 6570:0b63 (Invalid index: 390115)
Failed to process relocation: 6570:0b59 (Invalid index: 390105)
Failed to process relocation: 6570:0b54 (Invalid index: 390100)
Failed to process relocation: 6570:0b42 (Invalid index: 390082)
Failed to process relocation: 6570:0b3d (Invalid index: 390077)
Failed to process relocation: 6570:0b33 (Invalid index: 390067)
Failed to process relocation: 6570:0b2e (Invalid index: 390062)
Failed to process relocation: 6570:0b25 (Invalid index: 390053)
Failed to process relocation: 6570:0b1b (Invalid index: 390043)
Failed to process relocation: 6570:0b16 (Invalid index: 390038)
Failed to process relocation: 6570:1274 (Invalid index: 391924)
Failed to process relocation: 6570:126f (Invalid index: 391919)
Failed to process relocation: 6570:1266 (Invalid index: 391910)
Failed to process relocation: 6570:125e (Invalid index: 391902)
Failed to process relocation: 6570:1259 (Invalid index: 391897)
Failed to process relocation: 6570:124f (Invalid index: 391887)
Failed to process relocation: 6570:1246 (Invalid index: 391878)
Failed to process relocation: 6570:123c (Invalid index: 391868)
Failed to process relocation: 6570:1237 (Invalid index: 391863)
Failed to process relocation: 6570:122e (Invalid index: 391854)
Failed to process relocation: 6570:1224 (Invalid index: 391844)
Failed to process relocation: 6570:121f (Invalid index: 391839)
Failed to process relocation: 6570:1213 (Invalid index: 391827)
Failed to process relocation: 6570:120e (Invalid index: 391822)
Failed to process relocation: 6570:1204 (Invalid index: 391812)
Failed to process relocation: 6570:11ff (Invalid index: 391807)
Failed to process relocation: 6570:11f7 (Invalid index: 391799)
Failed to process relocation: 6570:11ed (Invalid index: 391789)
Failed to process relocation: 6570:11e8 (Invalid index: 391784)
Failed to process relocation: 6570:11e0 (Invalid index: 391776)
Failed to process relocation: 6570:11d6 (Invalid index: 391766)
Failed to process relocation: 6570:11d1 (Invalid index: 391761)
Failed to process relocation: 6570:11c9 (Invalid index: 391753)
Failed to process relocation: 6570:11bf (Invalid index: 391743)
Failed to process relocation: 6570:11ba (Invalid index: 391738)
Failed to process relocation: 6570:11b2 (Invalid index: 391730)
Failed to process relocation: 6570:11a9 (Invalid index: 391721)
Failed to process relocation: 6570:11a1 (Invalid index: 391713)
Failed to process relocation: 6570:1198 (Invalid index: 391704)
Failed to process relocation: 6570:1190 (Invalid index: 391696)
Failed to process relocation: 6570:1187 (Invalid index: 391687)
Failed to process relocation: 6570:117f (Invalid index: 391679)
Failed to process relocation: 6570:1176 (Invalid index: 391670)
Failed to process relocation: 6570:116b (Invalid index: 391659)
Failed to process relocation: 6570:1142 (Invalid index: 391618)
Failed to process relocation: 6570:1114 (Invalid index: 391572)
Failed to process relocation: 6570:110f (Invalid index: 391567)
Failed to process relocation: 6570:1106 (Invalid index: 391558)
Failed to process relocation: 6570:10fe (Invalid index: 391550)
Failed to process relocation: 6570:10f3 (Invalid index: 391539)
Failed to process relocation: 6570:10e6 (Invalid index: 391526)
Failed to process relocation: 6570:10d1 (Invalid index: 391505)
Failed to process relocation: 6570:10af (Invalid index: 391471)
Failed to process relocation: 6570:108a (Invalid index: 391434)
Failed to process relocation: 6570:1080 (Invalid index: 391424)
Failed to process relocation: 6570:107b (Invalid index: 391419)
Failed to process relocation: 6570:1072 (Invalid index: 391410)
Failed to process relocation: 6570:1069 (Invalid index: 391401)
Failed to process relocation: 6570:105f (Invalid index: 391391)
Failed to process relocation: 6570:105a (Invalid index: 391386)
Failed to process relocation: 6570:1051 (Invalid index: 391377)
Failed to process relocation: 6570:1038 (Invalid index: 391352)
Failed to process relocation: 6570:1030 (Invalid index: 391344)
Failed to process relocation: 6570:1026 (Invalid index: 391334)
Failed to process relocation: 6570:101d (Invalid index: 391325)
Failed to process relocation: 6570:1013 (Invalid index: 391315)
Failed to process relocation: 6570:0ffa (Invalid index: 391290)
Failed to process relocation: 6570:0ff2 (Invalid index: 391282)
Failed to process relocation: 6570:0fe8 (Invalid index: 391272)
Failed to process relocation: 6570:0fdf (Invalid index: 391263)
Failed to process relocation: 6570:0fd5 (Invalid index: 391253)
Failed to process relocation: 6570:0fcc (Invalid index: 391244)
Failed to process relocation: 6570:0fc4 (Invalid index: 391236)
Failed to process relocation: 6570:0fbf (Invalid index: 391231)
Failed to process relocation: 6570:0f13 (Invalid index: 391059)
Failed to process relocation: 6570:0f0e (Invalid index: 391054)
Failed to process relocation: 6570:0f04 (Invalid index: 391044)
Failed to process relocation: 6570:0efb (Invalid index: 391035)
Failed to process relocation: 6570:0ef1 (Invalid index: 391025)
Failed to process relocation: 6570:0ee8 (Invalid index: 391016)
Failed to process relocation: 6570:0ede (Invalid index: 391006)
Failed to process relocation: 6570:0ed9 (Invalid index: 391001)
Failed to process relocation: 6570:0ed0 (Invalid index: 390992)
Failed to process relocation: 6570:0ec6 (Invalid index: 390982)
Failed to process relocation: 6570:1624 (Invalid index: 392868)
Failed to process relocation: 6570:161c (Invalid index: 392860)
Failed to process relocation: 6570:1612 (Invalid index: 392850)
Failed to process relocation: 6570:160d (Invalid index: 392845)
Failed to process relocation: 6570:15fc (Invalid index: 392828)
Failed to process relocation: 6570:15f7 (Invalid index: 392823)
Failed to process relocation: 6570:15ed (Invalid index: 392813)
Failed to process relocation: 6570:15e8 (Invalid index: 392808)
Failed to process relocation: 6570:15e0 (Invalid index: 392800)
Failed to process relocation: 6570:15d6 (Invalid index: 392790)
Failed to process relocation: 6570:15d1 (Invalid index: 392785)
Failed to process relocation: 6570:15c9 (Invalid index: 392777)
Failed to process relocation: 6570:15bf (Invalid index: 392767)
Failed to process relocation: 6570:15ba (Invalid index: 392762)
Failed to process relocation: 6570:15b2 (Invalid index: 392754)
Failed to process relocation: 6570:15a8 (Invalid index: 392744)
Failed to process relocation: 6570:15a3 (Invalid index: 392739)
Failed to process relocation: 6570:1599 (Invalid index: 392729)
Failed to process relocation: 6570:1582 (Invalid index: 392706)
Failed to process relocation: 6570:156b (Invalid index: 392683)
Failed to process relocation: 6570:1547 (Invalid index: 392647)
Failed to process relocation: 6570:153f (Invalid index: 392639)
Failed to process relocation: 6570:1535 (Invalid index: 392629)
Failed to process relocation: 6570:150c (Invalid index: 392588)
Failed to process relocation: 6570:1504 (Invalid index: 392580)
Failed to process relocation: 6570:14fa (Invalid index: 392570)
Failed to process relocation: 6570:14f5 (Invalid index: 392565)
Failed to process relocation: 6570:14ec (Invalid index: 392556)
Failed to process relocation: 6570:14e2 (Invalid index: 392546)
Failed to process relocation: 6570:14d9 (Invalid index: 392537)
Failed to process relocation: 6570:14cf (Invalid index: 392527)
Failed to process relocation: 6570:14ca (Invalid index: 392522)
Failed to process relocation: 6570:14c1 (Invalid index: 392513)
Failed to process relocation: 6570:14b7 (Invalid index: 392503)
Failed to process relocation: 6570:14b2 (Invalid index: 392498)
Failed to process relocation: 6570:1496 (Invalid index: 392470)
Failed to process relocation: 6570:1491 (Invalid index: 392465)
Failed to process relocation: 6570:1487 (Invalid index: 392455)
Failed to process relocation: 6570:1482 (Invalid index: 392450)
Failed to process relocation: 6570:147a (Invalid index: 392442)
Failed to process relocation: 6570:1470 (Invalid index: 392432)
Failed to process relocation: 6570:146b (Invalid index: 392427)
Failed to process relocation: 6570:1463 (Invalid index: 392419)
Failed to process relocation: 6570:1459 (Invalid index: 392409)
Failed to process relocation: 6570:1454 (Invalid index: 392404)
Failed to process relocation: 6570:144c (Invalid index: 392396)
Failed to process relocation: 6570:1442 (Invalid index: 392386)
Failed to process relocation: 6570:143d (Invalid index: 392381)
Failed to process relocation: 6570:1425 (Invalid index: 392357)
Failed to process relocation: 6570:141d (Invalid index: 392349)
Failed to process relocation: 6570:1413 (Invalid index: 392339)
Failed to process relocation: 6570:13ea (Invalid index: 392298)
Failed to process relocation: 6570:13e2 (Invalid index: 392290)
Failed to process relocation: 6570:13d8 (Invalid index: 392280)
Failed to process relocation: 6570:13d3 (Invalid index: 392275)
Failed to process relocation: 6570:13ca (Invalid index: 392266)
Failed to process relocation: 6570:13c0 (Invalid index: 392256)
Failed to process relocation: 6570:13b7 (Invalid index: 392247)
Failed to process relocation: 6570:13ad (Invalid index: 392237)
Failed to process relocation: 6570:13a8 (Invalid index: 392232)
Failed to process relocation: 6570:139f (Invalid index: 392223)
Failed to process relocation: 6570:1395 (Invalid index: 392213)
Failed to process relocation: 6570:1390 (Invalid index: 392208)
Failed to process relocation: 6570:133c (Invalid index: 392124)
Failed to process relocation: 6570:12d5 (Invalid index: 392021)
Failed to process relocation: 6570:12d0 (Invalid index: 392016)
Failed to process relocation: 6570:12cb (Invalid index: 392011)
Failed to process relocation: 6570:12c3 (Invalid index: 392003)
Failed to process relocation: 6570:12be (Invalid index: 391998)
Failed to process relocation: 6570:12b6 (Invalid index: 391990)
Failed to process relocation: 6570:12ae (Invalid index: 391982)
Failed to process relocation: 6570:12a9 (Invalid index: 391977)
Failed to process relocation: 6570:129f (Invalid index: 391967)
Failed to process relocation: 6570:1296 (Invalid index: 391958)
Failed to process relocation: 6570:128c (Invalid index: 391948)
Failed to process relocation: 6570:1287 (Invalid index: 391943)
Failed to process relocation: 6570:127e (Invalid index: 391934)
Failed to process relocation: 6570:179a (Invalid index: 393242)
Failed to process relocation: 6570:177b (Invalid index: 393211)
Failed to process relocation: 6570:176a (Invalid index: 393194)
Failed to process relocation: 6570:1762 (Invalid index: 393186)
Failed to process relocation: 6570:1759 (Invalid index: 393177)
Failed to process relocation: 6570:1751 (Invalid index: 393169)
Failed to process relocation: 6570:1736 (Invalid index: 393142)
Failed to process relocation: 6570:172e (Invalid index: 393134)
Failed to process relocation: 6570:1726 (Invalid index: 393126)
Failed to process relocation: 6570:171d (Invalid index: 393117)
Failed to process relocation: 6570:1709 (Invalid index: 393097)
Failed to process relocation: 6570:1701 (Invalid index: 393089)
Failed to process relocation: 6570:16f8 (Invalid index: 393080)
Failed to process relocation: 6570:16f0 (Invalid index: 393072)
Failed to process relocation: 6570:16d0 (Invalid index: 393040)
Failed to process relocation: 6570:16c8 (Invalid index: 393032)
Failed to process relocation: 6570:16c0 (Invalid index: 393024)
Failed to process relocation: 6570:16b7 (Invalid index: 393015)
Failed to process relocation: 6570:16af (Invalid index: 393007)
Failed to process relocation: 6570:1666 (Invalid index: 392934)
Failed to process relocation: 6570:1661 (Invalid index: 392929)
Failed to process relocation: 6570:1657 (Invalid index: 392919)
Failed to process relocation: 6570:1652 (Invalid index: 392914)
Failed to process relocation: 6570:164a (Invalid index: 392906)
Failed to process relocation: 6570:1640 (Invalid index: 392896)
Failed to process relocation: 6570:163b (Invalid index: 392891)
Failed to process relocation: 6570:1633 (Invalid index: 392883)
Failed to process relocation: 6570:1629 (Invalid index: 392873)
Failed to process relocation: 6570:1b3b (Invalid index: 394171)
Failed to process relocation: 6570:1b2b (Invalid index: 394155)
Failed to process relocation: 6570:1b1b (Invalid index: 394139)
Failed to process relocation: 6570:1b0b (Invalid index: 394123)
Failed to process relocation: 6570:1afb (Invalid index: 394107)
Failed to process relocation: 6570:1ad0 (Invalid index: 394064)
Failed to process relocation: 6570:1ac8 (Invalid index: 394056)
Failed to process relocation: 6570:1a9d (Invalid index: 394013)
Failed to process relocation: 6570:1a95 (Invalid index: 394005)
Failed to process relocation: 6570:1a77 (Invalid index: 393975)
Failed to process relocation: 6570:1a6f (Invalid index: 393967)
Failed to process relocation: 6570:19fd (Invalid index: 393853)
Failed to process relocation: 6570:19de (Invalid index: 393822)
Failed to process relocation: 6570:19ce (Invalid index: 393806)
Failed to process relocation: 6570:19a7 (Invalid index: 393767)
Failed to process relocation: 6570:199f (Invalid index: 393759)
 (ProgramLoader)  
INFO  IMPORTING: Loaded 0 additional files (HeadlessAnalyzer)  
INFO  REPORT: Execute script: MarkOverlayThunks 'pre' '3ab8'  (HeadlessAnalyzer)  
INFO  SCRIPT: C:\prog\jwcad\ghidra_scripts\MarkOverlayThunks.java (HeadlessAnalyzer)  
INFO  MarkOverlayThunks.java> cd 3f sites: 101 (GhidraScript)  
INFO  MarkOverlayThunks.java> overlay trap operands marked as data: 101 of 101 (GhidraScript)  
INFO  ANALYZING all memory and code: file:///C:/prog/jwcad/ovl/jw04.exe (HeadlessAnalyzer)  
ERROR Failed to create function at 28b3:0f86 since its body contains referring thunk at 28b3:0ee9 (CreateFunctionCmd)  
ERROR Failed to create function at 28b3:1140 since its body contains referring thunk at 28b3:112c (CreateFunctionCmd)  
WARN  Decompiling 32b2:1528: Unable to read bytes at ram:0000:7be2 (DecompileCallback)  
WARN  Decompiling 1000:0a81, pcode error at 1000:0a6f: Unable to resolve constructor at 1000:0a6f (DecompileCallback)  
WARN  Decompiling 1000:0a81, pcode error at 1000:0a4b: Unable to resolve constructor at 1000:0a4b (DecompileCallback)  
WARN  Decompiling 1000:0a81, pcode error at 1000:0818: Unable to resolve constructor at 1000:0818 (DecompileCallback)  
WARN  Decompiling 12c1:097e, pcode error at 1000:5097: Unable to resolve constructor at 1000:5097 (DecompileCallback)  
WARN  Decompiling 32b2:0d40, pcode error at 3000:5054: Unable to resolve constructor at 3000:5054 (DecompileCallback)  
WARN  Decompiling 32b2:0d40, pcode error at 4000:f72f: Disassembly not permitted within uninitialized memory block (DecompileCallback)  
WARN  Decompiling 32b2:0d40, pcode error at 4000:fac3: Disassembly not permitted within uninitialized memory block (DecompileCallback)  
WARN  Decompiling 21f2:246e, pcode error at 2000:3158: Unable to resolve constructor at 2000:3158 (DecompileCallback)  
WARN  Decompiling 21f2:246e, pcode error at 2000:7191: Unable to resolve constructor at 2000:7191 (DecompileCallback)  
INFO  Packed database cache: C:\Users\yomei\AppData\Local\ghidra\packed-db-cache (PackedDatabaseCache)  
INFO  Applied data type archive: generic_clib (ApplyDataArchiveAnalyzer)  
INFO  -----------------------------------------------------
    ASCII Strings                              0.350 secs
    Apply Data Archives                        0.848 secs
    Call Convention ID                         0.003 secs
    Call-Fixup Installer                       0.020 secs
    Create Function                            0.621 secs
    Data Reference                             0.032 secs
    Decompiler Switch Analysis                48.865 secs
    Demangler GNU                              0.050 secs
    Disassemble                                2.698 secs
    Disassemble Entry Points                   0.212 secs
    Embedded Media                             0.021 secs
    External Entry References                  0.000 secs
    Function ID                                0.120 secs
    Function Start Search                      0.023 secs
    Non-Returning Functions - Discovered       0.851 secs
    Reference                                  0.050 secs
    Segmented X86 Calling Conventions          0.003 secs
    Shared Return Calls                        0.281 secs
    Stack                                      2.717 secs
    Subroutine References                      0.132 secs
    Subroutine References - One Time           0.000 secs
    X86 Function Callee Purge                  0.163 secs
    x86 Constant Reference Analyzer            1.966 secs
-----------------------------------------------------
     Total Time   60 secs
-----------------------------------------------------
 (AutoAnalysisManager)  
INFO  REPORT: Analysis succeeded for file: file:///C:/prog/jwcad/ovl/jw04.exe (HeadlessAnalyzer)  
INFO  REPORT: Execute script: MarkOverlayThunks 'post' '3ab8' 'C:\prog\jwcad\entries\04.txt' '4'  (HeadlessAnalyzer)  
INFO  SCRIPT: C:\prog\jwcad\ghidra_scripts\MarkOverlayThunks.java (HeadlessAnalyzer)  
INFO  MarkOverlayThunks.java> cd 3f sites: 101 (GhidraScript)  
INFO  MarkOverlayThunks.java> overlay traps given a fall-through: 101, references added: 3 (GhidraScript)  
INFO  MarkOverlayThunks.java> overlay entry points seeded: 3 (GhidraScript)  
INFO  REPORT: Execute script: DecompileAll 'C:\prog\jwcad\out\ovl04' '3ab8' '4375'  (HeadlessAnalyzer)  
INFO  SCRIPT: C:\prog\jwcad\ghidra_scripts\DecompileAll.java (HeadlessAnalyzer)  
WARN  Decompiling 3ab8:4a19, pcode error at 4000:f72f: Disassembly not permitted within uninitialized memory block (DecompileCallback)  
WARN  Decompiling 3ab8:4a19, pcode error at 4000:fac3: Disassembly not permitted within uninitialized memory block (DecompileCallback)  
WARN  Decompiling 3ab8:4c91, pcode error at 4000:f72f: Disassembly not permitted within uninitialized memory block (DecompileCallback)  
WARN  Decompiling 3ab8:4c91, pcode error at 4000:fac3: Disassembly not permitted within uninitialized memory block (DecompileCallback)  
WARN  Decompiling 3ab8:4ca3, pcode error at 4000:f72f: Disassembly not permitted within uninitialized memory block (DecompileCallback)  
WARN  Decompiling 3ab8:4ca3, pcode error at 4000:fac3: Disassembly not permitted within uninitialized memory block (DecompileCallback)  
WARN  Decompiling 3ab8:4e5f, pcode error at 4000:f72f: Disassembly not permitted within uninitialized memory block (DecompileCallback)  
WARN  Decompiling 3ab8:4e5f, pcode error at 4000:fac3: Disassembly not permitted within uninitialized memory block (DecompileCallback)  
WARN  Decompiling 3ab8:517f, pcode error at 4000:f72f: Disassembly not permitted within uninitialized memory block (DecompileCallback)  
WARN  Decompiling 3ab8:517f, pcode error at 4000:fac3: Disassembly not permitted within uninitialized memory block (DecompileCallback)  
WARN  Decompiling 3ab8:522f, pcode error at 4000:f72f: Disassembly not permitted within uninitialized memory block (DecompileCallback)  
WARN  Decompiling 3ab8:522f, pcode error at 4000:fac3: Disassembly not permitted within uninitialized memory block (DecompileCallback)  
INFO  DecompileAll.java> decompiled 15 functions, 0 failed (GhidraScript)  
INFO  ANALYZING changes made by post scripts: file:///C:/prog/jwcad/ovl/jw04.exe (HeadlessAnalyzer)  
INFO  REPORT: Post-analysis succeeded for file: file:///C:/prog/jwcad/ovl/jw04.exe (HeadlessAnalyzer)  
INFO  /jw04.exe: file created (yomei) (LocalFileSystem)  
INFO  REPORT: Save succeeded for: /jw04.exe (ovl04:/jw04.exe) (HeadlessAnalyzer)  
INFO  REPORT: Import succeeded (HeadlessAnalyzer)  
