INFO  Using log config file: jar:file:/C:/prog/ghidra/ghidra_12.1.3_PUBLIC/Ghidra/Framework/Generic/lib/Generic.jar!/generic.log4j.xml (LoggingInitialization)  
INFO  Using log file: C:\Users\yomei\AppData\Roaming\ghidra\ghidra_12.1.3_PUBLIC\application.log (LoggingInitialization)  
INFO  Loading user preferences: C:\Users\yomei\AppData\Roaming\ghidra\ghidra_12.1.3_PUBLIC\preferences (Preferences)  
INFO  Searching for classes... (ClassSearcher)  
INFO  Class search complete (1030 ms) (ClassSearcher)  
INFO  Initializing SSL Context (DefaultSSLContextInitializer)  
INFO  Initializing Random Number Generator... (SecureRandomFactory)  
INFO  Random Number Generator initialization complete: SHA1PRNG (SecureRandomFactory)  
INFO  Trust manager disabled, cacerts have not been set (DefaultTrustManagerFactory)  
INFO  Headless startup complete (9863 ms) (AnalyzeHeadless)  
INFO  Class searcher loaded 59 extension points (20 false positives) (ClassSearcher)  
INFO  HEADLESS Script Paths:
    C:\prog\ghidra\ghidra_12.1.3_PUBLIC\Ghidra\Debug\Debugger-rmi-trace\ghidra_scripts
    C:\prog\ghidra\ghidra_12.1.3_PUBLIC\Ghidra\Features\FileFormats\ghidra_scripts
    C:\prog\ghidra\ghidra_12.1.3_PUBLIC\Ghidra\Features\GnuDemangler\ghidra_scripts
    C:\prog\ghidra\ghidra_12.1.3_PUBLIC\Ghidra\Features\VersionTracking\ghidra_scripts
    C:\prog\ghidra\ghidra_12.1.3_PUBLIC\Ghidra\Debug\Debugger\ghidra_scripts
    C:\prog\ghidra\ghidra_12.1.3_PUBLIC\Ghidra\Processors\8051\ghidra_scripts
    C:\prog\ghidra\ghidra_12.1.3_PUBLIC\Ghidra\Features\BSim\ghidra_scripts
    C:\prog\ghidra\ghidra_12.1.3_PUBLIC\Ghidra\Features\WildcardAssembler\ghidra_scripts
    C:\prog\ghidra\ghidra_12.1.3_PUBLIC\Ghidra\Features\FunctionID\ghidra_scripts
    C:\prog\ghidra\ghidra_12.1.3_PUBLIC\Ghidra\Features\SystemEmulation\ghidra_scripts
    C:\prog\ghidra\ghidra_12.1.3_PUBLIC\Ghidra\Processors\PIC\ghidra_scripts
    C:\prog\ghidra\ghidra_12.1.3_PUBLIC\Ghidra\Features\PDB\ghidra_scripts
    C:\prog\ghidra\ghidra_12.1.3_PUBLIC\Ghidra\Features\DecompilerDependent\ghidra_scripts
    C:\prog\ghidra\ghidra_12.1.3_PUBLIC\Ghidra\Features\SwiftDemangler\ghidra_scripts
    C:\prog\ghidra\ghidra_12.1.3_PUBLIC\Ghidra\Features\MicrosoftCodeAnalyzer\ghidra_scripts
    C:\prog\ghidra\ghidra_12.1.3_PUBLIC\Ghidra\Processors\DATA\ghidra_scripts
    C:\prog\ghidra\ghidra_12.1.3_PUBLIC\Ghidra\Features\Decompiler\ghidra_scripts
    C:\prog\ghidra\ghidra_12.1.3_PUBLIC\Ghidra\Features\BytePatterns\ghidra_scripts
    C:\prog\ghidra\ghidra_12.1.3_PUBLIC\Ghidra\Features\PyGhidra\ghidra_scripts
    C:\prog\ghidra\ghidra_12.1.3_PUBLIC\Ghidra\Processors\Atmel\ghidra_scripts
    C:\prog\ghidra\ghidra_12.1.3_PUBLIC\Ghidra\Features\Base\ghidra_scripts
    C:\prog\jwcad\ghidra_scripts
    C:\prog\ghidra\ghidra_12.1.3_PUBLIC\Ghidra\Processors\JVM\ghidra_scripts (HeadlessAnalyzer)  
INFO  HEADLESS: execution starts (HeadlessAnalyzer)  
INFO  Creating temporary project: C:\prog\jwcad\proj\ovl15 (HeadlessAnalyzer)  
INFO  Creating project: C:\prog\jwcad\proj\ovl15 (DefaultProject)  
INFO  REPORT: Processing input files:  (HeadlessAnalyzer)  
INFO       project: C:\prog\jwcad\proj\ovl15 (HeadlessAnalyzer)  
INFO  IMPORTING: file:///C:/prog/jwcad/ovl/jw15.exe (HeadlessAnalyzer)  
INFO  Using Loader: Old-style DOS Executable (MZ) (ProgramLoader)  
INFO  Using Language/Compiler: x86:LE:16:Real Mode:default (ProgramLoader)  
INFO  Using Library Search Path: [., C:\Windows\SysWOW64, C:\prog\ghidra\jdk21\bin, C:\Windows\Sun\Java\bin, C:\Windows\system32, C:\Windows, C:\Program Files\Python312\Scripts\, C:\Program Files\Python312\, C:\Windows\System32\Wbem, C:\Windows\System32\WindowsPowerShell\v1.0\, C:\Windows\System32\OpenSSH\, C:\Program Files\Amazon\AWSCLIV2\, C:\ProgramData\chocolatey\bin, C:\ffmpeg, C:\Users\yomei\AppData\Local\Microsoft\WindowsApps] (ProgramLoader)  
INFO  Additional info:
There were too many messages to display.
1425 messages have been truncated.

Loading file:///C:/prog/jwcad/ovl/jw15.exe?MD5=53af76df9bfc1146c470841f68e1acc3...
Failed to process relocation: 6570:009f (Invalid index: 385919)
Failed to process relocation: 6570:005b (Invalid index: 385851)
Failed to process relocation: 6570:0052 (Invalid index: 385842)
Failed to process relocation: 6570:004d (Invalid index: 385837)
Failed to process relocation: 6570:0044 (Invalid index: 385828)
Failed to process relocation: 6570:0039 (Invalid index: 385817)
Failed to process relocation: 6570:0034 (Invalid index: 385812)
Failed to process relocation: 6570:002b (Invalid index: 385803)
Failed to process relocation: 6570:0020 (Invalid index: 385792)
Failed to process relocation: 6570:001b (Invalid index: 385787)
Failed to process relocation: 6570:0012 (Invalid index: 385778)
Failed to process relocation: 6570:0009 (Invalid index: 385769)
Failed to process relocation: 6570:0491 (Invalid index: 386929)
Failed to process relocation: 6570:0488 (Invalid index: 386920)
Failed to process relocation: 6570:0482 (Invalid index: 386914)
Failed to process relocation: 6570:0479 (Invalid index: 386905)
Failed to process relocation: 6570:0471 (Invalid index: 386897)
Failed to process relocation: 6570:0467 (Invalid index: 386887)
Failed to process relocation: 6570:0447 (Invalid index: 386855)
Failed to process relocation: 6570:043f (Invalid index: 386847)
Failed to process relocation: 6570:0437 (Invalid index: 386839)
Failed to process relocation: 6570:042e (Invalid index: 386830)
Failed to process relocation: 6570:0422 (Invalid index: 386818)
Failed to process relocation: 6570:041d (Invalid index: 386813)
Failed to process relocation: 6570:0413 (Invalid index: 386803)
Failed to process relocation: 6570:040e (Invalid index: 386798)
Failed to process relocation: 6570:0406 (Invalid index: 386790)
Failed to process relocation: 6570:03fc (Invalid index: 386780)
Failed to process relocation: 6570:03f7 (Invalid index: 386775)
Failed to process relocation: 6570:03ef (Invalid index: 386767)
Failed to process relocation: 6570:03e5 (Invalid index: 386757)
Failed to process relocation: 6570:03e0 (Invalid index: 386752)
Failed to process relocation: 6570:03d8 (Invalid index: 386744)
Failed to process relocation: 6570:03ce (Invalid index: 386734)
Failed to process relocation: 6570:03c9 (Invalid index: 386729)
Failed to process relocation: 6570:03c1 (Invalid index: 386721)
Failed to process relocation: 6570:03b7 (Invalid index: 386711)
Failed to process relocation: 6570:03b2 (Invalid index: 386706)
Failed to process relocation: 6570:03aa (Invalid index: 386698)
Failed to process relocation: 6570:03a2 (Invalid index: 386690)
Failed to process relocation: 6570:0398 (Invalid index: 386680)
Failed to process relocation: 6570:0393 (Invalid index: 386675)
Failed to process relocation: 6570:038b (Invalid index: 386667)
Failed to process relocation: 6570:0383 (Invalid index: 386659)
Failed to process relocation: 6570:0379 (Invalid index: 386649)
Failed to process relocation: 6570:0374 (Invalid index: 386644)
Failed to process relocation: 6570:036c (Invalid index: 386636)
Failed to process relocation: 6570:0364 (Invalid index: 386628)
Failed to process relocation: 6570:035a (Invalid index: 386618)
Failed to process relocation: 6570:0355 (Invalid index: 386613)
Failed to process relocation: 6570:034d (Invalid index: 386605)
Failed to process relocation: 6570:0342 (Invalid index: 386594)
Failed to process relocation: 6570:033d (Invalid index: 386589)
Failed to process relocation: 6570:0335 (Invalid index: 386581)
Failed to process relocation: 6570:032d (Invalid index: 386573)
Failed to process relocation: 6570:0324 (Invalid index: 386564)
Failed to process relocation: 6570:031c (Invalid index: 386556)
Failed to process relocation: 6570:0314 (Invalid index: 386548)
Failed to process relocation: 6570:030c (Invalid index: 386540)
Failed to process relocation: 6570:0303 (Invalid index: 386531)
Failed to process relocation: 6570:02eb (Invalid index: 386507)
Failed to process relocation: 6570:02e3 (Invalid index: 386499)
Failed to process relocation: 6570:02d9 (Invalid index: 386489)
Failed to process relocation: 6570:02d1 (Invalid index: 386481)
Failed to process relocation: 6570:02c7 (Invalid index: 386471)
Failed to process relocation: 6570:02af (Invalid index: 386447)
Failed to process relocation: 6570:02a7 (Invalid index: 386439)
Failed to process relocation: 6570:029d (Invalid index: 386429)
Failed to process relocation: 6570:0295 (Invalid index: 386421)
Failed to process relocation: 6570:028b (Invalid index: 386411)
Failed to process relocation: 6570:0283 (Invalid index: 386403)
Failed to process relocation: 6570:027d (Invalid index: 386397)
Failed to process relocation: 6570:0274 (Invalid index: 386388)
Failed to process relocation: 6570:0265 (Invalid index: 386373)
Failed to process relocation: 6570:025d (Invalid index: 386365)
Failed to process relocation: 6570:0258 (Invalid index: 386360)
Failed to process relocation: 6570:0253 (Invalid index: 386355)
Failed to process relocation: 6570:024b (Invalid index: 386347)
Failed to process relocation: 6570:0242 (Invalid index: 386338)
Failed to process relocation: 6570:023d (Invalid index: 386333)
Failed to process relocation: 6570:022e (Invalid index: 386318)
Failed to process relocation: 6570:0226 (Invalid index: 386310)
Failed to process relocation: 6570:021e (Invalid index: 386302)
Failed to process relocation: 6570:0215 (Invalid index: 386293)
Failed to process relocation: 6570:0204 (Invalid index: 386276)
Failed to process relocation: 6570:01fe (Invalid index: 386270)
Failed to process relocation: 6570:01f5 (Invalid index: 386261)
Failed to process relocation: 6570:01e6 (Invalid index: 386246)
Failed to process relocation: 6570:01de (Invalid index: 386238)
Failed to process relocation: 6570:01d9 (Invalid index: 386233)
Failed to process relocation: 6570:01d4 (Invalid index: 386228)
Failed to process relocation: 6570:01cc (Invalid index: 386220)
Failed to process relocation: 6570:01c3 (Invalid index: 386211)
Failed to process relocation: 6570:01be (Invalid index: 386206)
Failed to process relocation: 6570:01af (Invalid index: 386191)
Failed to process relocation: 6570:01a7 (Invalid index: 386183)
Failed to process relocation: 6570:019f (Invalid index: 386175)
Failed to process relocation: 6570:0196 (Invalid index: 386166)
Failed to process relocation: 6570:0185 (Invalid index: 386149)
Failed to process relocation: 6570:017d (Invalid index: 386141)
Failed to process relocation: 6570:0174 (Invalid index: 386132)
Failed to process relocation: 6570:016c (Invalid index: 386124)
Failed to process relocation: 6570:0164 (Invalid index: 386116)
Failed to process relocation: 6570:015f (Invalid index: 386111)
Failed to process relocation: 6570:0156 (Invalid index: 386102)
Failed to process relocation: 6570:014e (Invalid index: 386094)
Failed to process relocation: 6570:0146 (Invalid index: 386086)
Failed to process relocation: 6570:013e (Invalid index: 386078)
Failed to process relocation: 6570:0135 (Invalid index: 386069)
Failed to process relocation: 6570:0130 (Invalid index: 386064)
Failed to process relocation: 6570:012b (Invalid index: 386059)
Failed to process relocation: 6570:0122 (Invalid index: 386050)
Failed to process relocation: 6570:011d (Invalid index: 386045)
Failed to process relocation: 6570:0104 (Invalid index: 386020)
Failed to process relocation: 6570:00ea (Invalid index: 385994)
Failed to process relocation: 6570:0841 (Invalid index: 387873)
Failed to process relocation: 6570:083c (Invalid index: 387868)
Failed to process relocation: 6570:0832 (Invalid index: 387858)
Failed to process relocation: 6570:082d (Invalid index: 387853)
Failed to process relocation: 6570:0825 (Invalid index: 387845)
Failed to process relocation: 6570:081b (Invalid index: 387835)
Failed to process relocation: 6570:0816 (Invalid index: 387830)
Failed to process relocation: 6570:080e (Invalid index: 387822)
Failed to process relocation: 6570:0804 (Invalid index: 387812)
Failed to process relocation: 6570:07ff (Invalid index: 387807)
Failed to process relocation: 6570:07f7 (Invalid index: 387799)
Failed to process relocation: 6570:07ed (Invalid index: 387789)
Failed to process relocation: 6570:07e8 (Invalid index: 387784)
Failed to process relocation: 6570:07dc (Invalid index: 387772)
Failed to process relocation: 6570:07d4 (Invalid index: 387764)
Failed to process relocation: 6570:07cc (Invalid index: 387756)
Failed to process relocation: 6570:07c4 (Invalid index: 387748)
Failed to process relocation: 6570:07bc (Invalid index: 387740)
Failed to process relocation: 6570:07b4 (Invalid index: 387732)
Failed to process relocation: 6570:07ac (Invalid index: 387724)
Failed to process relocation: 6570:07a4 (Invalid index: 387716)
Failed to process relocation: 6570:079c (Invalid index: 387708)
Failed to process relocation: 6570:0793 (Invalid index: 387699)
Failed to process relocation: 6570:078b (Invalid index: 387691)
Failed to process relocation: 6570:0783 (Invalid index: 387683)
Failed to process relocation: 6570:077b (Invalid index: 387675)
Failed to process relocation: 6570:0773 (Invalid index: 387667)
Failed to process relocation: 6570:076b (Invalid index: 387659)
Failed to process relocation: 6570:0763 (Invalid index: 387651)
Failed to process relocation: 6570:075b (Invalid index: 387643)
Failed to process relocation: 6570:0753 (Invalid index: 387635)
Failed to process relocation: 6570:074b (Invalid index: 387627)
Failed to process relocation: 6570:0743 (Invalid index: 387619)
Failed to process relocation: 6570:0734 (Invalid index: 387604)
Failed to process relocation: 6570:072c (Invalid index: 387596)
Failed to process relocation: 6570:0724 (Invalid index: 387588)
Failed to process relocation: 6570:071b (Invalid index: 387579)
Failed to process relocation: 6570:0713 (Invalid index: 387571)
Failed to process relocation: 6570:070b (Invalid index: 387563)
Failed to process relocation: 6570:0703 (Invalid index: 387555)
Failed to process relocation: 6570:06fa (Invalid index: 387546)
Failed to process relocation: 6570:06f2 (Invalid index: 387538)
Failed to process relocation: 6570:06ea (Invalid index: 387530)
Failed to process relocation: 6570:06e2 (Invalid index: 387522)
Failed to process relocation: 6570:06d9 (Invalid index: 387513)
Failed to process relocation: 6570:06d1 (Invalid index: 387505)
Failed to process relocation: 6570:06c9 (Invalid index: 387497)
Failed to process relocation: 6570:06c1 (Invalid index: 387489)
Failed to process relocation: 6570:0699 (Invalid index: 387449)
Failed to process relocation: 6570:0691 (Invalid index: 387441)
Failed to process relocation: 6570:0689 (Invalid index: 387433)
Failed to process relocation: 6570:0680 (Invalid index: 387424)
Failed to process relocation: 6570:0678 (Invalid index: 387416)
Failed to process relocation: 6570:0670 (Invalid index: 387408)
Failed to process relocation: 6570:0668 (Invalid index: 387400)
Failed to process relocation: 6570:0660 (Invalid index: 387392)
Failed to process relocation: 6570:0657 (Invalid index: 387383)
Failed to process relocation: 6570:064f (Invalid index: 387375)
Failed to process relocation: 6570:0640 (Invalid index: 387360)
Failed to process relocation: 6570:0638 (Invalid index: 387352)
Failed to process relocation: 6570:0630 (Invalid index: 387344)
Failed to process relocation: 6570:0628 (Invalid index: 387336)
Failed to process relocation: 6570:0620 (Invalid index: 387328)
Failed to process relocation: 6570:0618 (Invalid index: 387320)
Failed to process relocation: 6570:0610 (Invalid index: 387312)
Failed to process relocation: 6570:0608 (Invalid index: 387304)
Failed to process relocation: 6570:0603 (Invalid index: 387299)
Failed to process relocation: 6570:05f4 (Invalid index: 387284)
Failed to process relocation: 6570:05ec (Invalid index: 387276)
Failed to process relocation: 6570:05e7 (Invalid index: 387271)
Failed to process relocation: 6570:05e1 (Invalid index: 387265)
Failed to process relocation: 6570:05d8 (Invalid index: 387256)
Failed to process relocation: 6570:05bb (Invalid index: 387227)
Failed to process relocation: 6570:05b3 (Invalid index: 387219)
Failed to process relocation: 6570:05ab (Invalid index: 387211)
Failed to process relocation: 6570:05a3 (Invalid index: 387203)
Failed to process relocation: 6570:059b (Invalid index: 387195)
Failed to process relocation: 6570:0593 (Invalid index: 387187)
Failed to process relocation: 6570:0582 (Invalid index: 387170)
Failed to process relocation: 6570:057c (Invalid index: 387164)
Failed to process relocation: 6570:0573 (Invalid index: 387155)
Failed to process relocation: 6570:056a (Invalid index: 387146)
Failed to process relocation: 6570:0562 (Invalid index: 387138)
Failed to process relocation: 6570:055c (Invalid index: 387132)
Failed to process relocation: 6570:0553 (Invalid index: 387123)
Failed to process relocation: 6570:054a (Invalid index: 387114)
Failed to process relocation: 6570:0542 (Invalid index: 387106)
Failed to process relocation: 6570:053a (Invalid index: 387098)
Failed to process relocation: 6570:0532 (Invalid index: 387090)
Failed to process relocation: 6570:052d (Invalid index: 387085)
Failed to process relocation: 6570:0525 (Invalid index: 387077)
Failed to process relocation: 6570:051d (Invalid index: 387069)
Failed to process relocation: 6570:0510 (Invalid index: 387056)
Failed to process relocation: 6570:0505 (Invalid index: 387045)
Failed to process relocation: 6570:04ff (Invalid index: 387039)
Failed to process relocation: 6570:04f6 (Invalid index: 387030)
Failed to process relocation: 6570:04e8 (Invalid index: 387016)
Failed to process relocation: 6570:04ca (Invalid index: 386986)
Failed to process relocation: 6570:04c2 (Invalid index: 386978)
Failed to process relocation: 6570:04ba (Invalid index: 386970)
Failed to process relocation: 6570:04b2 (Invalid index: 386962)
Failed to process relocation: 6570:04a9 (Invalid index: 386953)
Failed to process relocation: 6570:04a1 (Invalid index: 386945)
Failed to process relocation: 6570:0499 (Invalid index: 386937)
Failed to process relocation: 6570:0bf5 (Invalid index: 388821)
Failed to process relocation: 6570:0bd9 (Invalid index: 388793)
Failed to process relocation: 6570:0bd1 (Invalid index: 388785)
Failed to process relocation: 6570:0bc7 (Invalid index: 388775)
Failed to process relocation: 6570:0bbf (Invalid index: 388767)
Failed to process relocation: 6570:0bb5 (Invalid index: 388757)
Failed to process relocation: 6570:0b9c (Invalid index: 388732)
Failed to process relocation: 6570:0b94 (Invalid index: 388724)
Failed to process relocation: 6570:0b8a (Invalid index: 388714)
Failed to process relocation: 6570:0b85 (Invalid index: 388709)
Failed to process relocation: 6570:0b7f (Invalid index: 388703)
Failed to process relocation: 6570:0b76 (Invalid index: 388694)
Failed to process relocation: 6570:0b6d (Invalid index: 388685)
Failed to process relocation: 6570:0b63 (Invalid index: 388675)
Failed to process relocation: 6570:0b4a (Invalid index: 388650)
Failed to process relocation: 6570:0b42 (Invalid index: 388642)
Failed to process relocation: 6570:0b38 (Invalid index: 388632)
Failed to process relocation: 6570:0b30 (Invalid index: 388624)
Failed to process relocation: 6570:0b26 (Invalid index: 388614)
Failed to process relocation: 6570:0b0d (Invalid index: 388589)
Failed to process relocation: 6570:0b05 (Invalid index: 388581)
Failed to process relocation: 6570:0afb (Invalid index: 388571)
Failed to process relocation: 6570:0af3 (Invalid index: 388563)
Failed to process relocation: 6570:0ae9 (Invalid index: 388553)
Failed to process relocation: 6570:0ae1 (Invalid index: 388545)
Failed to process relocation: 6570:0ad9 (Invalid index: 388537)
Failed to process relocation: 6570:0ad1 (Invalid index: 388529)
Failed to process relocation: 6570:0ac9 (Invalid index: 388521)
Failed to process relocation: 6570:0ac4 (Invalid index: 388516)
Failed to process relocation: 6570:0ab5 (Invalid index: 388501)
Failed to process relocation: 6570:0aad (Invalid index: 388493)
Failed to process relocation: 6570:0aa8 (Invalid index: 388488)
Failed to process relocation: 6570:0aa3 (Invalid index: 388483)
Failed to process relocation: 6570:0a9b (Invalid index: 388475)
Failed to process relocation: 6570:0a93 (Invalid index: 388467)
Failed to process relocation: 6570:0a8a (Invalid index: 388458)
Failed to process relocation: 6570:0a85 (Invalid index: 388453)
Failed to process relocation: 6570:0a76 (Invalid index: 388438)
Failed to process relocation: 6570:0a6e (Invalid index: 388430)
Failed to process relocation: 6570:0a66 (Invalid index: 388422)
Failed to process relocation: 6570:0a5e (Invalid index: 388414)
Failed to process relocation: 6570:0a55 (Invalid index: 388405)
Failed to process relocation: 6570:0a50 (Invalid index: 388400)
Failed to process relocation: 6570:0a3f (Invalid index: 388383)
Failed to process relocation: 6570:0a37 (Invalid index: 388375)
Failed to process relocation: 6570:0a2f (Invalid index: 388367)
Failed to process relocation: 6570:0a27 (Invalid index: 388359)
Failed to process relocation: 6570:0a22 (Invalid index: 388354)
Failed to process relocation: 6570:0a12 (Invalid index: 388338)
Failed to process relocation: 6570:0a0a (Invalid index: 388330)
Failed to process relocation: 6570:0a05 (Invalid index: 388325)
Failed to process relocation: 6570:0a00 (Invalid index: 388320)
Failed to process relocation: 6570:09f8 (Invalid index: 388312)
Failed to process relocation: 6570:09f0 (Invalid index: 388304)
Failed to process relocation: 6570:09e7 (Invalid index: 388295)
Failed to process relocation: 6570:09e2 (Invalid index: 388290)
Failed to process relocation: 6570:09d2 (Invalid index: 388274)
Failed to process relocation: 6570:09ca (Invalid index: 388266)
Failed to process relocation: 6570:09c2 (Invalid index: 388258)
Failed to process relocation: 6570:09ba (Invalid index: 388250)
Failed to process relocation: 6570:09b1 (Invalid index: 388241)
Failed to process relocation: 6570:09ac (Invalid index: 388236)
Failed to process relocation: 6570:099b (Invalid index: 388219)
Failed to process relocation: 6570:0992 (Invalid index: 388210)
Failed to process relocation: 6570:098a (Invalid index: 388202)
Failed to process relocation: 6570:0981 (Invalid index: 388193)
Failed to process relocation: 6570:0976 (Invalid index: 388182)
Failed to process relocation: 6570:0971 (Invalid index: 388177)
Failed to process relocation: 6570:0967 (Invalid index: 388167)
Failed to process relocation: 6570:0962 (Invalid index: 388162)
Failed to process relocation: 6570:0959 (Invalid index: 388153)
Failed to process relocation: 6570:094f (Invalid index: 388143)
Failed to process relocation: 6570:094a (Invalid index: 388138)
Failed to process relocation: 6570:0941 (Invalid index: 388129)
Failed to process relocation: 6570:0937 (Invalid index: 388119)
Failed to process relocation: 6570:0932 (Invalid index: 388114)
Failed to process relocation: 6570:0929 (Invalid index: 388105)
Failed to process relocation: 6570:091f (Invalid index: 388095)
Failed to process relocation: 6570:091a (Invalid index: 388090)
Failed to process relocation: 6570:0911 (Invalid index: 388081)
Failed to process relocation: 6570:0909 (Invalid index: 388073)
Failed to process relocation: 6570:0900 (Invalid index: 388064)
Failed to process relocation: 6570:08f7 (Invalid index: 388055)
Failed to process relocation: 6570:08f2 (Invalid index: 388050)
Failed to process relocation: 6570:08ea (Invalid index: 388042)
Failed to process relocation: 6570:08e2 (Invalid index: 388034)
Failed to process relocation: 6570:08bc (Invalid index: 387996)
Failed to process relocation: 6570:08a9 (Invalid index: 387977)
Failed to process relocation: 6570:08a4 (Invalid index: 387972)
Failed to process relocation: 6570:089a (Invalid index: 387962)
Failed to process relocation: 6570:0895 (Invalid index: 387957)
Failed to process relocation: 6570:088d (Invalid index: 387949)
Failed to process relocation: 6570:0883 (Invalid index: 387939)
Failed to process relocation: 6570:087e (Invalid index: 387934)
Failed to process relocation: 6570:0876 (Invalid index: 387926)
Failed to process relocation: 6570:086c (Invalid index: 387916)
Failed to process relocation: 6570:0867 (Invalid index: 387911)
Failed to process relocation: 6570:085f (Invalid index: 387903)
Failed to process relocation: 6570:0855 (Invalid index: 387893)
Failed to process relocation: 6570:0850 (Invalid index: 387888)
Failed to process relocation: 6570:0d5a (Invalid index: 389178)
Failed to process relocation: 6570:0d42 (Invalid index: 389154)
Failed to process relocation: 6570:0d35 (Invalid index: 389141)
Failed to process relocation: 6570:0d2b (Invalid index: 389131)
Failed to process relocation: 6570:0d22 (Invalid index: 389122)
Failed to process relocation: 6570:0d19 (Invalid index: 389113)
Failed to process relocation: 6570:0d0f (Invalid index: 389103)
Failed to process relocation: 6570:0d06 (Invalid index: 389094)
Failed to process relocation: 6570:0cf0 (Invalid index: 389072)
Failed to process relocation: 6570:0cd8 (Invalid index: 389048)
Failed to process relocation: 6570:0c9b (Invalid index: 388987)
Failed to process relocation: 6570:0c6d (Invalid index: 388941)
Failed to process relocation: 6570:0c2c (Invalid index: 388876)
Failed to process relocation: 6570:0c1b (Invalid index: 388859)
Failed to process relocation: 6570:10fc (Invalid index: 390108)
Failed to process relocation: 6570:10f7 (Invalid index: 390103)
Failed to process relocation: 6570:10f2 (Invalid index: 390098)
Failed to process relocation: 6570:10ea (Invalid index: 390090)
Failed to process relocation: 6570:10be (Invalid index: 390046)
Failed to process relocation: 6570:1092 (Invalid index: 390002)
Failed to process relocation: 6570:1087 (Invalid index: 389991)
Failed to process relocation: 6570:1079 (Invalid index: 389977)
Failed to process relocation: 6570:106f (Invalid index: 389967)
Failed to process relocation: 6570:102b (Invalid index: 389899)
Failed to process relocation: 6570:1021 (Invalid index: 389889)
Failed to process relocation: 6570:1018 (Invalid index: 389880)
Failed to process relocation: 6570:0fb1 (Invalid index: 389777)
Failed to process relocation: 6570:0f94 (Invalid index: 389748)
Failed to process relocation: 6570:0f84 (Invalid index: 389732)
Failed to process relocation: 6570:0f74 (Invalid index: 389716)
Failed to process relocation: 6570:0f63 (Invalid index: 389699)
Failed to process relocation: 6570:0f56 (Invalid index: 389686)
Failed to process relocation: 6570:0f4c (Invalid index: 389676)
Failed to process relocation: 6570:0f47 (Invalid index: 389671)
Failed to process relocation: 6570:0f34 (Invalid index: 389652)
Failed to process relocation: 6570:0f23 (Invalid index: 389635)
Failed to process relocation: 6570:0f13 (Invalid index: 389619)
Failed to process relocation: 6570:0f02 (Invalid index: 389602)
Failed to process relocation: 6570:0ee9 (Invalid index: 389577)
Failed to process relocation: 6570:0ed9 (Invalid index: 389561)
Failed to process relocation: 6570:0ec8 (Invalid index: 389544)
Failed to process relocation: 6570:0eb8 (Invalid index: 389528)
Failed to process relocation: 6570:0ea7 (Invalid index: 389511)
Failed to process relocation: 6570:0e9a (Invalid index: 389498)
Failed to process relocation: 6570:0e90 (Invalid index: 389488)
Failed to process relocation: 6570:0e8b (Invalid index: 389483)
Failed to process relocation: 6570:0e78 (Invalid index: 389464)
Failed to process relocation: 6570:0e67 (Invalid index: 389447)
Failed to process relocation: 6570:0e57 (Invalid index: 389431)
Failed to process relocation: 6570:0e46 (Invalid index: 389414)
Failed to process relocation: 6570:0e2d (Invalid index: 389389)
Failed to process relocation: 6570:0e1d (Invalid index: 389373)
Failed to process relocation: 6570:0e0c (Invalid index: 389356)
Failed to process relocation: 6570:0dfc (Invalid index: 389340)
Failed to process relocation: 6570:0dec (Invalid index: 389324)
Failed to process relocation: 6570:0ddc (Invalid index: 389308)
Failed to process relocation: 6570:0dcc (Invalid index: 389292)
Failed to process relocation: 6570:0dbc (Invalid index: 389276)
Failed to process relocation: 6570:0dac (Invalid index: 389260)
Failed to process relocation: 6570:0d9d (Invalid index: 389245)
Failed to process relocation: 6570:0d8d (Invalid index: 389229)
Failed to process relocation: 6570:0d7d (Invalid index: 389213)
Failed to process relocation: 6570:0d70 (Invalid index: 389200)
Failed to process relocation: 6570:1302 (Invalid index: 390626)
Failed to process relocation: 6570:12fd (Invalid index: 390621)
Failed to process relocation: 6570:12f8 (Invalid index: 390616)
Failed to process relocation: 6570:12eb (Invalid index: 390603)
Failed to process relocation: 6570:12e6 (Invalid index: 390598)
Failed to process relocation: 6570:12dd (Invalid index: 390589)
Failed to process relocation: 6570:12d3 (Invalid index: 390579)
Failed to process relocation: 6570:12ce (Invalid index: 390574)
Failed to process relocation: 6570:12c5 (Invalid index: 390565)
Failed to process relocation: 6570:12ab (Invalid index: 390539)
Failed to process relocation: 6570:12a6 (Invalid index: 390534)
Failed to process relocation: 6570:12a1 (Invalid index: 390529)
Failed to process relocation: 6570:1299 (Invalid index: 390521)
Failed to process relocation: 6570:128e (Invalid index: 390510)
Failed to process relocation: 6570:1289 (Invalid index: 390505)
Failed to process relocation: 6570:1280 (Invalid index: 390496)
Failed to process relocation: 6570:1276 (Invalid index: 390486)
Failed to process relocation: 6570:1271 (Invalid index: 390481)
Failed to process relocation: 6570:1269 (Invalid index: 390473)
Failed to process relocation: 6570:1239 (Invalid index: 390425)
Failed to process relocation: 6570:121a (Invalid index: 390394)
Failed to process relocation: 6570:1214 (Invalid index: 390388)
Failed to process relocation: 6570:1208 (Invalid index: 390376)
Failed to process relocation: 6570:11ff (Invalid index: 390367)
Failed to process relocation: 6570:11f5 (Invalid index: 390357)
Failed to process relocation: 6570:11f0 (Invalid index: 390352)
Failed to process relocation: 6570:11dd (Invalid index: 390333)
Failed to process relocation: 6570:11cd (Invalid index: 390317)
Failed to process relocation: 6570:11bd (Invalid index: 390301)
Failed to process relocation: 6570:11ad (Invalid index: 390285)
Failed to process relocation: 6570:119d (Invalid index: 390269)
Failed to process relocation: 6570:1194 (Invalid index: 390260)
Failed to process relocation: 6570:1173 (Invalid index: 390227)
Failed to process relocation: 6570:116b (Invalid index: 390219)
Failed to process relocation: 6570:1162 (Invalid index: 390210)
Failed to process relocation: 6570:1158 (Invalid index: 390200)
Failed to process relocation: 6570:114a (Invalid index: 390186)
Failed to process relocation: 6570:1456 (Invalid index: 390966)
Failed to process relocation: 6570:144e (Invalid index: 390958)
Failed to process relocation: 6570:1445 (Invalid index: 390949)
Failed to process relocation: 6570:143d (Invalid index: 390941)
Failed to process relocation: 6570:1432 (Invalid index: 390930)
Failed to process relocation: 6570:142d (Invalid index: 390925)
Failed to process relocation: 6570:1428 (Invalid index: 390920)
Failed to process relocation: 6570:1420 (Invalid index: 390912)
Failed to process relocation: 6570:1415 (Invalid index: 390901)
Failed to process relocation: 6570:1410 (Invalid index: 390896)
Failed to process relocation: 6570:140b (Invalid index: 390891)
Failed to process relocation: 6570:1403 (Invalid index: 390883)
Failed to process relocation: 6570:13f8 (Invalid index: 390872)
Failed to process relocation: 6570:13f3 (Invalid index: 390867)
Failed to process relocation: 6570:13ea (Invalid index: 390858)
Failed to process relocation: 6570:13c0 (Invalid index: 390816)
Failed to process relocation: 6570:13a2 (Invalid index: 390786)
Failed to process relocation: 6570:1397 (Invalid index: 390775)
Failed to process relocation: 6570:1389 (Invalid index: 390761)
Failed to process relocation: 6570:137f (Invalid index: 390751)
Failed to process relocation: 6570:1374 (Invalid index: 390740)
Failed to process relocation: 6570:1360 (Invalid index: 390720)
Failed to process relocation: 6570:134c (Invalid index: 390700)
Failed to process relocation: 6570:1342 (Invalid index: 390690)
Failed to process relocation: 6570:1339 (Invalid index: 390681)
Failed to process relocation: 6570:1320 (Invalid index: 390656)
Failed to process relocation: 6570:1829 (Invalid index: 391945)
Failed to process relocation: 6570:181d (Invalid index: 391933)
Failed to process relocation: 6570:1813 (Invalid index: 391923)
Failed to process relocation: 6570:1809 (Invalid index: 391913)
Failed to process relocation: 6570:1800 (Invalid index: 391904)
Failed to process relocation: 6570:17f4 (Invalid index: 391892)
Failed to process relocation: 6570:17dc (Invalid index: 391868)
Failed to process relocation: 6570:17b8 (Invalid index: 391832)
Failed to process relocation: 6570:1790 (Invalid index: 391792)
Failed to process relocation: 6570:176a (Invalid index: 391754)
Failed to process relocation: 6570:1759 (Invalid index: 391737)
Failed to process relocation: 6570:173b (Invalid index: 391707)
Failed to process relocation: 6570:1723 (Invalid index: 391683)
Failed to process relocation: 6570:1713 (Invalid index: 391667)
Failed to process relocation: 6570:1702 (Invalid index: 391650)
Failed to process relocation: 6570:16f2 (Invalid index: 391634)
Failed to process relocation: 6570:16e1 (Invalid index: 391617)
Failed to process relocation: 6570:16d1 (Invalid index: 391601)
Failed to process relocation: 6570:16c0 (Invalid index: 391584)
Failed to process relocation: 6570:16af (Invalid index: 391567)
Failed to process relocation: 6570:169f (Invalid index: 391551)
Failed to process relocation: 6570:168e (Invalid index: 391534)
Failed to process relocation: 6570:167e (Invalid index: 391518)
Failed to process relocation: 6570:1669 (Invalid index: 391497)
Failed to process relocation: 6570:1659 (Invalid index: 391481)
Failed to process relocation: 6570:1648 (Invalid index: 391464)
Failed to process relocation: 6570:162c (Invalid index: 391436)
Failed to process relocation: 6570:1610 (Invalid index: 391408)
Failed to process relocation: 6570:15f4 (Invalid index: 391380)
Failed to process relocation: 6570:15d8 (Invalid index: 391352)
Failed to process relocation: 6570:15bc (Invalid index: 391324)
Failed to process relocation: 6570:1596 (Invalid index: 391286)
Failed to process relocation: 6570:1573 (Invalid index: 391251)
Failed to process relocation: 6570:156d (Invalid index: 391245)
Failed to process relocation: 6570:1537 (Invalid index: 391191)
Failed to process relocation: 6570:14d7 (Invalid index: 391095)
Failed to process relocation: 6570:14d2 (Invalid index: 391090)
Failed to process relocation: 6570:14cd (Invalid index: 391085)
Failed to process relocation: 6570:14c5 (Invalid index: 391077)
Failed to process relocation: 6570:14ad (Invalid index: 391053)
Failed to process relocation: 6570:1498 (Invalid index: 391032)
Failed to process relocation: 6570:1493 (Invalid index: 391027)
Failed to process relocation: 6570:148d (Invalid index: 391021)
Failed to process relocation: 6570:1483 (Invalid index: 391011)
Failed to process relocation: 6570:1aa5 (Invalid index: 392581)
Failed to process relocation: 6570:1a75 (Invalid index: 392533)
Failed to process relocation: 6570:1a6b (Invalid index: 392523)
Failed to process relocation: 6570:1a61 (Invalid index: 392513)
Failed to process relocation: 6570:1a55 (Invalid index: 392501)
Failed to process relocation: 6570:1a3e (Invalid index: 392478)
Failed to process relocation: 6570:1a34 (Invalid index: 392468)
Failed to process relocation: 6570:1a2a (Invalid index: 392458)
Failed to process relocation: 6570:1a20 (Invalid index: 392448)
Failed to process relocation: 6570:1a16 (Invalid index: 392438)
 (ProgramLoader)  
INFO  IMPORTING: Loaded 0 additional files (HeadlessAnalyzer)  
INFO  REPORT: Execute script: MarkOverlayThunks 'pre' '3ab8'  (HeadlessAnalyzer)  
INFO  SCRIPT: C:\prog\jwcad\ghidra_scripts\MarkOverlayThunks.java (HeadlessAnalyzer)  
INFO  MarkOverlayThunks.java> cd 3f sites: 110 (GhidraScript)  
INFO  MarkOverlayThunks.java> overlay trap operands marked as data: 110 of 110 (GhidraScript)  
INFO  ANALYZING all memory and code: file:///C:/prog/jwcad/ovl/jw15.exe (HeadlessAnalyzer)  
ERROR Failed to create function at 1885:07c4 since its body contains referring thunk at 1885:0344 (CreateFunctionCmd)  
ERROR Failed to create function at 28b3:0f86 since its body contains referring thunk at 28b3:0ee9 (CreateFunctionCmd)  
WARN  Decompiling 32b2:0d40, pcode error at 3000:5054: Unable to resolve constructor at 3000:5054 (DecompileCallback)  
WARN  Decompiling 32b2:1528: Unable to read bytes at ram:0000:7be2 (DecompileCallback)  
WARN  Decompiling 12c1:097e, pcode error at 1000:5097: Unable to resolve constructor at 1000:5097 (DecompileCallback)  
WARN  Decompiling 1000:0a81, pcode error at 1000:0a6f: Unable to resolve constructor at 1000:0a6f (DecompileCallback)  
WARN  Decompiling 1000:0a81, pcode error at 1000:0a4b: Unable to resolve constructor at 1000:0a4b (DecompileCallback)  
WARN  Decompiling 1000:0a81, pcode error at 1000:0818: Unable to resolve constructor at 1000:0818 (DecompileCallback)  
WARN  Decompiling 21f2:246e, pcode error at 2000:3158: Unable to resolve constructor at 2000:3158 (DecompileCallback)  
WARN  Decompiling 21f2:246e, pcode error at 2000:7191: Unable to resolve constructor at 2000:7191 (DecompileCallback)  
INFO  Packed database cache: C:\Users\yomei\AppData\Local\ghidra\packed-db-cache (PackedDatabaseCache)  
INFO  Applied data type archive: generic_clib (ApplyDataArchiveAnalyzer)  
INFO  -----------------------------------------------------
    ASCII Strings                              0.348 secs
    Apply Data Archives                        0.785 secs
    Call Convention ID                         0.003 secs
    Call-Fixup Installer                       0.015 secs
    Create Function                            0.556 secs
    Data Reference                             0.028 secs
    Decompiler Switch Analysis                17.285 secs
    Demangler GNU                              0.052 secs
    Disassemble                                2.293 secs
    Disassemble Entry Points                   0.172 secs
    Embedded Media                             0.014 secs
    External Entry References                  0.000 secs
    Function ID                                0.122 secs
    Function Start Search                      0.020 secs
    Non-Returning Functions - Discovered       0.643 secs
    Reference                                  0.049 secs
    Segmented X86 Calling Conventions          0.003 secs
    Shared Return Calls                        0.197 secs
    Stack                                      2.393 secs
    Subroutine References                      0.128 secs
    Subroutine References - One Time           0.000 secs
    X86 Function Callee Purge                  0.122 secs
    x86 Constant Reference Analyzer            1.924 secs
-----------------------------------------------------
     Total Time   27 secs
-----------------------------------------------------
 (AutoAnalysisManager)  
INFO  REPORT: Analysis succeeded for file: file:///C:/prog/jwcad/ovl/jw15.exe (HeadlessAnalyzer)  
INFO  REPORT: Execute script: MarkOverlayThunks 'post' '3ab8' 'C:\prog\jwcad\entries\15.txt' '15'  (HeadlessAnalyzer)  
INFO  SCRIPT: C:\prog\jwcad\ghidra_scripts\MarkOverlayThunks.java (HeadlessAnalyzer)  
INFO  MarkOverlayThunks.java> cd 3f sites: 110 (GhidraScript)  
INFO  MarkOverlayThunks.java> overlay traps given a fall-through: 109, references added: 13 (GhidraScript)  
INFO  MarkOverlayThunks.java> overlay entry points seeded: 15 (GhidraScript)  
INFO  MarkOverlayThunks.java> overlay hole cleared: 0 stray functions (GhidraScript)  
INFO  REPORT: Execute script: DecompileAll 'C:\prog\jwcad\out\ovl15' '3ab8' '4375'  (HeadlessAnalyzer)  
INFO  SCRIPT: C:\prog\jwcad\ghidra_scripts\DecompileAll.java (HeadlessAnalyzer)  
INFO  DecompileAll.java> decompiled 44 functions, 0 failed (GhidraScript)  
INFO  ANALYZING changes made by post scripts: file:///C:/prog/jwcad/ovl/jw15.exe (HeadlessAnalyzer)  
INFO  REPORT: Post-analysis succeeded for file: file:///C:/prog/jwcad/ovl/jw15.exe (HeadlessAnalyzer)  
INFO  /jw15.exe: file created (yomei) (LocalFileSystem)  
INFO  REPORT: Save succeeded for: /jw15.exe (ovl15:/jw15.exe) (HeadlessAnalyzer)  
INFO  REPORT: Import succeeded (HeadlessAnalyzer)  
