INFO  Using log config file: jar:file:/C:/prog/ghidra/ghidra_12.1.3_PUBLIC/Ghidra/Framework/Generic/lib/Generic.jar!/generic.log4j.xml (LoggingInitialization)  
INFO  Using log file: C:\Users\yomei\AppData\Roaming\ghidra\ghidra_12.1.3_PUBLIC\application.log (LoggingInitialization)  
INFO  Loading user preferences: C:\Users\yomei\AppData\Roaming\ghidra\ghidra_12.1.3_PUBLIC\preferences (Preferences)  
INFO  Searching for classes... (ClassSearcher)  
INFO  Class search complete (1009 ms) (ClassSearcher)  
INFO  Initializing SSL Context (DefaultSSLContextInitializer)  
INFO  Initializing Random Number Generator... (SecureRandomFactory)  
INFO  Random Number Generator initialization complete: SHA1PRNG (SecureRandomFactory)  
INFO  Trust manager disabled, cacerts have not been set (DefaultTrustManagerFactory)  
INFO  Headless startup complete (10717 ms) (AnalyzeHeadless)  
INFO  Class searcher loaded 59 extension points (20 false positives) (ClassSearcher)  
INFO  HEADLESS Script Paths:
    C:\prog\ghidra\ghidra_12.1.3_PUBLIC\Ghidra\Debug\Debugger-rmi-trace\ghidra_scripts
    C:\prog\ghidra\ghidra_12.1.3_PUBLIC\Ghidra\Features\FileFormats\ghidra_scripts
    C:\prog\ghidra\ghidra_12.1.3_PUBLIC\Ghidra\Features\GnuDemangler\ghidra_scripts
    C:\prog\ghidra\ghidra_12.1.3_PUBLIC\Ghidra\Features\VersionTracking\ghidra_scripts
    C:\prog\ghidra\ghidra_12.1.3_PUBLIC\Ghidra\Debug\Debugger\ghidra_scripts
    C:\prog\ghidra\ghidra_12.1.3_PUBLIC\Ghidra\Processors\8051\ghidra_scripts
    C:\prog\ghidra\ghidra_12.1.3_PUBLIC\Ghidra\Features\BSim\ghidra_scripts
    C:\prog\ghidra\ghidra_12.1.3_PUBLIC\Ghidra\Features\WildcardAssembler\ghidra_scripts
    C:\prog\ghidra\ghidra_12.1.3_PUBLIC\Ghidra\Features\FunctionID\ghidra_scripts
    C:\prog\ghidra\ghidra_12.1.3_PUBLIC\Ghidra\Features\SystemEmulation\ghidra_scripts
    C:\prog\ghidra\ghidra_12.1.3_PUBLIC\Ghidra\Processors\PIC\ghidra_scripts
    C:\prog\ghidra\ghidra_12.1.3_PUBLIC\Ghidra\Features\PDB\ghidra_scripts
    C:\prog\ghidra\ghidra_12.1.3_PUBLIC\Ghidra\Features\DecompilerDependent\ghidra_scripts
    C:\prog\ghidra\ghidra_12.1.3_PUBLIC\Ghidra\Features\SwiftDemangler\ghidra_scripts
    C:\prog\ghidra\ghidra_12.1.3_PUBLIC\Ghidra\Features\MicrosoftCodeAnalyzer\ghidra_scripts
    C:\prog\ghidra\ghidra_12.1.3_PUBLIC\Ghidra\Processors\DATA\ghidra_scripts
    C:\prog\ghidra\ghidra_12.1.3_PUBLIC\Ghidra\Features\Decompiler\ghidra_scripts
    C:\prog\ghidra\ghidra_12.1.3_PUBLIC\Ghidra\Features\BytePatterns\ghidra_scripts
    C:\prog\ghidra\ghidra_12.1.3_PUBLIC\Ghidra\Features\PyGhidra\ghidra_scripts
    C:\prog\ghidra\ghidra_12.1.3_PUBLIC\Ghidra\Processors\Atmel\ghidra_scripts
    C:\prog\ghidra\ghidra_12.1.3_PUBLIC\Ghidra\Features\Base\ghidra_scripts
    C:\prog\jwcad\ghidra_scripts
    C:\prog\ghidra\ghidra_12.1.3_PUBLIC\Ghidra\Processors\JVM\ghidra_scripts (HeadlessAnalyzer)  
INFO  HEADLESS: execution starts (HeadlessAnalyzer)  
INFO  Creating temporary project: C:\prog\jwcad\proj\ovl03 (HeadlessAnalyzer)  
INFO  Creating project: C:\prog\jwcad\proj\ovl03 (DefaultProject)  
INFO  REPORT: Processing input files:  (HeadlessAnalyzer)  
INFO       project: C:\prog\jwcad\proj\ovl03 (HeadlessAnalyzer)  
INFO  IMPORTING: file:///C:/prog/jwcad/ovl/jw03.exe (HeadlessAnalyzer)  
INFO  Using Loader: Old-style DOS Executable (MZ) (ProgramLoader)  
INFO  Using Language/Compiler: x86:LE:16:Real Mode:default (ProgramLoader)  
INFO  Using Library Search Path: [., C:\Windows\SysWOW64, C:\prog\ghidra\jdk21\bin, C:\Windows\Sun\Java\bin, C:\Windows\system32, C:\Windows, C:\Program Files\Python312\Scripts\, C:\Program Files\Python312\, C:\Windows\System32\Wbem, C:\Windows\System32\WindowsPowerShell\v1.0\, C:\Windows\System32\OpenSSH\, C:\Program Files\Amazon\AWSCLIV2\, C:\ProgramData\chocolatey\bin, C:\ffmpeg, C:\Users\yomei\AppData\Local\Microsoft\WindowsApps] (ProgramLoader)  
INFO  Additional info:
There were too many messages to display.
1167 messages have been truncated.

Loading file:///C:/prog/jwcad/ovl/jw03.exe?MD5=942094e623ab0614e33a7d6d478c972e...
Failed to process relocation: 6570:0117 (Invalid index: 384999)
Failed to process relocation: 6570:00f2 (Invalid index: 384962)
Failed to process relocation: 6570:00e4 (Invalid index: 384948)
Failed to process relocation: 6570:0099 (Invalid index: 384873)
Failed to process relocation: 6570:0077 (Invalid index: 384839)
Failed to process relocation: 6570:005b (Invalid index: 384811)
Failed to process relocation: 6570:003c (Invalid index: 384780)
Failed to process relocation: 6570:002d (Invalid index: 384765)
Failed to process relocation: 6570:0008 (Invalid index: 384728)
Failed to process relocation: 6570:02e8 (Invalid index: 385464)
Failed to process relocation: 6570:02b4 (Invalid index: 385412)
Failed to process relocation: 6570:028e (Invalid index: 385374)
Failed to process relocation: 6570:027a (Invalid index: 385354)
Failed to process relocation: 6570:026b (Invalid index: 385339)
Failed to process relocation: 6570:0253 (Invalid index: 385315)
Failed to process relocation: 6570:0234 (Invalid index: 385284)
Failed to process relocation: 6570:0217 (Invalid index: 385255)
Failed to process relocation: 6570:0207 (Invalid index: 385239)
Failed to process relocation: 6570:01ed (Invalid index: 385213)
Failed to process relocation: 6570:01d8 (Invalid index: 385192)
Failed to process relocation: 6570:01d3 (Invalid index: 385187)
Failed to process relocation: 6570:01b8 (Invalid index: 385160)
Failed to process relocation: 6570:019d (Invalid index: 385133)
Failed to process relocation: 6570:018d (Invalid index: 385117)
Failed to process relocation: 6570:017a (Invalid index: 385098)
Failed to process relocation: 6570:0175 (Invalid index: 385093)
Failed to process relocation: 6570:0170 (Invalid index: 385088)
Failed to process relocation: 6570:0168 (Invalid index: 385080)
Failed to process relocation: 6570:0149 (Invalid index: 385049)
Failed to process relocation: 6570:0135 (Invalid index: 385029)
Failed to process relocation: 6570:0126 (Invalid index: 385014)
Failed to process relocation: 6570:069b (Invalid index: 386411)
Failed to process relocation: 6570:0695 (Invalid index: 386405)
Failed to process relocation: 6570:068a (Invalid index: 386394)
Failed to process relocation: 6570:0665 (Invalid index: 386357)
Failed to process relocation: 6570:065b (Invalid index: 386347)
Failed to process relocation: 6570:0656 (Invalid index: 386342)
Failed to process relocation: 6570:064d (Invalid index: 386333)
Failed to process relocation: 6570:0631 (Invalid index: 386305)
Failed to process relocation: 6570:0627 (Invalid index: 386295)
Failed to process relocation: 6570:0622 (Invalid index: 386290)
Failed to process relocation: 6570:0619 (Invalid index: 386281)
Failed to process relocation: 6570:059b (Invalid index: 386155)
Failed to process relocation: 6570:0595 (Invalid index: 386149)
Failed to process relocation: 6570:058a (Invalid index: 386138)
Failed to process relocation: 6570:057c (Invalid index: 386124)
Failed to process relocation: 6570:056a (Invalid index: 386106)
Failed to process relocation: 6570:0554 (Invalid index: 386084)
Failed to process relocation: 6570:0546 (Invalid index: 386070)
Failed to process relocation: 6570:0534 (Invalid index: 386052)
Failed to process relocation: 6570:0527 (Invalid index: 386039)
Failed to process relocation: 6570:0506 (Invalid index: 386006)
Failed to process relocation: 6570:04bc (Invalid index: 385932)
Failed to process relocation: 6570:04a8 (Invalid index: 385912)
Failed to process relocation: 6570:046c (Invalid index: 385852)
Failed to process relocation: 6570:0452 (Invalid index: 385826)
Failed to process relocation: 6570:0443 (Invalid index: 385811)
Failed to process relocation: 6570:0433 (Invalid index: 385795)
Failed to process relocation: 6570:0406 (Invalid index: 385750)
Failed to process relocation: 6570:03cd (Invalid index: 385693)
Failed to process relocation: 6570:03b2 (Invalid index: 385666)
Failed to process relocation: 6570:0394 (Invalid index: 385636)
Failed to process relocation: 6570:0374 (Invalid index: 385604)
Failed to process relocation: 6570:0363 (Invalid index: 385587)
Failed to process relocation: 6570:035c (Invalid index: 385580)
Failed to process relocation: 6570:034f (Invalid index: 385567)
Failed to process relocation: 6570:0348 (Invalid index: 385560)
Failed to process relocation: 6570:031c (Invalid index: 385516)
Failed to process relocation: 6570:02fb (Invalid index: 385483)
Failed to process relocation: 6570:0a55 (Invalid index: 387365)
Failed to process relocation: 6570:0a50 (Invalid index: 387360)
Failed to process relocation: 6570:0a3c (Invalid index: 387340)
Failed to process relocation: 6570:0a32 (Invalid index: 387330)
Failed to process relocation: 6570:0a29 (Invalid index: 387321)
Failed to process relocation: 6570:0a24 (Invalid index: 387316)
Failed to process relocation: 6570:099d (Invalid index: 387181)
Failed to process relocation: 6570:0977 (Invalid index: 387143)
Failed to process relocation: 6570:0969 (Invalid index: 387129)
Failed to process relocation: 6570:094e (Invalid index: 387102)
Failed to process relocation: 6570:08ea (Invalid index: 387002)
Failed to process relocation: 6570:08e1 (Invalid index: 386993)
Failed to process relocation: 6570:08dc (Invalid index: 386988)
Failed to process relocation: 6570:08d3 (Invalid index: 386979)
Failed to process relocation: 6570:08af (Invalid index: 386943)
Failed to process relocation: 6570:08a9 (Invalid index: 386937)
Failed to process relocation: 6570:089e (Invalid index: 386926)
Failed to process relocation: 6570:0760 (Invalid index: 386608)
Failed to process relocation: 6570:070f (Invalid index: 386527)
Failed to process relocation: 6570:0709 (Invalid index: 386521)
Failed to process relocation: 6570:06fe (Invalid index: 386510)
Failed to process relocation: 6570:06d4 (Invalid index: 386468)
Failed to process relocation: 6570:06ce (Invalid index: 386462)
Failed to process relocation: 6570:06c3 (Invalid index: 386451)
Failed to process relocation: 6570:0e04 (Invalid index: 388308)
Failed to process relocation: 6570:0de2 (Invalid index: 388274)
Failed to process relocation: 6570:0dd8 (Invalid index: 388264)
Failed to process relocation: 6570:0dcf (Invalid index: 388255)
Failed to process relocation: 6570:0dbc (Invalid index: 388236)
Failed to process relocation: 6570:0d9a (Invalid index: 388202)
Failed to process relocation: 6570:0d90 (Invalid index: 388192)
Failed to process relocation: 6570:0d87 (Invalid index: 388183)
Failed to process relocation: 6570:0d82 (Invalid index: 388178)
Failed to process relocation: 6570:0d6e (Invalid index: 388158)
Failed to process relocation: 6570:0d64 (Invalid index: 388148)
Failed to process relocation: 6570:0d5b (Invalid index: 388139)
Failed to process relocation: 6570:0d56 (Invalid index: 388134)
Failed to process relocation: 6570:0d42 (Invalid index: 388114)
Failed to process relocation: 6570:0d38 (Invalid index: 388104)
Failed to process relocation: 6570:0d2f (Invalid index: 388095)
Failed to process relocation: 6570:0d2a (Invalid index: 388090)
Failed to process relocation: 6570:0cb5 (Invalid index: 387973)
Failed to process relocation: 6570:0cab (Invalid index: 387963)
Failed to process relocation: 6570:0ca2 (Invalid index: 387954)
Failed to process relocation: 6570:0c9d (Invalid index: 387949)
Failed to process relocation: 6570:0c89 (Invalid index: 387929)
Failed to process relocation: 6570:0c7f (Invalid index: 387919)
Failed to process relocation: 6570:0c76 (Invalid index: 387910)
Failed to process relocation: 6570:0c71 (Invalid index: 387905)
Failed to process relocation: 6570:0c5d (Invalid index: 387885)
Failed to process relocation: 6570:0c53 (Invalid index: 387875)
Failed to process relocation: 6570:0c4a (Invalid index: 387866)
Failed to process relocation: 6570:0c45 (Invalid index: 387861)
Failed to process relocation: 6570:0c31 (Invalid index: 387841)
Failed to process relocation: 6570:0c27 (Invalid index: 387831)
Failed to process relocation: 6570:0c1e (Invalid index: 387822)
Failed to process relocation: 6570:0c19 (Invalid index: 387817)
Failed to process relocation: 6570:0b92 (Invalid index: 387682)
Failed to process relocation: 6570:0b82 (Invalid index: 387666)
Failed to process relocation: 6570:0b67 (Invalid index: 387639)
Failed to process relocation: 6570:0b18 (Invalid index: 387560)
Failed to process relocation: 6570:0b0e (Invalid index: 387550)
Failed to process relocation: 6570:0b05 (Invalid index: 387541)
Failed to process relocation: 6570:0b00 (Invalid index: 387536)
Failed to process relocation: 6570:0aec (Invalid index: 387516)
Failed to process relocation: 6570:0ae2 (Invalid index: 387506)
Failed to process relocation: 6570:0ad9 (Invalid index: 387497)
Failed to process relocation: 6570:0ad4 (Invalid index: 387492)
Failed to process relocation: 6570:0ac0 (Invalid index: 387472)
Failed to process relocation: 6570:0ab6 (Invalid index: 387462)
Failed to process relocation: 6570:0aad (Invalid index: 387453)
Failed to process relocation: 6570:0aa8 (Invalid index: 387448)
Failed to process relocation: 6570:0a94 (Invalid index: 387428)
Failed to process relocation: 6570:0a8a (Invalid index: 387418)
Failed to process relocation: 6570:0a81 (Invalid index: 387409)
Failed to process relocation: 6570:0a7c (Invalid index: 387404)
Failed to process relocation: 6570:0a68 (Invalid index: 387384)
Failed to process relocation: 6570:0a5e (Invalid index: 387374)
Failed to process relocation: 6570:11b1 (Invalid index: 389249)
Failed to process relocation: 6570:11ac (Invalid index: 389244)
Failed to process relocation: 6570:11a3 (Invalid index: 389235)
Failed to process relocation: 6570:119a (Invalid index: 389226)
Failed to process relocation: 6570:1191 (Invalid index: 389217)
Failed to process relocation: 6570:1188 (Invalid index: 389208)
Failed to process relocation: 6570:117f (Invalid index: 389199)
Failed to process relocation: 6570:1176 (Invalid index: 389190)
Failed to process relocation: 6570:116d (Invalid index: 389181)
Failed to process relocation: 6570:1168 (Invalid index: 389176)
Failed to process relocation: 6570:115f (Invalid index: 389167)
Failed to process relocation: 6570:1156 (Invalid index: 389158)
Failed to process relocation: 6570:114d (Invalid index: 389149)
Failed to process relocation: 6570:1143 (Invalid index: 389139)
Failed to process relocation: 6570:113e (Invalid index: 389134)
Failed to process relocation: 6570:1134 (Invalid index: 389124)
Failed to process relocation: 6570:112b (Invalid index: 389115)
Failed to process relocation: 6570:1122 (Invalid index: 389106)
Failed to process relocation: 6570:1119 (Invalid index: 389097)
Failed to process relocation: 6570:1110 (Invalid index: 389088)
Failed to process relocation: 6570:1107 (Invalid index: 389079)
Failed to process relocation: 6570:10fd (Invalid index: 389069)
Failed to process relocation: 6570:10f8 (Invalid index: 389064)
Failed to process relocation: 6570:10ee (Invalid index: 389054)
Failed to process relocation: 6570:10e5 (Invalid index: 389045)
Failed to process relocation: 6570:10dc (Invalid index: 389036)
Failed to process relocation: 6570:1083 (Invalid index: 388947)
Failed to process relocation: 6570:107a (Invalid index: 388938)
Failed to process relocation: 6570:1071 (Invalid index: 388929)
Failed to process relocation: 6570:106c (Invalid index: 388924)
Failed to process relocation: 6570:1063 (Invalid index: 388915)
Failed to process relocation: 6570:105a (Invalid index: 388906)
Failed to process relocation: 6570:1051 (Invalid index: 388897)
Failed to process relocation: 6570:1048 (Invalid index: 388888)
Failed to process relocation: 6570:103f (Invalid index: 388879)
Failed to process relocation: 6570:1036 (Invalid index: 388870)
Failed to process relocation: 6570:1031 (Invalid index: 388865)
Failed to process relocation: 6570:1028 (Invalid index: 388856)
Failed to process relocation: 6570:101f (Invalid index: 388847)
Failed to process relocation: 6570:1016 (Invalid index: 388838)
Failed to process relocation: 6570:100c (Invalid index: 388828)
Failed to process relocation: 6570:1007 (Invalid index: 388823)
Failed to process relocation: 6570:0ffd (Invalid index: 388813)
Failed to process relocation: 6570:0ff4 (Invalid index: 388804)
Failed to process relocation: 6570:0feb (Invalid index: 388795)
Failed to process relocation: 6570:0fe2 (Invalid index: 388786)
Failed to process relocation: 6570:0fd9 (Invalid index: 388777)
Failed to process relocation: 6570:0fd0 (Invalid index: 388768)
Failed to process relocation: 6570:0fc6 (Invalid index: 388758)
Failed to process relocation: 6570:0fc1 (Invalid index: 388753)
Failed to process relocation: 6570:0fb7 (Invalid index: 388743)
Failed to process relocation: 6570:0fae (Invalid index: 388734)
Failed to process relocation: 6570:0fa5 (Invalid index: 388725)
Failed to process relocation: 6570:0f5f (Invalid index: 388655)
Failed to process relocation: 6570:0f56 (Invalid index: 388646)
Failed to process relocation: 6570:0f4d (Invalid index: 388637)
Failed to process relocation: 6570:0f48 (Invalid index: 388632)
Failed to process relocation: 6570:0f3f (Invalid index: 388623)
Failed to process relocation: 6570:0f36 (Invalid index: 388614)
Failed to process relocation: 6570:0f2d (Invalid index: 388605)
Failed to process relocation: 6570:0f28 (Invalid index: 388600)
Failed to process relocation: 6570:0f13 (Invalid index: 388579)
Failed to process relocation: 6570:0f0a (Invalid index: 388570)
Failed to process relocation: 6570:0f01 (Invalid index: 388561)
Failed to process relocation: 6570:0efc (Invalid index: 388556)
Failed to process relocation: 6570:0edd (Invalid index: 388525)
Failed to process relocation: 6570:0ed4 (Invalid index: 388516)
Failed to process relocation: 6570:0ecc (Invalid index: 388508)
Failed to process relocation: 6570:0ec3 (Invalid index: 388499)
Failed to process relocation: 6570:0eba (Invalid index: 388490)
Failed to process relocation: 6570:0eb5 (Invalid index: 388485)
Failed to process relocation: 6570:0e9d (Invalid index: 388461)
Failed to process relocation: 6570:0e98 (Invalid index: 388456)
Failed to process relocation: 6570:0e8e (Invalid index: 388446)
Failed to process relocation: 6570:0e76 (Invalid index: 388422)
Failed to process relocation: 6570:0e71 (Invalid index: 388417)
Failed to process relocation: 6570:0e67 (Invalid index: 388407)
Failed to process relocation: 6570:0e5e (Invalid index: 388398)
Failed to process relocation: 6570:0e55 (Invalid index: 388389)
Failed to process relocation: 6570:0e2a (Invalid index: 388346)
Failed to process relocation: 6570:0e20 (Invalid index: 388336)
Failed to process relocation: 6570:0e17 (Invalid index: 388327)
Failed to process relocation: 6570:1562 (Invalid index: 390194)
Failed to process relocation: 6570:1558 (Invalid index: 390184)
Failed to process relocation: 6570:154f (Invalid index: 390175)
Failed to process relocation: 6570:1546 (Invalid index: 390166)
Failed to process relocation: 6570:151e (Invalid index: 390126)
Failed to process relocation: 6570:1514 (Invalid index: 390116)
Failed to process relocation: 6570:150b (Invalid index: 390107)
Failed to process relocation: 6570:14f7 (Invalid index: 390087)
Failed to process relocation: 6570:14ed (Invalid index: 390077)
Failed to process relocation: 6570:14e4 (Invalid index: 390068)
Failed to process relocation: 6570:1499 (Invalid index: 389993)
Failed to process relocation: 6570:148d (Invalid index: 389981)
Failed to process relocation: 6570:147a (Invalid index: 389962)
Failed to process relocation: 6570:1456 (Invalid index: 389926)
Failed to process relocation: 6570:144c (Invalid index: 389916)
Failed to process relocation: 6570:1443 (Invalid index: 389907)
Failed to process relocation: 6570:143e (Invalid index: 389902)
Failed to process relocation: 6570:142a (Invalid index: 389882)
Failed to process relocation: 6570:1420 (Invalid index: 389872)
Failed to process relocation: 6570:1417 (Invalid index: 389863)
Failed to process relocation: 6570:1412 (Invalid index: 389858)
Failed to process relocation: 6570:13fe (Invalid index: 389838)
Failed to process relocation: 6570:13f4 (Invalid index: 389828)
Failed to process relocation: 6570:13eb (Invalid index: 389819)
Failed to process relocation: 6570:13e6 (Invalid index: 389814)
Failed to process relocation: 6570:1333 (Invalid index: 389635)
Failed to process relocation: 6570:1323 (Invalid index: 389619)
Failed to process relocation: 6570:1308 (Invalid index: 389592)
Failed to process relocation: 6570:12b1 (Invalid index: 389505)
Failed to process relocation: 6570:12a8 (Invalid index: 389496)
Failed to process relocation: 6570:129f (Invalid index: 389487)
Failed to process relocation: 6570:1296 (Invalid index: 389478)
Failed to process relocation: 6570:1282 (Invalid index: 389458)
Failed to process relocation: 6570:1278 (Invalid index: 389448)
Failed to process relocation: 6570:1264 (Invalid index: 389428)
Failed to process relocation: 6570:125a (Invalid index: 389418)
Failed to process relocation: 6570:11cc (Invalid index: 389276)
Failed to process relocation: 6570:11c3 (Invalid index: 389267)
Failed to process relocation: 6570:11ba (Invalid index: 389258)
Failed to process relocation: 6570:17f4 (Invalid index: 390852)
Failed to process relocation: 6570:17db (Invalid index: 390827)
Failed to process relocation: 6570:17d4 (Invalid index: 390820)
Failed to process relocation: 6570:17c1 (Invalid index: 390801)
Failed to process relocation: 6570:176b (Invalid index: 390715)
Failed to process relocation: 6570:175f (Invalid index: 390703)
Failed to process relocation: 6570:174c (Invalid index: 390684)
Failed to process relocation: 6570:1727 (Invalid index: 390647)
Failed to process relocation: 6570:171d (Invalid index: 390637)
Failed to process relocation: 6570:1714 (Invalid index: 390628)
Failed to process relocation: 6570:170f (Invalid index: 390623)
Failed to process relocation: 6570:16f4 (Invalid index: 390596)
Failed to process relocation: 6570:16ea (Invalid index: 390586)
Failed to process relocation: 6570:16e1 (Invalid index: 390577)
Failed to process relocation: 6570:16dc (Invalid index: 390572)
Failed to process relocation: 6570:16c8 (Invalid index: 390552)
Failed to process relocation: 6570:16be (Invalid index: 390542)
Failed to process relocation: 6570:16b5 (Invalid index: 390533)
Failed to process relocation: 6570:16b0 (Invalid index: 390528)
Failed to process relocation: 6570:1645 (Invalid index: 390421)
Failed to process relocation: 6570:1629 (Invalid index: 390393)
Failed to process relocation: 6570:161f (Invalid index: 390383)
Failed to process relocation: 6570:1616 (Invalid index: 390374)
Failed to process relocation: 6570:15f6 (Invalid index: 390342)
Failed to process relocation: 6570:15f1 (Invalid index: 390337)
Failed to process relocation: 6570:15e7 (Invalid index: 390327)
Failed to process relocation: 6570:15de (Invalid index: 390318)
Failed to process relocation: 6570:15d4 (Invalid index: 390308)
Failed to process relocation: 6570:15cb (Invalid index: 390299)
Failed to process relocation: 6570:15c1 (Invalid index: 390289)
Failed to process relocation: 6570:15bc (Invalid index: 390284)
Failed to process relocation: 6570:15b3 (Invalid index: 390275)
Failed to process relocation: 6570:15a9 (Invalid index: 390265)
Failed to process relocation: 6570:15a4 (Invalid index: 390260)
Failed to process relocation: 6570:1590 (Invalid index: 390240)
Failed to process relocation: 6570:1586 (Invalid index: 390230)
Failed to process relocation: 6570:1581 (Invalid index: 390225)
Failed to process relocation: 6570:157a (Invalid index: 390218)
Failed to process relocation: 6570:1bb1 (Invalid index: 391809)
Failed to process relocation: 6570:1bac (Invalid index: 391804)
Failed to process relocation: 6570:1ba1 (Invalid index: 391793)
Failed to process relocation: 6570:1b9c (Invalid index: 391788)
Failed to process relocation: 6570:1b93 (Invalid index: 391779)
Failed to process relocation: 6570:1b85 (Invalid index: 391765)
Failed to process relocation: 6570:1b78 (Invalid index: 391752)
Failed to process relocation: 6570:1b73 (Invalid index: 391747)
Failed to process relocation: 6570:1b6e (Invalid index: 391742)
Failed to process relocation: 6570:1b66 (Invalid index: 391734)
Failed to process relocation: 6570:1b5b (Invalid index: 391723)
Failed to process relocation: 6570:1b53 (Invalid index: 391715)
Failed to process relocation: 6570:1b49 (Invalid index: 391705)
Failed to process relocation: 6570:1b44 (Invalid index: 391700)
Failed to process relocation: 6570:1b3f (Invalid index: 391695)
Failed to process relocation: 6570:1b37 (Invalid index: 391687)
Failed to process relocation: 6570:1ab9 (Invalid index: 391561)
Failed to process relocation: 6570:1aa5 (Invalid index: 391541)
Failed to process relocation: 6570:1a98 (Invalid index: 391528)
Failed to process relocation: 6570:1a93 (Invalid index: 391523)
Failed to process relocation: 6570:1a8e (Invalid index: 391518)
Failed to process relocation: 6570:1a86 (Invalid index: 391510)
Failed to process relocation: 6570:1a7b (Invalid index: 391499)
Failed to process relocation: 6570:1a73 (Invalid index: 391491)
Failed to process relocation: 6570:1a69 (Invalid index: 391481)
Failed to process relocation: 6570:1a64 (Invalid index: 391476)
Failed to process relocation: 6570:1a5f (Invalid index: 391471)
Failed to process relocation: 6570:1a57 (Invalid index: 391463)
Failed to process relocation: 6570:19d9 (Invalid index: 391337)
Failed to process relocation: 6570:19ba (Invalid index: 391306)
Failed to process relocation: 6570:19b0 (Invalid index: 391296)
Failed to process relocation: 6570:19ab (Invalid index: 391291)
Failed to process relocation: 6570:19a1 (Invalid index: 391281)
Failed to process relocation: 6570:1998 (Invalid index: 391272)
Failed to process relocation: 6570:1993 (Invalid index: 391267)
Failed to process relocation: 6570:1985 (Invalid index: 391253)
Failed to process relocation: 6570:1980 (Invalid index: 391248)
Failed to process relocation: 6570:1977 (Invalid index: 391239)
Failed to process relocation: 6570:196e (Invalid index: 391230)
Failed to process relocation: 6570:1966 (Invalid index: 391222)
Failed to process relocation: 6570:195d (Invalid index: 391213)
Failed to process relocation: 6570:1958 (Invalid index: 391208)
Failed to process relocation: 6570:194f (Invalid index: 391199)
Failed to process relocation: 6570:1947 (Invalid index: 391191)
Failed to process relocation: 6570:193e (Invalid index: 391182)
Failed to process relocation: 6570:1939 (Invalid index: 391177)
Failed to process relocation: 6570:1931 (Invalid index: 391169)
Failed to process relocation: 6570:1928 (Invalid index: 391160)
Failed to process relocation: 6570:1913 (Invalid index: 391139)
Failed to process relocation: 6570:190a (Invalid index: 391130)
Failed to process relocation: 6570:1902 (Invalid index: 391122)
Failed to process relocation: 6570:18fa (Invalid index: 391114)
Failed to process relocation: 6570:18f1 (Invalid index: 391105)
Failed to process relocation: 6570:18ec (Invalid index: 391100)
Failed to process relocation: 6570:18e3 (Invalid index: 391091)
Failed to process relocation: 6570:18d6 (Invalid index: 391078)
Failed to process relocation: 6570:18d1 (Invalid index: 391073)
Failed to process relocation: 6570:18c9 (Invalid index: 391065)
Failed to process relocation: 6570:18bc (Invalid index: 391052)
Failed to process relocation: 6570:18b7 (Invalid index: 391047)
Failed to process relocation: 6570:18af (Invalid index: 391039)
Failed to process relocation: 6570:1889 (Invalid index: 391001)
Failed to process relocation: 6570:1853 (Invalid index: 390947)
Failed to process relocation: 6570:184d (Invalid index: 390941)
Failed to process relocation: 6570:1842 (Invalid index: 390930)
Failed to process relocation: 6570:180e (Invalid index: 390878)
Failed to process relocation: 6570:1f62 (Invalid index: 392754)
Failed to process relocation: 6570:1f01 (Invalid index: 392657)
Failed to process relocation: 6570:1edc (Invalid index: 392620)
Failed to process relocation: 6570:1ec7 (Invalid index: 392599)
Failed to process relocation: 6570:1ebe (Invalid index: 392590)
Failed to process relocation: 6570:1eb9 (Invalid index: 392585)
Failed to process relocation: 6570:1eaf (Invalid index: 392575)
Failed to process relocation: 6570:1eaa (Invalid index: 392570)
Failed to process relocation: 6570:1e99 (Invalid index: 392553)
Failed to process relocation: 6570:1e8e (Invalid index: 392542)
Failed to process relocation: 6570:1e89 (Invalid index: 392537)
Failed to process relocation: 6570:1e81 (Invalid index: 392529)
Failed to process relocation: 6570:1e78 (Invalid index: 392520)
Failed to process relocation: 6570:1e6f (Invalid index: 392511)
Failed to process relocation: 6570:1e65 (Invalid index: 392501)
Failed to process relocation: 6570:1e60 (Invalid index: 392496)
Failed to process relocation: 6570:1e4f (Invalid index: 392479)
Failed to process relocation: 6570:1e44 (Invalid index: 392468)
Failed to process relocation: 6570:1e3f (Invalid index: 392463)
Failed to process relocation: 6570:1e37 (Invalid index: 392455)
Failed to process relocation: 6570:1e0e (Invalid index: 392414)
Failed to process relocation: 6570:1e03 (Invalid index: 392403)
Failed to process relocation: 6570:1d84 (Invalid index: 392276)
Failed to process relocation: 6570:1d7f (Invalid index: 392271)
Failed to process relocation: 6570:1d28 (Invalid index: 392184)
Failed to process relocation: 6570:1cef (Invalid index: 392127)
Failed to process relocation: 6570:1cbc (Invalid index: 392076)
Failed to process relocation: 6570:1cb6 (Invalid index: 392070)
Failed to process relocation: 6570:1cab (Invalid index: 392059)
Failed to process relocation: 6570:1c9c (Invalid index: 392044)
Failed to process relocation: 6570:1c8a (Invalid index: 392026)
Failed to process relocation: 6570:1c81 (Invalid index: 392017)
Failed to process relocation: 6570:1c79 (Invalid index: 392009)
Failed to process relocation: 6570:1c70 (Invalid index: 392000)
Failed to process relocation: 6570:1c67 (Invalid index: 391991)
Failed to process relocation: 6570:1c62 (Invalid index: 391986)
Failed to process relocation: 6570:1c50 (Invalid index: 391968)
Failed to process relocation: 6570:1c48 (Invalid index: 391960)
Failed to process relocation: 6570:1bfc (Invalid index: 391884)
Failed to process relocation: 6570:1bf7 (Invalid index: 391879)
Failed to process relocation: 6570:1bee (Invalid index: 391870)
Failed to process relocation: 6570:1be5 (Invalid index: 391861)
Failed to process relocation: 6570:1bdc (Invalid index: 391852)
Failed to process relocation: 6570:1bd3 (Invalid index: 391843)
Failed to process relocation: 6570:1bc9 (Invalid index: 391833)
Failed to process relocation: 6570:1bc4 (Invalid index: 391828)
Failed to process relocation: 6570:1bba (Invalid index: 391818)
Failed to process relocation: 6570:2314 (Invalid index: 393700)
Failed to process relocation: 6570:2307 (Invalid index: 393687)
Failed to process relocation: 6570:22bf (Invalid index: 393615)
Failed to process relocation: 6570:22b9 (Invalid index: 393609)
Failed to process relocation: 6570:22ae (Invalid index: 393598)
Failed to process relocation: 6570:222d (Invalid index: 393469)
Failed to process relocation: 6570:2228 (Invalid index: 393464)
Failed to process relocation: 6570:2208 (Invalid index: 393432)
Failed to process relocation: 6570:21fb (Invalid index: 393419)
Failed to process relocation: 6570:218f (Invalid index: 393311)
Failed to process relocation: 6570:2171 (Invalid index: 393281)
Failed to process relocation: 6570:214b (Invalid index: 393243)
Failed to process relocation: 6570:2145 (Invalid index: 393237)
Failed to process relocation: 6570:213a (Invalid index: 393226)
Failed to process relocation: 6570:212c (Invalid index: 393212)
Failed to process relocation: 6570:2109 (Invalid index: 393177)
Failed to process relocation: 6570:20f7 (Invalid index: 393159)
Failed to process relocation: 6570:20c0 (Invalid index: 393104)
Failed to process relocation: 6570:2098 (Invalid index: 393064)
Failed to process relocation: 6570:2093 (Invalid index: 393059)
Failed to process relocation: 6570:2086 (Invalid index: 393046)
Failed to process relocation: 6570:2016 (Invalid index: 392934)
Failed to process relocation: 6570:2011 (Invalid index: 392929)
Failed to process relocation: 6570:2004 (Invalid index: 392916)
Failed to process relocation: 6570:1fd7 (Invalid index: 392871)
Failed to process relocation: 6570:1fd1 (Invalid index: 392865)
Failed to process relocation: 6570:1fc8 (Invalid index: 392856)
Failed to process relocation: 6570:1fab (Invalid index: 392827)
Failed to process relocation: 6570:1fa5 (Invalid index: 392821)
Failed to process relocation: 6570:1f9c (Invalid index: 392812)
Failed to process relocation: 6570:1f73 (Invalid index: 392771)
Failed to process relocation: 6570:1f6d (Invalid index: 392765)
Failed to process relocation: 6570:269a (Invalid index: 394602)
Failed to process relocation: 6570:2688 (Invalid index: 394584)
Failed to process relocation: 6570:2640 (Invalid index: 394512)
Failed to process relocation: 6570:25ff (Invalid index: 394447)
Failed to process relocation: 6570:25eb (Invalid index: 394427)
Failed to process relocation: 6570:25a9 (Invalid index: 394361)
Failed to process relocation: 6570:2596 (Invalid index: 394342)
Failed to process relocation: 6570:257b (Invalid index: 394315)
Failed to process relocation: 6570:2549 (Invalid index: 394265)
Failed to process relocation: 6570:2543 (Invalid index: 394259)
Failed to process relocation: 6570:2538 (Invalid index: 394248)
Failed to process relocation: 6570:2505 (Invalid index: 394197)
Failed to process relocation: 6570:24f6 (Invalid index: 394182)
Failed to process relocation: 6570:24c3 (Invalid index: 394131)
Failed to process relocation: 6570:24ae (Invalid index: 394110)
Failed to process relocation: 6570:249e (Invalid index: 394094)
Failed to process relocation: 6570:2489 (Invalid index: 394073)
Failed to process relocation: 6570:2476 (Invalid index: 394054)
Failed to process relocation: 6570:240d (Invalid index: 393949)
Failed to process relocation: 6570:2407 (Invalid index: 393943)
Failed to process relocation: 6570:23fc (Invalid index: 393932)
Failed to process relocation: 6570:23ee (Invalid index: 393918)
Failed to process relocation: 6570:23c9 (Invalid index: 393881)
Failed to process relocation: 6570:23a6 (Invalid index: 393846)
Failed to process relocation: 6570:2373 (Invalid index: 393795)
Failed to process relocation: 6570:2358 (Invalid index: 393768)
Failed to process relocation: 6570:2325 (Invalid index: 393717)
Failed to process relocation: 6570:231f (Invalid index: 393711)
Failed to process relocation: 6570:299d (Invalid index: 395373)
Failed to process relocation: 6570:2997 (Invalid index: 395367)
Failed to process relocation: 6570:298e (Invalid index: 395358)
Failed to process relocation: 6570:2989 (Invalid index: 395353)
Failed to process relocation: 6570:2961 (Invalid index: 395313)
Failed to process relocation: 6570:2950 (Invalid index: 395296)
Failed to process relocation: 6570:2948 (Invalid index: 395288)
Failed to process relocation: 6570:2943 (Invalid index: 395283)
Failed to process relocation: 6570:293a (Invalid index: 395274)
Failed to process relocation: 6570:2931 (Invalid index: 395265)
Failed to process relocation: 6570:2928 (Invalid index: 395256)
Failed to process relocation: 6570:2920 (Invalid index: 395248)
Failed to process relocation: 6570:2918 (Invalid index: 395240)
Failed to process relocation: 6570:2913 (Invalid index: 395235)
Failed to process relocation: 6570:290a (Invalid index: 395226)
Failed to process relocation: 6570:2901 (Invalid index: 395217)
Failed to process relocation: 6570:28f8 (Invalid index: 395208)
Failed to process relocation: 6570:28e4 (Invalid index: 395188)
Failed to process relocation: 6570:28dc (Invalid index: 395180)
Failed to process relocation: 6570:28d4 (Invalid index: 395172)
 (ProgramLoader)  
INFO  IMPORTING: Loaded 0 additional files (HeadlessAnalyzer)  
INFO  REPORT: Execute script: MarkOverlayThunks 'pre' '3ab8'  (HeadlessAnalyzer)  
INFO  SCRIPT: C:\prog\jwcad\ghidra_scripts\MarkOverlayThunks.java (HeadlessAnalyzer)  
INFO  MarkOverlayThunks.java> cd 3f sites: 108 (GhidraScript)  
INFO  MarkOverlayThunks.java> overlay trap operands marked as data: 108 of 108 (GhidraScript)  
INFO  ANALYZING all memory and code: file:///C:/prog/jwcad/ovl/jw03.exe (HeadlessAnalyzer)  
ERROR Failed to create function at 1885:07c4 since its body contains referring thunk at 1885:0344 (CreateFunctionCmd)  
ERROR Failed to create function at 28b3:0f86 since its body contains referring thunk at 28b3:0ee9 (CreateFunctionCmd)  
WARN  WARNING! Repairing body of function at 28b3:0ee9 (ClearFlowAndRepairCmd)  
ERROR ... function body repair failed due to overlap with another function: 28b3:0ee9 (ClearFlowAndRepairCmd)  
WARN  WARNING! Repairing body of function at 28b3:1181 (ClearFlowAndRepairCmd)  
ERROR ... function body repair failed due to overlap with another function: 28b3:1181 (ClearFlowAndRepairCmd)  
WARN  WARNING! Repairing body of function at 3ab8:4a80 (ClearFlowAndRepairCmd)  
ERROR ... function body repair failed due to overlap with another function: 3ab8:4a80 (ClearFlowAndRepairCmd)  
WARN  WARNING! Repairing body of function at 3ab8:4fbd (ClearFlowAndRepairCmd)  
ERROR ... function body repair failed due to overlap with another function: 3ab8:4fbd (ClearFlowAndRepairCmd)  
WARN  Decompiling 12c1:097e, pcode error at 1000:5097: Unable to resolve constructor at 1000:5097 (DecompileCallback)  
WARN  Decompiling 12c1:097e, pcode error at 1000:0a6f: Unable to resolve constructor at 1000:0a6f (DecompileCallback)  
WARN  Decompiling 12c1:097e, pcode error at 1000:0a4b: Unable to resolve constructor at 1000:0a4b (DecompileCallback)  
WARN  Decompiling 12c1:097e, pcode error at 1000:0818: Unable to resolve constructor at 1000:0818 (DecompileCallback)  
INFO  Packed database cache: C:\Users\yomei\AppData\Local\ghidra\packed-db-cache (PackedDatabaseCache)  
INFO  Applied data type archive: generic_clib (ApplyDataArchiveAnalyzer)  
INFO  -----------------------------------------------------
    ASCII Strings                              0.368 secs
    Apply Data Archives                        0.762 secs
    Call Convention ID                         0.003 secs
    Call-Fixup Installer                       0.372 secs
    Create Function                            0.323 secs
    Data Reference                             0.019 secs
    Decompiler Switch Analysis                 5.543 secs
    Demangler GNU                              0.044 secs
    Disassemble                                2.811 secs
    Disassemble Entry Points                   0.191 secs
    Embedded Media                             0.025 secs
    External Entry References                  0.000 secs
    Function ID                                0.121 secs
    Function Start Search                      0.037 secs
    Non-Returning Functions - Discovered       4.305 secs
    Reference                                  0.028 secs
    Segmented X86 Calling Conventions          0.002 secs
    Shared Return Calls                        0.142 secs
    Stack                                      1.144 secs
    Subroutine References                      0.124 secs
    Subroutine References - One Time           0.000 secs
    X86 Function Callee Purge                  0.126 secs
    x86 Constant Reference Analyzer            1.071 secs
-----------------------------------------------------
     Total Time   17 secs
-----------------------------------------------------
 (AutoAnalysisManager)  
INFO  REPORT: Analysis succeeded for file: file:///C:/prog/jwcad/ovl/jw03.exe (HeadlessAnalyzer)  
INFO  REPORT: Execute script: MarkOverlayThunks 'post' '3ab8' 'C:\prog\jwcad\entries\03.txt' '3'  (HeadlessAnalyzer)  
INFO  SCRIPT: C:\prog\jwcad\ghidra_scripts\MarkOverlayThunks.java (HeadlessAnalyzer)  
INFO  MarkOverlayThunks.java> cd 3f sites: 108 (GhidraScript)  
INFO  MarkOverlayThunks.java> overlay traps given a fall-through: 108, references added: 0 (GhidraScript)  
INFO  MarkOverlayThunks.java> overlay entry points seeded: 3 (GhidraScript)  
INFO  MarkOverlayThunks.java> overlay hole cleared: 0 stray functions (GhidraScript)  
INFO  REPORT: Execute script: DecompileAll 'C:\prog\jwcad\out\ovl03' '3ab8' '4375'  (HeadlessAnalyzer)  
INFO  SCRIPT: C:\prog\jwcad\ghidra_scripts\DecompileAll.java (HeadlessAnalyzer)  
WARN  Decompiling 3ab8:518e, pcode error at 4000:fde2: Disassembly not permitted within uninitialized memory block (DecompileCallback)  
INFO  DecompileAll.java> decompiled 40 functions, 0 failed (GhidraScript)  
INFO  ANALYZING changes made by post scripts: file:///C:/prog/jwcad/ovl/jw03.exe (HeadlessAnalyzer)  
INFO  REPORT: Post-analysis succeeded for file: file:///C:/prog/jwcad/ovl/jw03.exe (HeadlessAnalyzer)  
INFO  /jw03.exe: file created (yomei) (LocalFileSystem)  
INFO  REPORT: Save succeeded for: /jw03.exe (ovl03:/jw03.exe) (HeadlessAnalyzer)  
INFO  REPORT: Import succeeded (HeadlessAnalyzer)  
