INFO  Using log config file: jar:file:/C:/prog/ghidra/ghidra_12.1.3_PUBLIC/Ghidra/Framework/Generic/lib/Generic.jar!/generic.log4j.xml (LoggingInitialization)  
INFO  Using log file: C:\Users\yomei\AppData\Roaming\ghidra\ghidra_12.1.3_PUBLIC\application.log (LoggingInitialization)  
INFO  Loading user preferences: C:\Users\yomei\AppData\Roaming\ghidra\ghidra_12.1.3_PUBLIC\preferences (Preferences)  
INFO  Searching for classes... (ClassSearcher)  
INFO  Class search complete (1126 ms) (ClassSearcher)  
INFO  Initializing SSL Context (DefaultSSLContextInitializer)  
INFO  Initializing Random Number Generator... (SecureRandomFactory)  
INFO  Random Number Generator initialization complete: SHA1PRNG (SecureRandomFactory)  
INFO  Trust manager disabled, cacerts have not been set (DefaultTrustManagerFactory)  
INFO  Headless startup complete (10927 ms) (AnalyzeHeadless)  
INFO  Class searcher loaded 59 extension points (20 false positives) (ClassSearcher)  
INFO  HEADLESS Script Paths:
    C:\prog\ghidra\ghidra_12.1.3_PUBLIC\Ghidra\Debug\Debugger-rmi-trace\ghidra_scripts
    C:\prog\ghidra\ghidra_12.1.3_PUBLIC\Ghidra\Features\FileFormats\ghidra_scripts
    C:\prog\ghidra\ghidra_12.1.3_PUBLIC\Ghidra\Features\GnuDemangler\ghidra_scripts
    C:\prog\ghidra\ghidra_12.1.3_PUBLIC\Ghidra\Features\VersionTracking\ghidra_scripts
    C:\prog\ghidra\ghidra_12.1.3_PUBLIC\Ghidra\Debug\Debugger\ghidra_scripts
    C:\prog\ghidra\ghidra_12.1.3_PUBLIC\Ghidra\Processors\8051\ghidra_scripts
    C:\prog\ghidra\ghidra_12.1.3_PUBLIC\Ghidra\Features\BSim\ghidra_scripts
    C:\prog\ghidra\ghidra_12.1.3_PUBLIC\Ghidra\Features\WildcardAssembler\ghidra_scripts
    C:\prog\ghidra\ghidra_12.1.3_PUBLIC\Ghidra\Features\FunctionID\ghidra_scripts
    C:\prog\ghidra\ghidra_12.1.3_PUBLIC\Ghidra\Features\SystemEmulation\ghidra_scripts
    C:\prog\ghidra\ghidra_12.1.3_PUBLIC\Ghidra\Processors\PIC\ghidra_scripts
    C:\prog\ghidra\ghidra_12.1.3_PUBLIC\Ghidra\Features\PDB\ghidra_scripts
    C:\prog\ghidra\ghidra_12.1.3_PUBLIC\Ghidra\Features\DecompilerDependent\ghidra_scripts
    C:\prog\ghidra\ghidra_12.1.3_PUBLIC\Ghidra\Features\SwiftDemangler\ghidra_scripts
    C:\prog\ghidra\ghidra_12.1.3_PUBLIC\Ghidra\Features\MicrosoftCodeAnalyzer\ghidra_scripts
    C:\prog\ghidra\ghidra_12.1.3_PUBLIC\Ghidra\Processors\DATA\ghidra_scripts
    C:\prog\ghidra\ghidra_12.1.3_PUBLIC\Ghidra\Features\Decompiler\ghidra_scripts
    C:\prog\ghidra\ghidra_12.1.3_PUBLIC\Ghidra\Features\BytePatterns\ghidra_scripts
    C:\prog\ghidra\ghidra_12.1.3_PUBLIC\Ghidra\Features\PyGhidra\ghidra_scripts
    C:\prog\ghidra\ghidra_12.1.3_PUBLIC\Ghidra\Processors\Atmel\ghidra_scripts
    C:\prog\ghidra\ghidra_12.1.3_PUBLIC\Ghidra\Features\Base\ghidra_scripts
    C:\prog\jwcad\ghidra_scripts
    C:\prog\ghidra\ghidra_12.1.3_PUBLIC\Ghidra\Processors\JVM\ghidra_scripts (HeadlessAnalyzer)  
INFO  HEADLESS: execution starts (HeadlessAnalyzer)  
INFO  Creating temporary project: C:\prog\jwcad\proj\ovl01 (HeadlessAnalyzer)  
INFO  Creating project: C:\prog\jwcad\proj\ovl01 (DefaultProject)  
INFO  REPORT: Processing input files:  (HeadlessAnalyzer)  
INFO       project: C:\prog\jwcad\proj\ovl01 (HeadlessAnalyzer)  
INFO  IMPORTING: file:///C:/prog/jwcad/ovl/jw01.exe (HeadlessAnalyzer)  
INFO  Using Loader: Old-style DOS Executable (MZ) (ProgramLoader)  
INFO  Using Language/Compiler: x86:LE:16:Real Mode:default (ProgramLoader)  
INFO  Using Library Search Path: [., C:\Windows\SysWOW64, C:\prog\ghidra\jdk21\bin, C:\Windows\Sun\Java\bin, C:\Windows\system32, C:\Windows, C:\Program Files\Python312\Scripts\, C:\Program Files\Python312\, C:\Windows\System32\Wbem, C:\Windows\System32\WindowsPowerShell\v1.0\, C:\Windows\System32\OpenSSH\, C:\Program Files\Amazon\AWSCLIV2\, C:\ProgramData\chocolatey\bin, C:\ffmpeg, C:\Users\yomei\AppData\Local\Microsoft\WindowsApps] (ProgramLoader)  
INFO  Additional info:
There were too many messages to display.
1515 messages have been truncated.

Loading file:///C:/prog/jwcad/ovl/jw01.exe?MD5=580ad8903f1ab6b6382cfe961adfe5a1...
Failed to process relocation: 6570:03a2 (Invalid index: 387042)
Failed to process relocation: 6570:038e (Invalid index: 387022)
Failed to process relocation: 6570:0376 (Invalid index: 386998)
Failed to process relocation: 6570:0371 (Invalid index: 386993)
Failed to process relocation: 6570:0364 (Invalid index: 386980)
Failed to process relocation: 6570:0339 (Invalid index: 386937)
Failed to process relocation: 6570:0301 (Invalid index: 386881)
Failed to process relocation: 6570:02fc (Invalid index: 386876)
Failed to process relocation: 6570:02ef (Invalid index: 386863)
Failed to process relocation: 6570:02c4 (Invalid index: 386820)
Failed to process relocation: 6570:0295 (Invalid index: 386773)
Failed to process relocation: 6570:028a (Invalid index: 386762)
Failed to process relocation: 6570:027b (Invalid index: 386747)
Failed to process relocation: 6570:025b (Invalid index: 386715)
Failed to process relocation: 6570:023b (Invalid index: 386683)
Failed to process relocation: 6570:0228 (Invalid index: 386664)
Failed to process relocation: 6570:0216 (Invalid index: 386646)
Failed to process relocation: 6570:01f1 (Invalid index: 386609)
Failed to process relocation: 6570:01df (Invalid index: 386591)
Failed to process relocation: 6570:01c0 (Invalid index: 386560)
Failed to process relocation: 6570:01a7 (Invalid index: 386535)
Failed to process relocation: 6570:0192 (Invalid index: 386514)
Failed to process relocation: 6570:0155 (Invalid index: 386453)
Failed to process relocation: 6570:0140 (Invalid index: 386432)
Failed to process relocation: 6570:0137 (Invalid index: 386423)
Failed to process relocation: 6570:011c (Invalid index: 386396)
Failed to process relocation: 6570:00f5 (Invalid index: 386357)
Failed to process relocation: 6570:00e6 (Invalid index: 386342)
Failed to process relocation: 6570:00be (Invalid index: 386302)
Failed to process relocation: 6570:00a7 (Invalid index: 386279)
Failed to process relocation: 6570:009e (Invalid index: 386270)
Failed to process relocation: 6570:003d (Invalid index: 386173)
Failed to process relocation: 6570:0038 (Invalid index: 386168)
Failed to process relocation: 6570:0030 (Invalid index: 386160)
Failed to process relocation: 6570:0026 (Invalid index: 386150)
Failed to process relocation: 6570:0021 (Invalid index: 386145)
Failed to process relocation: 6570:0019 (Invalid index: 386137)
Failed to process relocation: 6570:0009 (Invalid index: 386121)
Failed to process relocation: 6570:0546 (Invalid index: 387462)
Failed to process relocation: 6570:0536 (Invalid index: 387446)
Failed to process relocation: 6570:052e (Invalid index: 387438)
Failed to process relocation: 6570:0526 (Invalid index: 387430)
Failed to process relocation: 6570:0521 (Invalid index: 387425)
Failed to process relocation: 6570:0519 (Invalid index: 387417)
Failed to process relocation: 6570:0511 (Invalid index: 387409)
Failed to process relocation: 6570:0509 (Invalid index: 387401)
Failed to process relocation: 6570:0504 (Invalid index: 387396)
Failed to process relocation: 6570:04f9 (Invalid index: 387385)
Failed to process relocation: 6570:04e8 (Invalid index: 387368)
Failed to process relocation: 6570:04e0 (Invalid index: 387360)
Failed to process relocation: 6570:04d8 (Invalid index: 387352)
Failed to process relocation: 6570:04d0 (Invalid index: 387344)
Failed to process relocation: 6570:04c8 (Invalid index: 387336)
Failed to process relocation: 6570:04c0 (Invalid index: 387328)
Failed to process relocation: 6570:04b8 (Invalid index: 387320)
Failed to process relocation: 6570:0484 (Invalid index: 387268)
Failed to process relocation: 6570:0466 (Invalid index: 387238)
Failed to process relocation: 6570:0450 (Invalid index: 387216)
Failed to process relocation: 6570:042f (Invalid index: 387183)
Failed to process relocation: 6570:042a (Invalid index: 387178)
Failed to process relocation: 6570:041d (Invalid index: 387165)
Failed to process relocation: 6570:03f3 (Invalid index: 387123)
Failed to process relocation: 6570:03d2 (Invalid index: 387090)
Failed to process relocation: 6570:03cd (Invalid index: 387085)
Failed to process relocation: 6570:03bd (Invalid index: 387069)
Failed to process relocation: 6570:091a (Invalid index: 388442)
Failed to process relocation: 6570:0912 (Invalid index: 388434)
Failed to process relocation: 6570:0908 (Invalid index: 388424)
Failed to process relocation: 6570:0903 (Invalid index: 388419)
Failed to process relocation: 6570:08fb (Invalid index: 388411)
Failed to process relocation: 6570:08f3 (Invalid index: 388403)
Failed to process relocation: 6570:08eb (Invalid index: 388395)
Failed to process relocation: 6570:08e3 (Invalid index: 388387)
Failed to process relocation: 6570:08de (Invalid index: 388382)
Failed to process relocation: 6570:08d4 (Invalid index: 388372)
Failed to process relocation: 6570:08cc (Invalid index: 388364)
Failed to process relocation: 6570:08c2 (Invalid index: 388354)
Failed to process relocation: 6570:08bd (Invalid index: 388349)
Failed to process relocation: 6570:08b5 (Invalid index: 388341)
Failed to process relocation: 6570:08ab (Invalid index: 388331)
Failed to process relocation: 6570:08a6 (Invalid index: 388326)
Failed to process relocation: 6570:087f (Invalid index: 388287)
Failed to process relocation: 6570:0875 (Invalid index: 388277)
Failed to process relocation: 6570:0870 (Invalid index: 388272)
Failed to process relocation: 6570:0868 (Invalid index: 388264)
Failed to process relocation: 6570:085e (Invalid index: 388254)
Failed to process relocation: 6570:0859 (Invalid index: 388249)
Failed to process relocation: 6570:0828 (Invalid index: 388200)
Failed to process relocation: 6570:0820 (Invalid index: 388192)
Failed to process relocation: 6570:0818 (Invalid index: 388184)
Failed to process relocation: 6570:0810 (Invalid index: 388176)
Failed to process relocation: 6570:080b (Invalid index: 388171)
Failed to process relocation: 6570:0801 (Invalid index: 388161)
Failed to process relocation: 6570:07f9 (Invalid index: 388153)
Failed to process relocation: 6570:07ef (Invalid index: 388143)
Failed to process relocation: 6570:07ea (Invalid index: 388138)
Failed to process relocation: 6570:07e2 (Invalid index: 388130)
Failed to process relocation: 6570:07d8 (Invalid index: 388120)
Failed to process relocation: 6570:07d3 (Invalid index: 388115)
Failed to process relocation: 6570:07cb (Invalid index: 388107)
Failed to process relocation: 6570:07c3 (Invalid index: 388099)
Failed to process relocation: 6570:07bb (Invalid index: 388091)
Failed to process relocation: 6570:07b3 (Invalid index: 388083)
Failed to process relocation: 6570:07ae (Invalid index: 388078)
Failed to process relocation: 6570:07a4 (Invalid index: 388068)
Failed to process relocation: 6570:079c (Invalid index: 388060)
Failed to process relocation: 6570:0792 (Invalid index: 388050)
Failed to process relocation: 6570:078d (Invalid index: 388045)
Failed to process relocation: 6570:0785 (Invalid index: 388037)
Failed to process relocation: 6570:077b (Invalid index: 388027)
Failed to process relocation: 6570:0776 (Invalid index: 388022)
Failed to process relocation: 6570:074f (Invalid index: 387983)
Failed to process relocation: 6570:0745 (Invalid index: 387973)
Failed to process relocation: 6570:0740 (Invalid index: 387968)
Failed to process relocation: 6570:0738 (Invalid index: 387960)
Failed to process relocation: 6570:072e (Invalid index: 387950)
Failed to process relocation: 6570:0729 (Invalid index: 387945)
Failed to process relocation: 6570:06d4 (Invalid index: 387860)
Failed to process relocation: 6570:06cf (Invalid index: 387855)
Failed to process relocation: 6570:06ca (Invalid index: 387850)
Failed to process relocation: 6570:06c5 (Invalid index: 387845)
Failed to process relocation: 6570:06bd (Invalid index: 387837)
Failed to process relocation: 6570:06b5 (Invalid index: 387829)
Failed to process relocation: 6570:06ad (Invalid index: 387821)
Failed to process relocation: 6570:06a5 (Invalid index: 387813)
Failed to process relocation: 6570:06a0 (Invalid index: 387808)
Failed to process relocation: 6570:0698 (Invalid index: 387800)
Failed to process relocation: 6570:0690 (Invalid index: 387792)
Failed to process relocation: 6570:0688 (Invalid index: 387784)
Failed to process relocation: 6570:0680 (Invalid index: 387776)
Failed to process relocation: 6570:066d (Invalid index: 387757)
Failed to process relocation: 6570:063a (Invalid index: 387706)
Failed to process relocation: 6570:0571 (Invalid index: 387505)
Failed to process relocation: 6570:0cc3 (Invalid index: 389379)
Failed to process relocation: 6570:0cb9 (Invalid index: 389369)
Failed to process relocation: 6570:0cb1 (Invalid index: 389361)
Failed to process relocation: 6570:0cac (Invalid index: 389356)
Failed to process relocation: 6570:0ca4 (Invalid index: 389348)
Failed to process relocation: 6570:0c9a (Invalid index: 389338)
Failed to process relocation: 6570:0c92 (Invalid index: 389330)
Failed to process relocation: 6570:0c88 (Invalid index: 389320)
Failed to process relocation: 6570:0c80 (Invalid index: 389312)
Failed to process relocation: 6570:0c76 (Invalid index: 389302)
Failed to process relocation: 6570:0c6e (Invalid index: 389294)
Failed to process relocation: 6570:0c66 (Invalid index: 389286)
Failed to process relocation: 6570:0c5e (Invalid index: 389278)
Failed to process relocation: 6570:0c56 (Invalid index: 389270)
Failed to process relocation: 6570:0c4e (Invalid index: 389262)
Failed to process relocation: 6570:0c46 (Invalid index: 389254)
Failed to process relocation: 6570:0bc7 (Invalid index: 389127)
Failed to process relocation: 6570:0b9f (Invalid index: 389087)
Failed to process relocation: 6570:0b94 (Invalid index: 389076)
Failed to process relocation: 6570:0b18 (Invalid index: 388952)
Failed to process relocation: 6570:0b0d (Invalid index: 388941)
Failed to process relocation: 6570:0ae0 (Invalid index: 388896)
Failed to process relocation: 6570:0ab4 (Invalid index: 388852)
Failed to process relocation: 6570:0aae (Invalid index: 388846)
Failed to process relocation: 6570:0aa9 (Invalid index: 388841)
Failed to process relocation: 6570:0aa4 (Invalid index: 388836)
Failed to process relocation: 6570:0a9b (Invalid index: 388827)
Failed to process relocation: 6570:0a96 (Invalid index: 388822)
Failed to process relocation: 6570:0a91 (Invalid index: 388817)
Failed to process relocation: 6570:0a88 (Invalid index: 388808)
Failed to process relocation: 6570:0a83 (Invalid index: 388803)
Failed to process relocation: 6570:0a7e (Invalid index: 388798)
Failed to process relocation: 6570:0a75 (Invalid index: 388789)
Failed to process relocation: 6570:0a70 (Invalid index: 388784)
Failed to process relocation: 6570:0a6b (Invalid index: 388779)
Failed to process relocation: 6570:0a3e (Invalid index: 388734)
Failed to process relocation: 6570:0a14 (Invalid index: 388692)
Failed to process relocation: 6570:0a09 (Invalid index: 388681)
Failed to process relocation: 6570:0976 (Invalid index: 388534)
Failed to process relocation: 6570:0958 (Invalid index: 388504)
Failed to process relocation: 6570:0950 (Invalid index: 388496)
Failed to process relocation: 6570:0948 (Invalid index: 388488)
Failed to process relocation: 6570:0940 (Invalid index: 388480)
Failed to process relocation: 6570:093b (Invalid index: 388475)
Failed to process relocation: 6570:0931 (Invalid index: 388465)
Failed to process relocation: 6570:0929 (Invalid index: 388457)
Failed to process relocation: 6570:091f (Invalid index: 388447)
Failed to process relocation: 6570:0e3f (Invalid index: 389759)
Failed to process relocation: 6570:0e34 (Invalid index: 389748)
Failed to process relocation: 6570:0e0a (Invalid index: 389706)
Failed to process relocation: 6570:0dce (Invalid index: 389646)
Failed to process relocation: 6570:0d9d (Invalid index: 389597)
Failed to process relocation: 6570:0d97 (Invalid index: 389591)
Failed to process relocation: 6570:0d92 (Invalid index: 389586)
Failed to process relocation: 6570:0d8d (Invalid index: 389581)
Failed to process relocation: 6570:0d85 (Invalid index: 389573)
Failed to process relocation: 6570:0d7c (Invalid index: 389564)
Failed to process relocation: 6570:0d77 (Invalid index: 389559)
Failed to process relocation: 6570:0d72 (Invalid index: 389554)
Failed to process relocation: 6570:0d69 (Invalid index: 389545)
Failed to process relocation: 6570:0d64 (Invalid index: 389540)
Failed to process relocation: 6570:0d5f (Invalid index: 389535)
Failed to process relocation: 6570:0d56 (Invalid index: 389526)
Failed to process relocation: 6570:0d51 (Invalid index: 389521)
Failed to process relocation: 6570:0d4c (Invalid index: 389516)
Failed to process relocation: 6570:0d31 (Invalid index: 389489)
Failed to process relocation: 6570:0d29 (Invalid index: 389481)
Failed to process relocation: 6570:0d21 (Invalid index: 389473)
Failed to process relocation: 6570:0d19 (Invalid index: 389465)
Failed to process relocation: 6570:0d11 (Invalid index: 389457)
Failed to process relocation: 6570:0d09 (Invalid index: 389449)
Failed to process relocation: 6570:0cf7 (Invalid index: 389431)
Failed to process relocation: 6570:0cd8 (Invalid index: 389400)
Failed to process relocation: 6570:11f9 (Invalid index: 390713)
Failed to process relocation: 6570:11f4 (Invalid index: 390708)
Failed to process relocation: 6570:11ec (Invalid index: 390700)
Failed to process relocation: 6570:11e4 (Invalid index: 390692)
Failed to process relocation: 6570:11db (Invalid index: 390683)
Failed to process relocation: 6570:11d2 (Invalid index: 390674)
Failed to process relocation: 6570:11ca (Invalid index: 390666)
Failed to process relocation: 6570:11c2 (Invalid index: 390658)
Failed to process relocation: 6570:11b9 (Invalid index: 390649)
Failed to process relocation: 6570:11b1 (Invalid index: 390641)
Failed to process relocation: 6570:11a9 (Invalid index: 390633)
Failed to process relocation: 6570:11a1 (Invalid index: 390625)
Failed to process relocation: 6570:117e (Invalid index: 390590)
Failed to process relocation: 6570:1179 (Invalid index: 390585)
Failed to process relocation: 6570:1174 (Invalid index: 390580)
Failed to process relocation: 6570:116b (Invalid index: 390571)
Failed to process relocation: 6570:1163 (Invalid index: 390563)
Failed to process relocation: 6570:115b (Invalid index: 390555)
Failed to process relocation: 6570:1152 (Invalid index: 390546)
Failed to process relocation: 6570:114d (Invalid index: 390541)
Failed to process relocation: 6570:1144 (Invalid index: 390532)
Failed to process relocation: 6570:113c (Invalid index: 390524)
Failed to process relocation: 6570:1134 (Invalid index: 390516)
Failed to process relocation: 6570:112c (Invalid index: 390508)
Failed to process relocation: 6570:1123 (Invalid index: 390499)
Failed to process relocation: 6570:111e (Invalid index: 390494)
Failed to process relocation: 6570:1116 (Invalid index: 390486)
Failed to process relocation: 6570:110e (Invalid index: 390478)
Failed to process relocation: 6570:1105 (Invalid index: 390469)
Failed to process relocation: 6570:10fd (Invalid index: 390461)
Failed to process relocation: 6570:10f5 (Invalid index: 390453)
Failed to process relocation: 6570:10ed (Invalid index: 390445)
Failed to process relocation: 6570:10e8 (Invalid index: 390440)
Failed to process relocation: 6570:10e0 (Invalid index: 390432)
Failed to process relocation: 6570:10d8 (Invalid index: 390424)
Failed to process relocation: 6570:10d0 (Invalid index: 390416)
Failed to process relocation: 6570:10cb (Invalid index: 390411)
Failed to process relocation: 6570:10ba (Invalid index: 390394)
Failed to process relocation: 6570:10b1 (Invalid index: 390385)
Failed to process relocation: 6570:10a9 (Invalid index: 390377)
Failed to process relocation: 6570:10a1 (Invalid index: 390369)
Failed to process relocation: 6570:1099 (Invalid index: 390361)
Failed to process relocation: 6570:1091 (Invalid index: 390353)
Failed to process relocation: 6570:1089 (Invalid index: 390345)
Failed to process relocation: 6570:107f (Invalid index: 390335)
Failed to process relocation: 6570:107a (Invalid index: 390330)
Failed to process relocation: 6570:1070 (Invalid index: 390320)
Failed to process relocation: 6570:106b (Invalid index: 390315)
Failed to process relocation: 6570:1043 (Invalid index: 390275)
Failed to process relocation: 6570:103b (Invalid index: 390267)
Failed to process relocation: 6570:1032 (Invalid index: 390258)
Failed to process relocation: 6570:102d (Invalid index: 390253)
Failed to process relocation: 6570:1024 (Invalid index: 390244)
Failed to process relocation: 6570:101b (Invalid index: 390235)
Failed to process relocation: 6570:1013 (Invalid index: 390227)
Failed to process relocation: 6570:100a (Invalid index: 390218)
Failed to process relocation: 6570:0ff9 (Invalid index: 390201)
Failed to process relocation: 6570:0ff4 (Invalid index: 390196)
Failed to process relocation: 6570:0fec (Invalid index: 390188)
Failed to process relocation: 6570:0fe3 (Invalid index: 390179)
Failed to process relocation: 6570:0fda (Invalid index: 390170)
Failed to process relocation: 6570:0fd1 (Invalid index: 390161)
Failed to process relocation: 6570:0fc9 (Invalid index: 390153)
Failed to process relocation: 6570:0fc0 (Invalid index: 390144)
Failed to process relocation: 6570:0fb8 (Invalid index: 390136)
Failed to process relocation: 6570:0fae (Invalid index: 390126)
Failed to process relocation: 6570:0fa6 (Invalid index: 390118)
Failed to process relocation: 6570:0f9d (Invalid index: 390109)
Failed to process relocation: 6570:0f95 (Invalid index: 390101)
Failed to process relocation: 6570:0f66 (Invalid index: 390054)
Failed to process relocation: 6570:0f5d (Invalid index: 390045)
Failed to process relocation: 6570:0f53 (Invalid index: 390035)
Failed to process relocation: 6570:0f4e (Invalid index: 390030)
Failed to process relocation: 6570:0f44 (Invalid index: 390020)
Failed to process relocation: 6570:0f3b (Invalid index: 390011)
Failed to process relocation: 6570:0f33 (Invalid index: 390003)
Failed to process relocation: 6570:0f29 (Invalid index: 389993)
Failed to process relocation: 6570:0f24 (Invalid index: 389988)
Failed to process relocation: 6570:0f1a (Invalid index: 389978)
Failed to process relocation: 6570:0edb (Invalid index: 389915)
Failed to process relocation: 6570:0ed2 (Invalid index: 389906)
Failed to process relocation: 6570:0ecd (Invalid index: 389901)
Failed to process relocation: 6570:0eaa (Invalid index: 389866)
Failed to process relocation: 6570:0ea2 (Invalid index: 389858)
Failed to process relocation: 6570:0e99 (Invalid index: 389849)
Failed to process relocation: 6570:0e90 (Invalid index: 389840)
Failed to process relocation: 6570:0e87 (Invalid index: 389831)
Failed to process relocation: 6570:0e82 (Invalid index: 389826)
Failed to process relocation: 6570:0e53 (Invalid index: 389779)
Failed to process relocation: 6570:14f0 (Invalid index: 391472)
Failed to process relocation: 6570:14cb (Invalid index: 391435)
Failed to process relocation: 6570:14c1 (Invalid index: 391425)
Failed to process relocation: 6570:14bc (Invalid index: 391420)
Failed to process relocation: 6570:14b4 (Invalid index: 391412)
Failed to process relocation: 6570:14af (Invalid index: 391407)
Failed to process relocation: 6570:14a6 (Invalid index: 391398)
Failed to process relocation: 6570:149e (Invalid index: 391390)
Failed to process relocation: 6570:1495 (Invalid index: 391381)
Failed to process relocation: 6570:148b (Invalid index: 391371)
Failed to process relocation: 6570:1486 (Invalid index: 391366)
Failed to process relocation: 6570:147d (Invalid index: 391357)
Failed to process relocation: 6570:1475 (Invalid index: 391349)
Failed to process relocation: 6570:146c (Invalid index: 391340)
Failed to process relocation: 6570:1467 (Invalid index: 391335)
Failed to process relocation: 6570:145e (Invalid index: 391326)
Failed to process relocation: 6570:1455 (Invalid index: 391317)
Failed to process relocation: 6570:1440 (Invalid index: 391296)
Failed to process relocation: 6570:143b (Invalid index: 391291)
Failed to process relocation: 6570:1432 (Invalid index: 391282)
Failed to process relocation: 6570:1425 (Invalid index: 391269)
Failed to process relocation: 6570:1420 (Invalid index: 391264)
Failed to process relocation: 6570:1417 (Invalid index: 391255)
Failed to process relocation: 6570:140e (Invalid index: 391246)
Failed to process relocation: 6570:1405 (Invalid index: 391237)
Failed to process relocation: 6570:1384 (Invalid index: 391108)
Failed to process relocation: 6570:135f (Invalid index: 391071)
Failed to process relocation: 6570:1355 (Invalid index: 391061)
Failed to process relocation: 6570:1350 (Invalid index: 391056)
Failed to process relocation: 6570:1348 (Invalid index: 391048)
Failed to process relocation: 6570:1343 (Invalid index: 391043)
Failed to process relocation: 6570:133a (Invalid index: 391034)
Failed to process relocation: 6570:1332 (Invalid index: 391026)
Failed to process relocation: 6570:1329 (Invalid index: 391017)
Failed to process relocation: 6570:131f (Invalid index: 391007)
Failed to process relocation: 6570:131a (Invalid index: 391002)
Failed to process relocation: 6570:1311 (Invalid index: 390993)
Failed to process relocation: 6570:1309 (Invalid index: 390985)
Failed to process relocation: 6570:1300 (Invalid index: 390976)
Failed to process relocation: 6570:12fb (Invalid index: 390971)
Failed to process relocation: 6570:12f2 (Invalid index: 390962)
Failed to process relocation: 6570:12e9 (Invalid index: 390953)
Failed to process relocation: 6570:12d4 (Invalid index: 390932)
Failed to process relocation: 6570:12cf (Invalid index: 390927)
Failed to process relocation: 6570:12c6 (Invalid index: 390918)
Failed to process relocation: 6570:12b9 (Invalid index: 390905)
Failed to process relocation: 6570:12b4 (Invalid index: 390900)
Failed to process relocation: 6570:12ab (Invalid index: 390891)
Failed to process relocation: 6570:12a2 (Invalid index: 390882)
Failed to process relocation: 6570:1299 (Invalid index: 390873)
Failed to process relocation: 6570:1291 (Invalid index: 390865)
Failed to process relocation: 6570:1288 (Invalid index: 390856)
Failed to process relocation: 6570:127f (Invalid index: 390847)
Failed to process relocation: 6570:1275 (Invalid index: 390837)
Failed to process relocation: 6570:1270 (Invalid index: 390832)
Failed to process relocation: 6570:1266 (Invalid index: 390822)
Failed to process relocation: 6570:1261 (Invalid index: 390817)
Failed to process relocation: 6570:1253 (Invalid index: 390803)
Failed to process relocation: 6570:124e (Invalid index: 390798)
Failed to process relocation: 6570:1245 (Invalid index: 390789)
Failed to process relocation: 6570:1240 (Invalid index: 390784)
Failed to process relocation: 6570:1237 (Invalid index: 390775)
Failed to process relocation: 6570:122e (Invalid index: 390766)
Failed to process relocation: 6570:1226 (Invalid index: 390758)
Failed to process relocation: 6570:121e (Invalid index: 390750)
Failed to process relocation: 6570:120b (Invalid index: 390731)
Failed to process relocation: 6570:1206 (Invalid index: 390726)
Failed to process relocation: 6570:1201 (Invalid index: 390721)
Failed to process relocation: 6570:1903 (Invalid index: 392515)
Failed to process relocation: 6570:18fe (Invalid index: 392510)
Failed to process relocation: 6570:18f6 (Invalid index: 392502)
Failed to process relocation: 6570:18f1 (Invalid index: 392497)
Failed to process relocation: 6570:18e8 (Invalid index: 392488)
Failed to process relocation: 6570:18e0 (Invalid index: 392480)
Failed to process relocation: 6570:18d7 (Invalid index: 392471)
Failed to process relocation: 6570:18ce (Invalid index: 392462)
Failed to process relocation: 6570:18c5 (Invalid index: 392453)
Failed to process relocation: 6570:18b5 (Invalid index: 392437)
Failed to process relocation: 6570:18ac (Invalid index: 392428)
Failed to process relocation: 6570:18a3 (Invalid index: 392419)
Failed to process relocation: 6570:189a (Invalid index: 392410)
Failed to process relocation: 6570:1892 (Invalid index: 392402)
Failed to process relocation: 6570:188a (Invalid index: 392394)
Failed to process relocation: 6570:1882 (Invalid index: 392386)
Failed to process relocation: 6570:1879 (Invalid index: 392377)
Failed to process relocation: 6570:1871 (Invalid index: 392369)
Failed to process relocation: 6570:1869 (Invalid index: 392361)
Failed to process relocation: 6570:185f (Invalid index: 392351)
Failed to process relocation: 6570:185a (Invalid index: 392346)
Failed to process relocation: 6570:1850 (Invalid index: 392336)
Failed to process relocation: 6570:184b (Invalid index: 392331)
Failed to process relocation: 6570:183e (Invalid index: 392318)
Failed to process relocation: 6570:1839 (Invalid index: 392313)
Failed to process relocation: 6570:1834 (Invalid index: 392308)
Failed to process relocation: 6570:182c (Invalid index: 392300)
Failed to process relocation: 6570:1827 (Invalid index: 392295)
Failed to process relocation: 6570:181f (Invalid index: 392287)
Failed to process relocation: 6570:1817 (Invalid index: 392279)
Failed to process relocation: 6570:180e (Invalid index: 392270)
Failed to process relocation: 6570:1805 (Invalid index: 392261)
Failed to process relocation: 6570:17fd (Invalid index: 392253)
Failed to process relocation: 6570:17f5 (Invalid index: 392245)
Failed to process relocation: 6570:17ec (Invalid index: 392236)
Failed to process relocation: 6570:17e4 (Invalid index: 392228)
Failed to process relocation: 6570:17dc (Invalid index: 392220)
Failed to process relocation: 6570:17d4 (Invalid index: 392212)
Failed to process relocation: 6570:17a9 (Invalid index: 392169)
Failed to process relocation: 6570:17a0 (Invalid index: 392160)
Failed to process relocation: 6570:1798 (Invalid index: 392152)
Failed to process relocation: 6570:178e (Invalid index: 392142)
Failed to process relocation: 6570:1789 (Invalid index: 392137)
Failed to process relocation: 6570:177f (Invalid index: 392127)
Failed to process relocation: 6570:1776 (Invalid index: 392118)
Failed to process relocation: 6570:176e (Invalid index: 392110)
Failed to process relocation: 6570:1766 (Invalid index: 392102)
Failed to process relocation: 6570:175c (Invalid index: 392092)
Failed to process relocation: 6570:1757 (Invalid index: 392087)
Failed to process relocation: 6570:174d (Invalid index: 392077)
Failed to process relocation: 6570:1744 (Invalid index: 392068)
Failed to process relocation: 6570:173b (Invalid index: 392059)
Failed to process relocation: 6570:1732 (Invalid index: 392050)
Failed to process relocation: 6570:172d (Invalid index: 392045)
Failed to process relocation: 6570:1722 (Invalid index: 392034)
Failed to process relocation: 6570:171d (Invalid index: 392029)
Failed to process relocation: 6570:1718 (Invalid index: 392024)
Failed to process relocation: 6570:170f (Invalid index: 392015)
Failed to process relocation: 6570:1706 (Invalid index: 392006)
Failed to process relocation: 6570:16fd (Invalid index: 391997)
Failed to process relocation: 6570:16f4 (Invalid index: 391988)
Failed to process relocation: 6570:16ec (Invalid index: 391980)
Failed to process relocation: 6570:197d (Invalid index: 392637)
Failed to process relocation: 6570:1968 (Invalid index: 392616)
Failed to process relocation: 6570:1cf1 (Invalid index: 393521)
Failed to process relocation: 6570:1cd2 (Invalid index: 393490)
Failed to process relocation: 6570:1ca0 (Invalid index: 393440)
Failed to process relocation: 6570:1c6c (Invalid index: 393388)
Failed to process relocation: 6570:1c48 (Invalid index: 393352)
Failed to process relocation: 6570:1c43 (Invalid index: 393347)
Failed to process relocation: 6570:1c3e (Invalid index: 393342)
Failed to process relocation: 6570:1c35 (Invalid index: 393333)
Failed to process relocation: 6570:1c2c (Invalid index: 393324)
Failed to process relocation: 6570:1c24 (Invalid index: 393316)
Failed to process relocation: 6570:1c1c (Invalid index: 393308)
Failed to process relocation: 6570:1c14 (Invalid index: 393300)
Failed to process relocation: 6570:1c0f (Invalid index: 393295)
Failed to process relocation: 6570:1c05 (Invalid index: 393285)
Failed to process relocation: 6570:1bfd (Invalid index: 393277)
Failed to process relocation: 6570:1bf3 (Invalid index: 393267)
Failed to process relocation: 6570:1bee (Invalid index: 393262)
Failed to process relocation: 6570:1be6 (Invalid index: 393254)
Failed to process relocation: 6570:1bdc (Invalid index: 393244)
Failed to process relocation: 6570:1bd7 (Invalid index: 393239)
Failed to process relocation: 6570:1bcf (Invalid index: 393231)
Failed to process relocation: 6570:1bc7 (Invalid index: 393223)
Failed to process relocation: 6570:1bbf (Invalid index: 393215)
Failed to process relocation: 6570:1bb7 (Invalid index: 393207)
Failed to process relocation: 6570:1bb2 (Invalid index: 393202)
Failed to process relocation: 6570:1ba8 (Invalid index: 393192)
Failed to process relocation: 6570:1ba0 (Invalid index: 393184)
Failed to process relocation: 6570:1b96 (Invalid index: 393174)
Failed to process relocation: 6570:1b91 (Invalid index: 393169)
Failed to process relocation: 6570:1b89 (Invalid index: 393161)
Failed to process relocation: 6570:1b7f (Invalid index: 393151)
Failed to process relocation: 6570:1b7a (Invalid index: 393146)
Failed to process relocation: 6570:1b53 (Invalid index: 393107)
Failed to process relocation: 6570:1b49 (Invalid index: 393097)
Failed to process relocation: 6570:1b44 (Invalid index: 393092)
Failed to process relocation: 6570:1b3c (Invalid index: 393084)
Failed to process relocation: 6570:1b32 (Invalid index: 393074)
Failed to process relocation: 6570:1b2d (Invalid index: 393069)
Failed to process relocation: 6570:1ab1 (Invalid index: 392945)
Failed to process relocation: 6570:1aa4 (Invalid index: 392932)
Failed to process relocation: 6570:1a9f (Invalid index: 392927)
Failed to process relocation: 6570:1a9a (Invalid index: 392922)
Failed to process relocation: 6570:1a7c (Invalid index: 392892)
Failed to process relocation: 6570:1a73 (Invalid index: 392883)
Failed to process relocation: 6570:1a69 (Invalid index: 392873)
Failed to process relocation: 6570:1a64 (Invalid index: 392868)
Failed to process relocation: 6570:1a5c (Invalid index: 392860)
Failed to process relocation: 6570:1a53 (Invalid index: 392851)
Failed to process relocation: 6570:1a4d (Invalid index: 392845)
Failed to process relocation: 6570:1a44 (Invalid index: 392836)
Failed to process relocation: 6570:1a37 (Invalid index: 392823)
Failed to process relocation: 6570:1a32 (Invalid index: 392818)
Failed to process relocation: 6570:1a29 (Invalid index: 392809)
Failed to process relocation: 6570:1a21 (Invalid index: 392801)
Failed to process relocation: 6570:1a1b (Invalid index: 392795)
Failed to process relocation: 6570:1a12 (Invalid index: 392786)
Failed to process relocation: 6570:19bb (Invalid index: 392699)
Failed to process relocation: 6570:20f6 (Invalid index: 394550)
Failed to process relocation: 6570:20eb (Invalid index: 394539)
Failed to process relocation: 6570:20dd (Invalid index: 394525)
Failed to process relocation: 6570:20d2 (Invalid index: 394514)
Failed to process relocation: 6570:20a8 (Invalid index: 394472)
Failed to process relocation: 6570:205c (Invalid index: 394396)
Failed to process relocation: 6570:2027 (Invalid index: 394343)
Failed to process relocation: 6570:2022 (Invalid index: 394338)
Failed to process relocation: 6570:2018 (Invalid index: 394328)
Failed to process relocation: 6570:2013 (Invalid index: 394323)
Failed to process relocation: 6570:200a (Invalid index: 394314)
Failed to process relocation: 6570:2005 (Invalid index: 394309)
Failed to process relocation: 6570:1ffc (Invalid index: 394300)
Failed to process relocation: 6570:1ff3 (Invalid index: 394291)
Failed to process relocation: 6570:1fea (Invalid index: 394282)
 (ProgramLoader)  
INFO  IMPORTING: Loaded 0 additional files (HeadlessAnalyzer)  
INFO  REPORT: Execute script: MarkOverlayThunks 'pre' '3ab8'  (HeadlessAnalyzer)  
INFO  SCRIPT: C:\prog\jwcad\ghidra_scripts\MarkOverlayThunks.java (HeadlessAnalyzer)  
INFO  MarkOverlayThunks.java> cd 3f sites: 112 (GhidraScript)  
INFO  MarkOverlayThunks.java> overlay trap operands marked as data: 112 of 112 (GhidraScript)  
INFO  ANALYZING all memory and code: file:///C:/prog/jwcad/ovl/jw01.exe (HeadlessAnalyzer)  
ERROR Failed to create function at 28b3:0f86 since its body contains referring thunk at 28b3:0ee9 (CreateFunctionCmd)  
WARN  Decompiling 32b2:1528: Unable to read bytes at ram:0000:7be2 (DecompileCallback)  
WARN  Decompiling 1000:0a81, pcode error at 1000:0a6f: Unable to resolve constructor at 1000:0a6f (DecompileCallback)  
WARN  Decompiling 1000:0a81, pcode error at 1000:0a4b: Unable to resolve constructor at 1000:0a4b (DecompileCallback)  
WARN  Decompiling 1000:0a81, pcode error at 1000:0818: Unable to resolve constructor at 1000:0818 (DecompileCallback)  
WARN  Decompiling 32b2:0d40, pcode error at 3000:5054: Unable to resolve constructor at 3000:5054 (DecompileCallback)  
WARN  Decompiling 12c1:097e, pcode error at 1000:5097: Unable to resolve constructor at 1000:5097 (DecompileCallback)  
WARN  Decompiling 21f2:246e, pcode error at 2000:3158: Unable to resolve constructor at 2000:3158 (DecompileCallback)  
WARN  Decompiling 21f2:246e, pcode error at 2000:7191: Unable to resolve constructor at 2000:7191 (DecompileCallback)  
INFO  Packed database cache: C:\Users\yomei\AppData\Local\ghidra\packed-db-cache (PackedDatabaseCache)  
INFO  Applied data type archive: generic_clib (ApplyDataArchiveAnalyzer)  
INFO  -----------------------------------------------------
    ASCII Strings                              0.371 secs
    Apply Data Archives                        0.418 secs
    Call Convention ID                         0.003 secs
    Call-Fixup Installer                       0.019 secs
    Create Function                            0.636 secs
    Data Reference                             0.036 secs
    Decompiler Switch Analysis                26.553 secs
    Demangler GNU                              0.046 secs
    Disassemble                                2.986 secs
    Disassemble Entry Points                   0.176 secs
    Embedded Media                             0.017 secs
    External Entry References                  0.000 secs
    Function ID                                0.122 secs
    Function Start Search                      0.024 secs
    Non-Returning Functions - Discovered       0.642 secs
    Reference                                  0.047 secs
    Segmented X86 Calling Conventions          0.003 secs
    Shared Return Calls                        0.222 secs
    Stack                                      2.885 secs
    Subroutine References                      0.145 secs
    Subroutine References - One Time           0.000 secs
    X86 Function Callee Purge                  0.121 secs
    x86 Constant Reference Analyzer            1.857 secs
-----------------------------------------------------
     Total Time   37 secs
-----------------------------------------------------
 (AutoAnalysisManager)  
INFO  REPORT: Analysis succeeded for file: file:///C:/prog/jwcad/ovl/jw01.exe (HeadlessAnalyzer)  
INFO  REPORT: Execute script: MarkOverlayThunks 'post' '3ab8' 'C:\prog\jwcad\entries\01.txt' '1'  (HeadlessAnalyzer)  
INFO  SCRIPT: C:\prog\jwcad\ghidra_scripts\MarkOverlayThunks.java (HeadlessAnalyzer)  
INFO  MarkOverlayThunks.java> cd 3f sites: 112 (GhidraScript)  
INFO  MarkOverlayThunks.java> overlay traps given a fall-through: 112, references added: 1 (GhidraScript)  
INFO  MarkOverlayThunks.java> overlay entry points seeded: 2 (GhidraScript)  
INFO  REPORT: Execute script: DecompileAll 'C:\prog\jwcad\out\ovl01' '3ab8' '4375'  (HeadlessAnalyzer)  
INFO  SCRIPT: C:\prog\jwcad\ghidra_scripts\DecompileAll.java (HeadlessAnalyzer)  
WARN  Decompiling 3ab8:4fbd, pcode error at a000:d241: Could not follow disassembly flow into non-existing memory at a000:d241 (DecompileCallback)  
WARN  Decompiling 3ab8:533a, pcode error at 4000:fd98: Disassembly not permitted within uninitialized memory block (DecompileCallback)  
WARN  Decompiling 3ab8:533a, pcode error at 4000:feba: Disassembly not permitted within uninitialized memory block (DecompileCallback)  
WARN  Decompiling 3ab8:533a, pcode error at 4000:f8f4: Disassembly not permitted within uninitialized memory block (DecompileCallback)  
INFO  DecompileAll.java> decompiled 34 functions, 0 failed (GhidraScript)  
INFO  ANALYZING changes made by post scripts: file:///C:/prog/jwcad/ovl/jw01.exe (HeadlessAnalyzer)  
INFO  REPORT: Post-analysis succeeded for file: file:///C:/prog/jwcad/ovl/jw01.exe (HeadlessAnalyzer)  
INFO  /jw01.exe: file created (yomei) (LocalFileSystem)  
INFO  REPORT: Save succeeded for: /jw01.exe (ovl01:/jw01.exe) (HeadlessAnalyzer)  
INFO  REPORT: Import succeeded (HeadlessAnalyzer)  
