INFO  Using log config file: jar:file:/C:/prog/ghidra/ghidra_12.1.3_PUBLIC/Ghidra/Framework/Generic/lib/Generic.jar!/generic.log4j.xml (LoggingInitialization)  
INFO  Using log file: C:\Users\yomei\AppData\Roaming\ghidra\ghidra_12.1.3_PUBLIC\application.log (LoggingInitialization)  
INFO  Loading user preferences: C:\Users\yomei\AppData\Roaming\ghidra\ghidra_12.1.3_PUBLIC\preferences (Preferences)  
INFO  Searching for classes... (ClassSearcher)  
INFO  Class search complete (1020 ms) (ClassSearcher)  
INFO  Initializing SSL Context (DefaultSSLContextInitializer)  
INFO  Initializing Random Number Generator... (SecureRandomFactory)  
INFO  Random Number Generator initialization complete: SHA1PRNG (SecureRandomFactory)  
INFO  Trust manager disabled, cacerts have not been set (DefaultTrustManagerFactory)  
INFO  Headless startup complete (10245 ms) (AnalyzeHeadless)  
INFO  Class searcher loaded 59 extension points (20 false positives) (ClassSearcher)  
INFO  HEADLESS Script Paths:
    C:\prog\ghidra\ghidra_12.1.3_PUBLIC\Ghidra\Debug\Debugger-rmi-trace\ghidra_scripts
    C:\prog\ghidra\ghidra_12.1.3_PUBLIC\Ghidra\Features\FileFormats\ghidra_scripts
    C:\prog\ghidra\ghidra_12.1.3_PUBLIC\Ghidra\Features\GnuDemangler\ghidra_scripts
    C:\prog\ghidra\ghidra_12.1.3_PUBLIC\Ghidra\Features\VersionTracking\ghidra_scripts
    C:\prog\ghidra\ghidra_12.1.3_PUBLIC\Ghidra\Debug\Debugger\ghidra_scripts
    C:\prog\ghidra\ghidra_12.1.3_PUBLIC\Ghidra\Processors\8051\ghidra_scripts
    C:\prog\ghidra\ghidra_12.1.3_PUBLIC\Ghidra\Features\BSim\ghidra_scripts
    C:\prog\ghidra\ghidra_12.1.3_PUBLIC\Ghidra\Features\WildcardAssembler\ghidra_scripts
    C:\prog\ghidra\ghidra_12.1.3_PUBLIC\Ghidra\Features\FunctionID\ghidra_scripts
    C:\prog\ghidra\ghidra_12.1.3_PUBLIC\Ghidra\Features\SystemEmulation\ghidra_scripts
    C:\prog\ghidra\ghidra_12.1.3_PUBLIC\Ghidra\Processors\PIC\ghidra_scripts
    C:\prog\ghidra\ghidra_12.1.3_PUBLIC\Ghidra\Features\PDB\ghidra_scripts
    C:\prog\ghidra\ghidra_12.1.3_PUBLIC\Ghidra\Features\DecompilerDependent\ghidra_scripts
    C:\prog\ghidra\ghidra_12.1.3_PUBLIC\Ghidra\Features\SwiftDemangler\ghidra_scripts
    C:\prog\ghidra\ghidra_12.1.3_PUBLIC\Ghidra\Features\MicrosoftCodeAnalyzer\ghidra_scripts
    C:\prog\ghidra\ghidra_12.1.3_PUBLIC\Ghidra\Processors\DATA\ghidra_scripts
    C:\prog\ghidra\ghidra_12.1.3_PUBLIC\Ghidra\Features\Decompiler\ghidra_scripts
    C:\prog\ghidra\ghidra_12.1.3_PUBLIC\Ghidra\Features\BytePatterns\ghidra_scripts
    C:\prog\ghidra\ghidra_12.1.3_PUBLIC\Ghidra\Features\PyGhidra\ghidra_scripts
    C:\prog\ghidra\ghidra_12.1.3_PUBLIC\Ghidra\Processors\Atmel\ghidra_scripts
    C:\prog\ghidra\ghidra_12.1.3_PUBLIC\Ghidra\Features\Base\ghidra_scripts
    C:\prog\jwcad\ghidra_scripts
    C:\prog\ghidra\ghidra_12.1.3_PUBLIC\Ghidra\Processors\JVM\ghidra_scripts (HeadlessAnalyzer)  
INFO  HEADLESS: execution starts (HeadlessAnalyzer)  
INFO  Creating temporary project: C:\prog\jwcad\proj\ovl19 (HeadlessAnalyzer)  
INFO  Creating project: C:\prog\jwcad\proj\ovl19 (DefaultProject)  
INFO  REPORT: Processing input files:  (HeadlessAnalyzer)  
INFO       project: C:\prog\jwcad\proj\ovl19 (HeadlessAnalyzer)  
INFO  IMPORTING: file:///C:/prog/jwcad/ovl/jw19.exe (HeadlessAnalyzer)  
INFO  Using Loader: Old-style DOS Executable (MZ) (ProgramLoader)  
INFO  Using Language/Compiler: x86:LE:16:Real Mode:default (ProgramLoader)  
INFO  Using Library Search Path: [., C:\Windows\SysWOW64, C:\prog\ghidra\jdk21\bin, C:\Windows\Sun\Java\bin, C:\Windows\system32, C:\Windows, C:\Program Files\Python312\Scripts\, C:\Program Files\Python312\, C:\Windows\System32\Wbem, C:\Windows\System32\WindowsPowerShell\v1.0\, C:\Windows\System32\OpenSSH\, C:\Program Files\Amazon\AWSCLIV2\, C:\ProgramData\chocolatey\bin, C:\ffmpeg, C:\Users\yomei\AppData\Local\Microsoft\WindowsApps] (ProgramLoader)  
INFO  Additional info:
There were too many messages to display.
88 messages have been truncated.

Loading file:///C:/prog/jwcad/ovl/jw19.exe?MD5=5db8b81db25807afb5cc8d8b612661ca...
Failed to process relocation: 6570:0066 (Invalid index: 380502)
Failed to process relocation: 6570:0053 (Invalid index: 380483)
Failed to process relocation: 6570:0031 (Invalid index: 380449)
Failed to process relocation: 6570:0015 (Invalid index: 380421)
Failed to process relocation: 6570:0009 (Invalid index: 380409)
Failed to process relocation: 6570:0410 (Invalid index: 381440)
Failed to process relocation: 6570:0404 (Invalid index: 381428)
Failed to process relocation: 6570:03da (Invalid index: 381386)
Failed to process relocation: 6570:03b6 (Invalid index: 381350)
Failed to process relocation: 6570:03a9 (Invalid index: 381337)
Failed to process relocation: 6570:037c (Invalid index: 381292)
Failed to process relocation: 6570:0360 (Invalid index: 381264)
Failed to process relocation: 6570:033a (Invalid index: 381226)
Failed to process relocation: 6570:0333 (Invalid index: 381219)
Failed to process relocation: 6570:0313 (Invalid index: 381187)
Failed to process relocation: 6570:0305 (Invalid index: 381173)
Failed to process relocation: 6570:02f7 (Invalid index: 381159)
Failed to process relocation: 6570:02de (Invalid index: 381134)
Failed to process relocation: 6570:02b0 (Invalid index: 381088)
Failed to process relocation: 6570:0297 (Invalid index: 381063)
Failed to process relocation: 6570:0280 (Invalid index: 381040)
Failed to process relocation: 6570:0273 (Invalid index: 381027)
Failed to process relocation: 6570:0128 (Invalid index: 380696)
Failed to process relocation: 6570:007e (Invalid index: 380526)
Failed to process relocation: 6570:07ab (Invalid index: 382363)
Failed to process relocation: 6570:0755 (Invalid index: 382277)
Failed to process relocation: 6570:06ff (Invalid index: 382191)
Failed to process relocation: 6570:06de (Invalid index: 382158)
Failed to process relocation: 6570:06c8 (Invalid index: 382136)
Failed to process relocation: 6570:06a1 (Invalid index: 382097)
Failed to process relocation: 6570:068f (Invalid index: 382079)
Failed to process relocation: 6570:0671 (Invalid index: 382049)
Failed to process relocation: 6570:0653 (Invalid index: 382019)
Failed to process relocation: 6570:062f (Invalid index: 381983)
Failed to process relocation: 6570:0608 (Invalid index: 381944)
Failed to process relocation: 6570:05f6 (Invalid index: 381926)
Failed to process relocation: 6570:05d2 (Invalid index: 381890)
Failed to process relocation: 6570:05ae (Invalid index: 381854)
Failed to process relocation: 6570:058a (Invalid index: 381818)
Failed to process relocation: 6570:0579 (Invalid index: 381801)
Failed to process relocation: 6570:0560 (Invalid index: 381776)
Failed to process relocation: 6570:053f (Invalid index: 381743)
Failed to process relocation: 6570:052c (Invalid index: 381724)
Failed to process relocation: 6570:0513 (Invalid index: 381699)
Failed to process relocation: 6570:0505 (Invalid index: 381685)
Failed to process relocation: 6570:04f7 (Invalid index: 381671)
Failed to process relocation: 6570:04ed (Invalid index: 381661)
Failed to process relocation: 6570:04e1 (Invalid index: 381649)
Failed to process relocation: 6570:04c7 (Invalid index: 381623)
Failed to process relocation: 6570:04bb (Invalid index: 381611)
Failed to process relocation: 6570:04b0 (Invalid index: 381600)
Failed to process relocation: 6570:04a3 (Invalid index: 381587)
Failed to process relocation: 6570:0495 (Invalid index: 381573)
Failed to process relocation: 6570:0479 (Invalid index: 381545)
Failed to process relocation: 6570:045e (Invalid index: 381518)
Failed to process relocation: 6570:0441 (Invalid index: 381489)
Failed to process relocation: 6570:0b70 (Invalid index: 383328)
Failed to process relocation: 6570:0b53 (Invalid index: 383299)
Failed to process relocation: 6570:0b36 (Invalid index: 383270)
Failed to process relocation: 6570:0b19 (Invalid index: 383241)
Failed to process relocation: 6570:0afc (Invalid index: 383212)
Failed to process relocation: 6570:0adf (Invalid index: 383183)
Failed to process relocation: 6570:0ac2 (Invalid index: 383154)
Failed to process relocation: 6570:0a9e (Invalid index: 383118)
Failed to process relocation: 6570:0a7a (Invalid index: 383082)
Failed to process relocation: 6570:0a66 (Invalid index: 383062)
Failed to process relocation: 6570:0a03 (Invalid index: 382963)
Failed to process relocation: 6570:09c0 (Invalid index: 382896)
Failed to process relocation: 6570:0995 (Invalid index: 382853)
Failed to process relocation: 6570:0978 (Invalid index: 382824)
Failed to process relocation: 6570:095b (Invalid index: 382795)
Failed to process relocation: 6570:093e (Invalid index: 382766)
Failed to process relocation: 6570:0921 (Invalid index: 382737)
Failed to process relocation: 6570:08fe (Invalid index: 382702)
Failed to process relocation: 6570:08e1 (Invalid index: 382673)
Failed to process relocation: 6570:08c4 (Invalid index: 382644)
Failed to process relocation: 6570:08a0 (Invalid index: 382608)
Failed to process relocation: 6570:0883 (Invalid index: 382579)
Failed to process relocation: 6570:0866 (Invalid index: 382550)
Failed to process relocation: 6570:0852 (Invalid index: 382530)
Failed to process relocation: 6570:0800 (Invalid index: 382448)
Failed to process relocation: 6570:0dff (Invalid index: 383983)
Failed to process relocation: 6570:0dca (Invalid index: 383930)
Failed to process relocation: 6570:0d9a (Invalid index: 383882)
Failed to process relocation: 6570:0d88 (Invalid index: 383864)
Failed to process relocation: 6570:0d54 (Invalid index: 383812)
Failed to process relocation: 6570:0d40 (Invalid index: 383792)
Failed to process relocation: 6570:0d27 (Invalid index: 383767)
Failed to process relocation: 6570:0d04 (Invalid index: 383732)
Failed to process relocation: 6570:0ce1 (Invalid index: 383697)
Failed to process relocation: 6570:0cc4 (Invalid index: 383668)
Failed to process relocation: 6570:0ca7 (Invalid index: 383639)
Failed to process relocation: 6570:0c64 (Invalid index: 383572)
Failed to process relocation: 6570:0c21 (Invalid index: 383505)
Failed to process relocation: 6570:0bfd (Invalid index: 383469)
Failed to process relocation: 6570:0bdb (Invalid index: 383435)
Failed to process relocation: 6570:0bca (Invalid index: 383418)
Failed to process relocation: 6570:0bb1 (Invalid index: 383393)
Failed to process relocation: 6570:0b8d (Invalid index: 383357)
Failed to process relocation: 6570:115e (Invalid index: 384846)
Failed to process relocation: 6570:110b (Invalid index: 384763)
Failed to process relocation: 6570:10f9 (Invalid index: 384745)
Failed to process relocation: 6570:10e2 (Invalid index: 384722)
Failed to process relocation: 6570:10cf (Invalid index: 384703)
Failed to process relocation: 6570:10be (Invalid index: 384686)
Failed to process relocation: 6570:10b3 (Invalid index: 384675)
Failed to process relocation: 6570:109d (Invalid index: 384653)
Failed to process relocation: 6570:108e (Invalid index: 384638)
Failed to process relocation: 6570:1079 (Invalid index: 384617)
Failed to process relocation: 6570:105a (Invalid index: 384586)
Failed to process relocation: 6570:1039 (Invalid index: 384553)
Failed to process relocation: 6570:101d (Invalid index: 384525)
Failed to process relocation: 6570:1005 (Invalid index: 384501)
Failed to process relocation: 6570:0fed (Invalid index: 384477)
Failed to process relocation: 6570:0fdb (Invalid index: 384459)
Failed to process relocation: 6570:0fca (Invalid index: 384442)
Failed to process relocation: 6570:0fb9 (Invalid index: 384425)
Failed to process relocation: 6570:0f5b (Invalid index: 384331)
Failed to process relocation: 6570:0f17 (Invalid index: 384263)
Failed to process relocation: 6570:0f07 (Invalid index: 384247)
Failed to process relocation: 6570:0eeb (Invalid index: 384219)
Failed to process relocation: 6570:0eb4 (Invalid index: 384164)
Failed to process relocation: 6570:0e85 (Invalid index: 384117)
Failed to process relocation: 6570:14dd (Invalid index: 385741)
Failed to process relocation: 6570:14c5 (Invalid index: 385717)
Failed to process relocation: 6570:145a (Invalid index: 385610)
Failed to process relocation: 6570:144c (Invalid index: 385596)
Failed to process relocation: 6570:1434 (Invalid index: 385572)
Failed to process relocation: 6570:141c (Invalid index: 385548)
Failed to process relocation: 6570:1403 (Invalid index: 385523)
Failed to process relocation: 6570:1894 (Invalid index: 386692)
Failed to process relocation: 6570:1889 (Invalid index: 386681)
Failed to process relocation: 6570:1884 (Invalid index: 386676)
Failed to process relocation: 6570:187b (Invalid index: 386667)
Failed to process relocation: 6570:1862 (Invalid index: 386642)
Failed to process relocation: 6570:185d (Invalid index: 386637)
Failed to process relocation: 6570:1854 (Invalid index: 386628)
Failed to process relocation: 6570:1849 (Invalid index: 386617)
Failed to process relocation: 6570:1844 (Invalid index: 386612)
Failed to process relocation: 6570:183b (Invalid index: 386603)
Failed to process relocation: 6570:1832 (Invalid index: 386594)
Failed to process relocation: 6570:1829 (Invalid index: 386585)
Failed to process relocation: 6570:1810 (Invalid index: 386560)
Failed to process relocation: 6570:180b (Invalid index: 386555)
Failed to process relocation: 6570:1802 (Invalid index: 386546)
Failed to process relocation: 6570:17f7 (Invalid index: 386535)
Failed to process relocation: 6570:17f2 (Invalid index: 386530)
Failed to process relocation: 6570:17e9 (Invalid index: 386521)
Failed to process relocation: 6570:17e0 (Invalid index: 386512)
Failed to process relocation: 6570:17d7 (Invalid index: 386503)
Failed to process relocation: 6570:17ce (Invalid index: 386494)
Failed to process relocation: 6570:17a8 (Invalid index: 386456)
Failed to process relocation: 6570:17a3 (Invalid index: 386451)
Failed to process relocation: 6570:179e (Invalid index: 386446)
Failed to process relocation: 6570:1793 (Invalid index: 386435)
Failed to process relocation: 6570:172f (Invalid index: 386335)
Failed to process relocation: 6570:1728 (Invalid index: 386328)
Failed to process relocation: 6570:1717 (Invalid index: 386311)
Failed to process relocation: 6570:1701 (Invalid index: 386289)
Failed to process relocation: 6570:16f4 (Invalid index: 386276)
Failed to process relocation: 6570:16cf (Invalid index: 386239)
Failed to process relocation: 6570:1699 (Invalid index: 386185)
Failed to process relocation: 6570:1694 (Invalid index: 386180)
Failed to process relocation: 6570:168f (Invalid index: 386175)
Failed to process relocation: 6570:1680 (Invalid index: 386160)
Failed to process relocation: 6570:166d (Invalid index: 386141)
Failed to process relocation: 6570:1660 (Invalid index: 386128)
Failed to process relocation: 6570:1654 (Invalid index: 386116)
Failed to process relocation: 6570:1635 (Invalid index: 386085)
Failed to process relocation: 6570:1622 (Invalid index: 386066)
Failed to process relocation: 6570:1613 (Invalid index: 386051)
Failed to process relocation: 6570:1606 (Invalid index: 386038)
Failed to process relocation: 6570:15ff (Invalid index: 386031)
Failed to process relocation: 6570:15e3 (Invalid index: 386003)
Failed to process relocation: 6570:15a8 (Invalid index: 385944)
Failed to process relocation: 6570:15a1 (Invalid index: 385937)
Failed to process relocation: 6570:1557 (Invalid index: 385863)
Failed to process relocation: 6570:1547 (Invalid index: 385847)
Failed to process relocation: 6570:1537 (Invalid index: 385831)
Failed to process relocation: 6570:1527 (Invalid index: 385815)
Failed to process relocation: 6570:1517 (Invalid index: 385799)
Failed to process relocation: 6570:1508 (Invalid index: 385784)
Failed to process relocation: 6570:14f0 (Invalid index: 385760)
Failed to process relocation: 6570:1c16 (Invalid index: 387590)
Failed to process relocation: 6570:1bd6 (Invalid index: 387526)
Failed to process relocation: 6570:1b75 (Invalid index: 387429)
Failed to process relocation: 6570:1b6b (Invalid index: 387419)
Failed to process relocation: 6570:1b66 (Invalid index: 387414)
Failed to process relocation: 6570:1b42 (Invalid index: 387378)
Failed to process relocation: 6570:1b38 (Invalid index: 387368)
Failed to process relocation: 6570:1b33 (Invalid index: 387363)
Failed to process relocation: 6570:1b28 (Invalid index: 387352)
Failed to process relocation: 6570:1b1a (Invalid index: 387338)
Failed to process relocation: 6570:1b05 (Invalid index: 387317)
Failed to process relocation: 6570:1ad0 (Invalid index: 387264)
Failed to process relocation: 6570:1ac2 (Invalid index: 387250)
Failed to process relocation: 6570:1aaf (Invalid index: 387231)
Failed to process relocation: 6570:1aaa (Invalid index: 387226)
Failed to process relocation: 6570:1aa1 (Invalid index: 387217)
Failed to process relocation: 6570:1a95 (Invalid index: 387205)
Failed to process relocation: 6570:1a82 (Invalid index: 387186)
Failed to process relocation: 6570:1a7d (Invalid index: 387181)
Failed to process relocation: 6570:1a73 (Invalid index: 387171)
Failed to process relocation: 6570:1a6e (Invalid index: 387166)
Failed to process relocation: 6570:1a65 (Invalid index: 387157)
Failed to process relocation: 6570:1a5b (Invalid index: 387147)
Failed to process relocation: 6570:1a56 (Invalid index: 387142)
Failed to process relocation: 6570:1a4d (Invalid index: 387133)
Failed to process relocation: 6570:1a43 (Invalid index: 387123)
Failed to process relocation: 6570:1a3e (Invalid index: 387118)
Failed to process relocation: 6570:1a35 (Invalid index: 387109)
Failed to process relocation: 6570:1a2b (Invalid index: 387099)
Failed to process relocation: 6570:1a26 (Invalid index: 387094)
Failed to process relocation: 6570:1a19 (Invalid index: 387081)
Failed to process relocation: 6570:1a0b (Invalid index: 387067)
Failed to process relocation: 6570:1a02 (Invalid index: 387058)
Failed to process relocation: 6570:19f9 (Invalid index: 387049)
Failed to process relocation: 6570:19f0 (Invalid index: 387040)
Failed to process relocation: 6570:19e7 (Invalid index: 387031)
Failed to process relocation: 6570:19de (Invalid index: 387022)
Failed to process relocation: 6570:19d5 (Invalid index: 387013)
Failed to process relocation: 6570:19cc (Invalid index: 387004)
Failed to process relocation: 6570:19c3 (Invalid index: 386995)
Failed to process relocation: 6570:19ba (Invalid index: 386986)
Failed to process relocation: 6570:19b1 (Invalid index: 386977)
Failed to process relocation: 6570:19a8 (Invalid index: 386968)
Failed to process relocation: 6570:1996 (Invalid index: 386950)
Failed to process relocation: 6570:197b (Invalid index: 386923)
Failed to process relocation: 6570:1976 (Invalid index: 386918)
Failed to process relocation: 6570:196d (Invalid index: 386909)
Failed to process relocation: 6570:1962 (Invalid index: 386898)
Failed to process relocation: 6570:195d (Invalid index: 386893)
Failed to process relocation: 6570:1954 (Invalid index: 386884)
Failed to process relocation: 6570:194b (Invalid index: 386875)
Failed to process relocation: 6570:1942 (Invalid index: 386866)
Failed to process relocation: 6570:1939 (Invalid index: 386857)
Failed to process relocation: 6570:1930 (Invalid index: 386848)
Failed to process relocation: 6570:1927 (Invalid index: 386839)
Failed to process relocation: 6570:191f (Invalid index: 386831)
Failed to process relocation: 6570:1916 (Invalid index: 386822)
Failed to process relocation: 6570:190d (Invalid index: 386813)
Failed to process relocation: 6570:1904 (Invalid index: 386804)
Failed to process relocation: 6570:18fb (Invalid index: 386795)
Failed to process relocation: 6570:18e2 (Invalid index: 386770)
Failed to process relocation: 6570:18dd (Invalid index: 386765)
Failed to process relocation: 6570:18d4 (Invalid index: 386756)
Failed to process relocation: 6570:18c9 (Invalid index: 386745)
Failed to process relocation: 6570:18c4 (Invalid index: 386740)
Failed to process relocation: 6570:18bb (Invalid index: 386731)
Failed to process relocation: 6570:18a2 (Invalid index: 386706)
Failed to process relocation: 6570:189d (Invalid index: 386701)
Failed to process relocation: 6570:1ff8 (Invalid index: 388584)
Failed to process relocation: 6570:1fee (Invalid index: 388574)
Failed to process relocation: 6570:1fe9 (Invalid index: 388569)
Failed to process relocation: 6570:1fe0 (Invalid index: 388560)
Failed to process relocation: 6570:1fd6 (Invalid index: 388550)
Failed to process relocation: 6570:1fd1 (Invalid index: 388545)
Failed to process relocation: 6570:1fc4 (Invalid index: 388532)
Failed to process relocation: 6570:1f9c (Invalid index: 388492)
Failed to process relocation: 6570:1f7f (Invalid index: 388463)
Failed to process relocation: 6570:1f6f (Invalid index: 388447)
Failed to process relocation: 6570:1f5f (Invalid index: 388431)
Failed to process relocation: 6570:1f03 (Invalid index: 388339)
Failed to process relocation: 6570:1efe (Invalid index: 388334)
Failed to process relocation: 6570:1ef5 (Invalid index: 388325)
Failed to process relocation: 6570:1eeb (Invalid index: 388315)
Failed to process relocation: 6570:1ee6 (Invalid index: 388310)
Failed to process relocation: 6570:1edd (Invalid index: 388301)
Failed to process relocation: 6570:1ecb (Invalid index: 388283)
Failed to process relocation: 6570:1e9f (Invalid index: 388239)
Failed to process relocation: 6570:1e74 (Invalid index: 388196)
Failed to process relocation: 6570:1e6e (Invalid index: 388190)
Failed to process relocation: 6570:1e64 (Invalid index: 388180)
Failed to process relocation: 6570:1e46 (Invalid index: 388150)
Failed to process relocation: 6570:1e28 (Invalid index: 388120)
Failed to process relocation: 6570:1e1f (Invalid index: 388111)
Failed to process relocation: 6570:1e06 (Invalid index: 388086)
Failed to process relocation: 6570:1dfd (Invalid index: 388077)
Failed to process relocation: 6570:1df4 (Invalid index: 388068)
Failed to process relocation: 6570:1deb (Invalid index: 388059)
Failed to process relocation: 6570:1de2 (Invalid index: 388050)
Failed to process relocation: 6570:1dd9 (Invalid index: 388041)
Failed to process relocation: 6570:1da8 (Invalid index: 387992)
Failed to process relocation: 6570:1d9e (Invalid index: 387982)
Failed to process relocation: 6570:1d99 (Invalid index: 387977)
Failed to process relocation: 6570:1d90 (Invalid index: 387968)
Failed to process relocation: 6570:1d86 (Invalid index: 387958)
Failed to process relocation: 6570:1d81 (Invalid index: 387953)
Failed to process relocation: 6570:1d78 (Invalid index: 387944)
Failed to process relocation: 6570:1d5f (Invalid index: 387919)
Failed to process relocation: 6570:1d57 (Invalid index: 387911)
Failed to process relocation: 6570:1d24 (Invalid index: 387860)
Failed to process relocation: 6570:1cf1 (Invalid index: 387809)
Failed to process relocation: 6570:1cbe (Invalid index: 387758)
Failed to process relocation: 6570:1c5f (Invalid index: 387663)
Failed to process relocation: 6570:1c57 (Invalid index: 387655)
Failed to process relocation: 6570:2366 (Invalid index: 389462)
Failed to process relocation: 6570:2361 (Invalid index: 389457)
Failed to process relocation: 6570:231a (Invalid index: 389386)
Failed to process relocation: 6570:22d4 (Invalid index: 389316)
Failed to process relocation: 6570:22c6 (Invalid index: 389302)
Failed to process relocation: 6570:22b8 (Invalid index: 389288)
Failed to process relocation: 6570:22aa (Invalid index: 389274)
Failed to process relocation: 6570:229c (Invalid index: 389260)
Failed to process relocation: 6570:2284 (Invalid index: 389236)
Failed to process relocation: 6570:2276 (Invalid index: 389222)
Failed to process relocation: 6570:2268 (Invalid index: 389208)
Failed to process relocation: 6570:225a (Invalid index: 389194)
Failed to process relocation: 6570:224c (Invalid index: 389180)
Failed to process relocation: 6570:223d (Invalid index: 389165)
Failed to process relocation: 6570:2238 (Invalid index: 389160)
Failed to process relocation: 6570:222e (Invalid index: 389150)
Failed to process relocation: 6570:2229 (Invalid index: 389145)
Failed to process relocation: 6570:2220 (Invalid index: 389136)
Failed to process relocation: 6570:2216 (Invalid index: 389126)
Failed to process relocation: 6570:2211 (Invalid index: 389121)
Failed to process relocation: 6570:2208 (Invalid index: 389112)
Failed to process relocation: 6570:21fe (Invalid index: 389102)
Failed to process relocation: 6570:21f9 (Invalid index: 389097)
Failed to process relocation: 6570:21f0 (Invalid index: 389088)
Failed to process relocation: 6570:21e6 (Invalid index: 389078)
Failed to process relocation: 6570:21e1 (Invalid index: 389073)
Failed to process relocation: 6570:21c1 (Invalid index: 389041)
Failed to process relocation: 6570:219c (Invalid index: 389004)
Failed to process relocation: 6570:217f (Invalid index: 388975)
Failed to process relocation: 6570:216a (Invalid index: 388954)
Failed to process relocation: 6570:215c (Invalid index: 388940)
Failed to process relocation: 6570:214e (Invalid index: 388926)
Failed to process relocation: 6570:20fa (Invalid index: 388842)
Failed to process relocation: 6570:20b6 (Invalid index: 388774)
Failed to process relocation: 6570:2099 (Invalid index: 388745)
Failed to process relocation: 6570:2089 (Invalid index: 388729)
Failed to process relocation: 6570:207b (Invalid index: 388715)
Failed to process relocation: 6570:203c (Invalid index: 388652)
Failed to process relocation: 6570:202d (Invalid index: 388637)
Failed to process relocation: 6570:2028 (Invalid index: 388632)
Failed to process relocation: 6570:201e (Invalid index: 388622)
Failed to process relocation: 6570:2019 (Invalid index: 388617)
Failed to process relocation: 6570:2010 (Invalid index: 388608)
Failed to process relocation: 6570:2006 (Invalid index: 388598)
Failed to process relocation: 6570:2001 (Invalid index: 388593)
Failed to process relocation: 6570:275c (Invalid index: 390476)
Failed to process relocation: 6570:2728 (Invalid index: 390424)
Failed to process relocation: 6570:271f (Invalid index: 390415)
Failed to process relocation: 6570:2716 (Invalid index: 390406)
Failed to process relocation: 6570:270e (Invalid index: 390398)
Failed to process relocation: 6570:2705 (Invalid index: 390389)
Failed to process relocation: 6570:26fc (Invalid index: 390380)
Failed to process relocation: 6570:26f3 (Invalid index: 390371)
Failed to process relocation: 6570:26ea (Invalid index: 390362)
Failed to process relocation: 6570:26e1 (Invalid index: 390353)
Failed to process relocation: 6570:26dc (Invalid index: 390348)
Failed to process relocation: 6570:26d3 (Invalid index: 390339)
Failed to process relocation: 6570:26cb (Invalid index: 390331)
Failed to process relocation: 6570:26c2 (Invalid index: 390322)
Failed to process relocation: 6570:26b9 (Invalid index: 390313)
Failed to process relocation: 6570:26b0 (Invalid index: 390304)
Failed to process relocation: 6570:26a7 (Invalid index: 390295)
Failed to process relocation: 6570:269e (Invalid index: 390286)
Failed to process relocation: 6570:2695 (Invalid index: 390277)
Failed to process relocation: 6570:268c (Invalid index: 390268)
Failed to process relocation: 6570:2683 (Invalid index: 390259)
Failed to process relocation: 6570:267a (Invalid index: 390250)
Failed to process relocation: 6570:2671 (Invalid index: 390241)
Failed to process relocation: 6570:2668 (Invalid index: 390232)
Failed to process relocation: 6570:265f (Invalid index: 390223)
Failed to process relocation: 6570:2656 (Invalid index: 390214)
Failed to process relocation: 6570:2645 (Invalid index: 390197)
Failed to process relocation: 6570:2630 (Invalid index: 390176)
Failed to process relocation: 6570:2621 (Invalid index: 390161)
Failed to process relocation: 6570:2613 (Invalid index: 390147)
Failed to process relocation: 6570:2608 (Invalid index: 390136)
Failed to process relocation: 6570:25ef (Invalid index: 390111)
Failed to process relocation: 6570:25b8 (Invalid index: 390056)
Failed to process relocation: 6570:25a5 (Invalid index: 390037)
Failed to process relocation: 6570:259c (Invalid index: 390028)
Failed to process relocation: 6570:258e (Invalid index: 390014)
Failed to process relocation: 6570:2589 (Invalid index: 390009)
Failed to process relocation: 6570:257f (Invalid index: 389999)
Failed to process relocation: 6570:257a (Invalid index: 389994)
Failed to process relocation: 6570:2571 (Invalid index: 389985)
Failed to process relocation: 6570:2567 (Invalid index: 389975)
Failed to process relocation: 6570:2562 (Invalid index: 389970)
Failed to process relocation: 6570:2559 (Invalid index: 389961)
Failed to process relocation: 6570:254f (Invalid index: 389951)
Failed to process relocation: 6570:254a (Invalid index: 389946)
Failed to process relocation: 6570:2541 (Invalid index: 389937)
Failed to process relocation: 6570:2537 (Invalid index: 389927)
Failed to process relocation: 6570:2532 (Invalid index: 389922)
Failed to process relocation: 6570:2525 (Invalid index: 389909)
Failed to process relocation: 6570:24dc (Invalid index: 389836)
Failed to process relocation: 6570:24d3 (Invalid index: 389827)
Failed to process relocation: 6570:24ca (Invalid index: 389818)
Failed to process relocation: 6570:24c1 (Invalid index: 389809)
Failed to process relocation: 6570:24b8 (Invalid index: 389800)
Failed to process relocation: 6570:24af (Invalid index: 389791)
Failed to process relocation: 6570:2479 (Invalid index: 389737)
Failed to process relocation: 6570:246f (Invalid index: 389727)
Failed to process relocation: 6570:246a (Invalid index: 389722)
Failed to process relocation: 6570:2461 (Invalid index: 389713)
Failed to process relocation: 6570:2457 (Invalid index: 389703)
Failed to process relocation: 6570:2452 (Invalid index: 389698)
Failed to process relocation: 6570:2449 (Invalid index: 389689)
Failed to process relocation: 6570:23f0 (Invalid index: 389600)
Failed to process relocation: 6570:2af8 (Invalid index: 391400)
Failed to process relocation: 6570:2ae7 (Invalid index: 391383)
Failed to process relocation: 6570:2a35 (Invalid index: 391205)
Failed to process relocation: 6570:2a24 (Invalid index: 391188)
Failed to process relocation: 6570:2a1e (Invalid index: 391182)
Failed to process relocation: 6570:29fd (Invalid index: 391149)
Failed to process relocation: 6570:29e6 (Invalid index: 391126)
Failed to process relocation: 6570:29e1 (Invalid index: 391121)
Failed to process relocation: 6570:29bd (Invalid index: 391085)
Failed to process relocation: 6570:29b2 (Invalid index: 391074)
Failed to process relocation: 6570:2927 (Invalid index: 390935)
Failed to process relocation: 6570:2916 (Invalid index: 390918)
Failed to process relocation: 6570:2848 (Invalid index: 390712)
Failed to process relocation: 6570:283f (Invalid index: 390703)
Failed to process relocation: 6570:2836 (Invalid index: 390694)
Failed to process relocation: 6570:282e (Invalid index: 390686)
Failed to process relocation: 6570:2825 (Invalid index: 390677)
Failed to process relocation: 6570:281c (Invalid index: 390668)
Failed to process relocation: 6570:27e8 (Invalid index: 390616)
Failed to process relocation: 6570:27df (Invalid index: 390607)
Failed to process relocation: 6570:27d6 (Invalid index: 390598)
Failed to process relocation: 6570:27ce (Invalid index: 390590)
Failed to process relocation: 6570:27c5 (Invalid index: 390581)
Failed to process relocation: 6570:27bc (Invalid index: 390572)
Failed to process relocation: 6570:2788 (Invalid index: 390520)
Failed to process relocation: 6570:277f (Invalid index: 390511)
Failed to process relocation: 6570:2776 (Invalid index: 390502)
Failed to process relocation: 6570:276e (Invalid index: 390494)
Failed to process relocation: 6570:2765 (Invalid index: 390485)
Failed to process relocation: 6570:2ec2 (Invalid index: 392370)
Failed to process relocation: 6570:2ebc (Invalid index: 392364)
Failed to process relocation: 6570:2eb4 (Invalid index: 392356)
Failed to process relocation: 6570:2e40 (Invalid index: 392240)
Failed to process relocation: 6570:2e33 (Invalid index: 392227)
Failed to process relocation: 6570:2e0f (Invalid index: 392191)
Failed to process relocation: 6570:2e04 (Invalid index: 392180)
Failed to process relocation: 6570:2d97 (Invalid index: 392071)
Failed to process relocation: 6570:2d87 (Invalid index: 392055)
Failed to process relocation: 6570:2d07 (Invalid index: 391927)
Failed to process relocation: 6570:2cef (Invalid index: 391903)
Failed to process relocation: 6570:2ce9 (Invalid index: 391897)
Failed to process relocation: 6570:2ce1 (Invalid index: 391889)
Failed to process relocation: 6570:2c9e (Invalid index: 391822)
Failed to process relocation: 6570:2c99 (Invalid index: 391817)
Failed to process relocation: 6570:2c8f (Invalid index: 391807)
Failed to process relocation: 6570:2c8a (Invalid index: 391802)
Failed to process relocation: 6570:2c81 (Invalid index: 391793)
Failed to process relocation: 6570:2c77 (Invalid index: 391783)
Failed to process relocation: 6570:2c72 (Invalid index: 391778)
Failed to process relocation: 6570:2c69 (Invalid index: 391769)
Failed to process relocation: 6570:2c5f (Invalid index: 391759)
Failed to process relocation: 6570:2c5a (Invalid index: 391754)
Failed to process relocation: 6570:2c51 (Invalid index: 391745)
Failed to process relocation: 6570:2c47 (Invalid index: 391735)
Failed to process relocation: 6570:2c42 (Invalid index: 391730)
Failed to process relocation: 6570:2c35 (Invalid index: 391717)
Failed to process relocation: 6570:2c2f (Invalid index: 391711)
Failed to process relocation: 6570:2c27 (Invalid index: 391703)
Failed to process relocation: 6570:2bc0 (Invalid index: 391600)
Failed to process relocation: 6570:2bb3 (Invalid index: 391587)
Failed to process relocation: 6570:2b8f (Invalid index: 391551)
Failed to process relocation: 6570:2b84 (Invalid index: 391540)
Failed to process relocation: 6570:3205 (Invalid index: 393205)
Failed to process relocation: 6570:31c8 (Invalid index: 393144)
Failed to process relocation: 6570:31c2 (Invalid index: 393138)
Failed to process relocation: 6570:3118 (Invalid index: 392968)
Failed to process relocation: 6570:30c4 (Invalid index: 392884)
Failed to process relocation: 6570:3029 (Invalid index: 392729)
Failed to process relocation: 6570:301e (Invalid index: 392718)
Failed to process relocation: 6570:2fda (Invalid index: 392650)
Failed to process relocation: 6570:2fd4 (Invalid index: 392644)
Failed to process relocation: 6570:2fcc (Invalid index: 392636)
Failed to process relocation: 6570:2f54 (Invalid index: 392516)
Failed to process relocation: 6570:2f2b (Invalid index: 392475)
Failed to process relocation: 6570:2f26 (Invalid index: 392470)
Failed to process relocation: 6570:2f1c (Invalid index: 392460)
Failed to process relocation: 6570:2f17 (Invalid index: 392455)
Failed to process relocation: 6570:2f0e (Invalid index: 392446)
Failed to process relocation: 6570:2f04 (Invalid index: 392436)
Failed to process relocation: 6570:2eff (Invalid index: 392431)
Failed to process relocation: 6570:2ef6 (Invalid index: 392422)
Failed to process relocation: 6570:2eec (Invalid index: 392412)
Failed to process relocation: 6570:2ee7 (Invalid index: 392407)
Failed to process relocation: 6570:2ede (Invalid index: 392398)
Failed to process relocation: 6570:2ed4 (Invalid index: 392388)
Failed to process relocation: 6570:2ecf (Invalid index: 392383)
Failed to process relocation: 6570:35d2 (Invalid index: 394178)
Failed to process relocation: 6570:3575 (Invalid index: 394085)
Failed to process relocation: 6570:355e (Invalid index: 394062)
Failed to process relocation: 6570:3557 (Invalid index: 394055)
Failed to process relocation: 6570:3530 (Invalid index: 394016)
Failed to process relocation: 6570:34ff (Invalid index: 393967)
Failed to process relocation: 6570:34d7 (Invalid index: 393927)
Failed to process relocation: 6570:34bf (Invalid index: 393903)
Failed to process relocation: 6570:34b8 (Invalid index: 393896)
 (ProgramLoader)  
INFO  IMPORTING: Loaded 0 additional files (HeadlessAnalyzer)  
INFO  REPORT: Execute script: MarkOverlayThunks 'pre' '3ab8'  (HeadlessAnalyzer)  
INFO  SCRIPT: C:\prog\jwcad\ghidra_scripts\MarkOverlayThunks.java (HeadlessAnalyzer)  
INFO  MarkOverlayThunks.java> cd 3f sites: 124 (GhidraScript)  
INFO  MarkOverlayThunks.java> overlay trap operands marked as data: 124 of 124 (GhidraScript)  
INFO  ANALYZING all memory and code: file:///C:/prog/jwcad/ovl/jw19.exe (HeadlessAnalyzer)  
ERROR Failed to create function at 28b3:0f86 since its body contains referring thunk at 28b3:0ee9 (CreateFunctionCmd)  
WARN  Decompiling 12c1:097e, pcode error at 1000:5097: Unable to resolve constructor at 1000:5097 (DecompileCallback)  
WARN  Decompiling 32b2:1528: Unable to read bytes at ram:0000:7be2 (DecompileCallback)  
WARN  Decompiling 32b2:0d40, pcode error at 3000:5054: Unable to resolve constructor at 3000:5054 (DecompileCallback)  
WARN  Decompiling 1000:0a81, pcode error at 1000:0a6f: Unable to resolve constructor at 1000:0a6f (DecompileCallback)  
WARN  Decompiling 1000:0a81, pcode error at 1000:0a4b: Unable to resolve constructor at 1000:0a4b (DecompileCallback)  
WARN  Decompiling 1000:0a81, pcode error at 1000:0818: Unable to resolve constructor at 1000:0818 (DecompileCallback)  
WARN  Decompiling 32b2:0d40, pcode error at 4000:39c2: Failed to resolve varnode <Sreg>, index=6 (DecompileCallback)  
WARN  Decompiling 32b2:0d40, pcode error at 4000:3a30: Failed to resolve varnode <Sreg>, index=6 (DecompileCallback)  
WARN  Decompiling 21f2:246e, pcode error at 2000:3158: Unable to resolve constructor at 2000:3158 (DecompileCallback)  
WARN  Decompiling 21f2:246e, pcode error at 2000:7191: Unable to resolve constructor at 2000:7191 (DecompileCallback)  
INFO  Packed database cache: C:\Users\yomei\AppData\Local\ghidra\packed-db-cache (PackedDatabaseCache)  
INFO  Applied data type archive: generic_clib (ApplyDataArchiveAnalyzer)  
INFO  -----------------------------------------------------
    ASCII Strings                              0.322 secs
    Apply Data Archives                        0.727 secs
    Call Convention ID                         0.005 secs
    Call-Fixup Installer                       0.017 secs
    Create Function                            0.425 secs
    Data Reference                             0.062 secs
    Decompiler Switch Analysis                27.723 secs
    Demangler GNU                              0.060 secs
    Disassemble                                2.014 secs
    Disassemble Entry Points                   0.175 secs
    Embedded Media                             0.017 secs
    External Entry References                  0.001 secs
    Function ID                                0.139 secs
    Function Start Search                      0.018 secs
    Non-Returning Functions - Discovered       0.411 secs
    Reference                                  0.053 secs
    Segmented X86 Calling Conventions          0.002 secs
    Shared Return Calls                        0.190 secs
    Stack                                      2.578 secs
    Subroutine References                      0.119 secs
    Subroutine References - One Time           0.000 secs
    X86 Function Callee Purge                  0.157 secs
    x86 Constant Reference Analyzer            2.329 secs
-----------------------------------------------------
     Total Time   37 secs
-----------------------------------------------------
 (AutoAnalysisManager)  
INFO  REPORT: Analysis succeeded for file: file:///C:/prog/jwcad/ovl/jw19.exe (HeadlessAnalyzer)  
INFO  REPORT: Execute script: MarkOverlayThunks 'post' '3ab8' 'C:\prog\jwcad\entries\19.txt' '19'  (HeadlessAnalyzer)  
INFO  SCRIPT: C:\prog\jwcad\ghidra_scripts\MarkOverlayThunks.java (HeadlessAnalyzer)  
INFO  MarkOverlayThunks.java> cd 3f sites: 124 (GhidraScript)  
INFO  MarkOverlayThunks.java> overlay traps given a fall-through: 124, references added: 0 (GhidraScript)  
INFO  MarkOverlayThunks.java> overlay entry points seeded: 2 (GhidraScript)  
INFO  REPORT: Execute script: DecompileAll 'C:\prog\jwcad\out\ovl19' '3ab8' '4375'  (HeadlessAnalyzer)  
INFO  SCRIPT: C:\prog\jwcad\ghidra_scripts\DecompileAll.java (HeadlessAnalyzer)  
WARN  Decompiling 3ab8:4c91, pcode error at 4000:39c2: Failed to resolve varnode <Sreg>, index=6 (DecompileCallback)  
WARN  Decompiling 3ab8:4c91, pcode error at 4000:3a30: Failed to resolve varnode <Sreg>, index=6 (DecompileCallback)  
WARN  Decompiling 3ab8:4fbd, pcode error at 4000:39c2: Failed to resolve varnode <Sreg>, index=6 (DecompileCallback)  
WARN  Decompiling 3ab8:4fbd, pcode error at 4000:3a30: Failed to resolve varnode <Sreg>, index=6 (DecompileCallback)  
WARN  Decompiling 3ab8:5089, pcode error at 4000:39c2: Failed to resolve varnode <Sreg>, index=6 (DecompileCallback)  
WARN  Decompiling 3ab8:5089, pcode error at 4000:3a30: Failed to resolve varnode <Sreg>, index=6 (DecompileCallback)  
WARN  Decompiling 3ab8:517f, pcode error at 4000:39c2: Failed to resolve varnode <Sreg>, index=6 (DecompileCallback)  
WARN  Decompiling 3ab8:517f, pcode error at 4000:3a30: Failed to resolve varnode <Sreg>, index=6 (DecompileCallback)  
WARN  Decompiling 3ab8:522f, pcode error at 4000:39c2: Failed to resolve varnode <Sreg>, index=6 (DecompileCallback)  
WARN  Decompiling 3ab8:522f, pcode error at 4000:3a30: Failed to resolve varnode <Sreg>, index=6 (DecompileCallback)  
INFO  DecompileAll.java> decompiled 22 functions, 0 failed (GhidraScript)  
INFO  ANALYZING changes made by post scripts: file:///C:/prog/jwcad/ovl/jw19.exe (HeadlessAnalyzer)  
INFO  REPORT: Post-analysis succeeded for file: file:///C:/prog/jwcad/ovl/jw19.exe (HeadlessAnalyzer)  
INFO  /jw19.exe: file created (yomei) (LocalFileSystem)  
INFO  REPORT: Save succeeded for: /jw19.exe (ovl19:/jw19.exe) (HeadlessAnalyzer)  
INFO  REPORT: Import succeeded (HeadlessAnalyzer)  
