INFO  Using log config file: jar:file:/C:/prog/ghidra/ghidra_12.1.3_PUBLIC/Ghidra/Framework/Generic/lib/Generic.jar!/generic.log4j.xml (LoggingInitialization)  
INFO  Using log file: C:\Users\yomei\AppData\Roaming\ghidra\ghidra_12.1.3_PUBLIC\application.log (LoggingInitialization)  
INFO  Loading user preferences: C:\Users\yomei\AppData\Roaming\ghidra\ghidra_12.1.3_PUBLIC\preferences (Preferences)  
INFO  Searching for classes... (ClassSearcher)  
INFO  Class search complete (1032 ms) (ClassSearcher)  
INFO  Initializing SSL Context (DefaultSSLContextInitializer)  
INFO  Initializing Random Number Generator... (SecureRandomFactory)  
INFO  Random Number Generator initialization complete: SHA1PRNG (SecureRandomFactory)  
INFO  Trust manager disabled, cacerts have not been set (DefaultTrustManagerFactory)  
INFO  Headless startup complete (9788 ms) (AnalyzeHeadless)  
INFO  Class searcher loaded 59 extension points (20 false positives) (ClassSearcher)  
INFO  HEADLESS Script Paths:
    C:\prog\ghidra\ghidra_12.1.3_PUBLIC\Ghidra\Debug\Debugger-rmi-trace\ghidra_scripts
    C:\prog\ghidra\ghidra_12.1.3_PUBLIC\Ghidra\Features\FileFormats\ghidra_scripts
    C:\prog\ghidra\ghidra_12.1.3_PUBLIC\Ghidra\Features\GnuDemangler\ghidra_scripts
    C:\prog\ghidra\ghidra_12.1.3_PUBLIC\Ghidra\Features\VersionTracking\ghidra_scripts
    C:\prog\ghidra\ghidra_12.1.3_PUBLIC\Ghidra\Debug\Debugger\ghidra_scripts
    C:\prog\ghidra\ghidra_12.1.3_PUBLIC\Ghidra\Processors\8051\ghidra_scripts
    C:\prog\ghidra\ghidra_12.1.3_PUBLIC\Ghidra\Features\BSim\ghidra_scripts
    C:\prog\ghidra\ghidra_12.1.3_PUBLIC\Ghidra\Features\WildcardAssembler\ghidra_scripts
    C:\prog\ghidra\ghidra_12.1.3_PUBLIC\Ghidra\Features\FunctionID\ghidra_scripts
    C:\prog\ghidra\ghidra_12.1.3_PUBLIC\Ghidra\Features\SystemEmulation\ghidra_scripts
    C:\prog\ghidra\ghidra_12.1.3_PUBLIC\Ghidra\Processors\PIC\ghidra_scripts
    C:\prog\ghidra\ghidra_12.1.3_PUBLIC\Ghidra\Features\PDB\ghidra_scripts
    C:\prog\ghidra\ghidra_12.1.3_PUBLIC\Ghidra\Features\DecompilerDependent\ghidra_scripts
    C:\prog\ghidra\ghidra_12.1.3_PUBLIC\Ghidra\Features\SwiftDemangler\ghidra_scripts
    C:\prog\ghidra\ghidra_12.1.3_PUBLIC\Ghidra\Features\MicrosoftCodeAnalyzer\ghidra_scripts
    C:\prog\ghidra\ghidra_12.1.3_PUBLIC\Ghidra\Processors\DATA\ghidra_scripts
    C:\prog\ghidra\ghidra_12.1.3_PUBLIC\Ghidra\Features\Decompiler\ghidra_scripts
    C:\prog\ghidra\ghidra_12.1.3_PUBLIC\Ghidra\Features\BytePatterns\ghidra_scripts
    C:\prog\ghidra\ghidra_12.1.3_PUBLIC\Ghidra\Features\PyGhidra\ghidra_scripts
    C:\prog\ghidra\ghidra_12.1.3_PUBLIC\Ghidra\Processors\Atmel\ghidra_scripts
    C:\prog\ghidra\ghidra_12.1.3_PUBLIC\Ghidra\Features\Base\ghidra_scripts
    C:\prog\jwcad\ghidra_scripts
    C:\prog\ghidra\ghidra_12.1.3_PUBLIC\Ghidra\Processors\JVM\ghidra_scripts (HeadlessAnalyzer)  
INFO  HEADLESS: execution starts (HeadlessAnalyzer)  
INFO  Creating temporary project: C:\prog\jwcad\proj\ovl23 (HeadlessAnalyzer)  
INFO  Creating project: C:\prog\jwcad\proj\ovl23 (DefaultProject)  
INFO  REPORT: Processing input files:  (HeadlessAnalyzer)  
INFO       project: C:\prog\jwcad\proj\ovl23 (HeadlessAnalyzer)  
INFO  IMPORTING: file:///C:/prog/jwcad/ovl/jw23.exe (HeadlessAnalyzer)  
INFO  Using Loader: Old-style DOS Executable (MZ) (ProgramLoader)  
INFO  Using Language/Compiler: x86:LE:16:Real Mode:default (ProgramLoader)  
INFO  Using Library Search Path: [., C:\Windows\SysWOW64, C:\prog\ghidra\jdk21\bin, C:\Windows\Sun\Java\bin, C:\Windows\system32, C:\Windows, C:\Program Files\Python312\Scripts\, C:\Program Files\Python312\, C:\Windows\System32\Wbem, C:\Windows\System32\WindowsPowerShell\v1.0\, C:\Windows\System32\OpenSSH\, C:\Program Files\Amazon\AWSCLIV2\, C:\ProgramData\chocolatey\bin, C:\ffmpeg, C:\Users\yomei\AppData\Local\Microsoft\WindowsApps] (ProgramLoader)  
INFO  Additional info:
There were too many messages to display.
1596 messages have been truncated.

Loading file:///C:/prog/jwcad/ovl/jw23.exe?MD5=33cf158888c3344d5f0d6d25967c067e...
Failed to process relocation: 6570:035d (Invalid index: 387293)
Failed to process relocation: 6570:0352 (Invalid index: 387282)
Failed to process relocation: 6570:033e (Invalid index: 387262)
Failed to process relocation: 6570:0311 (Invalid index: 387217)
Failed to process relocation: 6570:030c (Invalid index: 387212)
Failed to process relocation: 6570:0302 (Invalid index: 387202)
Failed to process relocation: 6570:02fd (Invalid index: 387197)
Failed to process relocation: 6570:02f5 (Invalid index: 387189)
Failed to process relocation: 6570:02eb (Invalid index: 387179)
Failed to process relocation: 6570:02e6 (Invalid index: 387174)
Failed to process relocation: 6570:02de (Invalid index: 387166)
Failed to process relocation: 6570:02d4 (Invalid index: 387156)
Failed to process relocation: 6570:02cf (Invalid index: 387151)
Failed to process relocation: 6570:02c7 (Invalid index: 387143)
Failed to process relocation: 6570:02bd (Invalid index: 387133)
Failed to process relocation: 6570:02b8 (Invalid index: 387128)
Failed to process relocation: 6570:029e (Invalid index: 387102)
Failed to process relocation: 6570:0278 (Invalid index: 387064)
Failed to process relocation: 6570:0273 (Invalid index: 387059)
Failed to process relocation: 6570:0269 (Invalid index: 387049)
Failed to process relocation: 6570:0264 (Invalid index: 387044)
Failed to process relocation: 6570:025b (Invalid index: 387035)
Failed to process relocation: 6570:0251 (Invalid index: 387025)
Failed to process relocation: 6570:024c (Invalid index: 387020)
Failed to process relocation: 6570:01f7 (Invalid index: 386935)
Failed to process relocation: 6570:01da (Invalid index: 386906)
Failed to process relocation: 6570:01cb (Invalid index: 386891)
Failed to process relocation: 6570:01b6 (Invalid index: 386870)
Failed to process relocation: 6570:01a7 (Invalid index: 386855)
Failed to process relocation: 6570:0198 (Invalid index: 386840)
Failed to process relocation: 6570:0145 (Invalid index: 386757)
Failed to process relocation: 6570:0140 (Invalid index: 386752)
Failed to process relocation: 6570:013b (Invalid index: 386747)
Failed to process relocation: 6570:0133 (Invalid index: 386739)
Failed to process relocation: 6570:0125 (Invalid index: 386725)
Failed to process relocation: 6570:0120 (Invalid index: 386720)
Failed to process relocation: 6570:0117 (Invalid index: 386711)
Failed to process relocation: 6570:0104 (Invalid index: 386692)
Failed to process relocation: 6570:00fd (Invalid index: 386685)
Failed to process relocation: 6570:00ea (Invalid index: 386666)
Failed to process relocation: 6570:00ca (Invalid index: 386634)
Failed to process relocation: 6570:00af (Invalid index: 386607)
Failed to process relocation: 6570:009f (Invalid index: 386591)
Failed to process relocation: 6570:007d (Invalid index: 386557)
Failed to process relocation: 6570:005c (Invalid index: 386524)
Failed to process relocation: 6570:0055 (Invalid index: 386517)
Failed to process relocation: 6570:0046 (Invalid index: 386502)
Failed to process relocation: 6570:0038 (Invalid index: 386488)
Failed to process relocation: 6570:002f (Invalid index: 386479)
Failed to process relocation: 6570:000e (Invalid index: 386446)
Failed to process relocation: 6570:0009 (Invalid index: 386441)
Failed to process relocation: 6570:06d3 (Invalid index: 388179)
Failed to process relocation: 6570:068e (Invalid index: 388110)
Failed to process relocation: 6570:0689 (Invalid index: 388105)
Failed to process relocation: 6570:0681 (Invalid index: 388097)
Failed to process relocation: 6570:0679 (Invalid index: 388089)
Failed to process relocation: 6570:0674 (Invalid index: 388084)
Failed to process relocation: 6570:066f (Invalid index: 388079)
Failed to process relocation: 6570:0667 (Invalid index: 388071)
Failed to process relocation: 6570:0662 (Invalid index: 388066)
Failed to process relocation: 6570:065a (Invalid index: 388058)
Failed to process relocation: 6570:0655 (Invalid index: 388053)
Failed to process relocation: 6570:064d (Invalid index: 388045)
Failed to process relocation: 6570:0648 (Invalid index: 388040)
Failed to process relocation: 6570:0640 (Invalid index: 388032)
Failed to process relocation: 6570:0638 (Invalid index: 388024)
Failed to process relocation: 6570:0630 (Invalid index: 388016)
Failed to process relocation: 6570:062b (Invalid index: 388011)
Failed to process relocation: 6570:0626 (Invalid index: 388006)
Failed to process relocation: 6570:061e (Invalid index: 387998)
Failed to process relocation: 6570:0619 (Invalid index: 387993)
Failed to process relocation: 6570:0611 (Invalid index: 387985)
Failed to process relocation: 6570:0609 (Invalid index: 387977)
Failed to process relocation: 6570:0601 (Invalid index: 387969)
Failed to process relocation: 6570:05f9 (Invalid index: 387961)
Failed to process relocation: 6570:05f4 (Invalid index: 387956)
Failed to process relocation: 6570:05ec (Invalid index: 387948)
Failed to process relocation: 6570:05e4 (Invalid index: 387940)
Failed to process relocation: 6570:05dc (Invalid index: 387932)
Failed to process relocation: 6570:05d4 (Invalid index: 387924)
Failed to process relocation: 6570:05cf (Invalid index: 387919)
Failed to process relocation: 6570:05bd (Invalid index: 387901)
Failed to process relocation: 6570:058c (Invalid index: 387852)
Failed to process relocation: 6570:0584 (Invalid index: 387844)
Failed to process relocation: 6570:057c (Invalid index: 387836)
Failed to process relocation: 6570:0574 (Invalid index: 387828)
Failed to process relocation: 6570:0552 (Invalid index: 387794)
Failed to process relocation: 6570:0540 (Invalid index: 387776)
Failed to process relocation: 6570:0538 (Invalid index: 387768)
Failed to process relocation: 6570:0533 (Invalid index: 387763)
Failed to process relocation: 6570:052b (Invalid index: 387755)
Failed to process relocation: 6570:0523 (Invalid index: 387747)
Failed to process relocation: 6570:051b (Invalid index: 387739)
Failed to process relocation: 6570:0513 (Invalid index: 387731)
Failed to process relocation: 6570:050b (Invalid index: 387723)
Failed to process relocation: 6570:0506 (Invalid index: 387718)
Failed to process relocation: 6570:04fe (Invalid index: 387710)
Failed to process relocation: 6570:04f6 (Invalid index: 387702)
Failed to process relocation: 6570:04ee (Invalid index: 387694)
Failed to process relocation: 6570:04e6 (Invalid index: 387686)
Failed to process relocation: 6570:04de (Invalid index: 387678)
Failed to process relocation: 6570:04d6 (Invalid index: 387670)
Failed to process relocation: 6570:04ce (Invalid index: 387662)
Failed to process relocation: 6570:04c4 (Invalid index: 387652)
Failed to process relocation: 6570:04bc (Invalid index: 387644)
Failed to process relocation: 6570:04b7 (Invalid index: 387639)
Failed to process relocation: 6570:04af (Invalid index: 387631)
Failed to process relocation: 6570:04a7 (Invalid index: 387623)
Failed to process relocation: 6570:049f (Invalid index: 387615)
Failed to process relocation: 6570:0497 (Invalid index: 387607)
Failed to process relocation: 6570:048f (Invalid index: 387599)
Failed to process relocation: 6570:0487 (Invalid index: 387591)
Failed to process relocation: 6570:0482 (Invalid index: 387586)
Failed to process relocation: 6570:047a (Invalid index: 387578)
Failed to process relocation: 6570:0472 (Invalid index: 387570)
Failed to process relocation: 6570:046a (Invalid index: 387562)
Failed to process relocation: 6570:045c (Invalid index: 387548)
Failed to process relocation: 6570:044a (Invalid index: 387530)
Failed to process relocation: 6570:0442 (Invalid index: 387522)
Failed to process relocation: 6570:043a (Invalid index: 387514)
Failed to process relocation: 6570:0432 (Invalid index: 387506)
Failed to process relocation: 6570:042a (Invalid index: 387498)
Failed to process relocation: 6570:0422 (Invalid index: 387490)
Failed to process relocation: 6570:0414 (Invalid index: 387476)
Failed to process relocation: 6570:040f (Invalid index: 387471)
Failed to process relocation: 6570:0407 (Invalid index: 387463)
Failed to process relocation: 6570:03fd (Invalid index: 387453)
Failed to process relocation: 6570:03f8 (Invalid index: 387448)
Failed to process relocation: 6570:03ee (Invalid index: 387438)
Failed to process relocation: 6570:03e9 (Invalid index: 387433)
Failed to process relocation: 6570:03e1 (Invalid index: 387425)
Failed to process relocation: 6570:03d9 (Invalid index: 387417)
Failed to process relocation: 6570:03d1 (Invalid index: 387409)
Failed to process relocation: 6570:03c9 (Invalid index: 387401)
Failed to process relocation: 6570:03c1 (Invalid index: 387393)
Failed to process relocation: 6570:03b9 (Invalid index: 387385)
Failed to process relocation: 6570:0392 (Invalid index: 387346)
Failed to process relocation: 6570:038a (Invalid index: 387338)
Failed to process relocation: 6570:0382 (Invalid index: 387330)
Failed to process relocation: 6570:037a (Invalid index: 387322)
Failed to process relocation: 6570:0372 (Invalid index: 387314)
Failed to process relocation: 6570:0aca (Invalid index: 389194)
Failed to process relocation: 6570:0ac5 (Invalid index: 389189)
Failed to process relocation: 6570:0aa9 (Invalid index: 389161)
Failed to process relocation: 6570:0a7e (Invalid index: 389118)
Failed to process relocation: 6570:0a6d (Invalid index: 389101)
Failed to process relocation: 6570:0a5f (Invalid index: 389087)
Failed to process relocation: 6570:0a4a (Invalid index: 389066)
Failed to process relocation: 6570:0a2f (Invalid index: 389039)
Failed to process relocation: 6570:0a20 (Invalid index: 389024)
Failed to process relocation: 6570:0a12 (Invalid index: 389010)
Failed to process relocation: 6570:0a04 (Invalid index: 388996)
Failed to process relocation: 6570:09e4 (Invalid index: 388964)
Failed to process relocation: 6570:09d1 (Invalid index: 388945)
Failed to process relocation: 6570:09bc (Invalid index: 388924)
Failed to process relocation: 6570:099d (Invalid index: 388893)
Failed to process relocation: 6570:097f (Invalid index: 388863)
Failed to process relocation: 6570:096f (Invalid index: 388847)
Failed to process relocation: 6570:095f (Invalid index: 388831)
Failed to process relocation: 6570:0950 (Invalid index: 388816)
Failed to process relocation: 6570:0941 (Invalid index: 388801)
Failed to process relocation: 6570:092b (Invalid index: 388779)
Failed to process relocation: 6570:091b (Invalid index: 388763)
Failed to process relocation: 6570:090d (Invalid index: 388749)
Failed to process relocation: 6570:08fe (Invalid index: 388734)
Failed to process relocation: 6570:08c5 (Invalid index: 388677)
Failed to process relocation: 6570:0897 (Invalid index: 388631)
Failed to process relocation: 6570:0875 (Invalid index: 388597)
Failed to process relocation: 6570:0853 (Invalid index: 388563)
Failed to process relocation: 6570:0831 (Invalid index: 388529)
Failed to process relocation: 6570:07fd (Invalid index: 388477)
Failed to process relocation: 6570:07d5 (Invalid index: 388437)
Failed to process relocation: 6570:0799 (Invalid index: 388377)
Failed to process relocation: 6570:0c01 (Invalid index: 389505)
Failed to process relocation: 6570:0be2 (Invalid index: 389474)
Failed to process relocation: 6570:0bd4 (Invalid index: 389460)
Failed to process relocation: 6570:0bbc (Invalid index: 389436)
Failed to process relocation: 6570:0ba4 (Invalid index: 389412)
Failed to process relocation: 6570:0b8d (Invalid index: 389389)
Failed to process relocation: 6570:0b88 (Invalid index: 389384)
Failed to process relocation: 6570:0b7e (Invalid index: 389374)
Failed to process relocation: 6570:0b76 (Invalid index: 389366)
Failed to process relocation: 6570:0b6c (Invalid index: 389356)
Failed to process relocation: 6570:0b64 (Invalid index: 389348)
Failed to process relocation: 6570:0b5a (Invalid index: 389338)
Failed to process relocation: 6570:0b55 (Invalid index: 389333)
Failed to process relocation: 6570:0b4d (Invalid index: 389325)
Failed to process relocation: 6570:0b43 (Invalid index: 389315)
Failed to process relocation: 6570:0b3e (Invalid index: 389310)
Failed to process relocation: 6570:0b2b (Invalid index: 389291)
Failed to process relocation: 6570:0b14 (Invalid index: 389268)
Failed to process relocation: 6570:0b0f (Invalid index: 389263)
Failed to process relocation: 6570:0b05 (Invalid index: 389253)
Failed to process relocation: 6570:0afd (Invalid index: 389245)
Failed to process relocation: 6570:0af3 (Invalid index: 389235)
Failed to process relocation: 6570:0aeb (Invalid index: 389227)
Failed to process relocation: 6570:0ae1 (Invalid index: 389217)
Failed to process relocation: 6570:0adc (Invalid index: 389212)
Failed to process relocation: 6570:0ad4 (Invalid index: 389204)
Failed to process relocation: 6570:0fb3 (Invalid index: 390451)
Failed to process relocation: 6570:0fa2 (Invalid index: 390434)
Failed to process relocation: 6570:0f95 (Invalid index: 390421)
Failed to process relocation: 6570:0f8b (Invalid index: 390411)
Failed to process relocation: 6570:0f86 (Invalid index: 390406)
Failed to process relocation: 6570:0f7c (Invalid index: 390396)
Failed to process relocation: 6570:0f6b (Invalid index: 390379)
Failed to process relocation: 6570:0f3d (Invalid index: 390333)
Failed to process relocation: 6570:0f2d (Invalid index: 390317)
Failed to process relocation: 6570:0f15 (Invalid index: 390293)
Failed to process relocation: 6570:0f0f (Invalid index: 390287)
Failed to process relocation: 6570:0eea (Invalid index: 390250)
Failed to process relocation: 6570:0ee5 (Invalid index: 390245)
Failed to process relocation: 6570:0edb (Invalid index: 390235)
Failed to process relocation: 6570:0ed6 (Invalid index: 390230)
Failed to process relocation: 6570:0ecd (Invalid index: 390221)
Failed to process relocation: 6570:0ec3 (Invalid index: 390211)
Failed to process relocation: 6570:0ebe (Invalid index: 390206)
Failed to process relocation: 6570:0e67 (Invalid index: 390119)
Failed to process relocation: 6570:0e62 (Invalid index: 390114)
Failed to process relocation: 6570:0e58 (Invalid index: 390104)
Failed to process relocation: 6570:0e53 (Invalid index: 390099)
Failed to process relocation: 6570:0e4a (Invalid index: 390090)
Failed to process relocation: 6570:0e40 (Invalid index: 390080)
Failed to process relocation: 6570:0e3b (Invalid index: 390075)
Failed to process relocation: 6570:0da7 (Invalid index: 389927)
Failed to process relocation: 6570:0d8a (Invalid index: 389898)
Failed to process relocation: 6570:0d0e (Invalid index: 389774)
Failed to process relocation: 6570:0d09 (Invalid index: 389769)
Failed to process relocation: 6570:0cff (Invalid index: 389759)
Failed to process relocation: 6570:0cfa (Invalid index: 389754)
Failed to process relocation: 6570:0cf1 (Invalid index: 389745)
Failed to process relocation: 6570:0ce7 (Invalid index: 389735)
Failed to process relocation: 6570:0ce2 (Invalid index: 389730)
Failed to process relocation: 6570:0cc9 (Invalid index: 389705)
Failed to process relocation: 6570:0cc1 (Invalid index: 389697)
Failed to process relocation: 6570:0cb8 (Invalid index: 389688)
Failed to process relocation: 6570:0cb0 (Invalid index: 389680)
Failed to process relocation: 6570:0ca8 (Invalid index: 389672)
Failed to process relocation: 6570:0c9f (Invalid index: 389663)
Failed to process relocation: 6570:0c16 (Invalid index: 389526)
Failed to process relocation: 6570:1350 (Invalid index: 391376)
Failed to process relocation: 6570:134b (Invalid index: 391371)
Failed to process relocation: 6570:1341 (Invalid index: 391361)
Failed to process relocation: 6570:133c (Invalid index: 391356)
Failed to process relocation: 6570:1333 (Invalid index: 391347)
Failed to process relocation: 6570:1329 (Invalid index: 391337)
Failed to process relocation: 6570:1324 (Invalid index: 391332)
Failed to process relocation: 6570:12ed (Invalid index: 391277)
Failed to process relocation: 6570:12d6 (Invalid index: 391254)
Failed to process relocation: 6570:12c2 (Invalid index: 391234)
Failed to process relocation: 6570:12b8 (Invalid index: 391224)
Failed to process relocation: 6570:1292 (Invalid index: 391186)
Failed to process relocation: 6570:1288 (Invalid index: 391176)
Failed to process relocation: 6570:1261 (Invalid index: 391137)
Failed to process relocation: 6570:1253 (Invalid index: 391123)
Failed to process relocation: 6570:11fe (Invalid index: 391038)
Failed to process relocation: 6570:11f9 (Invalid index: 391033)
Failed to process relocation: 6570:11ef (Invalid index: 391023)
Failed to process relocation: 6570:11ea (Invalid index: 391018)
Failed to process relocation: 6570:11e1 (Invalid index: 391009)
Failed to process relocation: 6570:11d7 (Invalid index: 390999)
Failed to process relocation: 6570:11d2 (Invalid index: 390994)
Failed to process relocation: 6570:11a5 (Invalid index: 390949)
Failed to process relocation: 6570:112a (Invalid index: 390826)
Failed to process relocation: 6570:10cd (Invalid index: 390733)
Failed to process relocation: 6570:1054 (Invalid index: 390612)
Failed to process relocation: 6570:1038 (Invalid index: 390584)
Failed to process relocation: 6570:102c (Invalid index: 390572)
Failed to process relocation: 6570:0ff7 (Invalid index: 390519)
Failed to process relocation: 6570:16cc (Invalid index: 392268)
Failed to process relocation: 6570:16c4 (Invalid index: 392260)
Failed to process relocation: 6570:16ba (Invalid index: 392250)
Failed to process relocation: 6570:16b5 (Invalid index: 392245)
Failed to process relocation: 6570:168a (Invalid index: 392202)
Failed to process relocation: 6570:1682 (Invalid index: 392194)
Failed to process relocation: 6570:1678 (Invalid index: 392184)
Failed to process relocation: 6570:1673 (Invalid index: 392179)
Failed to process relocation: 6570:1648 (Invalid index: 392136)
Failed to process relocation: 6570:163f (Invalid index: 392127)
Failed to process relocation: 6570:1635 (Invalid index: 392117)
Failed to process relocation: 6570:1630 (Invalid index: 392112)
Failed to process relocation: 6570:1627 (Invalid index: 392103)
Failed to process relocation: 6570:161d (Invalid index: 392093)
Failed to process relocation: 6570:1618 (Invalid index: 392088)
Failed to process relocation: 6570:15fc (Invalid index: 392060)
Failed to process relocation: 6570:15f3 (Invalid index: 392051)
Failed to process relocation: 6570:15ea (Invalid index: 392042)
Failed to process relocation: 6570:15e1 (Invalid index: 392033)
Failed to process relocation: 6570:15d8 (Invalid index: 392024)
Failed to process relocation: 6570:15d0 (Invalid index: 392016)
Failed to process relocation: 6570:15c7 (Invalid index: 392007)
Failed to process relocation: 6570:15be (Invalid index: 391998)
Failed to process relocation: 6570:15b5 (Invalid index: 391989)
Failed to process relocation: 6570:15ac (Invalid index: 391980)
Failed to process relocation: 6570:15a3 (Invalid index: 391971)
Failed to process relocation: 6570:159a (Invalid index: 391962)
Failed to process relocation: 6570:1582 (Invalid index: 391938)
Failed to process relocation: 6570:1579 (Invalid index: 391929)
Failed to process relocation: 6570:1574 (Invalid index: 391924)
Failed to process relocation: 6570:154f (Invalid index: 391887)
Failed to process relocation: 6570:150f (Invalid index: 391823)
Failed to process relocation: 6570:150a (Invalid index: 391818)
Failed to process relocation: 6570:1500 (Invalid index: 391808)
Failed to process relocation: 6570:14fb (Invalid index: 391803)
Failed to process relocation: 6570:14f3 (Invalid index: 391795)
Failed to process relocation: 6570:14e9 (Invalid index: 391785)
Failed to process relocation: 6570:14e4 (Invalid index: 391780)
Failed to process relocation: 6570:14dc (Invalid index: 391772)
Failed to process relocation: 6570:14d2 (Invalid index: 391762)
Failed to process relocation: 6570:14cd (Invalid index: 391757)
Failed to process relocation: 6570:14c5 (Invalid index: 391749)
Failed to process relocation: 6570:14bb (Invalid index: 391739)
Failed to process relocation: 6570:14b6 (Invalid index: 391734)
Failed to process relocation: 6570:149c (Invalid index: 391708)
Failed to process relocation: 6570:144c (Invalid index: 391628)
Failed to process relocation: 6570:1447 (Invalid index: 391623)
Failed to process relocation: 6570:143d (Invalid index: 391613)
Failed to process relocation: 6570:1438 (Invalid index: 391608)
Failed to process relocation: 6570:1430 (Invalid index: 391600)
Failed to process relocation: 6570:1426 (Invalid index: 391590)
Failed to process relocation: 6570:1421 (Invalid index: 391585)
Failed to process relocation: 6570:1419 (Invalid index: 391577)
Failed to process relocation: 6570:140f (Invalid index: 391567)
Failed to process relocation: 6570:140a (Invalid index: 391562)
Failed to process relocation: 6570:1402 (Invalid index: 391554)
Failed to process relocation: 6570:13f8 (Invalid index: 391544)
Failed to process relocation: 6570:13f3 (Invalid index: 391539)
Failed to process relocation: 6570:13d9 (Invalid index: 391513)
Failed to process relocation: 6570:1a9f (Invalid index: 393247)
Failed to process relocation: 6570:1a96 (Invalid index: 393238)
Failed to process relocation: 6570:1a8d (Invalid index: 393229)
Failed to process relocation: 6570:1a5e (Invalid index: 393182)
Failed to process relocation: 6570:1a54 (Invalid index: 393172)
Failed to process relocation: 6570:1a4f (Invalid index: 393167)
Failed to process relocation: 6570:1a46 (Invalid index: 393158)
Failed to process relocation: 6570:1a3c (Invalid index: 393148)
Failed to process relocation: 6570:1a37 (Invalid index: 393143)
Failed to process relocation: 6570:1a24 (Invalid index: 393124)
Failed to process relocation: 6570:1a1b (Invalid index: 393115)
Failed to process relocation: 6570:1a12 (Invalid index: 393106)
Failed to process relocation: 6570:1a09 (Invalid index: 393097)
Failed to process relocation: 6570:19ff (Invalid index: 393087)
Failed to process relocation: 6570:19fa (Invalid index: 393082)
Failed to process relocation: 6570:19f0 (Invalid index: 393072)
Failed to process relocation: 6570:19e7 (Invalid index: 393063)
Failed to process relocation: 6570:19de (Invalid index: 393054)
Failed to process relocation: 6570:19d5 (Invalid index: 393045)
Failed to process relocation: 6570:19cc (Invalid index: 393036)
Failed to process relocation: 6570:19c2 (Invalid index: 393026)
Failed to process relocation: 6570:19bd (Invalid index: 393021)
Failed to process relocation: 6570:19b3 (Invalid index: 393011)
Failed to process relocation: 6570:19aa (Invalid index: 393002)
Failed to process relocation: 6570:19a1 (Invalid index: 392993)
Failed to process relocation: 6570:199c (Invalid index: 392988)
Failed to process relocation: 6570:1994 (Invalid index: 392980)
Failed to process relocation: 6570:198e (Invalid index: 392974)
Failed to process relocation: 6570:1985 (Invalid index: 392965)
Failed to process relocation: 6570:1975 (Invalid index: 392949)
Failed to process relocation: 6570:196d (Invalid index: 392941)
Failed to process relocation: 6570:195b (Invalid index: 392923)
Failed to process relocation: 6570:1956 (Invalid index: 392918)
Failed to process relocation: 6570:1951 (Invalid index: 392913)
Failed to process relocation: 6570:1948 (Invalid index: 392904)
Failed to process relocation: 6570:1940 (Invalid index: 392896)
Failed to process relocation: 6570:1932 (Invalid index: 392882)
Failed to process relocation: 6570:192d (Invalid index: 392877)
Failed to process relocation: 6570:1928 (Invalid index: 392872)
Failed to process relocation: 6570:191f (Invalid index: 392863)
Failed to process relocation: 6570:1916 (Invalid index: 392854)
Failed to process relocation: 6570:190c (Invalid index: 392844)
Failed to process relocation: 6570:1907 (Invalid index: 392839)
Failed to process relocation: 6570:18fe (Invalid index: 392830)
Failed to process relocation: 6570:18f6 (Invalid index: 392822)
Failed to process relocation: 6570:18f0 (Invalid index: 392816)
Failed to process relocation: 6570:18e7 (Invalid index: 392807)
Failed to process relocation: 6570:18d7 (Invalid index: 392791)
Failed to process relocation: 6570:18cf (Invalid index: 392783)
Failed to process relocation: 6570:18c6 (Invalid index: 392774)
Failed to process relocation: 6570:18a6 (Invalid index: 392742)
Failed to process relocation: 6570:18a1 (Invalid index: 392737)
Failed to process relocation: 6570:1897 (Invalid index: 392727)
Failed to process relocation: 6570:1892 (Invalid index: 392722)
Failed to process relocation: 6570:1889 (Invalid index: 392713)
Failed to process relocation: 6570:187f (Invalid index: 392703)
Failed to process relocation: 6570:187a (Invalid index: 392698)
Failed to process relocation: 6570:1871 (Invalid index: 392689)
Failed to process relocation: 6570:1867 (Invalid index: 392679)
Failed to process relocation: 6570:1862 (Invalid index: 392674)
Failed to process relocation: 6570:1859 (Invalid index: 392665)
Failed to process relocation: 6570:184f (Invalid index: 392655)
Failed to process relocation: 6570:184a (Invalid index: 392650)
Failed to process relocation: 6570:1837 (Invalid index: 392631)
Failed to process relocation: 6570:182f (Invalid index: 392623)
Failed to process relocation: 6570:1826 (Invalid index: 392614)
Failed to process relocation: 6570:181d (Invalid index: 392605)
Failed to process relocation: 6570:1815 (Invalid index: 392597)
Failed to process relocation: 6570:180c (Invalid index: 392588)
Failed to process relocation: 6570:17f0 (Invalid index: 392560)
Failed to process relocation: 6570:17cc (Invalid index: 392524)
Failed to process relocation: 6570:17c2 (Invalid index: 392514)
Failed to process relocation: 6570:17bd (Invalid index: 392509)
Failed to process relocation: 6570:17b4 (Invalid index: 392500)
Failed to process relocation: 6570:17aa (Invalid index: 392490)
Failed to process relocation: 6570:17a5 (Invalid index: 392485)
Failed to process relocation: 6570:179c (Invalid index: 392476)
Failed to process relocation: 6570:1792 (Invalid index: 392466)
Failed to process relocation: 6570:178d (Invalid index: 392461)
Failed to process relocation: 6570:1785 (Invalid index: 392453)
Failed to process relocation: 6570:177b (Invalid index: 392443)
Failed to process relocation: 6570:1776 (Invalid index: 392438)
Failed to process relocation: 6570:1752 (Invalid index: 392402)
Failed to process relocation: 6570:1e7d (Invalid index: 394237)
Failed to process relocation: 6570:1e63 (Invalid index: 394211)
Failed to process relocation: 6570:1de5 (Invalid index: 394085)
Failed to process relocation: 6570:1d92 (Invalid index: 394002)
Failed to process relocation: 6570:1d6f (Invalid index: 393967)
Failed to process relocation: 6570:1d5a (Invalid index: 393946)
Failed to process relocation: 6570:1d27 (Invalid index: 393895)
Failed to process relocation: 6570:1ca8 (Invalid index: 393768)
Failed to process relocation: 6570:1ca3 (Invalid index: 393763)
Failed to process relocation: 6570:1c99 (Invalid index: 393753)
Failed to process relocation: 6570:1c94 (Invalid index: 393748)
Failed to process relocation: 6570:1c8b (Invalid index: 393739)
Failed to process relocation: 6570:1c81 (Invalid index: 393729)
Failed to process relocation: 6570:1c7c (Invalid index: 393724)
Failed to process relocation: 6570:1c6d (Invalid index: 393709)
Failed to process relocation: 6570:1c4f (Invalid index: 393679)
Failed to process relocation: 6570:1c40 (Invalid index: 393664)
Failed to process relocation: 6570:1c0b (Invalid index: 393611)
Failed to process relocation: 6570:1c06 (Invalid index: 393606)
Failed to process relocation: 6570:1bfd (Invalid index: 393597)
Failed to process relocation: 6570:1bdd (Invalid index: 393565)
Failed to process relocation: 6570:1bd8 (Invalid index: 393560)
Failed to process relocation: 6570:1bcf (Invalid index: 393551)
Failed to process relocation: 6570:1bbd (Invalid index: 393533)
Failed to process relocation: 6570:1ba5 (Invalid index: 393509)
Failed to process relocation: 6570:1b9f (Invalid index: 393503)
Failed to process relocation: 6570:1b7e (Invalid index: 393470)
Failed to process relocation: 6570:1af0 (Invalid index: 393328)
Failed to process relocation: 6570:1aea (Invalid index: 393322)
Failed to process relocation: 6570:1ae0 (Invalid index: 393312)
Failed to process relocation: 6570:221c (Invalid index: 395164)
Failed to process relocation: 6570:2196 (Invalid index: 395030)
Failed to process relocation: 6570:2154 (Invalid index: 394964)
Failed to process relocation: 6570:214a (Invalid index: 394954)
Failed to process relocation: 6570:2145 (Invalid index: 394949)
Failed to process relocation: 6570:212c (Invalid index: 394924)
Failed to process relocation: 6570:2122 (Invalid index: 394914)
Failed to process relocation: 6570:2119 (Invalid index: 394905)
Failed to process relocation: 6570:210f (Invalid index: 394895)
Failed to process relocation: 6570:2106 (Invalid index: 394886)
Failed to process relocation: 6570:20fc (Invalid index: 394876)
Failed to process relocation: 6570:20f7 (Invalid index: 394871)
Failed to process relocation: 6570:20ef (Invalid index: 394863)
Failed to process relocation: 6570:20e5 (Invalid index: 394853)
Failed to process relocation: 6570:20e0 (Invalid index: 394848)
Failed to process relocation: 6570:20c2 (Invalid index: 394818)
Failed to process relocation: 6570:20b8 (Invalid index: 394808)
Failed to process relocation: 6570:20b3 (Invalid index: 394803)
Failed to process relocation: 6570:20aa (Invalid index: 394794)
Failed to process relocation: 6570:20a0 (Invalid index: 394784)
Failed to process relocation: 6570:209b (Invalid index: 394779)
Failed to process relocation: 6570:2092 (Invalid index: 394770)
Failed to process relocation: 6570:2088 (Invalid index: 394760)
Failed to process relocation: 6570:207f (Invalid index: 394751)
Failed to process relocation: 6570:2075 (Invalid index: 394741)
Failed to process relocation: 6570:206c (Invalid index: 394732)
Failed to process relocation: 6570:2062 (Invalid index: 394722)
Failed to process relocation: 6570:205d (Invalid index: 394717)
Failed to process relocation: 6570:2055 (Invalid index: 394709)
Failed to process relocation: 6570:204b (Invalid index: 394699)
Failed to process relocation: 6570:2046 (Invalid index: 394694)
Failed to process relocation: 6570:202c (Invalid index: 394668)
Failed to process relocation: 6570:2022 (Invalid index: 394658)
Failed to process relocation: 6570:2019 (Invalid index: 394649)
Failed to process relocation: 6570:200f (Invalid index: 394639)
Failed to process relocation: 6570:2006 (Invalid index: 394630)
Failed to process relocation: 6570:1ffc (Invalid index: 394620)
Failed to process relocation: 6570:1ff7 (Invalid index: 394615)
Failed to process relocation: 6570:1fee (Invalid index: 394606)
Failed to process relocation: 6570:1fe4 (Invalid index: 394596)
Failed to process relocation: 6570:1fdf (Invalid index: 394591)
Failed to process relocation: 6570:1fba (Invalid index: 394554)
Failed to process relocation: 6570:1f7a (Invalid index: 394490)
Failed to process relocation: 6570:1f75 (Invalid index: 394485)
Failed to process relocation: 6570:1f6b (Invalid index: 394475)
Failed to process relocation: 6570:1f66 (Invalid index: 394470)
Failed to process relocation: 6570:1f5d (Invalid index: 394461)
Failed to process relocation: 6570:1f53 (Invalid index: 394451)
Failed to process relocation: 6570:1f4e (Invalid index: 394446)
Failed to process relocation: 6570:1ed8 (Invalid index: 394328)
Failed to process relocation: 6570:1ed3 (Invalid index: 394323)
Failed to process relocation: 6570:25d6 (Invalid index: 396118)
Failed to process relocation: 6570:25d1 (Invalid index: 396113)
Failed to process relocation: 6570:25cc (Invalid index: 396108)
Failed to process relocation: 6570:25c3 (Invalid index: 396099)
Failed to process relocation: 6570:25be (Invalid index: 396094)
Failed to process relocation: 6570:25a3 (Invalid index: 396067)
Failed to process relocation: 6570:259a (Invalid index: 396058)
 (ProgramLoader)  
INFO  IMPORTING: Loaded 0 additional files (HeadlessAnalyzer)  
INFO  REPORT: Execute script: MarkOverlayThunks 'pre' '3ab8'  (HeadlessAnalyzer)  
INFO  SCRIPT: C:\prog\jwcad\ghidra_scripts\MarkOverlayThunks.java (HeadlessAnalyzer)  
INFO  MarkOverlayThunks.java> cd 3f sites: 104 (GhidraScript)  
INFO  MarkOverlayThunks.java> overlay trap operands marked as data: 104 of 104 (GhidraScript)  
INFO  ANALYZING all memory and code: file:///C:/prog/jwcad/ovl/jw23.exe (HeadlessAnalyzer)  
ERROR Failed to create function at 28b3:0f86 since its body contains referring thunk at 28b3:0ee9 (CreateFunctionCmd)  
WARN  Decompiling 32b2:0d40, pcode error at 3000:5054: Unable to resolve constructor at 3000:5054 (DecompileCallback)  
WARN  Decompiling 1000:0a81, pcode error at 1000:0a6f: Unable to resolve constructor at 1000:0a6f (DecompileCallback)  
WARN  Decompiling 1000:0a81, pcode error at 1000:0a4b: Unable to resolve constructor at 1000:0a4b (DecompileCallback)  
WARN  Decompiling 1000:0a81, pcode error at 1000:0818: Unable to resolve constructor at 1000:0818 (DecompileCallback)  
WARN  Decompiling 32b2:0d40, pcode error at 3000:f70c: Unable to resolve constructor at 3000:f70c (DecompileCallback)  
WARN  Decompiling 12c1:097e, pcode error at 1000:5097: Unable to resolve constructor at 1000:5097 (DecompileCallback)  
WARN  Decompiling 32b2:1528: Unable to read bytes at ram:0000:7be2 (DecompileCallback)  
WARN  Decompiling 21f2:246e, pcode error at 2000:3158: Unable to resolve constructor at 2000:3158 (DecompileCallback)  
WARN  Decompiling 21f2:246e, pcode error at 2000:7191: Unable to resolve constructor at 2000:7191 (DecompileCallback)  
INFO  Packed database cache: C:\Users\yomei\AppData\Local\ghidra\packed-db-cache (PackedDatabaseCache)  
INFO  Applied data type archive: generic_clib (ApplyDataArchiveAnalyzer)  
INFO  -----------------------------------------------------
    ASCII Strings                              0.369 secs
    Apply Data Archives                        0.708 secs
    Call Convention ID                         0.004 secs
    Call-Fixup Installer                       0.015 secs
    Create Function                            0.490 secs
    Data Reference                             0.036 secs
    Decompiler Switch Analysis                38.560 secs
    Demangler GNU                              0.057 secs
    Disassemble                                2.025 secs
    Disassemble Entry Points                   0.150 secs
    Embedded Media                             0.013 secs
    External Entry References                  0.000 secs
    Function ID                                0.127 secs
    Function Start Search                      0.018 secs
    Non-Returning Functions - Discovered       0.482 secs
    Reference                                  0.053 secs
    Segmented X86 Calling Conventions          0.002 secs
    Shared Return Calls                        0.153 secs
    Stack                                      3.433 secs
    Subroutine References                      0.105 secs
    Subroutine References - One Time           0.000 secs
    X86 Function Callee Purge                  0.158 secs
    x86 Constant Reference Analyzer            2.263 secs
-----------------------------------------------------
     Total Time   49 secs
-----------------------------------------------------
 (AutoAnalysisManager)  
INFO  REPORT: Analysis succeeded for file: file:///C:/prog/jwcad/ovl/jw23.exe (HeadlessAnalyzer)  
INFO  REPORT: Execute script: MarkOverlayThunks 'post' '3ab8' 'C:\prog\jwcad\entries\23.txt' '23'  (HeadlessAnalyzer)  
INFO  SCRIPT: C:\prog\jwcad\ghidra_scripts\MarkOverlayThunks.java (HeadlessAnalyzer)  
INFO  MarkOverlayThunks.java> cd 3f sites: 104 (GhidraScript)  
INFO  MarkOverlayThunks.java> overlay traps given a fall-through: 104, references added: 2 (GhidraScript)  
INFO  MarkOverlayThunks.java> overlay entry points seeded: 3 (GhidraScript)  
INFO  MarkOverlayThunks.java> overlay hole cleared: 0 stray functions (GhidraScript)  
INFO  REPORT: Execute script: DecompileAll 'C:\prog\jwcad\out\ovl23' '3ab8' '4375'  (HeadlessAnalyzer)  
INFO  SCRIPT: C:\prog\jwcad\ghidra_scripts\DecompileAll.java (HeadlessAnalyzer)  
WARN  Decompiling 3ab8:40f7, pcode error at 4000:f459: Disassembly not permitted within uninitialized memory block (DecompileCallback)  
WARN  Decompiling 3ab8:40f7, pcode error at 4000:ef04: Disassembly not permitted within uninitialized memory block (DecompileCallback)  
WARN  Decompiling 3ab8:4c91, pcode error at 4000:f459: Disassembly not permitted within uninitialized memory block (DecompileCallback)  
WARN  Decompiling 3ab8:4c91, pcode error at 4000:ef04: Disassembly not permitted within uninitialized memory block (DecompileCallback)  
INFO  DecompileAll.java> decompiled 17 functions, 0 failed (GhidraScript)  
INFO  ANALYZING changes made by post scripts: file:///C:/prog/jwcad/ovl/jw23.exe (HeadlessAnalyzer)  
INFO  REPORT: Post-analysis succeeded for file: file:///C:/prog/jwcad/ovl/jw23.exe (HeadlessAnalyzer)  
INFO  /jw23.exe: file created (yomei) (LocalFileSystem)  
INFO  REPORT: Save succeeded for: /jw23.exe (ovl23:/jw23.exe) (HeadlessAnalyzer)  
INFO  REPORT: Import succeeded (HeadlessAnalyzer)  
