INFO  Using log config file: jar:file:/C:/prog/ghidra/ghidra_12.1.3_PUBLIC/Ghidra/Framework/Generic/lib/Generic.jar!/generic.log4j.xml (LoggingInitialization)  
INFO  Using log file: C:\Users\yomei\AppData\Roaming\ghidra\ghidra_12.1.3_PUBLIC\application.log (LoggingInitialization)  
INFO  Loading user preferences: C:\Users\yomei\AppData\Roaming\ghidra\ghidra_12.1.3_PUBLIC\preferences (Preferences)  
INFO  Searching for classes... (ClassSearcher)  
INFO  Class search complete (969 ms) (ClassSearcher)  
INFO  Initializing SSL Context (DefaultSSLContextInitializer)  
INFO  Initializing Random Number Generator... (SecureRandomFactory)  
INFO  Random Number Generator initialization complete: SHA1PRNG (SecureRandomFactory)  
INFO  Trust manager disabled, cacerts have not been set (DefaultTrustManagerFactory)  
INFO  Headless startup complete (9976 ms) (AnalyzeHeadless)  
INFO  Class searcher loaded 59 extension points (20 false positives) (ClassSearcher)  
INFO  HEADLESS Script Paths:
    C:\prog\ghidra\ghidra_12.1.3_PUBLIC\Ghidra\Debug\Debugger-rmi-trace\ghidra_scripts
    C:\prog\ghidra\ghidra_12.1.3_PUBLIC\Ghidra\Features\FileFormats\ghidra_scripts
    C:\prog\ghidra\ghidra_12.1.3_PUBLIC\Ghidra\Features\GnuDemangler\ghidra_scripts
    C:\prog\ghidra\ghidra_12.1.3_PUBLIC\Ghidra\Features\VersionTracking\ghidra_scripts
    C:\prog\ghidra\ghidra_12.1.3_PUBLIC\Ghidra\Debug\Debugger\ghidra_scripts
    C:\prog\ghidra\ghidra_12.1.3_PUBLIC\Ghidra\Processors\8051\ghidra_scripts
    C:\prog\ghidra\ghidra_12.1.3_PUBLIC\Ghidra\Features\BSim\ghidra_scripts
    C:\prog\ghidra\ghidra_12.1.3_PUBLIC\Ghidra\Features\WildcardAssembler\ghidra_scripts
    C:\prog\ghidra\ghidra_12.1.3_PUBLIC\Ghidra\Features\FunctionID\ghidra_scripts
    C:\prog\ghidra\ghidra_12.1.3_PUBLIC\Ghidra\Features\SystemEmulation\ghidra_scripts
    C:\prog\ghidra\ghidra_12.1.3_PUBLIC\Ghidra\Processors\PIC\ghidra_scripts
    C:\prog\ghidra\ghidra_12.1.3_PUBLIC\Ghidra\Features\PDB\ghidra_scripts
    C:\prog\ghidra\ghidra_12.1.3_PUBLIC\Ghidra\Features\DecompilerDependent\ghidra_scripts
    C:\prog\ghidra\ghidra_12.1.3_PUBLIC\Ghidra\Features\SwiftDemangler\ghidra_scripts
    C:\prog\ghidra\ghidra_12.1.3_PUBLIC\Ghidra\Features\MicrosoftCodeAnalyzer\ghidra_scripts
    C:\prog\ghidra\ghidra_12.1.3_PUBLIC\Ghidra\Processors\DATA\ghidra_scripts
    C:\prog\ghidra\ghidra_12.1.3_PUBLIC\Ghidra\Features\Decompiler\ghidra_scripts
    C:\prog\ghidra\ghidra_12.1.3_PUBLIC\Ghidra\Features\BytePatterns\ghidra_scripts
    C:\prog\ghidra\ghidra_12.1.3_PUBLIC\Ghidra\Features\PyGhidra\ghidra_scripts
    C:\prog\ghidra\ghidra_12.1.3_PUBLIC\Ghidra\Processors\Atmel\ghidra_scripts
    C:\prog\ghidra\ghidra_12.1.3_PUBLIC\Ghidra\Features\Base\ghidra_scripts
    C:\prog\jwcad\ghidra_scripts
    C:\prog\ghidra\ghidra_12.1.3_PUBLIC\Ghidra\Processors\JVM\ghidra_scripts (HeadlessAnalyzer)  
INFO  HEADLESS: execution starts (HeadlessAnalyzer)  
INFO  Creating temporary project: C:\prog\jwcad\proj\ovl16 (HeadlessAnalyzer)  
INFO  Creating project: C:\prog\jwcad\proj\ovl16 (DefaultProject)  
INFO  REPORT: Processing input files:  (HeadlessAnalyzer)  
INFO       project: C:\prog\jwcad\proj\ovl16 (HeadlessAnalyzer)  
INFO  IMPORTING: file:///C:/prog/jwcad/ovl/jw16.exe (HeadlessAnalyzer)  
INFO  Using Loader: Old-style DOS Executable (MZ) (ProgramLoader)  
INFO  Using Language/Compiler: x86:LE:16:Real Mode:default (ProgramLoader)  
INFO  Using Library Search Path: [., C:\Windows\SysWOW64, C:\prog\ghidra\jdk21\bin, C:\Windows\Sun\Java\bin, C:\Windows\system32, C:\Windows, C:\Program Files\Python312\Scripts\, C:\Program Files\Python312\, C:\Windows\System32\Wbem, C:\Windows\System32\WindowsPowerShell\v1.0\, C:\Windows\System32\OpenSSH\, C:\Program Files\Amazon\AWSCLIV2\, C:\ProgramData\chocolatey\bin, C:\ffmpeg, C:\Users\yomei\AppData\Local\Microsoft\WindowsApps] (ProgramLoader)  
INFO  Additional info:
There were too many messages to display.
1622 messages have been truncated.

Loading file:///C:/prog/jwcad/ovl/jw16.exe?MD5=07df8cf8a3a747f9d47a6e55aa80a6b6...
Failed to process relocation: 6570:0386 (Invalid index: 387446)
Failed to process relocation: 6570:0376 (Invalid index: 387430)
Failed to process relocation: 6570:0369 (Invalid index: 387417)
Failed to process relocation: 6570:0355 (Invalid index: 387397)
Failed to process relocation: 6570:032c (Invalid index: 387356)
Failed to process relocation: 6570:02ed (Invalid index: 387293)
Failed to process relocation: 6570:02c8 (Invalid index: 387256)
Failed to process relocation: 6570:02b2 (Invalid index: 387234)
Failed to process relocation: 6570:028c (Invalid index: 387196)
Failed to process relocation: 6570:0263 (Invalid index: 387155)
Failed to process relocation: 6570:0235 (Invalid index: 387109)
Failed to process relocation: 6570:01e4 (Invalid index: 387028)
Failed to process relocation: 6570:01d2 (Invalid index: 387010)
Failed to process relocation: 6570:01c3 (Invalid index: 386995)
Failed to process relocation: 6570:01b3 (Invalid index: 386979)
Failed to process relocation: 6570:0197 (Invalid index: 386951)
Failed to process relocation: 6570:0182 (Invalid index: 386930)
Failed to process relocation: 6570:016d (Invalid index: 386909)
Failed to process relocation: 6570:0158 (Invalid index: 386888)
Failed to process relocation: 6570:0142 (Invalid index: 386866)
Failed to process relocation: 6570:012f (Invalid index: 386847)
Failed to process relocation: 6570:0112 (Invalid index: 386818)
Failed to process relocation: 6570:0107 (Invalid index: 386807)
Failed to process relocation: 6570:00f9 (Invalid index: 386793)
Failed to process relocation: 6570:00ea (Invalid index: 386778)
Failed to process relocation: 6570:00ce (Invalid index: 386750)
Failed to process relocation: 6570:00aa (Invalid index: 386714)
Failed to process relocation: 6570:0086 (Invalid index: 386678)
Failed to process relocation: 6570:006a (Invalid index: 386650)
Failed to process relocation: 6570:0063 (Invalid index: 386643)
Failed to process relocation: 6570:0050 (Invalid index: 386624)
Failed to process relocation: 6570:0049 (Invalid index: 386617)
Failed to process relocation: 6570:002e (Invalid index: 386590)
Failed to process relocation: 6570:0026 (Invalid index: 386582)
Failed to process relocation: 6570:0019 (Invalid index: 386569)
Failed to process relocation: 6570:000a (Invalid index: 386554)
Failed to process relocation: 6570:0005 (Invalid index: 386549)
Failed to process relocation: 6570:0529 (Invalid index: 387865)
Failed to process relocation: 6570:0524 (Invalid index: 387860)
Failed to process relocation: 6570:051f (Invalid index: 387855)
Failed to process relocation: 6570:051a (Invalid index: 387850)
Failed to process relocation: 6570:0512 (Invalid index: 387842)
Failed to process relocation: 6570:050a (Invalid index: 387834)
Failed to process relocation: 6570:04ff (Invalid index: 387823)
Failed to process relocation: 6570:04fa (Invalid index: 387818)
Failed to process relocation: 6570:04f2 (Invalid index: 387810)
Failed to process relocation: 6570:04be (Invalid index: 387758)
Failed to process relocation: 6570:04b9 (Invalid index: 387753)
Failed to process relocation: 6570:04b4 (Invalid index: 387748)
Failed to process relocation: 6570:04af (Invalid index: 387743)
Failed to process relocation: 6570:04a7 (Invalid index: 387735)
Failed to process relocation: 6570:049f (Invalid index: 387727)
Failed to process relocation: 6570:045c (Invalid index: 387660)
Failed to process relocation: 6570:040a (Invalid index: 387578)
Failed to process relocation: 6570:0397 (Invalid index: 387463)
Failed to process relocation: 6570:08df (Invalid index: 388815)
Failed to process relocation: 6570:08da (Invalid index: 388810)
Failed to process relocation: 6570:08d1 (Invalid index: 388801)
Failed to process relocation: 6570:08cc (Invalid index: 388796)
Failed to process relocation: 6570:08a5 (Invalid index: 388757)
Failed to process relocation: 6570:08a0 (Invalid index: 388752)
Failed to process relocation: 6570:0897 (Invalid index: 388743)
Failed to process relocation: 6570:0880 (Invalid index: 388720)
Failed to process relocation: 6570:0826 (Invalid index: 388630)
Failed to process relocation: 6570:07b7 (Invalid index: 388519)
Failed to process relocation: 6570:07b2 (Invalid index: 388514)
Failed to process relocation: 6570:07a9 (Invalid index: 388505)
Failed to process relocation: 6570:0782 (Invalid index: 388466)
Failed to process relocation: 6570:0705 (Invalid index: 388341)
Failed to process relocation: 6570:0700 (Invalid index: 388336)
Failed to process relocation: 6570:06f7 (Invalid index: 388327)
Failed to process relocation: 6570:06e9 (Invalid index: 388313)
Failed to process relocation: 6570:06e4 (Invalid index: 388308)
Failed to process relocation: 6570:06db (Invalid index: 388299)
Failed to process relocation: 6570:06d0 (Invalid index: 388288)
Failed to process relocation: 6570:06cb (Invalid index: 388283)
Failed to process relocation: 6570:06c2 (Invalid index: 388274)
Failed to process relocation: 6570:06a2 (Invalid index: 388242)
Failed to process relocation: 6570:069d (Invalid index: 388237)
Failed to process relocation: 6570:0698 (Invalid index: 388232)
Failed to process relocation: 6570:0690 (Invalid index: 388224)
Failed to process relocation: 6570:062c (Invalid index: 388124)
Failed to process relocation: 6570:05a7 (Invalid index: 387991)
Failed to process relocation: 6570:054c (Invalid index: 387900)
Failed to process relocation: 6570:0c9e (Invalid index: 389774)
Failed to process relocation: 6570:0c89 (Invalid index: 389753)
Failed to process relocation: 6570:0c80 (Invalid index: 389744)
Failed to process relocation: 6570:0c77 (Invalid index: 389735)
Failed to process relocation: 6570:0c5f (Invalid index: 389711)
Failed to process relocation: 6570:0c56 (Invalid index: 389702)
Failed to process relocation: 6570:0c4d (Invalid index: 389693)
Failed to process relocation: 6570:0c17 (Invalid index: 389639)
Failed to process relocation: 6570:0b56 (Invalid index: 389446)
Failed to process relocation: 6570:0b50 (Invalid index: 389440)
Failed to process relocation: 6570:0b46 (Invalid index: 389430)
Failed to process relocation: 6570:0b3d (Invalid index: 389421)
Failed to process relocation: 6570:0b37 (Invalid index: 389415)
Failed to process relocation: 6570:0b2d (Invalid index: 389405)
Failed to process relocation: 6570:0b02 (Invalid index: 389362)
Failed to process relocation: 6570:0afd (Invalid index: 389357)
Failed to process relocation: 6570:0af4 (Invalid index: 389348)
Failed to process relocation: 6570:0ae9 (Invalid index: 389337)
Failed to process relocation: 6570:0ae4 (Invalid index: 389332)
Failed to process relocation: 6570:0adb (Invalid index: 389323)
Failed to process relocation: 6570:0ad1 (Invalid index: 389313)
Failed to process relocation: 6570:0acc (Invalid index: 389308)
Failed to process relocation: 6570:0ac2 (Invalid index: 389298)
Failed to process relocation: 6570:0abd (Invalid index: 389293)
Failed to process relocation: 6570:0ab8 (Invalid index: 389288)
Failed to process relocation: 6570:0aaf (Invalid index: 389279)
Failed to process relocation: 6570:0aa6 (Invalid index: 389270)
Failed to process relocation: 6570:0a9d (Invalid index: 389261)
Failed to process relocation: 6570:0a94 (Invalid index: 389252)
Failed to process relocation: 6570:0a8b (Invalid index: 389243)
Failed to process relocation: 6570:0a82 (Invalid index: 389234)
Failed to process relocation: 6570:0a79 (Invalid index: 389225)
Failed to process relocation: 6570:0a71 (Invalid index: 389217)
Failed to process relocation: 6570:0a68 (Invalid index: 389208)
Failed to process relocation: 6570:0a5f (Invalid index: 389199)
Failed to process relocation: 6570:0a56 (Invalid index: 389190)
Failed to process relocation: 6570:0a4e (Invalid index: 389182)
Failed to process relocation: 6570:096c (Invalid index: 388956)
Failed to process relocation: 6570:0967 (Invalid index: 388951)
Failed to process relocation: 6570:095e (Invalid index: 388942)
Failed to process relocation: 6570:0923 (Invalid index: 388883)
Failed to process relocation: 6570:091e (Invalid index: 388878)
Failed to process relocation: 6570:0915 (Invalid index: 388869)
Failed to process relocation: 6570:0910 (Invalid index: 388864)
Failed to process relocation: 6570:0f30 (Invalid index: 390432)
Failed to process relocation: 6570:0f21 (Invalid index: 390417)
Failed to process relocation: 6570:0f0b (Invalid index: 390395)
Failed to process relocation: 6570:0eff (Invalid index: 390383)
Failed to process relocation: 6570:0ee3 (Invalid index: 390355)
Failed to process relocation: 6570:0ebe (Invalid index: 390318)
Failed to process relocation: 6570:0e98 (Invalid index: 390280)
Failed to process relocation: 6570:0e83 (Invalid index: 390259)
Failed to process relocation: 6570:0e54 (Invalid index: 390212)
Failed to process relocation: 6570:0e4c (Invalid index: 390204)
Failed to process relocation: 6570:0e44 (Invalid index: 390196)
Failed to process relocation: 6570:0e3c (Invalid index: 390188)
Failed to process relocation: 6570:0e34 (Invalid index: 390180)
Failed to process relocation: 6570:0e2c (Invalid index: 390172)
Failed to process relocation: 6570:0e24 (Invalid index: 390164)
Failed to process relocation: 6570:0e1c (Invalid index: 390156)
Failed to process relocation: 6570:0e12 (Invalid index: 390146)
Failed to process relocation: 6570:0df3 (Invalid index: 390115)
Failed to process relocation: 6570:0d86 (Invalid index: 390006)
Failed to process relocation: 6570:0d58 (Invalid index: 389960)
Failed to process relocation: 6570:0cba (Invalid index: 389802)
Failed to process relocation: 6570:0cb5 (Invalid index: 389797)
Failed to process relocation: 6570:0cac (Invalid index: 389788)
Failed to process relocation: 6570:12c0 (Invalid index: 391344)
Failed to process relocation: 6570:12b8 (Invalid index: 391336)
Failed to process relocation: 6570:12b0 (Invalid index: 391328)
Failed to process relocation: 6570:12a8 (Invalid index: 391320)
Failed to process relocation: 6570:129e (Invalid index: 391310)
Failed to process relocation: 6570:1299 (Invalid index: 391305)
Failed to process relocation: 6570:128f (Invalid index: 391295)
Failed to process relocation: 6570:128a (Invalid index: 391290)
Failed to process relocation: 6570:1280 (Invalid index: 391280)
Failed to process relocation: 6570:1278 (Invalid index: 391272)
Failed to process relocation: 6570:1273 (Invalid index: 391267)
Failed to process relocation: 6570:126e (Invalid index: 391262)
Failed to process relocation: 6570:1266 (Invalid index: 391254)
Failed to process relocation: 6570:125c (Invalid index: 391244)
Failed to process relocation: 6570:1257 (Invalid index: 391239)
Failed to process relocation: 6570:124d (Invalid index: 391229)
Failed to process relocation: 6570:123f (Invalid index: 391215)
Failed to process relocation: 6570:1237 (Invalid index: 391207)
Failed to process relocation: 6570:122f (Invalid index: 391199)
Failed to process relocation: 6570:122a (Invalid index: 391194)
Failed to process relocation: 6570:1225 (Invalid index: 391189)
Failed to process relocation: 6570:121d (Invalid index: 391181)
Failed to process relocation: 6570:1213 (Invalid index: 391171)
Failed to process relocation: 6570:120e (Invalid index: 391166)
Failed to process relocation: 6570:1204 (Invalid index: 391156)
Failed to process relocation: 6570:11ff (Invalid index: 391151)
Failed to process relocation: 6570:11f7 (Invalid index: 391143)
Failed to process relocation: 6570:11ef (Invalid index: 391135)
Failed to process relocation: 6570:11e7 (Invalid index: 391127)
Failed to process relocation: 6570:11a6 (Invalid index: 391062)
Failed to process relocation: 6570:119e (Invalid index: 391054)
Failed to process relocation: 6570:1196 (Invalid index: 391046)
Failed to process relocation: 6570:118c (Invalid index: 391036)
Failed to process relocation: 6570:1187 (Invalid index: 391031)
Failed to process relocation: 6570:117d (Invalid index: 391021)
Failed to process relocation: 6570:1178 (Invalid index: 391016)
Failed to process relocation: 6570:1173 (Invalid index: 391011)
Failed to process relocation: 6570:116b (Invalid index: 391003)
Failed to process relocation: 6570:1163 (Invalid index: 390995)
Failed to process relocation: 6570:115b (Invalid index: 390987)
Failed to process relocation: 6570:1127 (Invalid index: 390935)
Failed to process relocation: 6570:1122 (Invalid index: 390930)
Failed to process relocation: 6570:111a (Invalid index: 390922)
Failed to process relocation: 6570:10fc (Invalid index: 390892)
Failed to process relocation: 6570:10ef (Invalid index: 390879)
Failed to process relocation: 6570:10ea (Invalid index: 390874)
Failed to process relocation: 6570:10e5 (Invalid index: 390869)
Failed to process relocation: 6570:10dd (Invalid index: 390861)
Failed to process relocation: 6570:10d5 (Invalid index: 390853)
Failed to process relocation: 6570:10cd (Invalid index: 390845)
Failed to process relocation: 6570:10c8 (Invalid index: 390840)
Failed to process relocation: 6570:10ba (Invalid index: 390826)
Failed to process relocation: 6570:10b2 (Invalid index: 390818)
Failed to process relocation: 6570:10ad (Invalid index: 390813)
Failed to process relocation: 6570:1091 (Invalid index: 390785)
Failed to process relocation: 6570:1084 (Invalid index: 390772)
Failed to process relocation: 6570:107f (Invalid index: 390767)
Failed to process relocation: 6570:107a (Invalid index: 390762)
Failed to process relocation: 6570:1071 (Invalid index: 390753)
Failed to process relocation: 6570:105a (Invalid index: 390730)
Failed to process relocation: 6570:1052 (Invalid index: 390722)
Failed to process relocation: 6570:104a (Invalid index: 390714)
Failed to process relocation: 6570:1040 (Invalid index: 390704)
Failed to process relocation: 6570:103b (Invalid index: 390699)
Failed to process relocation: 6570:1031 (Invalid index: 390689)
Failed to process relocation: 6570:102c (Invalid index: 390684)
Failed to process relocation: 6570:1024 (Invalid index: 390676)
Failed to process relocation: 6570:101a (Invalid index: 390666)
Failed to process relocation: 6570:1015 (Invalid index: 390661)
Failed to process relocation: 6570:100b (Invalid index: 390651)
Failed to process relocation: 6570:1006 (Invalid index: 390646)
Failed to process relocation: 6570:0ffe (Invalid index: 390638)
Failed to process relocation: 6570:0ff3 (Invalid index: 390627)
Failed to process relocation: 6570:0fee (Invalid index: 390622)
Failed to process relocation: 6570:0fe6 (Invalid index: 390614)
Failed to process relocation: 6570:0fdd (Invalid index: 390605)
Failed to process relocation: 6570:0fd5 (Invalid index: 390597)
Failed to process relocation: 6570:0fd0 (Invalid index: 390592)
Failed to process relocation: 6570:0fc2 (Invalid index: 390578)
Failed to process relocation: 6570:0fba (Invalid index: 390570)
Failed to process relocation: 6570:0fb2 (Invalid index: 390562)
Failed to process relocation: 6570:0faa (Invalid index: 390554)
Failed to process relocation: 6570:0fa2 (Invalid index: 390546)
Failed to process relocation: 6570:0f9a (Invalid index: 390538)
Failed to process relocation: 6570:0f92 (Invalid index: 390530)
Failed to process relocation: 6570:0f8a (Invalid index: 390522)
Failed to process relocation: 6570:0f82 (Invalid index: 390514)
Failed to process relocation: 6570:0f7a (Invalid index: 390506)
Failed to process relocation: 6570:0f72 (Invalid index: 390498)
Failed to process relocation: 6570:0f6a (Invalid index: 390490)
Failed to process relocation: 6570:0f62 (Invalid index: 390482)
Failed to process relocation: 6570:0f41 (Invalid index: 390449)
Failed to process relocation: 6570:1676 (Invalid index: 392294)
Failed to process relocation: 6570:1646 (Invalid index: 392246)
Failed to process relocation: 6570:163e (Invalid index: 392238)
Failed to process relocation: 6570:1636 (Invalid index: 392230)
Failed to process relocation: 6570:1628 (Invalid index: 392216)
Failed to process relocation: 6570:1620 (Invalid index: 392208)
Failed to process relocation: 6570:1618 (Invalid index: 392200)
Failed to process relocation: 6570:1610 (Invalid index: 392192)
Failed to process relocation: 6570:1606 (Invalid index: 392182)
Failed to process relocation: 6570:15fe (Invalid index: 392174)
Failed to process relocation: 6570:15f6 (Invalid index: 392166)
Failed to process relocation: 6570:15ec (Invalid index: 392156)
Failed to process relocation: 6570:15e7 (Invalid index: 392151)
Failed to process relocation: 6570:15de (Invalid index: 392142)
Failed to process relocation: 6570:15d6 (Invalid index: 392134)
Failed to process relocation: 6570:15ce (Invalid index: 392126)
Failed to process relocation: 6570:15c6 (Invalid index: 392118)
Failed to process relocation: 6570:1596 (Invalid index: 392070)
Failed to process relocation: 6570:158e (Invalid index: 392062)
Failed to process relocation: 6570:1586 (Invalid index: 392054)
Failed to process relocation: 6570:1578 (Invalid index: 392040)
Failed to process relocation: 6570:1570 (Invalid index: 392032)
Failed to process relocation: 6570:1567 (Invalid index: 392023)
Failed to process relocation: 6570:1562 (Invalid index: 392018)
Failed to process relocation: 6570:154a (Invalid index: 391994)
Failed to process relocation: 6570:1542 (Invalid index: 391986)
Failed to process relocation: 6570:153a (Invalid index: 391978)
Failed to process relocation: 6570:1532 (Invalid index: 391970)
Failed to process relocation: 6570:14e7 (Invalid index: 391895)
Failed to process relocation: 6570:14df (Invalid index: 391887)
Failed to process relocation: 6570:14d7 (Invalid index: 391879)
Failed to process relocation: 6570:14cf (Invalid index: 391871)
Failed to process relocation: 6570:146c (Invalid index: 391772)
Failed to process relocation: 6570:1464 (Invalid index: 391764)
Failed to process relocation: 6570:145c (Invalid index: 391756)
Failed to process relocation: 6570:1454 (Invalid index: 391748)
Failed to process relocation: 6570:144c (Invalid index: 391740)
Failed to process relocation: 6570:1444 (Invalid index: 391732)
Failed to process relocation: 6570:142b (Invalid index: 391707)
Failed to process relocation: 6570:1423 (Invalid index: 391699)
Failed to process relocation: 6570:141b (Invalid index: 391691)
Failed to process relocation: 6570:1413 (Invalid index: 391683)
Failed to process relocation: 6570:1408 (Invalid index: 391672)
Failed to process relocation: 6570:1403 (Invalid index: 391667)
Failed to process relocation: 6570:13fa (Invalid index: 391658)
Failed to process relocation: 6570:13f0 (Invalid index: 391648)
Failed to process relocation: 6570:13eb (Invalid index: 391643)
Failed to process relocation: 6570:13e2 (Invalid index: 391634)
Failed to process relocation: 6570:13d0 (Invalid index: 391616)
Failed to process relocation: 6570:13cb (Invalid index: 391611)
Failed to process relocation: 6570:13c2 (Invalid index: 391602)
Failed to process relocation: 6570:13b8 (Invalid index: 391592)
Failed to process relocation: 6570:13b3 (Invalid index: 391587)
Failed to process relocation: 6570:13aa (Invalid index: 391578)
Failed to process relocation: 6570:137c (Invalid index: 391532)
Failed to process relocation: 6570:1374 (Invalid index: 391524)
Failed to process relocation: 6570:136c (Invalid index: 391516)
Failed to process relocation: 6570:1364 (Invalid index: 391508)
Failed to process relocation: 6570:1359 (Invalid index: 391497)
Failed to process relocation: 6570:1354 (Invalid index: 391492)
Failed to process relocation: 6570:134b (Invalid index: 391483)
Failed to process relocation: 6570:1341 (Invalid index: 391473)
Failed to process relocation: 6570:133c (Invalid index: 391468)
Failed to process relocation: 6570:1333 (Invalid index: 391459)
Failed to process relocation: 6570:1321 (Invalid index: 391441)
Failed to process relocation: 6570:131c (Invalid index: 391436)
Failed to process relocation: 6570:1313 (Invalid index: 391427)
Failed to process relocation: 6570:1309 (Invalid index: 391417)
Failed to process relocation: 6570:1304 (Invalid index: 391412)
Failed to process relocation: 6570:12fb (Invalid index: 391403)
Failed to process relocation: 6570:12d4 (Invalid index: 391364)
Failed to process relocation: 6570:1a2b (Invalid index: 393243)
Failed to process relocation: 6570:1a22 (Invalid index: 393234)
Failed to process relocation: 6570:1a17 (Invalid index: 393223)
Failed to process relocation: 6570:19f9 (Invalid index: 393193)
Failed to process relocation: 6570:19f1 (Invalid index: 393185)
Failed to process relocation: 6570:19e7 (Invalid index: 393175)
Failed to process relocation: 6570:19df (Invalid index: 393167)
Failed to process relocation: 6570:19d5 (Invalid index: 393157)
Failed to process relocation: 6570:19bb (Invalid index: 393131)
Failed to process relocation: 6570:19b3 (Invalid index: 393123)
Failed to process relocation: 6570:19a9 (Invalid index: 393113)
Failed to process relocation: 6570:19a1 (Invalid index: 393105)
Failed to process relocation: 6570:1997 (Invalid index: 393095)
Failed to process relocation: 6570:198f (Invalid index: 393087)
Failed to process relocation: 6570:1987 (Invalid index: 393079)
Failed to process relocation: 6570:197f (Invalid index: 393071)
Failed to process relocation: 6570:1977 (Invalid index: 393063)
Failed to process relocation: 6570:196a (Invalid index: 393050)
Failed to process relocation: 6570:195c (Invalid index: 393036)
Failed to process relocation: 6570:1956 (Invalid index: 393030)
Failed to process relocation: 6570:194d (Invalid index: 393021)
Failed to process relocation: 6570:1945 (Invalid index: 393013)
Failed to process relocation: 6570:193d (Invalid index: 393005)
Failed to process relocation: 6570:1935 (Invalid index: 392997)
Failed to process relocation: 6570:192d (Invalid index: 392989)
Failed to process relocation: 6570:1924 (Invalid index: 392980)
Failed to process relocation: 6570:191f (Invalid index: 392975)
Failed to process relocation: 6570:1910 (Invalid index: 392960)
Failed to process relocation: 6570:18ff (Invalid index: 392943)
Failed to process relocation: 6570:18f7 (Invalid index: 392935)
Failed to process relocation: 6570:18ef (Invalid index: 392927)
Failed to process relocation: 6570:18ea (Invalid index: 392922)
Failed to process relocation: 6570:18db (Invalid index: 392907)
Failed to process relocation: 6570:18a1 (Invalid index: 392849)
Failed to process relocation: 6570:1899 (Invalid index: 392841)
Failed to process relocation: 6570:188f (Invalid index: 392831)
Failed to process relocation: 6570:1887 (Invalid index: 392823)
Failed to process relocation: 6570:187d (Invalid index: 392813)
Failed to process relocation: 6570:1863 (Invalid index: 392787)
Failed to process relocation: 6570:185b (Invalid index: 392779)
Failed to process relocation: 6570:1851 (Invalid index: 392769)
Failed to process relocation: 6570:1849 (Invalid index: 392761)
Failed to process relocation: 6570:183f (Invalid index: 392751)
Failed to process relocation: 6570:1837 (Invalid index: 392743)
Failed to process relocation: 6570:182f (Invalid index: 392735)
Failed to process relocation: 6570:1827 (Invalid index: 392727)
Failed to process relocation: 6570:181f (Invalid index: 392719)
Failed to process relocation: 6570:1812 (Invalid index: 392706)
Failed to process relocation: 6570:1804 (Invalid index: 392692)
Failed to process relocation: 6570:17fe (Invalid index: 392686)
Failed to process relocation: 6570:17f5 (Invalid index: 392677)
Failed to process relocation: 6570:17ed (Invalid index: 392669)
Failed to process relocation: 6570:17e5 (Invalid index: 392661)
Failed to process relocation: 6570:17dd (Invalid index: 392653)
Failed to process relocation: 6570:17d5 (Invalid index: 392645)
Failed to process relocation: 6570:17cc (Invalid index: 392636)
Failed to process relocation: 6570:17c7 (Invalid index: 392631)
Failed to process relocation: 6570:17b8 (Invalid index: 392616)
Failed to process relocation: 6570:17a7 (Invalid index: 392599)
Failed to process relocation: 6570:179f (Invalid index: 392591)
Failed to process relocation: 6570:1797 (Invalid index: 392583)
Failed to process relocation: 6570:1792 (Invalid index: 392578)
Failed to process relocation: 6570:1783 (Invalid index: 392563)
Failed to process relocation: 6570:1755 (Invalid index: 392517)
Failed to process relocation: 6570:1746 (Invalid index: 392502)
Failed to process relocation: 6570:1740 (Invalid index: 392496)
Failed to process relocation: 6570:1737 (Invalid index: 392487)
Failed to process relocation: 6570:172f (Invalid index: 392479)
Failed to process relocation: 6570:1729 (Invalid index: 392473)
Failed to process relocation: 6570:1720 (Invalid index: 392464)
Failed to process relocation: 6570:1718 (Invalid index: 392456)
Failed to process relocation: 6570:1712 (Invalid index: 392450)
Failed to process relocation: 6570:1709 (Invalid index: 392441)
Failed to process relocation: 6570:1701 (Invalid index: 392433)
Failed to process relocation: 6570:16fb (Invalid index: 392427)
Failed to process relocation: 6570:16f2 (Invalid index: 392418)
Failed to process relocation: 6570:16ea (Invalid index: 392410)
Failed to process relocation: 6570:16e1 (Invalid index: 392401)
Failed to process relocation: 6570:16d8 (Invalid index: 392392)
Failed to process relocation: 6570:16d0 (Invalid index: 392384)
Failed to process relocation: 6570:16c8 (Invalid index: 392376)
Failed to process relocation: 6570:16c0 (Invalid index: 392368)
Failed to process relocation: 6570:16b6 (Invalid index: 392358)
Failed to process relocation: 6570:16ae (Invalid index: 392350)
Failed to process relocation: 6570:16a6 (Invalid index: 392342)
Failed to process relocation: 6570:169c (Invalid index: 392332)
Failed to process relocation: 6570:1697 (Invalid index: 392327)
Failed to process relocation: 6570:168e (Invalid index: 392318)
Failed to process relocation: 6570:1686 (Invalid index: 392310)
Failed to process relocation: 6570:167e (Invalid index: 392302)
Failed to process relocation: 6570:1ddf (Invalid index: 394191)
Failed to process relocation: 6570:1dda (Invalid index: 394186)
Failed to process relocation: 6570:1dd2 (Invalid index: 394178)
Failed to process relocation: 6570:1dca (Invalid index: 394170)
Failed to process relocation: 6570:1dc1 (Invalid index: 394161)
Failed to process relocation: 6570:1db8 (Invalid index: 394152)
Failed to process relocation: 6570:1dae (Invalid index: 394142)
Failed to process relocation: 6570:1da6 (Invalid index: 394134)
Failed to process relocation: 6570:1d9c (Invalid index: 394124)
Failed to process relocation: 6570:1d97 (Invalid index: 394119)
Failed to process relocation: 6570:1d8f (Invalid index: 394111)
Failed to process relocation: 6570:1d85 (Invalid index: 394101)
Failed to process relocation: 6570:1d80 (Invalid index: 394096)
Failed to process relocation: 6570:1d78 (Invalid index: 394088)
Failed to process relocation: 6570:1d70 (Invalid index: 394080)
Failed to process relocation: 6570:1d68 (Invalid index: 394072)
Failed to process relocation: 6570:1d60 (Invalid index: 394064)
Failed to process relocation: 6570:1d57 (Invalid index: 394055)
Failed to process relocation: 6570:1d4f (Invalid index: 394047)
Failed to process relocation: 6570:1d47 (Invalid index: 394039)
Failed to process relocation: 6570:1d3f (Invalid index: 394031)
Failed to process relocation: 6570:1d36 (Invalid index: 394022)
Failed to process relocation: 6570:1d2e (Invalid index: 394014)
Failed to process relocation: 6570:1d25 (Invalid index: 394005)
Failed to process relocation: 6570:1d1c (Invalid index: 393996)
Failed to process relocation: 6570:1d12 (Invalid index: 393986)
Failed to process relocation: 6570:1d0a (Invalid index: 393978)
Failed to process relocation: 6570:1d00 (Invalid index: 393968)
Failed to process relocation: 6570:1cfb (Invalid index: 393963)
Failed to process relocation: 6570:1cf3 (Invalid index: 393955)
Failed to process relocation: 6570:1ce9 (Invalid index: 393945)
Failed to process relocation: 6570:1ce4 (Invalid index: 393940)
Failed to process relocation: 6570:1cdc (Invalid index: 393932)
Failed to process relocation: 6570:1cd4 (Invalid index: 393924)
Failed to process relocation: 6570:1ccb (Invalid index: 393915)
Failed to process relocation: 6570:1cc2 (Invalid index: 393906)
Failed to process relocation: 6570:1cb8 (Invalid index: 393896)
Failed to process relocation: 6570:1cb0 (Invalid index: 393888)
Failed to process relocation: 6570:1ca6 (Invalid index: 393878)
Failed to process relocation: 6570:1ca1 (Invalid index: 393873)
Failed to process relocation: 6570:1c99 (Invalid index: 393865)
Failed to process relocation: 6570:1c91 (Invalid index: 393857)
Failed to process relocation: 6570:1c88 (Invalid index: 393848)
Failed to process relocation: 6570:1c7e (Invalid index: 393838)
Failed to process relocation: 6570:1c79 (Invalid index: 393833)
Failed to process relocation: 6570:1c71 (Invalid index: 393825)
Failed to process relocation: 6570:1c69 (Invalid index: 393817)
Failed to process relocation: 6570:1c61 (Invalid index: 393809)
Failed to process relocation: 6570:1c59 (Invalid index: 393801)
Failed to process relocation: 6570:1bfe (Invalid index: 393710)
Failed to process relocation: 6570:1bf4 (Invalid index: 393700)
Failed to process relocation: 6570:1bef (Invalid index: 393695)
Failed to process relocation: 6570:1be7 (Invalid index: 393687)
Failed to process relocation: 6570:1bdd (Invalid index: 393677)
Failed to process relocation: 6570:1bd8 (Invalid index: 393672)
Failed to process relocation: 6570:1bd0 (Invalid index: 393664)
Failed to process relocation: 6570:1bc6 (Invalid index: 393654)
Failed to process relocation: 6570:1bc1 (Invalid index: 393649)
Failed to process relocation: 6570:1bb9 (Invalid index: 393641)
Failed to process relocation: 6570:1baf (Invalid index: 393631)
Failed to process relocation: 6570:1baa (Invalid index: 393626)
Failed to process relocation: 6570:1b83 (Invalid index: 393587)
Failed to process relocation: 6570:1b79 (Invalid index: 393577)
Failed to process relocation: 6570:1b74 (Invalid index: 393572)
Failed to process relocation: 6570:1b6c (Invalid index: 393564)
Failed to process relocation: 6570:1b62 (Invalid index: 393554)
Failed to process relocation: 6570:1b5d (Invalid index: 393549)
Failed to process relocation: 6570:1b55 (Invalid index: 393541)
Failed to process relocation: 6570:1b4b (Invalid index: 393531)
Failed to process relocation: 6570:1b46 (Invalid index: 393526)
Failed to process relocation: 6570:1b3e (Invalid index: 393518)
Failed to process relocation: 6570:1b34 (Invalid index: 393508)
Failed to process relocation: 6570:1b2f (Invalid index: 393503)
Failed to process relocation: 6570:1afd (Invalid index: 393453)
Failed to process relocation: 6570:1ad7 (Invalid index: 393415)
Failed to process relocation: 6570:1ab5 (Invalid index: 393381)
Failed to process relocation: 6570:1ab0 (Invalid index: 393376)
Failed to process relocation: 6570:1aa7 (Invalid index: 393367)
Failed to process relocation: 6570:1aa2 (Invalid index: 393362)
Failed to process relocation: 6570:1a53 (Invalid index: 393283)
Failed to process relocation: 6570:1a49 (Invalid index: 393273)
Failed to process relocation: 6570:1a44 (Invalid index: 393268)
Failed to process relocation: 6570:1a3b (Invalid index: 393259)
Failed to process relocation: 6570:1a33 (Invalid index: 393251)
Failed to process relocation: 6570:218d (Invalid index: 395133)
Failed to process relocation: 6570:2184 (Invalid index: 395124)
Failed to process relocation: 6570:217f (Invalid index: 395119)
Failed to process relocation: 6570:2176 (Invalid index: 395110)
Failed to process relocation: 6570:216e (Invalid index: 395102)
Failed to process relocation: 6570:2157 (Invalid index: 395079)
Failed to process relocation: 6570:205d (Invalid index: 394829)
Failed to process relocation: 6570:2058 (Invalid index: 394824)
Failed to process relocation: 6570:204f (Invalid index: 394815)
Failed to process relocation: 6570:204a (Invalid index: 394810)
Failed to process relocation: 6570:200c (Invalid index: 394748)
 (ProgramLoader)  
INFO  IMPORTING: Loaded 0 additional files (HeadlessAnalyzer)  
INFO  REPORT: Execute script: MarkOverlayThunks 'pre' '3ab8'  (HeadlessAnalyzer)  
INFO  SCRIPT: C:\prog\jwcad\ghidra_scripts\MarkOverlayThunks.java (HeadlessAnalyzer)  
INFO  MarkOverlayThunks.java> cd 3f sites: 112 (GhidraScript)  
INFO  MarkOverlayThunks.java> overlay trap operands marked as data: 112 of 112 (GhidraScript)  
INFO  ANALYZING all memory and code: file:///C:/prog/jwcad/ovl/jw16.exe (HeadlessAnalyzer)  
ERROR Failed to create function at 1885:07c4 since its body contains referring thunk at 1885:0344 (CreateFunctionCmd)  
ERROR Failed to create function at 28b3:0f86 since its body contains referring thunk at 28b3:0ee9 (CreateFunctionCmd)  
ERROR Failed to create function at 28b3:1140 since its body contains referring thunk at 28b3:112c (CreateFunctionCmd)  
WARN  Decompiling 32b2:0d40, pcode error at 3000:5054: Unable to resolve constructor at 3000:5054 (DecompileCallback)  
WARN  Decompiling 1000:0a81, pcode error at 1000:0a6f: Unable to resolve constructor at 1000:0a6f (DecompileCallback)  
WARN  Decompiling 1000:0a81, pcode error at 1000:0a4b: Unable to resolve constructor at 1000:0a4b (DecompileCallback)  
WARN  Decompiling 1000:0a81, pcode error at 1000:0818: Unable to resolve constructor at 1000:0818 (DecompileCallback)  
WARN  Decompiling 32b2:1528: Unable to read bytes at ram:0000:7be2 (DecompileCallback)  
WARN  Decompiling 12c1:097e, pcode error at 1000:5097: Unable to resolve constructor at 1000:5097 (DecompileCallback)  
WARN  Decompiling 21f2:246e, pcode error at 2000:3158: Unable to resolve constructor at 2000:3158 (DecompileCallback)  
WARN  Decompiling 21f2:246e, pcode error at 2000:7191: Unable to resolve constructor at 2000:7191 (DecompileCallback)  
INFO  Packed database cache: C:\Users\yomei\AppData\Local\ghidra\packed-db-cache (PackedDatabaseCache)  
INFO  Applied data type archive: generic_clib (ApplyDataArchiveAnalyzer)  
INFO  -----------------------------------------------------
    ASCII Strings                              0.375 secs
    Apply Data Archives                        0.818 secs
    Call Convention ID                         0.005 secs
    Call-Fixup Installer                       0.017 secs
    Create Function                            0.526 secs
    Data Reference                             0.047 secs
    Decompiler Switch Analysis                31.121 secs
    Demangler GNU                              0.058 secs
    Disassemble                                2.051 secs
    Disassemble Entry Points                   0.167 secs
    Embedded Media                             0.017 secs
    External Entry References                  0.000 secs
    Function ID                                0.139 secs
    Function Start Search                      0.022 secs
    Non-Returning Functions - Discovered       0.698 secs
    Reference                                  0.072 secs
    Segmented X86 Calling Conventions          0.003 secs
    Shared Return Calls                        0.206 secs
    Stack                                      2.854 secs
    Subroutine References                      0.105 secs
    Subroutine References - One Time           0.000 secs
    X86 Function Callee Purge                  0.183 secs
    x86 Constant Reference Analyzer            2.477 secs
-----------------------------------------------------
     Total Time   41 secs
-----------------------------------------------------
 (AutoAnalysisManager)  
INFO  REPORT: Analysis succeeded for file: file:///C:/prog/jwcad/ovl/jw16.exe (HeadlessAnalyzer)  
INFO  REPORT: Execute script: MarkOverlayThunks 'post' '3ab8' 'C:\prog\jwcad\entries\16.txt' '16'  (HeadlessAnalyzer)  
INFO  SCRIPT: C:\prog\jwcad\ghidra_scripts\MarkOverlayThunks.java (HeadlessAnalyzer)  
INFO  MarkOverlayThunks.java> cd 3f sites: 112 (GhidraScript)  
INFO  MarkOverlayThunks.java> overlay traps given a fall-through: 112, references added: 0 (GhidraScript)  
INFO  MarkOverlayThunks.java> overlay entry points seeded: 4 (GhidraScript)  
INFO  REPORT: Execute script: DecompileAll 'C:\prog\jwcad\out\ovl16' '3ab8' '4375'  (HeadlessAnalyzer)  
INFO  SCRIPT: C:\prog\jwcad\ghidra_scripts\DecompileAll.java (HeadlessAnalyzer)  
WARN  Decompiling 3ab8:5340, pcode error at 4000:ff06: Disassembly not permitted within uninitialized memory block (DecompileCallback)  
WARN  Decompiling 3ab8:5340, pcode error at 4000:ff01: Disassembly not permitted within uninitialized memory block (DecompileCallback)  
INFO  DecompileAll.java> decompiled 29 functions, 0 failed (GhidraScript)  
INFO  ANALYZING changes made by post scripts: file:///C:/prog/jwcad/ovl/jw16.exe (HeadlessAnalyzer)  
INFO  REPORT: Post-analysis succeeded for file: file:///C:/prog/jwcad/ovl/jw16.exe (HeadlessAnalyzer)  
INFO  /jw16.exe: file created (yomei) (LocalFileSystem)  
INFO  REPORT: Save succeeded for: /jw16.exe (ovl16:/jw16.exe) (HeadlessAnalyzer)  
INFO  REPORT: Import succeeded (HeadlessAnalyzer)  
