INFO  Using log config file: jar:file:/C:/prog/ghidra/ghidra_12.1.3_PUBLIC/Ghidra/Framework/Generic/lib/Generic.jar!/generic.log4j.xml (LoggingInitialization)  
INFO  Using log file: C:\Users\yomei\AppData\Roaming\ghidra\ghidra_12.1.3_PUBLIC\application.log (LoggingInitialization)  
INFO  Loading user preferences: C:\Users\yomei\AppData\Roaming\ghidra\ghidra_12.1.3_PUBLIC\preferences (Preferences)  
INFO  Searching for classes... (ClassSearcher)  
INFO  Class search complete (1046 ms) (ClassSearcher)  
INFO  Initializing SSL Context (DefaultSSLContextInitializer)  
INFO  Initializing Random Number Generator... (SecureRandomFactory)  
INFO  Random Number Generator initialization complete: SHA1PRNG (SecureRandomFactory)  
INFO  Trust manager disabled, cacerts have not been set (DefaultTrustManagerFactory)  
INFO  Headless startup complete (10097 ms) (AnalyzeHeadless)  
INFO  Class searcher loaded 59 extension points (20 false positives) (ClassSearcher)  
INFO  HEADLESS Script Paths:
    C:\prog\ghidra\ghidra_12.1.3_PUBLIC\Ghidra\Debug\Debugger-rmi-trace\ghidra_scripts
    C:\prog\ghidra\ghidra_12.1.3_PUBLIC\Ghidra\Features\FileFormats\ghidra_scripts
    C:\prog\ghidra\ghidra_12.1.3_PUBLIC\Ghidra\Features\GnuDemangler\ghidra_scripts
    C:\prog\ghidra\ghidra_12.1.3_PUBLIC\Ghidra\Features\VersionTracking\ghidra_scripts
    C:\prog\ghidra\ghidra_12.1.3_PUBLIC\Ghidra\Debug\Debugger\ghidra_scripts
    C:\prog\ghidra\ghidra_12.1.3_PUBLIC\Ghidra\Processors\8051\ghidra_scripts
    C:\prog\ghidra\ghidra_12.1.3_PUBLIC\Ghidra\Features\BSim\ghidra_scripts
    C:\prog\ghidra\ghidra_12.1.3_PUBLIC\Ghidra\Features\WildcardAssembler\ghidra_scripts
    C:\prog\ghidra\ghidra_12.1.3_PUBLIC\Ghidra\Features\FunctionID\ghidra_scripts
    C:\prog\ghidra\ghidra_12.1.3_PUBLIC\Ghidra\Features\SystemEmulation\ghidra_scripts
    C:\prog\ghidra\ghidra_12.1.3_PUBLIC\Ghidra\Processors\PIC\ghidra_scripts
    C:\prog\ghidra\ghidra_12.1.3_PUBLIC\Ghidra\Features\PDB\ghidra_scripts
    C:\prog\ghidra\ghidra_12.1.3_PUBLIC\Ghidra\Features\DecompilerDependent\ghidra_scripts
    C:\prog\ghidra\ghidra_12.1.3_PUBLIC\Ghidra\Features\SwiftDemangler\ghidra_scripts
    C:\prog\ghidra\ghidra_12.1.3_PUBLIC\Ghidra\Features\MicrosoftCodeAnalyzer\ghidra_scripts
    C:\prog\ghidra\ghidra_12.1.3_PUBLIC\Ghidra\Processors\DATA\ghidra_scripts
    C:\prog\ghidra\ghidra_12.1.3_PUBLIC\Ghidra\Features\Decompiler\ghidra_scripts
    C:\prog\ghidra\ghidra_12.1.3_PUBLIC\Ghidra\Features\BytePatterns\ghidra_scripts
    C:\prog\ghidra\ghidra_12.1.3_PUBLIC\Ghidra\Features\PyGhidra\ghidra_scripts
    C:\prog\ghidra\ghidra_12.1.3_PUBLIC\Ghidra\Processors\Atmel\ghidra_scripts
    C:\prog\ghidra\ghidra_12.1.3_PUBLIC\Ghidra\Features\Base\ghidra_scripts
    C:\prog\jwcad\ghidra_scripts
    C:\prog\ghidra\ghidra_12.1.3_PUBLIC\Ghidra\Processors\JVM\ghidra_scripts (HeadlessAnalyzer)  
INFO  HEADLESS: execution starts (HeadlessAnalyzer)  
INFO  Creating temporary project: C:\prog\jwcad\proj\ovl17 (HeadlessAnalyzer)  
INFO  Creating project: C:\prog\jwcad\proj\ovl17 (DefaultProject)  
INFO  REPORT: Processing input files:  (HeadlessAnalyzer)  
INFO       project: C:\prog\jwcad\proj\ovl17 (HeadlessAnalyzer)  
INFO  IMPORTING: file:///C:/prog/jwcad/ovl/jw17.exe (HeadlessAnalyzer)  
INFO  Using Loader: Old-style DOS Executable (MZ) (ProgramLoader)  
INFO  Using Language/Compiler: x86:LE:16:Real Mode:default (ProgramLoader)  
INFO  Using Library Search Path: [., C:\Windows\SysWOW64, C:\prog\ghidra\jdk21\bin, C:\Windows\Sun\Java\bin, C:\Windows\system32, C:\Windows, C:\Program Files\Python312\Scripts\, C:\Program Files\Python312\, C:\Windows\System32\Wbem, C:\Windows\System32\WindowsPowerShell\v1.0\, C:\Windows\System32\OpenSSH\, C:\Program Files\Amazon\AWSCLIV2\, C:\ProgramData\chocolatey\bin, C:\ffmpeg, C:\Users\yomei\AppData\Local\Microsoft\WindowsApps] (ProgramLoader)  
INFO  Additional info:
There were too many messages to display.
1297 messages have been truncated.

Loading file:///C:/prog/jwcad/ovl/jw17.exe?MD5=dac1508f2006e995ca5c935aaa80ba3f...
Failed to process relocation: 6570:039e (Invalid index: 386174)
Failed to process relocation: 6570:037d (Invalid index: 386141)
Failed to process relocation: 6570:0371 (Invalid index: 386129)
Failed to process relocation: 6570:035a (Invalid index: 386106)
Failed to process relocation: 6570:0330 (Invalid index: 386064)
Failed to process relocation: 6570:0324 (Invalid index: 386052)
Failed to process relocation: 6570:0301 (Invalid index: 386017)
Failed to process relocation: 6570:02f2 (Invalid index: 386002)
Failed to process relocation: 6570:02db (Invalid index: 385979)
Failed to process relocation: 6570:02d6 (Invalid index: 385974)
Failed to process relocation: 6570:02d1 (Invalid index: 385969)
Failed to process relocation: 6570:02af (Invalid index: 385935)
Failed to process relocation: 6570:0252 (Invalid index: 385842)
Failed to process relocation: 6570:0235 (Invalid index: 385813)
Failed to process relocation: 6570:021e (Invalid index: 385790)
Failed to process relocation: 6570:020f (Invalid index: 385775)
Failed to process relocation: 6570:01fb (Invalid index: 385755)
Failed to process relocation: 6570:01e7 (Invalid index: 385735)
Failed to process relocation: 6570:01c6 (Invalid index: 385702)
Failed to process relocation: 6570:01b7 (Invalid index: 385687)
Failed to process relocation: 6570:01a8 (Invalid index: 385672)
Failed to process relocation: 6570:0199 (Invalid index: 385657)
Failed to process relocation: 6570:0189 (Invalid index: 385641)
Failed to process relocation: 6570:016d (Invalid index: 385613)
Failed to process relocation: 6570:0155 (Invalid index: 385589)
Failed to process relocation: 6570:0139 (Invalid index: 385561)
Failed to process relocation: 6570:0125 (Invalid index: 385541)
Failed to process relocation: 6570:0109 (Invalid index: 385513)
Failed to process relocation: 6570:00f5 (Invalid index: 385493)
Failed to process relocation: 6570:00d9 (Invalid index: 385465)
Failed to process relocation: 6570:00be (Invalid index: 385438)
Failed to process relocation: 6570:00b7 (Invalid index: 385431)
Failed to process relocation: 6570:0098 (Invalid index: 385400)
Failed to process relocation: 6570:008d (Invalid index: 385389)
Failed to process relocation: 6570:007a (Invalid index: 385370)
Failed to process relocation: 6570:0044 (Invalid index: 385316)
Failed to process relocation: 6570:0038 (Invalid index: 385304)
Failed to process relocation: 6570:0016 (Invalid index: 385270)
Failed to process relocation: 6570:0009 (Invalid index: 385257)
Failed to process relocation: 6570:04d7 (Invalid index: 386487)
Failed to process relocation: 6570:04ba (Invalid index: 386458)
Failed to process relocation: 6570:04ab (Invalid index: 386443)
Failed to process relocation: 6570:049c (Invalid index: 386428)
Failed to process relocation: 6570:048d (Invalid index: 386413)
Failed to process relocation: 6570:047d (Invalid index: 386397)
Failed to process relocation: 6570:045d (Invalid index: 386365)
Failed to process relocation: 6570:0451 (Invalid index: 386353)
Failed to process relocation: 6570:0441 (Invalid index: 386337)
Failed to process relocation: 6570:0416 (Invalid index: 386294)
Failed to process relocation: 6570:0407 (Invalid index: 386279)
Failed to process relocation: 6570:03f0 (Invalid index: 386256)
Failed to process relocation: 6570:03eb (Invalid index: 386251)
Failed to process relocation: 6570:03e6 (Invalid index: 386246)
Failed to process relocation: 6570:03c4 (Invalid index: 386212)
Failed to process relocation: 6570:06d1 (Invalid index: 386993)
Failed to process relocation: 6570:06c6 (Invalid index: 386982)
Failed to process relocation: 6570:06b1 (Invalid index: 386961)
Failed to process relocation: 6570:06ac (Invalid index: 386956)
Failed to process relocation: 6570:06a3 (Invalid index: 386947)
Failed to process relocation: 6570:0699 (Invalid index: 386937)
Failed to process relocation: 6570:0694 (Invalid index: 386932)
Failed to process relocation: 6570:068b (Invalid index: 386923)
Failed to process relocation: 6570:0681 (Invalid index: 386913)
Failed to process relocation: 6570:067c (Invalid index: 386908)
Failed to process relocation: 6570:0673 (Invalid index: 386899)
Failed to process relocation: 6570:0669 (Invalid index: 386889)
Failed to process relocation: 6570:0664 (Invalid index: 386884)
Failed to process relocation: 6570:065b (Invalid index: 386875)
Failed to process relocation: 6570:062e (Invalid index: 386830)
Failed to process relocation: 6570:060c (Invalid index: 386796)
Failed to process relocation: 6570:05ec (Invalid index: 386764)
Failed to process relocation: 6570:05d0 (Invalid index: 386736)
Failed to process relocation: 6570:05c3 (Invalid index: 386723)
Failed to process relocation: 6570:05b9 (Invalid index: 386713)
Failed to process relocation: 6570:05b4 (Invalid index: 386708)
Failed to process relocation: 6570:05ac (Invalid index: 386700)
Failed to process relocation: 6570:05a2 (Invalid index: 386690)
Failed to process relocation: 6570:059d (Invalid index: 386685)
Failed to process relocation: 6570:0594 (Invalid index: 386676)
Failed to process relocation: 6570:058a (Invalid index: 386666)
Failed to process relocation: 6570:0580 (Invalid index: 386656)
Failed to process relocation: 6570:0575 (Invalid index: 386645)
Failed to process relocation: 6570:0567 (Invalid index: 386631)
Failed to process relocation: 6570:055d (Invalid index: 386621)
Failed to process relocation: 6570:0554 (Invalid index: 386612)
Failed to process relocation: 6570:054d (Invalid index: 386605)
Failed to process relocation: 6570:0524 (Invalid index: 386564)
Failed to process relocation: 6570:0ad3 (Invalid index: 388019)
Failed to process relocation: 6570:0ace (Invalid index: 388014)
Failed to process relocation: 6570:0aa0 (Invalid index: 387968)
Failed to process relocation: 6570:0a79 (Invalid index: 387929)
Failed to process relocation: 6570:0a6e (Invalid index: 387918)
Failed to process relocation: 6570:0a37 (Invalid index: 387863)
Failed to process relocation: 6570:0a26 (Invalid index: 387846)
Failed to process relocation: 6570:0a16 (Invalid index: 387830)
Failed to process relocation: 6570:0a06 (Invalid index: 387814)
Failed to process relocation: 6570:09f6 (Invalid index: 387798)
Failed to process relocation: 6570:09e6 (Invalid index: 387782)
Failed to process relocation: 6570:09d6 (Invalid index: 387766)
Failed to process relocation: 6570:09c6 (Invalid index: 387750)
Failed to process relocation: 6570:09b8 (Invalid index: 387736)
Failed to process relocation: 6570:09a9 (Invalid index: 387721)
Failed to process relocation: 6570:09a4 (Invalid index: 387716)
Failed to process relocation: 6570:099a (Invalid index: 387706)
Failed to process relocation: 6570:0995 (Invalid index: 387701)
Failed to process relocation: 6570:098c (Invalid index: 387692)
Failed to process relocation: 6570:0982 (Invalid index: 387682)
Failed to process relocation: 6570:097d (Invalid index: 387677)
Failed to process relocation: 6570:0974 (Invalid index: 387668)
Failed to process relocation: 6570:096a (Invalid index: 387658)
Failed to process relocation: 6570:0965 (Invalid index: 387653)
Failed to process relocation: 6570:095c (Invalid index: 387644)
Failed to process relocation: 6570:0952 (Invalid index: 387634)
Failed to process relocation: 6570:094d (Invalid index: 387629)
Failed to process relocation: 6570:0931 (Invalid index: 387601)
Failed to process relocation: 6570:090a (Invalid index: 387562)
Failed to process relocation: 6570:0905 (Invalid index: 387557)
Failed to process relocation: 6570:08fb (Invalid index: 387547)
Failed to process relocation: 6570:08f6 (Invalid index: 387542)
Failed to process relocation: 6570:08ed (Invalid index: 387533)
Failed to process relocation: 6570:08e3 (Invalid index: 387523)
Failed to process relocation: 6570:08de (Invalid index: 387518)
Failed to process relocation: 6570:0899 (Invalid index: 387449)
Failed to process relocation: 6570:0894 (Invalid index: 387444)
Failed to process relocation: 6570:088a (Invalid index: 387434)
Failed to process relocation: 6570:0885 (Invalid index: 387429)
Failed to process relocation: 6570:087c (Invalid index: 387420)
Failed to process relocation: 6570:0872 (Invalid index: 387410)
Failed to process relocation: 6570:086d (Invalid index: 387405)
Failed to process relocation: 6570:0840 (Invalid index: 387360)
Failed to process relocation: 6570:081c (Invalid index: 387324)
Failed to process relocation: 6570:080c (Invalid index: 387308)
Failed to process relocation: 6570:07fa (Invalid index: 387290)
Failed to process relocation: 6570:07d2 (Invalid index: 387250)
Failed to process relocation: 6570:07c2 (Invalid index: 387234)
Failed to process relocation: 6570:07b2 (Invalid index: 387218)
Failed to process relocation: 6570:07a2 (Invalid index: 387202)
Failed to process relocation: 6570:0792 (Invalid index: 387186)
Failed to process relocation: 6570:0764 (Invalid index: 387140)
Failed to process relocation: 6570:0730 (Invalid index: 387088)
Failed to process relocation: 6570:0e85 (Invalid index: 388965)
Failed to process relocation: 6570:0e7b (Invalid index: 388955)
Failed to process relocation: 6570:0e76 (Invalid index: 388950)
Failed to process relocation: 6570:0e6d (Invalid index: 388941)
Failed to process relocation: 6570:0e63 (Invalid index: 388931)
Failed to process relocation: 6570:0e5e (Invalid index: 388926)
Failed to process relocation: 6570:0e42 (Invalid index: 388898)
Failed to process relocation: 6570:0e19 (Invalid index: 388857)
Failed to process relocation: 6570:0e11 (Invalid index: 388849)
Failed to process relocation: 6570:0e07 (Invalid index: 388839)
Failed to process relocation: 6570:0ddc (Invalid index: 388796)
Failed to process relocation: 6570:0dd4 (Invalid index: 388788)
Failed to process relocation: 6570:0dca (Invalid index: 388778)
Failed to process relocation: 6570:0dc5 (Invalid index: 388773)
Failed to process relocation: 6570:0dbc (Invalid index: 388764)
Failed to process relocation: 6570:0db2 (Invalid index: 388754)
Failed to process relocation: 6570:0da9 (Invalid index: 388745)
Failed to process relocation: 6570:0d9f (Invalid index: 388735)
Failed to process relocation: 6570:0d9a (Invalid index: 388730)
Failed to process relocation: 6570:0d91 (Invalid index: 388721)
Failed to process relocation: 6570:0d87 (Invalid index: 388711)
Failed to process relocation: 6570:0d82 (Invalid index: 388706)
Failed to process relocation: 6570:0d2d (Invalid index: 388621)
Failed to process relocation: 6570:0d23 (Invalid index: 388611)
Failed to process relocation: 6570:0d1e (Invalid index: 388606)
Failed to process relocation: 6570:0d15 (Invalid index: 388597)
Failed to process relocation: 6570:0d0b (Invalid index: 388587)
Failed to process relocation: 6570:0d06 (Invalid index: 388582)
Failed to process relocation: 6570:0cc2 (Invalid index: 388514)
Failed to process relocation: 6570:0cbd (Invalid index: 388509)
Failed to process relocation: 6570:0cb3 (Invalid index: 388499)
Failed to process relocation: 6570:0cae (Invalid index: 388494)
Failed to process relocation: 6570:0ca5 (Invalid index: 388485)
Failed to process relocation: 6570:0c9b (Invalid index: 388475)
Failed to process relocation: 6570:0c96 (Invalid index: 388470)
Failed to process relocation: 6570:0c8d (Invalid index: 388461)
Failed to process relocation: 6570:0c83 (Invalid index: 388451)
Failed to process relocation: 6570:0c7e (Invalid index: 388446)
Failed to process relocation: 6570:0c75 (Invalid index: 388437)
Failed to process relocation: 6570:0c6b (Invalid index: 388427)
Failed to process relocation: 6570:0c66 (Invalid index: 388422)
Failed to process relocation: 6570:0c0b (Invalid index: 388331)
Failed to process relocation: 6570:0c02 (Invalid index: 388322)
Failed to process relocation: 6570:0be6 (Invalid index: 388294)
Failed to process relocation: 6570:0bc0 (Invalid index: 388256)
Failed to process relocation: 6570:0ba0 (Invalid index: 388224)
Failed to process relocation: 6570:0b5f (Invalid index: 388159)
Failed to process relocation: 6570:0b27 (Invalid index: 388103)
Failed to process relocation: 6570:0b04 (Invalid index: 388068)
Failed to process relocation: 6570:0add (Invalid index: 388029)
Failed to process relocation: 6570:11eb (Invalid index: 389835)
Failed to process relocation: 6570:11e2 (Invalid index: 389826)
Failed to process relocation: 6570:11c4 (Invalid index: 389796)
Failed to process relocation: 6570:11bf (Invalid index: 389791)
Failed to process relocation: 6570:11b6 (Invalid index: 389782)
Failed to process relocation: 6570:11ac (Invalid index: 389772)
Failed to process relocation: 6570:11a3 (Invalid index: 389763)
Failed to process relocation: 6570:1199 (Invalid index: 389753)
Failed to process relocation: 6570:1194 (Invalid index: 389748)
Failed to process relocation: 6570:118b (Invalid index: 389739)
Failed to process relocation: 6570:1181 (Invalid index: 389729)
Failed to process relocation: 6570:117c (Invalid index: 389724)
Failed to process relocation: 6570:1173 (Invalid index: 389715)
Failed to process relocation: 6570:1158 (Invalid index: 389688)
Failed to process relocation: 6570:114f (Invalid index: 389679)
Failed to process relocation: 6570:1145 (Invalid index: 389669)
Failed to process relocation: 6570:1140 (Invalid index: 389664)
Failed to process relocation: 6570:1137 (Invalid index: 389655)
Failed to process relocation: 6570:112d (Invalid index: 389645)
Failed to process relocation: 6570:1128 (Invalid index: 389640)
Failed to process relocation: 6570:1117 (Invalid index: 389623)
Failed to process relocation: 6570:1112 (Invalid index: 389618)
Failed to process relocation: 6570:1109 (Invalid index: 389609)
Failed to process relocation: 6570:1100 (Invalid index: 389600)
Failed to process relocation: 6570:10f5 (Invalid index: 389589)
Failed to process relocation: 6570:10f0 (Invalid index: 389584)
Failed to process relocation: 6570:10e7 (Invalid index: 389575)
Failed to process relocation: 6570:10dc (Invalid index: 389564)
Failed to process relocation: 6570:10d7 (Invalid index: 389559)
Failed to process relocation: 6570:10ce (Invalid index: 389550)
Failed to process relocation: 6570:10c5 (Invalid index: 389541)
Failed to process relocation: 6570:10ba (Invalid index: 389530)
Failed to process relocation: 6570:10b5 (Invalid index: 389525)
Failed to process relocation: 6570:10ac (Invalid index: 389516)
Failed to process relocation: 6570:1087 (Invalid index: 389479)
Failed to process relocation: 6570:107f (Invalid index: 389471)
Failed to process relocation: 6570:1076 (Invalid index: 389462)
Failed to process relocation: 6570:106d (Invalid index: 389453)
Failed to process relocation: 6570:1064 (Invalid index: 389444)
Failed to process relocation: 6570:105c (Invalid index: 389436)
Failed to process relocation: 6570:1053 (Invalid index: 389427)
Failed to process relocation: 6570:104a (Invalid index: 389418)
Failed to process relocation: 6570:1041 (Invalid index: 389409)
Failed to process relocation: 6570:1038 (Invalid index: 389400)
Failed to process relocation: 6570:0f8e (Invalid index: 389230)
Failed to process relocation: 6570:0f4f (Invalid index: 389167)
Failed to process relocation: 6570:0f46 (Invalid index: 389158)
Failed to process relocation: 6570:0f3c (Invalid index: 389148)
Failed to process relocation: 6570:0f37 (Invalid index: 389143)
Failed to process relocation: 6570:0f2e (Invalid index: 389134)
Failed to process relocation: 6570:0f24 (Invalid index: 389124)
Failed to process relocation: 6570:0f1f (Invalid index: 389119)
Failed to process relocation: 6570:0f15 (Invalid index: 389109)
Failed to process relocation: 6570:0f0a (Invalid index: 389098)
Failed to process relocation: 6570:0efc (Invalid index: 389084)
Failed to process relocation: 6570:0ee1 (Invalid index: 389057)
Failed to process relocation: 6570:0eba (Invalid index: 389018)
Failed to process relocation: 6570:0eb5 (Invalid index: 389013)
Failed to process relocation: 6570:0eab (Invalid index: 389003)
Failed to process relocation: 6570:0ea6 (Invalid index: 388998)
Failed to process relocation: 6570:0e9d (Invalid index: 388989)
Failed to process relocation: 6570:0e93 (Invalid index: 388979)
Failed to process relocation: 6570:0e8e (Invalid index: 388974)
Failed to process relocation: 6570:15eb (Invalid index: 390859)
Failed to process relocation: 6570:15e1 (Invalid index: 390849)
Failed to process relocation: 6570:15c6 (Invalid index: 390822)
Failed to process relocation: 6570:15be (Invalid index: 390814)
Failed to process relocation: 6570:15b4 (Invalid index: 390804)
Failed to process relocation: 6570:15ab (Invalid index: 390795)
Failed to process relocation: 6570:15a1 (Invalid index: 390785)
Failed to process relocation: 6570:1598 (Invalid index: 390776)
Failed to process relocation: 6570:1593 (Invalid index: 390771)
Failed to process relocation: 6570:158e (Invalid index: 390766)
Failed to process relocation: 6570:1573 (Invalid index: 390739)
Failed to process relocation: 6570:156b (Invalid index: 390731)
Failed to process relocation: 6570:1561 (Invalid index: 390721)
Failed to process relocation: 6570:1558 (Invalid index: 390712)
Failed to process relocation: 6570:154e (Invalid index: 390702)
Failed to process relocation: 6570:1533 (Invalid index: 390675)
Failed to process relocation: 6570:152b (Invalid index: 390667)
Failed to process relocation: 6570:1521 (Invalid index: 390657)
Failed to process relocation: 6570:151c (Invalid index: 390652)
Failed to process relocation: 6570:1513 (Invalid index: 390643)
Failed to process relocation: 6570:1509 (Invalid index: 390633)
Failed to process relocation: 6570:1500 (Invalid index: 390624)
Failed to process relocation: 6570:14f6 (Invalid index: 390614)
Failed to process relocation: 6570:14f1 (Invalid index: 390609)
Failed to process relocation: 6570:14e8 (Invalid index: 390600)
Failed to process relocation: 6570:14de (Invalid index: 390590)
Failed to process relocation: 6570:14d9 (Invalid index: 390585)
Failed to process relocation: 6570:14d0 (Invalid index: 390576)
Failed to process relocation: 6570:14c6 (Invalid index: 390566)
Failed to process relocation: 6570:14b3 (Invalid index: 390547)
Failed to process relocation: 6570:1474 (Invalid index: 390484)
Failed to process relocation: 6570:145c (Invalid index: 390460)
Failed to process relocation: 6570:1452 (Invalid index: 390450)
Failed to process relocation: 6570:1437 (Invalid index: 390423)
Failed to process relocation: 6570:141f (Invalid index: 390399)
Failed to process relocation: 6570:1415 (Invalid index: 390389)
Failed to process relocation: 6570:13fa (Invalid index: 390362)
Failed to process relocation: 6570:13e2 (Invalid index: 390338)
Failed to process relocation: 6570:13d8 (Invalid index: 390328)
Failed to process relocation: 6570:13bd (Invalid index: 390301)
Failed to process relocation: 6570:13a5 (Invalid index: 390277)
Failed to process relocation: 6570:139b (Invalid index: 390267)
Failed to process relocation: 6570:1392 (Invalid index: 390258)
Failed to process relocation: 6570:138d (Invalid index: 390253)
Failed to process relocation: 6570:1388 (Invalid index: 390248)
Failed to process relocation: 6570:137c (Invalid index: 390236)
Failed to process relocation: 6570:133d (Invalid index: 390173)
Failed to process relocation: 6570:1325 (Invalid index: 390149)
Failed to process relocation: 6570:131b (Invalid index: 390139)
Failed to process relocation: 6570:1300 (Invalid index: 390112)
Failed to process relocation: 6570:12e8 (Invalid index: 390088)
Failed to process relocation: 6570:12de (Invalid index: 390078)
Failed to process relocation: 6570:12c3 (Invalid index: 390051)
Failed to process relocation: 6570:12ab (Invalid index: 390027)
Failed to process relocation: 6570:12a1 (Invalid index: 390017)
Failed to process relocation: 6570:1286 (Invalid index: 389990)
Failed to process relocation: 6570:126e (Invalid index: 389966)
Failed to process relocation: 6570:1264 (Invalid index: 389956)
Failed to process relocation: 6570:1997 (Invalid index: 391799)
Failed to process relocation: 6570:198c (Invalid index: 391788)
Failed to process relocation: 6570:1987 (Invalid index: 391783)
Failed to process relocation: 6570:197e (Invalid index: 391774)
Failed to process relocation: 6570:190f (Invalid index: 391663)
Failed to process relocation: 6570:1909 (Invalid index: 391657)
Failed to process relocation: 6570:18f9 (Invalid index: 391641)
Failed to process relocation: 6570:18d7 (Invalid index: 391607)
Failed to process relocation: 6570:18c5 (Invalid index: 391589)
Failed to process relocation: 6570:1891 (Invalid index: 391537)
Failed to process relocation: 6570:1836 (Invalid index: 391446)
Failed to process relocation: 6570:182c (Invalid index: 391436)
Failed to process relocation: 6570:1827 (Invalid index: 391431)
Failed to process relocation: 6570:181e (Invalid index: 391422)
Failed to process relocation: 6570:1815 (Invalid index: 391413)
Failed to process relocation: 6570:180b (Invalid index: 391403)
Failed to process relocation: 6570:1806 (Invalid index: 391398)
Failed to process relocation: 6570:17be (Invalid index: 391326)
Failed to process relocation: 6570:178e (Invalid index: 391278)
Failed to process relocation: 6570:1762 (Invalid index: 391234)
Failed to process relocation: 6570:175c (Invalid index: 391228)
Failed to process relocation: 6570:172e (Invalid index: 391182)
Failed to process relocation: 6570:16d7 (Invalid index: 391095)
Failed to process relocation: 6570:16ac (Invalid index: 391052)
Failed to process relocation: 6570:16a2 (Invalid index: 391042)
Failed to process relocation: 6570:1698 (Invalid index: 391032)
Failed to process relocation: 6570:168e (Invalid index: 391022)
Failed to process relocation: 6570:1684 (Invalid index: 391012)
Failed to process relocation: 6570:167a (Invalid index: 391002)
Failed to process relocation: 6570:166f (Invalid index: 390991)
Failed to process relocation: 6570:1665 (Invalid index: 390981)
Failed to process relocation: 6570:165b (Invalid index: 390971)
Failed to process relocation: 6570:1651 (Invalid index: 390961)
Failed to process relocation: 6570:1647 (Invalid index: 390951)
Failed to process relocation: 6570:163d (Invalid index: 390941)
Failed to process relocation: 6570:1634 (Invalid index: 390932)
Failed to process relocation: 6570:1606 (Invalid index: 390886)
Failed to process relocation: 6570:15fe (Invalid index: 390878)
Failed to process relocation: 6570:15f4 (Invalid index: 390868)
Failed to process relocation: 6570:1d2f (Invalid index: 392719)
Failed to process relocation: 6570:1d2a (Invalid index: 392714)
Failed to process relocation: 6570:1d20 (Invalid index: 392704)
Failed to process relocation: 6570:1d1b (Invalid index: 392699)
Failed to process relocation: 6570:1d12 (Invalid index: 392690)
Failed to process relocation: 6570:1d08 (Invalid index: 392680)
Failed to process relocation: 6570:1d03 (Invalid index: 392675)
Failed to process relocation: 6570:1cfa (Invalid index: 392666)
Failed to process relocation: 6570:1cf0 (Invalid index: 392656)
Failed to process relocation: 6570:1ceb (Invalid index: 392651)
Failed to process relocation: 6570:1ce2 (Invalid index: 392642)
Failed to process relocation: 6570:1cd8 (Invalid index: 392632)
Failed to process relocation: 6570:1cd3 (Invalid index: 392627)
Failed to process relocation: 6570:1cc3 (Invalid index: 392611)
Failed to process relocation: 6570:1c60 (Invalid index: 392512)
Failed to process relocation: 6570:1c48 (Invalid index: 392488)
Failed to process relocation: 6570:1c3e (Invalid index: 392478)
Failed to process relocation: 6570:1c23 (Invalid index: 392451)
Failed to process relocation: 6570:1c0b (Invalid index: 392427)
Failed to process relocation: 6570:1c01 (Invalid index: 392417)
Failed to process relocation: 6570:1be6 (Invalid index: 392390)
Failed to process relocation: 6570:1bce (Invalid index: 392366)
Failed to process relocation: 6570:1bc4 (Invalid index: 392356)
Failed to process relocation: 6570:1ba9 (Invalid index: 392329)
Failed to process relocation: 6570:1b91 (Invalid index: 392305)
Failed to process relocation: 6570:1b87 (Invalid index: 392295)
Failed to process relocation: 6570:1b6c (Invalid index: 392268)
Failed to process relocation: 6570:1b54 (Invalid index: 392244)
Failed to process relocation: 6570:1b4a (Invalid index: 392234)
Failed to process relocation: 6570:1b2f (Invalid index: 392207)
Failed to process relocation: 6570:1b17 (Invalid index: 392183)
Failed to process relocation: 6570:1b0d (Invalid index: 392173)
Failed to process relocation: 6570:1b04 (Invalid index: 392164)
Failed to process relocation: 6570:1aff (Invalid index: 392159)
Failed to process relocation: 6570:1afa (Invalid index: 392154)
Failed to process relocation: 6570:1adf (Invalid index: 392127)
Failed to process relocation: 6570:1ac7 (Invalid index: 392103)
Failed to process relocation: 6570:1abd (Invalid index: 392093)
Failed to process relocation: 6570:1aa2 (Invalid index: 392066)
Failed to process relocation: 6570:1a8a (Invalid index: 392042)
Failed to process relocation: 6570:1a80 (Invalid index: 392032)
Failed to process relocation: 6570:1a6a (Invalid index: 392010)
Failed to process relocation: 6570:1a61 (Invalid index: 392001)
Failed to process relocation: 6570:1a5c (Invalid index: 391996)
Failed to process relocation: 6570:1a53 (Invalid index: 391987)
Failed to process relocation: 6570:1a4a (Invalid index: 391978)
Failed to process relocation: 6570:1a45 (Invalid index: 391973)
Failed to process relocation: 6570:1a3a (Invalid index: 391962)
Failed to process relocation: 6570:1a35 (Invalid index: 391957)
Failed to process relocation: 6570:1a2b (Invalid index: 391947)
Failed to process relocation: 6570:1a22 (Invalid index: 391938)
Failed to process relocation: 6570:1a18 (Invalid index: 391928)
Failed to process relocation: 6570:1a13 (Invalid index: 391923)
Failed to process relocation: 6570:1a0a (Invalid index: 391914)
Failed to process relocation: 6570:1a00 (Invalid index: 391904)
Failed to process relocation: 6570:19fb (Invalid index: 391899)
Failed to process relocation: 6570:19f2 (Invalid index: 391890)
Failed to process relocation: 6570:19e8 (Invalid index: 391880)
Failed to process relocation: 6570:19df (Invalid index: 391871)
Failed to process relocation: 6570:19d5 (Invalid index: 391861)
Failed to process relocation: 6570:19d0 (Invalid index: 391856)
Failed to process relocation: 6570:19c7 (Invalid index: 391847)
Failed to process relocation: 6570:19bd (Invalid index: 391837)
Failed to process relocation: 6570:19b8 (Invalid index: 391832)
Failed to process relocation: 6570:19af (Invalid index: 391823)
Failed to process relocation: 6570:19a5 (Invalid index: 391813)
Failed to process relocation: 6570:19a0 (Invalid index: 391808)
Failed to process relocation: 6570:20ed (Invalid index: 393677)
Failed to process relocation: 6570:20e8 (Invalid index: 393672)
Failed to process relocation: 6570:20de (Invalid index: 393662)
Failed to process relocation: 6570:20d9 (Invalid index: 393657)
Failed to process relocation: 6570:20d0 (Invalid index: 393648)
Failed to process relocation: 6570:20c6 (Invalid index: 393638)
Failed to process relocation: 6570:20c1 (Invalid index: 393633)
Failed to process relocation: 6570:20b8 (Invalid index: 393624)
Failed to process relocation: 6570:20ae (Invalid index: 393614)
Failed to process relocation: 6570:20a9 (Invalid index: 393609)
Failed to process relocation: 6570:20a0 (Invalid index: 393600)
Failed to process relocation: 6570:2096 (Invalid index: 393590)
Failed to process relocation: 6570:2091 (Invalid index: 393585)
Failed to process relocation: 6570:2081 (Invalid index: 393569)
Failed to process relocation: 6570:207c (Invalid index: 393564)
Failed to process relocation: 6570:2072 (Invalid index: 393554)
Failed to process relocation: 6570:206d (Invalid index: 393549)
Failed to process relocation: 6570:2064 (Invalid index: 393540)
Failed to process relocation: 6570:205a (Invalid index: 393530)
Failed to process relocation: 6570:2055 (Invalid index: 393525)
Failed to process relocation: 6570:204c (Invalid index: 393516)
Failed to process relocation: 6570:2042 (Invalid index: 393506)
Failed to process relocation: 6570:203d (Invalid index: 393501)
Failed to process relocation: 6570:2034 (Invalid index: 393492)
Failed to process relocation: 6570:202a (Invalid index: 393482)
Failed to process relocation: 6570:2025 (Invalid index: 393477)
Failed to process relocation: 6570:1fc6 (Invalid index: 393382)
Failed to process relocation: 6570:1fbe (Invalid index: 393374)
Failed to process relocation: 6570:1fb4 (Invalid index: 393364)
Failed to process relocation: 6570:1fab (Invalid index: 393355)
Failed to process relocation: 6570:1fa1 (Invalid index: 393345)
Failed to process relocation: 6570:1f86 (Invalid index: 393318)
Failed to process relocation: 6570:1f7e (Invalid index: 393310)
Failed to process relocation: 6570:1f74 (Invalid index: 393300)
Failed to process relocation: 6570:1f6b (Invalid index: 393291)
Failed to process relocation: 6570:1f61 (Invalid index: 393281)
Failed to process relocation: 6570:1f58 (Invalid index: 393272)
Failed to process relocation: 6570:1f53 (Invalid index: 393267)
Failed to process relocation: 6570:1f4e (Invalid index: 393262)
Failed to process relocation: 6570:1f33 (Invalid index: 393235)
Failed to process relocation: 6570:1f2b (Invalid index: 393227)
Failed to process relocation: 6570:1f21 (Invalid index: 393217)
Failed to process relocation: 6570:1f18 (Invalid index: 393208)
Failed to process relocation: 6570:1f0e (Invalid index: 393198)
Failed to process relocation: 6570:1ef3 (Invalid index: 393171)
Failed to process relocation: 6570:1eeb (Invalid index: 393163)
Failed to process relocation: 6570:1ee1 (Invalid index: 393153)
Failed to process relocation: 6570:1edc (Invalid index: 393148)
Failed to process relocation: 6570:1ed3 (Invalid index: 393139)
Failed to process relocation: 6570:1ec9 (Invalid index: 393129)
Failed to process relocation: 6570:1ec0 (Invalid index: 393120)
Failed to process relocation: 6570:1eb6 (Invalid index: 393110)
Failed to process relocation: 6570:1eb1 (Invalid index: 393105)
Failed to process relocation: 6570:1ea8 (Invalid index: 393096)
Failed to process relocation: 6570:1e9e (Invalid index: 393086)
Failed to process relocation: 6570:1e99 (Invalid index: 393081)
Failed to process relocation: 6570:1e90 (Invalid index: 393072)
Failed to process relocation: 6570:1e86 (Invalid index: 393062)
Failed to process relocation: 6570:1e0d (Invalid index: 392941)
Failed to process relocation: 6570:1e08 (Invalid index: 392936)
Failed to process relocation: 6570:1dfe (Invalid index: 392926)
Failed to process relocation: 6570:1df9 (Invalid index: 392921)
Failed to process relocation: 6570:1df0 (Invalid index: 392912)
Failed to process relocation: 6570:1de6 (Invalid index: 392902)
Failed to process relocation: 6570:1de1 (Invalid index: 392897)
Failed to process relocation: 6570:1dd8 (Invalid index: 392888)
Failed to process relocation: 6570:1dce (Invalid index: 392878)
Failed to process relocation: 6570:1dc9 (Invalid index: 392873)
Failed to process relocation: 6570:1dc0 (Invalid index: 392864)
Failed to process relocation: 6570:1db6 (Invalid index: 392854)
Failed to process relocation: 6570:1db1 (Invalid index: 392849)
Failed to process relocation: 6570:1d9d (Invalid index: 392829)
Failed to process relocation: 6570:247c (Invalid index: 394588)
Failed to process relocation: 6570:2477 (Invalid index: 394583)
Failed to process relocation: 6570:246e (Invalid index: 394574)
Failed to process relocation: 6570:2465 (Invalid index: 394565)
Failed to process relocation: 6570:242d (Invalid index: 394509)
Failed to process relocation: 6570:2428 (Invalid index: 394504)
Failed to process relocation: 6570:241f (Invalid index: 394495)
Failed to process relocation: 6570:2416 (Invalid index: 394486)
Failed to process relocation: 6570:23fc (Invalid index: 394460)
Failed to process relocation: 6570:23b8 (Invalid index: 394392)
 (ProgramLoader)  
INFO  IMPORTING: Loaded 0 additional files (HeadlessAnalyzer)  
INFO  REPORT: Execute script: MarkOverlayThunks 'pre' '3ab8'  (HeadlessAnalyzer)  
INFO  SCRIPT: C:\prog\jwcad\ghidra_scripts\MarkOverlayThunks.java (HeadlessAnalyzer)  
INFO  MarkOverlayThunks.java> cd 3f sites: 113 (GhidraScript)  
INFO  MarkOverlayThunks.java> overlay trap operands marked as data: 113 of 113 (GhidraScript)  
INFO  ANALYZING all memory and code: file:///C:/prog/jwcad/ovl/jw17.exe (HeadlessAnalyzer)  
ERROR Failed to create function at 28b3:0f86 since its body contains referring thunk at 28b3:0ee9 (CreateFunctionCmd)  
WARN  Decompiling 12c1:097e, pcode error at 1000:5097: Unable to resolve constructor at 1000:5097 (DecompileCallback)  
WARN  Decompiling 1000:0a81, pcode error at 1000:0a6f: Unable to resolve constructor at 1000:0a6f (DecompileCallback)  
WARN  Decompiling 1000:0a81, pcode error at 1000:0a4b: Unable to resolve constructor at 1000:0a4b (DecompileCallback)  
WARN  Decompiling 1000:0a81, pcode error at 1000:0818: Unable to resolve constructor at 1000:0818 (DecompileCallback)  
WARN  Decompiling 32b2:1528: Unable to read bytes at ram:0000:7be2 (DecompileCallback)  
WARN  Decompiling 32b2:0d40, pcode error at 3000:5054: Unable to resolve constructor at 3000:5054 (DecompileCallback)  
WARN  Decompiling 32b2:0d40, pcode error at 3000:5054: Unable to resolve constructor at 3000:5054 (DecompileCallback)  
WARN  Decompiling 21f2:246e, pcode error at 2000:3158: Unable to resolve constructor at 2000:3158 (DecompileCallback)  
WARN  Decompiling 21f2:246e, pcode error at 2000:7191: Unable to resolve constructor at 2000:7191 (DecompileCallback)  
INFO  Packed database cache: C:\Users\yomei\AppData\Local\ghidra\packed-db-cache (PackedDatabaseCache)  
INFO  Applied data type archive: generic_clib (ApplyDataArchiveAnalyzer)  
INFO  -----------------------------------------------------
    ASCII Strings                              0.323 secs
    Apply Data Archives                        0.715 secs
    Call Convention ID                         0.003 secs
    Call-Fixup Installer                       0.015 secs
    Create Function                            0.474 secs
    Data Reference                             0.035 secs
    Decompiler Switch Analysis                56.526 secs
    Demangler GNU                              0.051 secs
    Disassemble                                2.109 secs
    Disassemble Entry Points                   0.149 secs
    Embedded Media                             0.012 secs
    External Entry References                  0.000 secs
    Function ID                                0.119 secs
    Function Start Search                      0.017 secs
    Non-Returning Functions - Discovered       0.438 secs
    Reference                                  0.052 secs
    Segmented X86 Calling Conventions          0.003 secs
    Shared Return Calls                        0.172 secs
    Stack                                      2.867 secs
    Subroutine References                      0.146 secs
    Subroutine References - One Time           0.000 secs
    X86 Function Callee Purge                  0.139 secs
    x86 Constant Reference Analyzer            1.755 secs
-----------------------------------------------------
     Total Time   66 secs
-----------------------------------------------------
 (AutoAnalysisManager)  
INFO  REPORT: Analysis succeeded for file: file:///C:/prog/jwcad/ovl/jw17.exe (HeadlessAnalyzer)  
INFO  REPORT: Execute script: MarkOverlayThunks 'post' '3ab8' 'C:\prog\jwcad\entries\17.txt' '17'  (HeadlessAnalyzer)  
INFO  SCRIPT: C:\prog\jwcad\ghidra_scripts\MarkOverlayThunks.java (HeadlessAnalyzer)  
INFO  MarkOverlayThunks.java> cd 3f sites: 113 (GhidraScript)  
INFO  MarkOverlayThunks.java> overlay traps given a fall-through: 113, references added: 2 (GhidraScript)  
INFO  MarkOverlayThunks.java> overlay entry points seeded: 13 (GhidraScript)  
INFO  MarkOverlayThunks.java> overlay hole cleared: 0 stray functions (GhidraScript)  
INFO  REPORT: Execute script: DecompileAll 'C:\prog\jwcad\out\ovl17' '3ab8' '4375'  (HeadlessAnalyzer)  
INFO  SCRIPT: C:\prog\jwcad\ghidra_scripts\DecompileAll.java (HeadlessAnalyzer)  
INFO  DecompileAll.java> decompiled 33 functions, 0 failed (GhidraScript)  
INFO  ANALYZING changes made by post scripts: file:///C:/prog/jwcad/ovl/jw17.exe (HeadlessAnalyzer)  
INFO  REPORT: Post-analysis succeeded for file: file:///C:/prog/jwcad/ovl/jw17.exe (HeadlessAnalyzer)  
INFO  /jw17.exe: file created (yomei) (LocalFileSystem)  
INFO  REPORT: Save succeeded for: /jw17.exe (ovl17:/jw17.exe) (HeadlessAnalyzer)  
INFO  REPORT: Import succeeded (HeadlessAnalyzer)  
