INFO  Using log config file: jar:file:/C:/prog/ghidra/ghidra_12.1.3_PUBLIC/Ghidra/Framework/Generic/lib/Generic.jar!/generic.log4j.xml (LoggingInitialization)  
INFO  Using log file: C:\Users\yomei\AppData\Roaming\ghidra\ghidra_12.1.3_PUBLIC\application.log (LoggingInitialization)  
INFO  Loading user preferences: C:\Users\yomei\AppData\Roaming\ghidra\ghidra_12.1.3_PUBLIC\preferences (Preferences)  
INFO  Searching for classes... (ClassSearcher)  
INFO  Class search complete (1025 ms) (ClassSearcher)  
INFO  Initializing SSL Context (DefaultSSLContextInitializer)  
INFO  Initializing Random Number Generator... (SecureRandomFactory)  
INFO  Random Number Generator initialization complete: SHA1PRNG (SecureRandomFactory)  
INFO  Trust manager disabled, cacerts have not been set (DefaultTrustManagerFactory)  
INFO  Headless startup complete (9726 ms) (AnalyzeHeadless)  
INFO  Class searcher loaded 59 extension points (20 false positives) (ClassSearcher)  
INFO  HEADLESS Script Paths:
    C:\prog\ghidra\ghidra_12.1.3_PUBLIC\Ghidra\Debug\Debugger-rmi-trace\ghidra_scripts
    C:\prog\ghidra\ghidra_12.1.3_PUBLIC\Ghidra\Features\FileFormats\ghidra_scripts
    C:\prog\ghidra\ghidra_12.1.3_PUBLIC\Ghidra\Features\GnuDemangler\ghidra_scripts
    C:\prog\ghidra\ghidra_12.1.3_PUBLIC\Ghidra\Features\VersionTracking\ghidra_scripts
    C:\prog\ghidra\ghidra_12.1.3_PUBLIC\Ghidra\Debug\Debugger\ghidra_scripts
    C:\prog\ghidra\ghidra_12.1.3_PUBLIC\Ghidra\Processors\8051\ghidra_scripts
    C:\prog\ghidra\ghidra_12.1.3_PUBLIC\Ghidra\Features\BSim\ghidra_scripts
    C:\prog\ghidra\ghidra_12.1.3_PUBLIC\Ghidra\Features\WildcardAssembler\ghidra_scripts
    C:\prog\ghidra\ghidra_12.1.3_PUBLIC\Ghidra\Features\FunctionID\ghidra_scripts
    C:\prog\ghidra\ghidra_12.1.3_PUBLIC\Ghidra\Features\SystemEmulation\ghidra_scripts
    C:\prog\ghidra\ghidra_12.1.3_PUBLIC\Ghidra\Processors\PIC\ghidra_scripts
    C:\prog\ghidra\ghidra_12.1.3_PUBLIC\Ghidra\Features\PDB\ghidra_scripts
    C:\prog\ghidra\ghidra_12.1.3_PUBLIC\Ghidra\Features\DecompilerDependent\ghidra_scripts
    C:\prog\ghidra\ghidra_12.1.3_PUBLIC\Ghidra\Features\SwiftDemangler\ghidra_scripts
    C:\prog\ghidra\ghidra_12.1.3_PUBLIC\Ghidra\Features\MicrosoftCodeAnalyzer\ghidra_scripts
    C:\prog\ghidra\ghidra_12.1.3_PUBLIC\Ghidra\Processors\DATA\ghidra_scripts
    C:\prog\ghidra\ghidra_12.1.3_PUBLIC\Ghidra\Features\Decompiler\ghidra_scripts
    C:\prog\ghidra\ghidra_12.1.3_PUBLIC\Ghidra\Features\BytePatterns\ghidra_scripts
    C:\prog\ghidra\ghidra_12.1.3_PUBLIC\Ghidra\Features\PyGhidra\ghidra_scripts
    C:\prog\ghidra\ghidra_12.1.3_PUBLIC\Ghidra\Processors\Atmel\ghidra_scripts
    C:\prog\ghidra\ghidra_12.1.3_PUBLIC\Ghidra\Features\Base\ghidra_scripts
    C:\prog\jwcad\ghidra_scripts
    C:\prog\ghidra\ghidra_12.1.3_PUBLIC\Ghidra\Processors\JVM\ghidra_scripts (HeadlessAnalyzer)  
INFO  HEADLESS: execution starts (HeadlessAnalyzer)  
INFO  Creating temporary project: C:\prog\jwcad\proj\ovl28 (HeadlessAnalyzer)  
INFO  Creating project: C:\prog\jwcad\proj\ovl28 (DefaultProject)  
INFO  REPORT: Processing input files:  (HeadlessAnalyzer)  
INFO       project: C:\prog\jwcad\proj\ovl28 (HeadlessAnalyzer)  
INFO  IMPORTING: file:///C:/prog/jwcad/ovl/jw28.exe (HeadlessAnalyzer)  
INFO  Using Loader: Old-style DOS Executable (MZ) (ProgramLoader)  
INFO  Using Language/Compiler: x86:LE:16:Real Mode:default (ProgramLoader)  
INFO  Using Library Search Path: [., C:\Windows\SysWOW64, C:\prog\ghidra\jdk21\bin, C:\Windows\Sun\Java\bin, C:\Windows\system32, C:\Windows, C:\Program Files\Python312\Scripts\, C:\Program Files\Python312\, C:\Windows\System32\Wbem, C:\Windows\System32\WindowsPowerShell\v1.0\, C:\Windows\System32\OpenSSH\, C:\Program Files\Amazon\AWSCLIV2\, C:\ProgramData\chocolatey\bin, C:\ffmpeg, C:\Users\yomei\AppData\Local\Microsoft\WindowsApps] (ProgramLoader)  
INFO  Additional info:
There were too many messages to display.
361 messages have been truncated.

Loading file:///C:/prog/jwcad/ovl/jw28.exe?MD5=2aa04e65a2bf9f913d949e43fe8b4921...
Failed to process relocation: 6570:012d (Invalid index: 381805)
Failed to process relocation: 6570:0122 (Invalid index: 381794)
Failed to process relocation: 6570:010a (Invalid index: 381770)
Failed to process relocation: 6570:00fb (Invalid index: 381755)
Failed to process relocation: 6570:00ed (Invalid index: 381741)
Failed to process relocation: 6570:00d9 (Invalid index: 381721)
Failed to process relocation: 6570:00c4 (Invalid index: 381700)
Failed to process relocation: 6570:00b3 (Invalid index: 381683)
Failed to process relocation: 6570:00a7 (Invalid index: 381671)
Failed to process relocation: 6570:009c (Invalid index: 381660)
Failed to process relocation: 6570:008d (Invalid index: 381645)
Failed to process relocation: 6570:0074 (Invalid index: 381620)
Failed to process relocation: 6570:0064 (Invalid index: 381604)
Failed to process relocation: 6570:0059 (Invalid index: 381593)
Failed to process relocation: 6570:0045 (Invalid index: 381573)
Failed to process relocation: 6570:002b (Invalid index: 381547)
Failed to process relocation: 6570:001c (Invalid index: 381532)
Failed to process relocation: 6570:0008 (Invalid index: 381512)
Failed to process relocation: 6570:04aa (Invalid index: 382698)
Failed to process relocation: 6570:040b (Invalid index: 382539)
Failed to process relocation: 6570:03f5 (Invalid index: 382517)
Failed to process relocation: 6570:015f (Invalid index: 381855)
Failed to process relocation: 6570:088e (Invalid index: 383694)
Failed to process relocation: 6570:0680 (Invalid index: 383168)
Failed to process relocation: 6570:060c (Invalid index: 383052)
Failed to process relocation: 6570:05b6 (Invalid index: 382966)
Failed to process relocation: 6570:054c (Invalid index: 382860)
Failed to process relocation: 6570:0526 (Invalid index: 382822)
Failed to process relocation: 6570:0c4b (Invalid index: 384651)
Failed to process relocation: 6570:0c3c (Invalid index: 384636)
Failed to process relocation: 6570:0c2d (Invalid index: 384621)
Failed to process relocation: 6570:0c1e (Invalid index: 384606)
Failed to process relocation: 6570:0c0f (Invalid index: 384591)
Failed to process relocation: 6570:0c00 (Invalid index: 384576)
Failed to process relocation: 6570:0be3 (Invalid index: 384547)
Failed to process relocation: 6570:0bd4 (Invalid index: 384532)
Failed to process relocation: 6570:0bc5 (Invalid index: 384517)
Failed to process relocation: 6570:0bb6 (Invalid index: 384502)
Failed to process relocation: 6570:0ba7 (Invalid index: 384487)
Failed to process relocation: 6570:0b9a (Invalid index: 384474)
Failed to process relocation: 6570:0b7e (Invalid index: 384446)
Failed to process relocation: 6570:0ab6 (Invalid index: 384246)
Failed to process relocation: 6570:0a8a (Invalid index: 384202)
Failed to process relocation: 6570:0a4f (Invalid index: 384143)
Failed to process relocation: 6570:09f7 (Invalid index: 384055)
Failed to process relocation: 6570:0926 (Invalid index: 383846)
Failed to process relocation: 6570:08e8 (Invalid index: 383784)
Failed to process relocation: 6570:1008 (Invalid index: 385608)
Failed to process relocation: 6570:0fed (Invalid index: 385581)
Failed to process relocation: 6570:0fd1 (Invalid index: 385553)
Failed to process relocation: 6570:0fbc (Invalid index: 385532)
Failed to process relocation: 6570:0f98 (Invalid index: 385496)
Failed to process relocation: 6570:0f83 (Invalid index: 385475)
Failed to process relocation: 6570:0f67 (Invalid index: 385447)
Failed to process relocation: 6570:0f52 (Invalid index: 385426)
Failed to process relocation: 6570:0f3e (Invalid index: 385406)
Failed to process relocation: 6570:0f29 (Invalid index: 385385)
Failed to process relocation: 6570:0f19 (Invalid index: 385369)
Failed to process relocation: 6570:0f0d (Invalid index: 385357)
Failed to process relocation: 6570:0efd (Invalid index: 385341)
Failed to process relocation: 6570:0ed8 (Invalid index: 385304)
Failed to process relocation: 6570:0e57 (Invalid index: 385175)
Failed to process relocation: 6570:0e3c (Invalid index: 385148)
Failed to process relocation: 6570:0e1c (Invalid index: 385116)
Failed to process relocation: 6570:0e02 (Invalid index: 385090)
Failed to process relocation: 6570:0dfa (Invalid index: 385082)
Failed to process relocation: 6570:0dd2 (Invalid index: 385042)
Failed to process relocation: 6570:0d86 (Invalid index: 384966)
Failed to process relocation: 6570:0d81 (Invalid index: 384961)
Failed to process relocation: 6570:0d77 (Invalid index: 384951)
Failed to process relocation: 6570:0d72 (Invalid index: 384946)
Failed to process relocation: 6570:0d6a (Invalid index: 384938)
Failed to process relocation: 6570:0d60 (Invalid index: 384928)
Failed to process relocation: 6570:0d5b (Invalid index: 384923)
Failed to process relocation: 6570:0d13 (Invalid index: 384851)
Failed to process relocation: 6570:0d0a (Invalid index: 384842)
Failed to process relocation: 6570:0ce8 (Invalid index: 384808)
Failed to process relocation: 6570:0ca4 (Invalid index: 384740)
Failed to process relocation: 6570:0c85 (Invalid index: 384709)
Failed to process relocation: 6570:0c74 (Invalid index: 384692)
Failed to process relocation: 6570:104e (Invalid index: 385678)
Failed to process relocation: 6570:1033 (Invalid index: 385651)
Failed to process relocation: 6570:12e4 (Invalid index: 386340)
Failed to process relocation: 6570:12dd (Invalid index: 386333)
Failed to process relocation: 6570:12bf (Invalid index: 386303)
Failed to process relocation: 6570:12b8 (Invalid index: 386296)
Failed to process relocation: 6570:1255 (Invalid index: 386197)
Failed to process relocation: 6570:1250 (Invalid index: 386192)
Failed to process relocation: 6570:124b (Invalid index: 386187)
Failed to process relocation: 6570:1242 (Invalid index: 386178)
Failed to process relocation: 6570:123a (Invalid index: 386170)
Failed to process relocation: 6570:1235 (Invalid index: 386165)
Failed to process relocation: 6570:122c (Invalid index: 386156)
Failed to process relocation: 6570:1207 (Invalid index: 386119)
Failed to process relocation: 6570:1202 (Invalid index: 386114)
Failed to process relocation: 6570:11f9 (Invalid index: 386105)
Failed to process relocation: 6570:11e1 (Invalid index: 386081)
Failed to process relocation: 6570:11dc (Invalid index: 386076)
Failed to process relocation: 6570:11d3 (Invalid index: 386067)
Failed to process relocation: 6570:11c7 (Invalid index: 386055)
Failed to process relocation: 6570:11c2 (Invalid index: 386050)
Failed to process relocation: 6570:11b9 (Invalid index: 386041)
Failed to process relocation: 6570:11a6 (Invalid index: 386022)
Failed to process relocation: 6570:11a1 (Invalid index: 386017)
Failed to process relocation: 6570:1198 (Invalid index: 386008)
Failed to process relocation: 6570:118c (Invalid index: 385996)
Failed to process relocation: 6570:1187 (Invalid index: 385991)
Failed to process relocation: 6570:117e (Invalid index: 385982)
Failed to process relocation: 6570:10f8 (Invalid index: 385848)
Failed to process relocation: 6570:10e1 (Invalid index: 385825)
Failed to process relocation: 6570:109e (Invalid index: 385758)
Failed to process relocation: 6570:1071 (Invalid index: 385713)
Failed to process relocation: 6570:16a5 (Invalid index: 387301)
Failed to process relocation: 6570:1691 (Invalid index: 387281)
Failed to process relocation: 6570:1657 (Invalid index: 387223)
Failed to process relocation: 6570:1632 (Invalid index: 387186)
Failed to process relocation: 6570:160a (Invalid index: 387146)
Failed to process relocation: 6570:15e5 (Invalid index: 387109)
Failed to process relocation: 6570:15ba (Invalid index: 387066)
Failed to process relocation: 6570:15a6 (Invalid index: 387046)
Failed to process relocation: 6570:1574 (Invalid index: 386996)
Failed to process relocation: 6570:1566 (Invalid index: 386982)
Failed to process relocation: 6570:155d (Invalid index: 386973)
Failed to process relocation: 6570:153f (Invalid index: 386943)
Failed to process relocation: 6570:1537 (Invalid index: 386935)
Failed to process relocation: 6570:152d (Invalid index: 386925)
Failed to process relocation: 6570:14ff (Invalid index: 386879)
Failed to process relocation: 6570:14f7 (Invalid index: 386871)
Failed to process relocation: 6570:14ed (Invalid index: 386861)
Failed to process relocation: 6570:14ca (Invalid index: 386826)
Failed to process relocation: 6570:14c5 (Invalid index: 386821)
Failed to process relocation: 6570:14bb (Invalid index: 386811)
Failed to process relocation: 6570:14b6 (Invalid index: 386806)
Failed to process relocation: 6570:14ad (Invalid index: 386797)
Failed to process relocation: 6570:14a3 (Invalid index: 386787)
Failed to process relocation: 6570:149e (Invalid index: 386782)
Failed to process relocation: 6570:1492 (Invalid index: 386770)
Failed to process relocation: 6570:1488 (Invalid index: 386760)
Failed to process relocation: 6570:1483 (Invalid index: 386755)
Failed to process relocation: 6570:146d (Invalid index: 386733)
Failed to process relocation: 6570:1463 (Invalid index: 386723)
Failed to process relocation: 6570:145e (Invalid index: 386718)
Failed to process relocation: 6570:143c (Invalid index: 386684)
Failed to process relocation: 6570:1381 (Invalid index: 386497)
Failed to process relocation: 6570:1346 (Invalid index: 386438)
Failed to process relocation: 6570:130e (Invalid index: 386382)
Failed to process relocation: 6570:1a4e (Invalid index: 388238)
Failed to process relocation: 6570:1a3a (Invalid index: 388218)
Failed to process relocation: 6570:1a18 (Invalid index: 388184)
Failed to process relocation: 6570:19fc (Invalid index: 388156)
Failed to process relocation: 6570:19f7 (Invalid index: 388151)
Failed to process relocation: 6570:19f2 (Invalid index: 388146)
Failed to process relocation: 6570:19e9 (Invalid index: 388137)
Failed to process relocation: 6570:19de (Invalid index: 388126)
Failed to process relocation: 6570:19d9 (Invalid index: 388121)
Failed to process relocation: 6570:19d0 (Invalid index: 388112)
Failed to process relocation: 6570:19c5 (Invalid index: 388101)
Failed to process relocation: 6570:19c0 (Invalid index: 388096)
Failed to process relocation: 6570:19b7 (Invalid index: 388087)
Failed to process relocation: 6570:1978 (Invalid index: 388024)
Failed to process relocation: 6570:1973 (Invalid index: 388019)
Failed to process relocation: 6570:196e (Invalid index: 388014)
Failed to process relocation: 6570:1965 (Invalid index: 388005)
Failed to process relocation: 6570:195a (Invalid index: 387994)
Failed to process relocation: 6570:1955 (Invalid index: 387989)
Failed to process relocation: 6570:194c (Invalid index: 387980)
Failed to process relocation: 6570:1941 (Invalid index: 387969)
Failed to process relocation: 6570:193c (Invalid index: 387964)
Failed to process relocation: 6570:1937 (Invalid index: 387959)
Failed to process relocation: 6570:192e (Invalid index: 387950)
Failed to process relocation: 6570:1922 (Invalid index: 387938)
Failed to process relocation: 6570:18c8 (Invalid index: 387848)
Failed to process relocation: 6570:1889 (Invalid index: 387785)
Failed to process relocation: 6570:1857 (Invalid index: 387735)
Failed to process relocation: 6570:1843 (Invalid index: 387715)
Failed to process relocation: 6570:1815 (Invalid index: 387669)
Failed to process relocation: 6570:17d7 (Invalid index: 387607)
Failed to process relocation: 6570:1799 (Invalid index: 387545)
Failed to process relocation: 6570:175c (Invalid index: 387484)
Failed to process relocation: 6570:171a (Invalid index: 387418)
Failed to process relocation: 6570:16ee (Invalid index: 387374)
Failed to process relocation: 6570:1e11 (Invalid index: 389201)
Failed to process relocation: 6570:1dd6 (Invalid index: 389142)
Failed to process relocation: 6570:1dc8 (Invalid index: 389128)
Failed to process relocation: 6570:1db0 (Invalid index: 389104)
Failed to process relocation: 6570:1d8c (Invalid index: 389068)
Failed to process relocation: 6570:1d73 (Invalid index: 389043)
Failed to process relocation: 6570:1d56 (Invalid index: 389014)
Failed to process relocation: 6570:1d45 (Invalid index: 388997)
Failed to process relocation: 6570:1d23 (Invalid index: 388963)
Failed to process relocation: 6570:1d07 (Invalid index: 388935)
Failed to process relocation: 6570:1cbb (Invalid index: 388859)
Failed to process relocation: 6570:1c4e (Invalid index: 388750)
Failed to process relocation: 6570:1c32 (Invalid index: 388722)
Failed to process relocation: 6570:1be6 (Invalid index: 388646)
Failed to process relocation: 6570:1b79 (Invalid index: 388537)
Failed to process relocation: 6570:1b5d (Invalid index: 388509)
Failed to process relocation: 6570:1b3b (Invalid index: 388475)
Failed to process relocation: 6570:1b36 (Invalid index: 388470)
Failed to process relocation: 6570:1b22 (Invalid index: 388450)
Failed to process relocation: 6570:1b0b (Invalid index: 388427)
Failed to process relocation: 6570:1b06 (Invalid index: 388422)
Failed to process relocation: 6570:1af2 (Invalid index: 388402)
Failed to process relocation: 6570:1adb (Invalid index: 388379)
Failed to process relocation: 6570:1ad6 (Invalid index: 388374)
Failed to process relocation: 6570:1ac2 (Invalid index: 388354)
Failed to process relocation: 6570:1aab (Invalid index: 388331)
Failed to process relocation: 6570:1aa6 (Invalid index: 388326)
Failed to process relocation: 6570:1a92 (Invalid index: 388306)
Failed to process relocation: 6570:1a73 (Invalid index: 388275)
Failed to process relocation: 6570:21a2 (Invalid index: 390114)
Failed to process relocation: 6570:217c (Invalid index: 390076)
Failed to process relocation: 6570:2128 (Invalid index: 389992)
Failed to process relocation: 6570:20c4 (Invalid index: 389892)
Failed to process relocation: 6570:20bf (Invalid index: 389887)
Failed to process relocation: 6570:20b6 (Invalid index: 389878)
Failed to process relocation: 6570:20a8 (Invalid index: 389864)
Failed to process relocation: 6570:20a3 (Invalid index: 389859)
Failed to process relocation: 6570:209a (Invalid index: 389850)
Failed to process relocation: 6570:208a (Invalid index: 389834)
Failed to process relocation: 6570:2079 (Invalid index: 389817)
Failed to process relocation: 6570:1ff0 (Invalid index: 389680)
Failed to process relocation: 6570:1fab (Invalid index: 389611)
Failed to process relocation: 6570:1f0d (Invalid index: 389453)
Failed to process relocation: 6570:1e58 (Invalid index: 389272)
Failed to process relocation: 6570:1e2d (Invalid index: 389229)
Failed to process relocation: 6570:2579 (Invalid index: 391097)
Failed to process relocation: 6570:2573 (Invalid index: 391091)
Failed to process relocation: 6570:256b (Invalid index: 391083)
Failed to process relocation: 6570:255d (Invalid index: 391069)
Failed to process relocation: 6570:2537 (Invalid index: 391031)
Failed to process relocation: 6570:2516 (Invalid index: 390998)
Failed to process relocation: 6570:24b1 (Invalid index: 390897)
Failed to process relocation: 6570:2444 (Invalid index: 390788)
Failed to process relocation: 6570:23fe (Invalid index: 390718)
Failed to process relocation: 6570:2391 (Invalid index: 390609)
Failed to process relocation: 6570:237d (Invalid index: 390589)
Failed to process relocation: 6570:2367 (Invalid index: 390567)
Failed to process relocation: 6570:2332 (Invalid index: 390514)
Failed to process relocation: 6570:22e0 (Invalid index: 390432)
Failed to process relocation: 6570:22ab (Invalid index: 390379)
Failed to process relocation: 6570:2259 (Invalid index: 390297)
Failed to process relocation: 6570:2224 (Invalid index: 390244)
Failed to process relocation: 6570:21d2 (Invalid index: 390162)
Failed to process relocation: 6570:290d (Invalid index: 392013)
Failed to process relocation: 6570:28df (Invalid index: 391967)
Failed to process relocation: 6570:28d8 (Invalid index: 391960)
Failed to process relocation: 6570:28cb (Invalid index: 391947)
Failed to process relocation: 6570:28c4 (Invalid index: 391940)
Failed to process relocation: 6570:28b4 (Invalid index: 391924)
Failed to process relocation: 6570:2894 (Invalid index: 391892)
Failed to process relocation: 6570:288c (Invalid index: 391884)
Failed to process relocation: 6570:2873 (Invalid index: 391859)
Failed to process relocation: 6570:286e (Invalid index: 391854)
Failed to process relocation: 6570:2869 (Invalid index: 391849)
Failed to process relocation: 6570:2864 (Invalid index: 391844)
Failed to process relocation: 6570:285e (Invalid index: 391838)
Failed to process relocation: 6570:2845 (Invalid index: 391813)
Failed to process relocation: 6570:2833 (Invalid index: 391795)
Failed to process relocation: 6570:27fa (Invalid index: 391738)
Failed to process relocation: 6570:27de (Invalid index: 391710)
Failed to process relocation: 6570:27cc (Invalid index: 391692)
Failed to process relocation: 6570:27b8 (Invalid index: 391672)
Failed to process relocation: 6570:27a6 (Invalid index: 391654)
Failed to process relocation: 6570:2794 (Invalid index: 391636)
Failed to process relocation: 6570:2763 (Invalid index: 391587)
Failed to process relocation: 6570:2753 (Invalid index: 391571)
Failed to process relocation: 6570:2748 (Invalid index: 391560)
Failed to process relocation: 6570:2739 (Invalid index: 391545)
Failed to process relocation: 6570:2727 (Invalid index: 391527)
Failed to process relocation: 6570:2714 (Invalid index: 391508)
Failed to process relocation: 6570:26b7 (Invalid index: 391415)
Failed to process relocation: 6570:26a9 (Invalid index: 391401)
Failed to process relocation: 6570:2682 (Invalid index: 391362)
Failed to process relocation: 6570:2676 (Invalid index: 391350)
Failed to process relocation: 6570:266a (Invalid index: 391338)
Failed to process relocation: 6570:2652 (Invalid index: 391314)
Failed to process relocation: 6570:263f (Invalid index: 391295)
Failed to process relocation: 6570:262d (Invalid index: 391277)
Failed to process relocation: 6570:2621 (Invalid index: 391265)
Failed to process relocation: 6570:2601 (Invalid index: 391233)
Failed to process relocation: 6570:25ed (Invalid index: 391213)
Failed to process relocation: 6570:25dd (Invalid index: 391197)
Failed to process relocation: 6570:25ce (Invalid index: 391182)
Failed to process relocation: 6570:25a8 (Invalid index: 391144)
Failed to process relocation: 6570:2597 (Invalid index: 391127)
Failed to process relocation: 6570:2588 (Invalid index: 391112)
Failed to process relocation: 6570:2c97 (Invalid index: 392919)
Failed to process relocation: 6570:2c8f (Invalid index: 392911)
Failed to process relocation: 6570:2c54 (Invalid index: 392852)
Failed to process relocation: 6570:2c31 (Invalid index: 392817)
Failed to process relocation: 6570:2c14 (Invalid index: 392788)
Failed to process relocation: 6570:2be8 (Invalid index: 392744)
Failed to process relocation: 6570:2be2 (Invalid index: 392738)
Failed to process relocation: 6570:2bc0 (Invalid index: 392704)
Failed to process relocation: 6570:2b8b (Invalid index: 392651)
Failed to process relocation: 6570:2b60 (Invalid index: 392608)
Failed to process relocation: 6570:2b50 (Invalid index: 392592)
Failed to process relocation: 6570:2b39 (Invalid index: 392569)
Failed to process relocation: 6570:2b29 (Invalid index: 392553)
Failed to process relocation: 6570:2b19 (Invalid index: 392537)
Failed to process relocation: 6570:2b09 (Invalid index: 392521)
Failed to process relocation: 6570:2af9 (Invalid index: 392505)
Failed to process relocation: 6570:2ae9 (Invalid index: 392489)
Failed to process relocation: 6570:2ad9 (Invalid index: 392473)
Failed to process relocation: 6570:2ac9 (Invalid index: 392457)
Failed to process relocation: 6570:2ab9 (Invalid index: 392441)
Failed to process relocation: 6570:2aa9 (Invalid index: 392425)
Failed to process relocation: 6570:2a99 (Invalid index: 392409)
Failed to process relocation: 6570:2a88 (Invalid index: 392392)
Failed to process relocation: 6570:2a60 (Invalid index: 392352)
Failed to process relocation: 6570:2a50 (Invalid index: 392336)
Failed to process relocation: 6570:2a38 (Invalid index: 392312)
Failed to process relocation: 6570:2a1a (Invalid index: 392282)
Failed to process relocation: 6570:29fe (Invalid index: 392254)
Failed to process relocation: 6570:29ea (Invalid index: 392234)
Failed to process relocation: 6570:29cb (Invalid index: 392203)
Failed to process relocation: 6570:29c4 (Invalid index: 392196)
Failed to process relocation: 6570:2988 (Invalid index: 392136)
Failed to process relocation: 6570:2952 (Invalid index: 392082)
Failed to process relocation: 6570:293e (Invalid index: 392062)
Failed to process relocation: 6570:307f (Invalid index: 393919)
Failed to process relocation: 6570:305f (Invalid index: 393887)
Failed to process relocation: 6570:3046 (Invalid index: 393862)
Failed to process relocation: 6570:3019 (Invalid index: 393817)
Failed to process relocation: 6570:3008 (Invalid index: 393800)
Failed to process relocation: 6570:2f9e (Invalid index: 393694)
Failed to process relocation: 6570:2f81 (Invalid index: 393665)
Failed to process relocation: 6570:2f72 (Invalid index: 393650)
Failed to process relocation: 6570:2f63 (Invalid index: 393635)
Failed to process relocation: 6570:2f54 (Invalid index: 393620)
Failed to process relocation: 6570:2f45 (Invalid index: 393605)
Failed to process relocation: 6570:2f36 (Invalid index: 393590)
Failed to process relocation: 6570:2f17 (Invalid index: 393559)
Failed to process relocation: 6570:2efe (Invalid index: 393534)
Failed to process relocation: 6570:2ecb (Invalid index: 393483)
Failed to process relocation: 6570:2e99 (Invalid index: 393433)
Failed to process relocation: 6570:2e90 (Invalid index: 393424)
Failed to process relocation: 6570:2e8b (Invalid index: 393419)
Failed to process relocation: 6570:2e7f (Invalid index: 393407)
Failed to process relocation: 6570:2e67 (Invalid index: 393383)
Failed to process relocation: 6570:2e5f (Invalid index: 393375)
Failed to process relocation: 6570:2e59 (Invalid index: 393369)
Failed to process relocation: 6570:2e48 (Invalid index: 393352)
Failed to process relocation: 6570:2e41 (Invalid index: 393345)
Failed to process relocation: 6570:2dd8 (Invalid index: 393240)
Failed to process relocation: 6570:2dbb (Invalid index: 393211)
Failed to process relocation: 6570:2db0 (Invalid index: 393200)
Failed to process relocation: 6570:2da1 (Invalid index: 393185)
Failed to process relocation: 6570:2d85 (Invalid index: 393157)
Failed to process relocation: 6570:2d69 (Invalid index: 393129)
Failed to process relocation: 6570:2d52 (Invalid index: 393106)
Failed to process relocation: 6570:2d4c (Invalid index: 393100)
Failed to process relocation: 6570:2d3d (Invalid index: 393085)
Failed to process relocation: 6570:2d2f (Invalid index: 393071)
Failed to process relocation: 6570:2d0b (Invalid index: 393035)
Failed to process relocation: 6570:2cfb (Invalid index: 393019)
Failed to process relocation: 6570:3427 (Invalid index: 394855)
Failed to process relocation: 6570:341d (Invalid index: 394845)
Failed to process relocation: 6570:3418 (Invalid index: 394840)
Failed to process relocation: 6570:340f (Invalid index: 394831)
Failed to process relocation: 6570:3405 (Invalid index: 394821)
Failed to process relocation: 6570:3400 (Invalid index: 394816)
Failed to process relocation: 6570:33f7 (Invalid index: 394807)
Failed to process relocation: 6570:33ed (Invalid index: 394797)
Failed to process relocation: 6570:33e8 (Invalid index: 394792)
Failed to process relocation: 6570:33d9 (Invalid index: 394777)
Failed to process relocation: 6570:33cf (Invalid index: 394767)
Failed to process relocation: 6570:33ca (Invalid index: 394762)
Failed to process relocation: 6570:33c1 (Invalid index: 394753)
Failed to process relocation: 6570:33b7 (Invalid index: 394743)
Failed to process relocation: 6570:33b2 (Invalid index: 394738)
Failed to process relocation: 6570:3385 (Invalid index: 394693)
Failed to process relocation: 6570:336b (Invalid index: 394667)
Failed to process relocation: 6570:3346 (Invalid index: 394630)
Failed to process relocation: 6570:3335 (Invalid index: 394613)
Failed to process relocation: 6570:3314 (Invalid index: 394580)
Failed to process relocation: 6570:330a (Invalid index: 394570)
Failed to process relocation: 6570:3305 (Invalid index: 394565)
Failed to process relocation: 6570:32f8 (Invalid index: 394552)
Failed to process relocation: 6570:32ee (Invalid index: 394542)
Failed to process relocation: 6570:32e9 (Invalid index: 394537)
Failed to process relocation: 6570:32d2 (Invalid index: 394514)
Failed to process relocation: 6570:32c8 (Invalid index: 394504)
Failed to process relocation: 6570:32c3 (Invalid index: 394499)
Failed to process relocation: 6570:32ba (Invalid index: 394490)
Failed to process relocation: 6570:32b0 (Invalid index: 394480)
Failed to process relocation: 6570:32ab (Invalid index: 394475)
Failed to process relocation: 6570:32a2 (Invalid index: 394466)
Failed to process relocation: 6570:3298 (Invalid index: 394456)
Failed to process relocation: 6570:3293 (Invalid index: 394451)
Failed to process relocation: 6570:328a (Invalid index: 394442)
Failed to process relocation: 6570:3280 (Invalid index: 394432)
Failed to process relocation: 6570:327b (Invalid index: 394427)
Failed to process relocation: 6570:325a (Invalid index: 394394)
Failed to process relocation: 6570:3250 (Invalid index: 394384)
Failed to process relocation: 6570:324b (Invalid index: 394379)
Failed to process relocation: 6570:3242 (Invalid index: 394370)
Failed to process relocation: 6570:3238 (Invalid index: 394360)
Failed to process relocation: 6570:3233 (Invalid index: 394355)
Failed to process relocation: 6570:322a (Invalid index: 394346)
Failed to process relocation: 6570:3220 (Invalid index: 394336)
Failed to process relocation: 6570:321b (Invalid index: 394331)
Failed to process relocation: 6570:3212 (Invalid index: 394322)
Failed to process relocation: 6570:3208 (Invalid index: 394312)
Failed to process relocation: 6570:3203 (Invalid index: 394307)
Failed to process relocation: 6570:31c6 (Invalid index: 394246)
Failed to process relocation: 6570:31bc (Invalid index: 394236)
Failed to process relocation: 6570:31b7 (Invalid index: 394231)
Failed to process relocation: 6570:31ab (Invalid index: 394219)
Failed to process relocation: 6570:3192 (Invalid index: 394194)
Failed to process relocation: 6570:317c (Invalid index: 394172)
Failed to process relocation: 6570:315d (Invalid index: 394141)
Failed to process relocation: 6570:313b (Invalid index: 394107)
Failed to process relocation: 6570:310e (Invalid index: 394062)
Failed to process relocation: 6570:3107 (Invalid index: 394055)
Failed to process relocation: 6570:30fd (Invalid index: 394045)
Failed to process relocation: 6570:30f5 (Invalid index: 394037)
Failed to process relocation: 6570:30e4 (Invalid index: 394020)
Failed to process relocation: 6570:30de (Invalid index: 394014)
Failed to process relocation: 6570:30d4 (Invalid index: 394004)
Failed to process relocation: 6570:30c8 (Invalid index: 393992)
Failed to process relocation: 6570:30b4 (Invalid index: 393972)
Failed to process relocation: 6570:309f (Invalid index: 393951)
Failed to process relocation: 6570:3093 (Invalid index: 393939)
Failed to process relocation: 6570:353a (Invalid index: 395130)
Failed to process relocation: 6570:351b (Invalid index: 395099)
Failed to process relocation: 6570:34dc (Invalid index: 395036)
Failed to process relocation: 6570:34ad (Invalid index: 394989)
Failed to process relocation: 6570:3497 (Invalid index: 394967)
Failed to process relocation: 6570:3480 (Invalid index: 394944)
Failed to process relocation: 6570:3470 (Invalid index: 394928)
Failed to process relocation: 6570:3453 (Invalid index: 394899)
Failed to process relocation: 6570:3449 (Invalid index: 394889)
Failed to process relocation: 6570:3444 (Invalid index: 394884)
Failed to process relocation: 6570:3888 (Invalid index: 395976)
Failed to process relocation: 6570:37cd (Invalid index: 395789)
Failed to process relocation: 6570:3725 (Invalid index: 395621)
Failed to process relocation: 6570:3701 (Invalid index: 395585)
Failed to process relocation: 6570:36e6 (Invalid index: 395558)
Failed to process relocation: 6570:36cb (Invalid index: 395531)
Failed to process relocation: 6570:36bc (Invalid index: 395516)
Failed to process relocation: 6570:36ac (Invalid index: 395500)
Failed to process relocation: 6570:3691 (Invalid index: 395473)
Failed to process relocation: 6570:3680 (Invalid index: 395456)
Failed to process relocation: 6570:3665 (Invalid index: 395429)
Failed to process relocation: 6570:3648 (Invalid index: 395400)
Failed to process relocation: 6570:3635 (Invalid index: 395381)
Failed to process relocation: 6570:3621 (Invalid index: 395361)
Failed to process relocation: 6570:360e (Invalid index: 395342)
Failed to process relocation: 6570:35fa (Invalid index: 395322)
Failed to process relocation: 6570:35e0 (Invalid index: 395296)
Failed to process relocation: 6570:35d1 (Invalid index: 395281)
Failed to process relocation: 6570:35bf (Invalid index: 395263)
Failed to process relocation: 6570:35b2 (Invalid index: 395250)
Failed to process relocation: 6570:359a (Invalid index: 395226)
Failed to process relocation: 6570:3583 (Invalid index: 395203)
Failed to process relocation: 6570:3568 (Invalid index: 395176)
Failed to process relocation: 6570:3cab (Invalid index: 397035)
Failed to process relocation: 6570:3c72 (Invalid index: 396978)
Failed to process relocation: 6570:3c55 (Invalid index: 396949)
Failed to process relocation: 6570:3c42 (Invalid index: 396930)
Failed to process relocation: 6570:3c2f (Invalid index: 396911)
Failed to process relocation: 6570:3c20 (Invalid index: 396896)
Failed to process relocation: 6570:3c04 (Invalid index: 396868)
Failed to process relocation: 6570:3bf4 (Invalid index: 396852)
Failed to process relocation: 6570:3bd7 (Invalid index: 396823)
Failed to process relocation: 6570:3b7e (Invalid index: 396734)
Failed to process relocation: 6570:3b61 (Invalid index: 396705)
Failed to process relocation: 6570:3b48 (Invalid index: 396680)
Failed to process relocation: 6570:3b38 (Invalid index: 396664)
Failed to process relocation: 6570:3b25 (Invalid index: 396645)
Failed to process relocation: 6570:3b0b (Invalid index: 396619)
Failed to process relocation: 6570:3afb (Invalid index: 396603)
Failed to process relocation: 6570:3a21 (Invalid index: 396385)
Failed to process relocation: 6570:39c2 (Invalid index: 396290)
Failed to process relocation: 6570:39a9 (Invalid index: 396265)
Failed to process relocation: 6570:398c (Invalid index: 396236)
Failed to process relocation: 6570:3feb (Invalid index: 397867)
Failed to process relocation: 6570:3fe4 (Invalid index: 397860)
Failed to process relocation: 6570:3fc7 (Invalid index: 397831)
Failed to process relocation: 6570:3fa1 (Invalid index: 397793)
Failed to process relocation: 6570:3f1c (Invalid index: 397660)
Failed to process relocation: 6570:3ee1 (Invalid index: 397601)
Failed to process relocation: 6570:3ed6 (Invalid index: 397590)
Failed to process relocation: 6570:3eae (Invalid index: 397550)
Failed to process relocation: 6570:3e9b (Invalid index: 397531)
Failed to process relocation: 6570:3e90 (Invalid index: 397520)
Failed to process relocation: 6570:3e7d (Invalid index: 397501)
Failed to process relocation: 6570:3e62 (Invalid index: 397474)
Failed to process relocation: 6570:3e49 (Invalid index: 397449)
Failed to process relocation: 6570:3e34 (Invalid index: 397428)
Failed to process relocation: 6570:3e2e (Invalid index: 397422)
Failed to process relocation: 6570:3e24 (Invalid index: 397412)
Failed to process relocation: 6570:3e15 (Invalid index: 397397)
Failed to process relocation: 6570:3e00 (Invalid index: 397376)
Failed to process relocation: 6570:3dec (Invalid index: 397356)
Failed to process relocation: 6570:3dda (Invalid index: 397338)
Failed to process relocation: 6570:3dcb (Invalid index: 397323)
 (ProgramLoader)  
INFO  IMPORTING: Loaded 0 additional files (HeadlessAnalyzer)  
INFO  REPORT: Execute script: MarkOverlayThunks 'pre' '3ab8'  (HeadlessAnalyzer)  
INFO  SCRIPT: C:\prog\jwcad\ghidra_scripts\MarkOverlayThunks.java (HeadlessAnalyzer)  
INFO  MarkOverlayThunks.java> cd 3f sites: 113 (GhidraScript)  
INFO  MarkOverlayThunks.java> overlay trap operands marked as data: 113 of 113 (GhidraScript)  
INFO  ANALYZING all memory and code: file:///C:/prog/jwcad/ovl/jw28.exe (HeadlessAnalyzer)  
ERROR Failed to create function at 1885:07c4 since its body contains referring thunk at 1885:0344 (CreateFunctionCmd)  
ERROR Failed to create function at 28b3:0f7f since its body contains referring thunk at 28b3:1177 (CreateFunctionCmd)  
WARN  WARNING! Repairing body of function at 21f2:3652 (ClearFlowAndRepairCmd)  
ERROR ... function body repair failed due to overlap with another function: 21f2:3652 (ClearFlowAndRepairCmd)  
WARN  WARNING! Repairing body of function at 21f2:38a0 (ClearFlowAndRepairCmd)  
ERROR ... function body repair failed due to overlap with another function: 21f2:38a0 (ClearFlowAndRepairCmd)  
WARN  WARNING! Repairing body of function at 28b3:1177 (ClearFlowAndRepairCmd)  
ERROR ... function body repair failed due to overlap with another function: 28b3:1177 (ClearFlowAndRepairCmd)  
WARN  WARNING! Repairing body of function at 28b3:1181 (ClearFlowAndRepairCmd)  
ERROR ... function body repair failed due to overlap with another function: 28b3:1181 (ClearFlowAndRepairCmd)  
WARN  Decompiling 12c1:097e, pcode error at 1000:5097: Unable to resolve constructor at 1000:5097 (DecompileCallback)  
WARN  Decompiling 12c1:097e, pcode error at 1000:0a6f: Unable to resolve constructor at 1000:0a6f (DecompileCallback)  
WARN  Decompiling 12c1:097e, pcode error at 1000:0a4b: Unable to resolve constructor at 1000:0a4b (DecompileCallback)  
WARN  Decompiling 12c1:097e, pcode error at 1000:0818: Unable to resolve constructor at 1000:0818 (DecompileCallback)  
INFO  Packed database cache: C:\Users\yomei\AppData\Local\ghidra\packed-db-cache (PackedDatabaseCache)  
INFO  Applied data type archive: generic_clib (ApplyDataArchiveAnalyzer)  
INFO  -----------------------------------------------------
    ASCII Strings                              0.387 secs
    Apply Data Archives                        0.442 secs
    Call Convention ID                         0.003 secs
    Call-Fixup Installer                       0.061 secs
    Create Function                            0.247 secs
    Data Reference                             0.013 secs
    Decompiler Switch Analysis                 3.723 secs
    Demangler GNU                              0.052 secs
    Disassemble                                1.907 secs
    Disassemble Entry Points                   0.142 secs
    Embedded Media                             0.019 secs
    External Entry References                  0.000 secs
    Function ID                                0.118 secs
    Function Start Search                      0.026 secs
    Non-Returning Functions - Discovered       3.620 secs
    Reference                                  0.017 secs
    Segmented X86 Calling Conventions          0.002 secs
    Shared Return Calls                        0.076 secs
    Stack                                      1.221 secs
    Subroutine References                      0.103 secs
    Subroutine References - One Time           0.000 secs
    X86 Function Callee Purge                  0.104 secs
    x86 Constant Reference Analyzer            0.885 secs
-----------------------------------------------------
     Total Time   13 secs
-----------------------------------------------------
 (AutoAnalysisManager)  
INFO  REPORT: Analysis succeeded for file: file:///C:/prog/jwcad/ovl/jw28.exe (HeadlessAnalyzer)  
INFO  REPORT: Execute script: MarkOverlayThunks 'post' '3ab8' 'C:\prog\jwcad\entries\28.txt' '28'  (HeadlessAnalyzer)  
INFO  SCRIPT: C:\prog\jwcad\ghidra_scripts\MarkOverlayThunks.java (HeadlessAnalyzer)  
INFO  MarkOverlayThunks.java> cd 3f sites: 113 (GhidraScript)  
INFO  MarkOverlayThunks.java> overlay traps given a fall-through: 113, references added: 17 (GhidraScript)  
INFO  MarkOverlayThunks.java> overlay entry points seeded: 20 (GhidraScript)  
INFO  Applied data type archive: generic_clib (ApplyDataArchiveAnalyzer)  
INFO  MarkOverlayThunks.java> overlay hole cleared: 0 stray functions (GhidraScript)  
INFO  REPORT: Execute script: DecompileAll 'C:\prog\jwcad\out\ovl28' '3ab8' '4375'  (HeadlessAnalyzer)  
INFO  SCRIPT: C:\prog\jwcad\ghidra_scripts\DecompileAll.java (HeadlessAnalyzer)  
WARN  Decompiling 3ab8:5038, pcode error at 4000:fec1: Disassembly not permitted within uninitialized memory block (DecompileCallback)  
WARN  Decompiling 3ab8:5038, pcode error at 4000:feb4: Disassembly not permitted within uninitialized memory block (DecompileCallback)  
WARN  Decompiling 3ab8:507c, pcode error at 4000:fec1: Disassembly not permitted within uninitialized memory block (DecompileCallback)  
WARN  Decompiling 3ab8:507c, pcode error at 4000:feb4: Disassembly not permitted within uninitialized memory block (DecompileCallback)  
WARN  Decompiling 3ab8:5089, pcode error at 4000:fec1: Disassembly not permitted within uninitialized memory block (DecompileCallback)  
WARN  Decompiling 3ab8:5089, pcode error at 4000:feb4: Disassembly not permitted within uninitialized memory block (DecompileCallback)  
WARN  Decompiling 3ab8:51e6, pcode error at 4000:fec1: Disassembly not permitted within uninitialized memory block (DecompileCallback)  
WARN  Decompiling 3ab8:51e6, pcode error at 4000:feb4: Disassembly not permitted within uninitialized memory block (DecompileCallback)  
WARN  Decompiling 3ab8:522f, pcode error at 4000:fec1: Disassembly not permitted within uninitialized memory block (DecompileCallback)  
WARN  Decompiling 3ab8:522f, pcode error at 4000:feb4: Disassembly not permitted within uninitialized memory block (DecompileCallback)  
INFO  DecompileAll.java> decompiled 42 functions, 0 failed (GhidraScript)  
INFO  ANALYZING changes made by post scripts: file:///C:/prog/jwcad/ovl/jw28.exe (HeadlessAnalyzer)  
INFO  REPORT: Post-analysis succeeded for file: file:///C:/prog/jwcad/ovl/jw28.exe (HeadlessAnalyzer)  
INFO  /jw28.exe: file created (yomei) (LocalFileSystem)  
INFO  REPORT: Save succeeded for: /jw28.exe (ovl28:/jw28.exe) (HeadlessAnalyzer)  
INFO  REPORT: Import succeeded (HeadlessAnalyzer)  
