INFO  Using log config file: jar:file:/C:/prog/ghidra/ghidra_12.1.3_PUBLIC/Ghidra/Framework/Generic/lib/Generic.jar!/generic.log4j.xml (LoggingInitialization)  
INFO  Using log file: C:\Users\yomei\AppData\Roaming\ghidra\ghidra_12.1.3_PUBLIC\application.log (LoggingInitialization)  
INFO  Loading user preferences: C:\Users\yomei\AppData\Roaming\ghidra\ghidra_12.1.3_PUBLIC\preferences (Preferences)  
INFO  Searching for classes... (ClassSearcher)  
INFO  Class search complete (1018 ms) (ClassSearcher)  
INFO  Initializing SSL Context (DefaultSSLContextInitializer)  
INFO  Initializing Random Number Generator... (SecureRandomFactory)  
INFO  Random Number Generator initialization complete: SHA1PRNG (SecureRandomFactory)  
INFO  Trust manager disabled, cacerts have not been set (DefaultTrustManagerFactory)  
INFO  Headless startup complete (9609 ms) (AnalyzeHeadless)  
INFO  Class searcher loaded 59 extension points (20 false positives) (ClassSearcher)  
INFO  HEADLESS Script Paths:
    C:\prog\ghidra\ghidra_12.1.3_PUBLIC\Ghidra\Debug\Debugger-rmi-trace\ghidra_scripts
    C:\prog\ghidra\ghidra_12.1.3_PUBLIC\Ghidra\Features\FileFormats\ghidra_scripts
    C:\prog\ghidra\ghidra_12.1.3_PUBLIC\Ghidra\Features\GnuDemangler\ghidra_scripts
    C:\prog\ghidra\ghidra_12.1.3_PUBLIC\Ghidra\Features\VersionTracking\ghidra_scripts
    C:\prog\ghidra\ghidra_12.1.3_PUBLIC\Ghidra\Debug\Debugger\ghidra_scripts
    C:\prog\ghidra\ghidra_12.1.3_PUBLIC\Ghidra\Processors\8051\ghidra_scripts
    C:\prog\ghidra\ghidra_12.1.3_PUBLIC\Ghidra\Features\BSim\ghidra_scripts
    C:\prog\ghidra\ghidra_12.1.3_PUBLIC\Ghidra\Features\WildcardAssembler\ghidra_scripts
    C:\prog\ghidra\ghidra_12.1.3_PUBLIC\Ghidra\Features\FunctionID\ghidra_scripts
    C:\prog\ghidra\ghidra_12.1.3_PUBLIC\Ghidra\Features\SystemEmulation\ghidra_scripts
    C:\prog\ghidra\ghidra_12.1.3_PUBLIC\Ghidra\Processors\PIC\ghidra_scripts
    C:\prog\ghidra\ghidra_12.1.3_PUBLIC\Ghidra\Features\PDB\ghidra_scripts
    C:\prog\ghidra\ghidra_12.1.3_PUBLIC\Ghidra\Features\DecompilerDependent\ghidra_scripts
    C:\prog\ghidra\ghidra_12.1.3_PUBLIC\Ghidra\Features\SwiftDemangler\ghidra_scripts
    C:\prog\ghidra\ghidra_12.1.3_PUBLIC\Ghidra\Features\MicrosoftCodeAnalyzer\ghidra_scripts
    C:\prog\ghidra\ghidra_12.1.3_PUBLIC\Ghidra\Processors\DATA\ghidra_scripts
    C:\prog\ghidra\ghidra_12.1.3_PUBLIC\Ghidra\Features\Decompiler\ghidra_scripts
    C:\prog\ghidra\ghidra_12.1.3_PUBLIC\Ghidra\Features\BytePatterns\ghidra_scripts
    C:\prog\ghidra\ghidra_12.1.3_PUBLIC\Ghidra\Features\PyGhidra\ghidra_scripts
    C:\prog\ghidra\ghidra_12.1.3_PUBLIC\Ghidra\Processors\Atmel\ghidra_scripts
    C:\prog\ghidra\ghidra_12.1.3_PUBLIC\Ghidra\Features\Base\ghidra_scripts
    C:\prog\jwcad\ghidra_scripts
    C:\prog\ghidra\ghidra_12.1.3_PUBLIC\Ghidra\Processors\JVM\ghidra_scripts (HeadlessAnalyzer)  
INFO  HEADLESS: execution starts (HeadlessAnalyzer)  
INFO  Creating temporary project: C:\prog\jwcad\proj\ovl25 (HeadlessAnalyzer)  
INFO  Creating project: C:\prog\jwcad\proj\ovl25 (DefaultProject)  
INFO  REPORT: Processing input files:  (HeadlessAnalyzer)  
INFO       project: C:\prog\jwcad\proj\ovl25 (HeadlessAnalyzer)  
INFO  IMPORTING: file:///C:/prog/jwcad/ovl/jw25.exe (HeadlessAnalyzer)  
INFO  Using Loader: Old-style DOS Executable (MZ) (ProgramLoader)  
INFO  Using Language/Compiler: x86:LE:16:Real Mode:default (ProgramLoader)  
INFO  Using Library Search Path: [., C:\Windows\SysWOW64, C:\prog\ghidra\jdk21\bin, C:\Windows\Sun\Java\bin, C:\Windows\system32, C:\Windows, C:\Program Files\Python312\Scripts\, C:\Program Files\Python312\, C:\Windows\System32\Wbem, C:\Windows\System32\WindowsPowerShell\v1.0\, C:\Windows\System32\OpenSSH\, C:\Program Files\Amazon\AWSCLIV2\, C:\ProgramData\chocolatey\bin, C:\ffmpeg, C:\Users\yomei\AppData\Local\Microsoft\WindowsApps] (ProgramLoader)  
INFO  Additional info:
There were too many messages to display.
877 messages have been truncated.

Loading file:///C:/prog/jwcad/ovl/jw25.exe?MD5=d36dbee84dbcae53627c19eaf24d5a3f...
Failed to process relocation: 6570:0118 (Invalid index: 383848)
Failed to process relocation: 6570:0107 (Invalid index: 383831)
Failed to process relocation: 6570:00c8 (Invalid index: 383768)
Failed to process relocation: 6570:00c0 (Invalid index: 383760)
Failed to process relocation: 6570:00b8 (Invalid index: 383752)
Failed to process relocation: 6570:00b0 (Invalid index: 383744)
Failed to process relocation: 6570:00a8 (Invalid index: 383736)
Failed to process relocation: 6570:00a0 (Invalid index: 383728)
Failed to process relocation: 6570:0092 (Invalid index: 383714)
Failed to process relocation: 6570:0088 (Invalid index: 383704)
Failed to process relocation: 6570:0076 (Invalid index: 383686)
Failed to process relocation: 6570:0066 (Invalid index: 383670)
Failed to process relocation: 6570:0056 (Invalid index: 383654)
Failed to process relocation: 6570:0046 (Invalid index: 383638)
Failed to process relocation: 6570:0036 (Invalid index: 383622)
Failed to process relocation: 6570:0025 (Invalid index: 383605)
Failed to process relocation: 6570:0011 (Invalid index: 383585)
Failed to process relocation: 6570:0008 (Invalid index: 383576)
Failed to process relocation: 6570:01f7 (Invalid index: 384071)
Failed to process relocation: 6570:01f2 (Invalid index: 384066)
Failed to process relocation: 6570:01e9 (Invalid index: 384057)
Failed to process relocation: 6570:01df (Invalid index: 384047)
Failed to process relocation: 6570:01da (Invalid index: 384042)
Failed to process relocation: 6570:01d5 (Invalid index: 384037)
Failed to process relocation: 6570:01cd (Invalid index: 384029)
Failed to process relocation: 6570:01aa (Invalid index: 383994)
Failed to process relocation: 6570:018c (Invalid index: 383964)
Failed to process relocation: 6570:0181 (Invalid index: 383953)
Failed to process relocation: 6570:0171 (Invalid index: 383937)
Failed to process relocation: 6570:0153 (Invalid index: 383907)
Failed to process relocation: 6570:014a (Invalid index: 383898)
Failed to process relocation: 6570:0145 (Invalid index: 383893)
Failed to process relocation: 6570:013d (Invalid index: 383885)
Failed to process relocation: 6570:0135 (Invalid index: 383877)
Failed to process relocation: 6570:012c (Invalid index: 383868)
Failed to process relocation: 6570:05e5 (Invalid index: 385077)
Failed to process relocation: 6570:05e0 (Invalid index: 385072)
Failed to process relocation: 6570:05d6 (Invalid index: 385062)
Failed to process relocation: 6570:05b5 (Invalid index: 385029)
Failed to process relocation: 6570:05ad (Invalid index: 385021)
Failed to process relocation: 6570:05a8 (Invalid index: 385016)
Failed to process relocation: 6570:059e (Invalid index: 385006)
Failed to process relocation: 6570:0576 (Invalid index: 384966)
Failed to process relocation: 6570:0571 (Invalid index: 384961)
Failed to process relocation: 6570:0569 (Invalid index: 384953)
Failed to process relocation: 6570:0564 (Invalid index: 384948)
Failed to process relocation: 6570:055c (Invalid index: 384940)
Failed to process relocation: 6570:0551 (Invalid index: 384929)
Failed to process relocation: 6570:0525 (Invalid index: 384885)
Failed to process relocation: 6570:0511 (Invalid index: 384865)
Failed to process relocation: 6570:0507 (Invalid index: 384855)
Failed to process relocation: 6570:04e7 (Invalid index: 384823)
Failed to process relocation: 6570:04d3 (Invalid index: 384803)
Failed to process relocation: 6570:04c9 (Invalid index: 384793)
Failed to process relocation: 6570:04c1 (Invalid index: 384785)
Failed to process relocation: 6570:04bc (Invalid index: 384780)
Failed to process relocation: 6570:0494 (Invalid index: 384740)
Failed to process relocation: 6570:0459 (Invalid index: 384681)
Failed to process relocation: 6570:0426 (Invalid index: 384630)
Failed to process relocation: 6570:03f4 (Invalid index: 384580)
Failed to process relocation: 6570:03b5 (Invalid index: 384517)
Failed to process relocation: 6570:0371 (Invalid index: 384449)
Failed to process relocation: 6570:036c (Invalid index: 384444)
Failed to process relocation: 6570:0364 (Invalid index: 384436)
Failed to process relocation: 6570:0356 (Invalid index: 384422)
Failed to process relocation: 6570:0351 (Invalid index: 384417)
Failed to process relocation: 6570:0349 (Invalid index: 384409)
Failed to process relocation: 6570:0341 (Invalid index: 384401)
Failed to process relocation: 6570:0339 (Invalid index: 384393)
Failed to process relocation: 6570:0331 (Invalid index: 384385)
Failed to process relocation: 6570:0328 (Invalid index: 384376)
Failed to process relocation: 6570:0320 (Invalid index: 384368)
Failed to process relocation: 6570:0318 (Invalid index: 384360)
Failed to process relocation: 6570:0313 (Invalid index: 384355)
Failed to process relocation: 6570:030a (Invalid index: 384346)
Failed to process relocation: 6570:0302 (Invalid index: 384338)
Failed to process relocation: 6570:02fd (Invalid index: 384333)
Failed to process relocation: 6570:02f5 (Invalid index: 384325)
Failed to process relocation: 6570:02ed (Invalid index: 384317)
Failed to process relocation: 6570:02e8 (Invalid index: 384312)
Failed to process relocation: 6570:02e0 (Invalid index: 384304)
Failed to process relocation: 6570:02d8 (Invalid index: 384296)
Failed to process relocation: 6570:02d0 (Invalid index: 384288)
Failed to process relocation: 6570:02c8 (Invalid index: 384280)
Failed to process relocation: 6570:02c0 (Invalid index: 384272)
Failed to process relocation: 6570:02b8 (Invalid index: 384264)
Failed to process relocation: 6570:02b0 (Invalid index: 384256)
Failed to process relocation: 6570:02ab (Invalid index: 384251)
Failed to process relocation: 6570:029b (Invalid index: 384235)
Failed to process relocation: 6570:0296 (Invalid index: 384230)
Failed to process relocation: 6570:028e (Invalid index: 384222)
Failed to process relocation: 6570:0283 (Invalid index: 384211)
Failed to process relocation: 6570:027e (Invalid index: 384206)
Failed to process relocation: 6570:0276 (Invalid index: 384198)
Failed to process relocation: 6570:0271 (Invalid index: 384193)
Failed to process relocation: 6570:0269 (Invalid index: 384185)
Failed to process relocation: 6570:0260 (Invalid index: 384176)
Failed to process relocation: 6570:0258 (Invalid index: 384168)
Failed to process relocation: 6570:0250 (Invalid index: 384160)
Failed to process relocation: 6570:024b (Invalid index: 384155)
Failed to process relocation: 6570:0241 (Invalid index: 384145)
Failed to process relocation: 6570:0830 (Invalid index: 385664)
Failed to process relocation: 6570:0828 (Invalid index: 385656)
Failed to process relocation: 6570:081e (Invalid index: 385646)
Failed to process relocation: 6570:07f2 (Invalid index: 385602)
Failed to process relocation: 6570:07ea (Invalid index: 385594)
Failed to process relocation: 6570:07e0 (Invalid index: 385584)
Failed to process relocation: 6570:07c7 (Invalid index: 385559)
Failed to process relocation: 6570:07bf (Invalid index: 385551)
Failed to process relocation: 6570:07b7 (Invalid index: 385543)
Failed to process relocation: 6570:07af (Invalid index: 385535)
Failed to process relocation: 6570:078c (Invalid index: 385500)
Failed to process relocation: 6570:0784 (Invalid index: 385492)
Failed to process relocation: 6570:077a (Invalid index: 385482)
Failed to process relocation: 6570:074b (Invalid index: 385435)
Failed to process relocation: 6570:0743 (Invalid index: 385427)
Failed to process relocation: 6570:0739 (Invalid index: 385417)
Failed to process relocation: 6570:0731 (Invalid index: 385409)
Failed to process relocation: 6570:0729 (Invalid index: 385401)
Failed to process relocation: 6570:0702 (Invalid index: 385362)
Failed to process relocation: 6570:06d0 (Invalid index: 385312)
Failed to process relocation: 6570:0695 (Invalid index: 385253)
Failed to process relocation: 6570:066b (Invalid index: 385211)
Failed to process relocation: 6570:0666 (Invalid index: 385206)
Failed to process relocation: 6570:065e (Invalid index: 385198)
Failed to process relocation: 6570:0650 (Invalid index: 385184)
Failed to process relocation: 6570:064b (Invalid index: 385179)
Failed to process relocation: 6570:0643 (Invalid index: 385171)
Failed to process relocation: 6570:063a (Invalid index: 385162)
Failed to process relocation: 6570:0632 (Invalid index: 385154)
Failed to process relocation: 6570:062a (Invalid index: 385146)
Failed to process relocation: 6570:0625 (Invalid index: 385141)
Failed to process relocation: 6570:061d (Invalid index: 385133)
Failed to process relocation: 6570:0615 (Invalid index: 385125)
Failed to process relocation: 6570:060d (Invalid index: 385117)
Failed to process relocation: 6570:0605 (Invalid index: 385109)
Failed to process relocation: 6570:05fd (Invalid index: 385101)
Failed to process relocation: 6570:05f5 (Invalid index: 385093)
Failed to process relocation: 6570:05ed (Invalid index: 385085)
Failed to process relocation: 6570:0c01 (Invalid index: 386641)
Failed to process relocation: 6570:0bfc (Invalid index: 386636)
Failed to process relocation: 6570:0bf2 (Invalid index: 386626)
Failed to process relocation: 6570:0bed (Invalid index: 386621)
Failed to process relocation: 6570:0be5 (Invalid index: 386613)
Failed to process relocation: 6570:0bdb (Invalid index: 386603)
Failed to process relocation: 6570:0bd6 (Invalid index: 386598)
Failed to process relocation: 6570:0b78 (Invalid index: 386504)
Failed to process relocation: 6570:0b5f (Invalid index: 386479)
Failed to process relocation: 6570:0b4e (Invalid index: 386462)
Failed to process relocation: 6570:0b2e (Invalid index: 386430)
Failed to process relocation: 6570:0b10 (Invalid index: 386400)
Failed to process relocation: 6570:0ae5 (Invalid index: 386357)
Failed to process relocation: 6570:0ad1 (Invalid index: 386337)
Failed to process relocation: 6570:0ac2 (Invalid index: 386322)
Failed to process relocation: 6570:0a9b (Invalid index: 386283)
Failed to process relocation: 6570:0a93 (Invalid index: 386275)
Failed to process relocation: 6570:0a7c (Invalid index: 386252)
Failed to process relocation: 6570:0a62 (Invalid index: 386226)
Failed to process relocation: 6570:0a5d (Invalid index: 386221)
Failed to process relocation: 6570:0a58 (Invalid index: 386216)
Failed to process relocation: 6570:0a50 (Invalid index: 386208)
Failed to process relocation: 6570:0a1e (Invalid index: 386158)
Failed to process relocation: 6570:09fd (Invalid index: 386125)
Failed to process relocation: 6570:09f5 (Invalid index: 386117)
Failed to process relocation: 6570:09eb (Invalid index: 386107)
Failed to process relocation: 6570:09e6 (Invalid index: 386102)
Failed to process relocation: 6570:09de (Invalid index: 386094)
Failed to process relocation: 6570:09d9 (Invalid index: 386089)
Failed to process relocation: 6570:09d1 (Invalid index: 386081)
Failed to process relocation: 6570:09c9 (Invalid index: 386073)
Failed to process relocation: 6570:09bf (Invalid index: 386063)
Failed to process relocation: 6570:09ba (Invalid index: 386058)
Failed to process relocation: 6570:09b0 (Invalid index: 386048)
Failed to process relocation: 6570:09ab (Invalid index: 386043)
Failed to process relocation: 6570:09a6 (Invalid index: 386038)
Failed to process relocation: 6570:099e (Invalid index: 386030)
Failed to process relocation: 6570:0996 (Invalid index: 386022)
Failed to process relocation: 6570:098e (Invalid index: 386014)
Failed to process relocation: 6570:0986 (Invalid index: 386006)
Failed to process relocation: 6570:097e (Invalid index: 385998)
Failed to process relocation: 6570:0976 (Invalid index: 385990)
Failed to process relocation: 6570:096e (Invalid index: 385982)
Failed to process relocation: 6570:0966 (Invalid index: 385974)
Failed to process relocation: 6570:095c (Invalid index: 385964)
Failed to process relocation: 6570:0954 (Invalid index: 385956)
Failed to process relocation: 6570:094c (Invalid index: 385948)
Failed to process relocation: 6570:0944 (Invalid index: 385940)
Failed to process relocation: 6570:0922 (Invalid index: 385906)
Failed to process relocation: 6570:090d (Invalid index: 385885)
Failed to process relocation: 6570:08bc (Invalid index: 385804)
Failed to process relocation: 6570:08b4 (Invalid index: 385796)
Failed to process relocation: 6570:08a9 (Invalid index: 385785)
Failed to process relocation: 6570:0899 (Invalid index: 385769)
Failed to process relocation: 6570:088f (Invalid index: 385759)
Failed to process relocation: 6570:087c (Invalid index: 385740)
Failed to process relocation: 6570:085c (Invalid index: 385708)
Failed to process relocation: 6570:0c9f (Invalid index: 386799)
Failed to process relocation: 6570:0c5d (Invalid index: 386733)
Failed to process relocation: 6570:1063 (Invalid index: 387763)
Failed to process relocation: 6570:105a (Invalid index: 387754)
Failed to process relocation: 6570:1050 (Invalid index: 387744)
Failed to process relocation: 6570:1031 (Invalid index: 387713)
Failed to process relocation: 6570:1027 (Invalid index: 387703)
Failed to process relocation: 6570:101e (Invalid index: 387694)
Failed to process relocation: 6570:1014 (Invalid index: 387684)
Failed to process relocation: 6570:100f (Invalid index: 387679)
Failed to process relocation: 6570:1006 (Invalid index: 387670)
Failed to process relocation: 6570:0ffc (Invalid index: 387660)
Failed to process relocation: 6570:0ff3 (Invalid index: 387651)
Failed to process relocation: 6570:0fee (Invalid index: 387646)
Failed to process relocation: 6570:0fe6 (Invalid index: 387638)
Failed to process relocation: 6570:0fdc (Invalid index: 387628)
Failed to process relocation: 6570:0fd3 (Invalid index: 387619)
Failed to process relocation: 6570:0fce (Invalid index: 387614)
Failed to process relocation: 6570:0faf (Invalid index: 387583)
Failed to process relocation: 6570:0fa5 (Invalid index: 387573)
Failed to process relocation: 6570:0f9c (Invalid index: 387564)
Failed to process relocation: 6570:0f92 (Invalid index: 387554)
Failed to process relocation: 6570:0f8d (Invalid index: 387549)
Failed to process relocation: 6570:0f84 (Invalid index: 387540)
Failed to process relocation: 6570:0f7a (Invalid index: 387530)
Failed to process relocation: 6570:0f71 (Invalid index: 387521)
Failed to process relocation: 6570:0f6c (Invalid index: 387516)
Failed to process relocation: 6570:0f67 (Invalid index: 387511)
Failed to process relocation: 6570:0f5f (Invalid index: 387503)
Failed to process relocation: 6570:0f33 (Invalid index: 387459)
Failed to process relocation: 6570:0f29 (Invalid index: 387449)
Failed to process relocation: 6570:0f24 (Invalid index: 387444)
Failed to process relocation: 6570:0f1b (Invalid index: 387435)
Failed to process relocation: 6570:0f13 (Invalid index: 387427)
Failed to process relocation: 6570:0f09 (Invalid index: 387417)
Failed to process relocation: 6570:0f04 (Invalid index: 387412)
Failed to process relocation: 6570:0efb (Invalid index: 387403)
Failed to process relocation: 6570:0ef1 (Invalid index: 387393)
Failed to process relocation: 6570:0eec (Invalid index: 387388)
Failed to process relocation: 6570:0ee7 (Invalid index: 387383)
Failed to process relocation: 6570:0edf (Invalid index: 387375)
Failed to process relocation: 6570:0ed6 (Invalid index: 387366)
Failed to process relocation: 6570:0ecc (Invalid index: 387356)
Failed to process relocation: 6570:0eb4 (Invalid index: 387332)
Failed to process relocation: 6570:0eab (Invalid index: 387323)
Failed to process relocation: 6570:0ea2 (Invalid index: 387314)
Failed to process relocation: 6570:0e9d (Invalid index: 387309)
Failed to process relocation: 6570:0e94 (Invalid index: 387300)
Failed to process relocation: 6570:0e8b (Invalid index: 387291)
Failed to process relocation: 6570:0e7c (Invalid index: 387276)
Failed to process relocation: 6570:0e74 (Invalid index: 387268)
Failed to process relocation: 6570:0e6c (Invalid index: 387260)
Failed to process relocation: 6570:0e64 (Invalid index: 387252)
Failed to process relocation: 6570:0e5c (Invalid index: 387244)
Failed to process relocation: 6570:0e53 (Invalid index: 387235)
Failed to process relocation: 6570:0e39 (Invalid index: 387209)
Failed to process relocation: 6570:0de0 (Invalid index: 387120)
Failed to process relocation: 6570:0ddb (Invalid index: 387115)
Failed to process relocation: 6570:0dd1 (Invalid index: 387105)
Failed to process relocation: 6570:0dcc (Invalid index: 387100)
Failed to process relocation: 6570:0dc4 (Invalid index: 387092)
Failed to process relocation: 6570:0dba (Invalid index: 387082)
Failed to process relocation: 6570:0db5 (Invalid index: 387077)
Failed to process relocation: 6570:0dad (Invalid index: 387069)
Failed to process relocation: 6570:0da3 (Invalid index: 387059)
Failed to process relocation: 6570:0d9e (Invalid index: 387054)
Failed to process relocation: 6570:0d96 (Invalid index: 387046)
Failed to process relocation: 6570:0d8c (Invalid index: 387036)
Failed to process relocation: 6570:0d87 (Invalid index: 387031)
Failed to process relocation: 6570:0d6d (Invalid index: 387005)
Failed to process relocation: 6570:0d4c (Invalid index: 386972)
Failed to process relocation: 6570:0d3f (Invalid index: 386959)
Failed to process relocation: 6570:0d28 (Invalid index: 386936)
Failed to process relocation: 6570:0cbb (Invalid index: 386827)
Failed to process relocation: 6570:140b (Invalid index: 388699)
Failed to process relocation: 6570:13f4 (Invalid index: 388676)
Failed to process relocation: 6570:134d (Invalid index: 388509)
Failed to process relocation: 6570:1343 (Invalid index: 388499)
Failed to process relocation: 6570:133a (Invalid index: 388490)
Failed to process relocation: 6570:1330 (Invalid index: 388480)
Failed to process relocation: 6570:131b (Invalid index: 388459)
Failed to process relocation: 6570:1311 (Invalid index: 388449)
Failed to process relocation: 6570:130c (Invalid index: 388444)
Failed to process relocation: 6570:12ed (Invalid index: 388413)
Failed to process relocation: 6570:12e3 (Invalid index: 388403)
Failed to process relocation: 6570:12da (Invalid index: 388394)
Failed to process relocation: 6570:12d0 (Invalid index: 388384)
Failed to process relocation: 6570:12c8 (Invalid index: 388376)
Failed to process relocation: 6570:12be (Invalid index: 388366)
Failed to process relocation: 6570:12b5 (Invalid index: 388357)
Failed to process relocation: 6570:12ab (Invalid index: 388347)
Failed to process relocation: 6570:1293 (Invalid index: 388323)
Failed to process relocation: 6570:128a (Invalid index: 388314)
Failed to process relocation: 6570:1281 (Invalid index: 388305)
Failed to process relocation: 6570:127c (Invalid index: 388300)
Failed to process relocation: 6570:1273 (Invalid index: 388291)
Failed to process relocation: 6570:126a (Invalid index: 388282)
Failed to process relocation: 6570:1251 (Invalid index: 388257)
Failed to process relocation: 6570:124c (Invalid index: 388252)
Failed to process relocation: 6570:1242 (Invalid index: 388242)
Failed to process relocation: 6570:123d (Invalid index: 388237)
Failed to process relocation: 6570:1235 (Invalid index: 388229)
Failed to process relocation: 6570:122b (Invalid index: 388219)
Failed to process relocation: 6570:1226 (Invalid index: 388214)
Failed to process relocation: 6570:121e (Invalid index: 388206)
Failed to process relocation: 6570:1214 (Invalid index: 388196)
Failed to process relocation: 6570:120f (Invalid index: 388191)
Failed to process relocation: 6570:1207 (Invalid index: 388183)
Failed to process relocation: 6570:11fd (Invalid index: 388173)
Failed to process relocation: 6570:11f8 (Invalid index: 388168)
Failed to process relocation: 6570:11de (Invalid index: 388142)
Failed to process relocation: 6570:1168 (Invalid index: 388024)
Failed to process relocation: 6570:115b (Invalid index: 388011)
Failed to process relocation: 6570:1144 (Invalid index: 387988)
Failed to process relocation: 6570:1098 (Invalid index: 387816)
Failed to process relocation: 6570:108e (Invalid index: 387806)
Failed to process relocation: 6570:1085 (Invalid index: 387797)
Failed to process relocation: 6570:107b (Invalid index: 387787)
Failed to process relocation: 6570:1076 (Invalid index: 387782)
Failed to process relocation: 6570:106d (Invalid index: 387773)
Failed to process relocation: 6570:1792 (Invalid index: 389602)
Failed to process relocation: 6570:1775 (Invalid index: 389573)
Failed to process relocation: 6570:1768 (Invalid index: 389560)
Failed to process relocation: 6570:1762 (Invalid index: 389554)
Failed to process relocation: 6570:1737 (Invalid index: 389511)
Failed to process relocation: 6570:172c (Invalid index: 389500)
Failed to process relocation: 6570:16a2 (Invalid index: 389362)
Failed to process relocation: 6570:1695 (Invalid index: 389349)
Failed to process relocation: 6570:167e (Invalid index: 389326)
Failed to process relocation: 6570:15d1 (Invalid index: 389153)
Failed to process relocation: 6570:15c7 (Invalid index: 389143)
Failed to process relocation: 6570:15bf (Invalid index: 389135)
Failed to process relocation: 6570:1593 (Invalid index: 389091)
Failed to process relocation: 6570:1589 (Invalid index: 389081)
Failed to process relocation: 6570:1580 (Invalid index: 389072)
Failed to process relocation: 6570:1543 (Invalid index: 389011)
Failed to process relocation: 6570:153e (Invalid index: 389006)
Failed to process relocation: 6570:1534 (Invalid index: 388996)
Failed to process relocation: 6570:152f (Invalid index: 388991)
Failed to process relocation: 6570:1526 (Invalid index: 388982)
Failed to process relocation: 6570:151c (Invalid index: 388972)
Failed to process relocation: 6570:1517 (Invalid index: 388967)
Failed to process relocation: 6570:150e (Invalid index: 388958)
Failed to process relocation: 6570:1504 (Invalid index: 388948)
Failed to process relocation: 6570:14ff (Invalid index: 388943)
Failed to process relocation: 6570:14f6 (Invalid index: 388934)
Failed to process relocation: 6570:14ec (Invalid index: 388924)
Failed to process relocation: 6570:14e7 (Invalid index: 388919)
Failed to process relocation: 6570:14de (Invalid index: 388910)
Failed to process relocation: 6570:14d5 (Invalid index: 388901)
Failed to process relocation: 6570:14d0 (Invalid index: 388896)
Failed to process relocation: 6570:14c7 (Invalid index: 388887)
Failed to process relocation: 6570:14be (Invalid index: 388878)
Failed to process relocation: 6570:1440 (Invalid index: 388752)
Failed to process relocation: 6570:1418 (Invalid index: 388712)
Failed to process relocation: 6570:1b72 (Invalid index: 390594)
Failed to process relocation: 6570:1b6d (Invalid index: 390589)
Failed to process relocation: 6570:1b59 (Invalid index: 390569)
Failed to process relocation: 6570:1b54 (Invalid index: 390564)
Failed to process relocation: 6570:1b4a (Invalid index: 390554)
Failed to process relocation: 6570:1b45 (Invalid index: 390549)
Failed to process relocation: 6570:1b3d (Invalid index: 390541)
Failed to process relocation: 6570:1b33 (Invalid index: 390531)
Failed to process relocation: 6570:1b2e (Invalid index: 390526)
Failed to process relocation: 6570:1b26 (Invalid index: 390518)
Failed to process relocation: 6570:1b1c (Invalid index: 390508)
Failed to process relocation: 6570:1b17 (Invalid index: 390503)
Failed to process relocation: 6570:1b0f (Invalid index: 390495)
Failed to process relocation: 6570:1b05 (Invalid index: 390485)
Failed to process relocation: 6570:1b00 (Invalid index: 390480)
Failed to process relocation: 6570:1a96 (Invalid index: 390374)
Failed to process relocation: 6570:1a91 (Invalid index: 390369)
Failed to process relocation: 6570:1a89 (Invalid index: 390361)
Failed to process relocation: 6570:1a7f (Invalid index: 390351)
Failed to process relocation: 6570:1a76 (Invalid index: 390342)
Failed to process relocation: 6570:1a6c (Invalid index: 390332)
Failed to process relocation: 6570:1a67 (Invalid index: 390327)
Failed to process relocation: 6570:1a5e (Invalid index: 390318)
Failed to process relocation: 6570:1a54 (Invalid index: 390308)
Failed to process relocation: 6570:1a4f (Invalid index: 390303)
Failed to process relocation: 6570:1a46 (Invalid index: 390294)
Failed to process relocation: 6570:1a2b (Invalid index: 390267)
Failed to process relocation: 6570:1a22 (Invalid index: 390258)
Failed to process relocation: 6570:1a18 (Invalid index: 390248)
Failed to process relocation: 6570:1a13 (Invalid index: 390243)
Failed to process relocation: 6570:1a0b (Invalid index: 390235)
Failed to process relocation: 6570:1a01 (Invalid index: 390225)
Failed to process relocation: 6570:19fc (Invalid index: 390220)
Failed to process relocation: 6570:19f1 (Invalid index: 390209)
Failed to process relocation: 6570:19ec (Invalid index: 390204)
Failed to process relocation: 6570:19e2 (Invalid index: 390194)
Failed to process relocation: 6570:19dd (Invalid index: 390189)
Failed to process relocation: 6570:19d4 (Invalid index: 390180)
Failed to process relocation: 6570:19ca (Invalid index: 390170)
Failed to process relocation: 6570:19c5 (Invalid index: 390165)
Failed to process relocation: 6570:19bc (Invalid index: 390156)
Failed to process relocation: 6570:19b2 (Invalid index: 390146)
Failed to process relocation: 6570:19ad (Invalid index: 390141)
Failed to process relocation: 6570:19a4 (Invalid index: 390132)
Failed to process relocation: 6570:199a (Invalid index: 390122)
Failed to process relocation: 6570:1995 (Invalid index: 390117)
Failed to process relocation: 6570:193a (Invalid index: 390026)
Failed to process relocation: 6570:1935 (Invalid index: 390021)
Failed to process relocation: 6570:192d (Invalid index: 390013)
Failed to process relocation: 6570:1923 (Invalid index: 390003)
Failed to process relocation: 6570:191a (Invalid index: 389994)
Failed to process relocation: 6570:1910 (Invalid index: 389984)
Failed to process relocation: 6570:190b (Invalid index: 389979)
Failed to process relocation: 6570:1902 (Invalid index: 389970)
Failed to process relocation: 6570:18f8 (Invalid index: 389960)
Failed to process relocation: 6570:18f3 (Invalid index: 389955)
Failed to process relocation: 6570:18ea (Invalid index: 389946)
Failed to process relocation: 6570:18cf (Invalid index: 389919)
Failed to process relocation: 6570:18c6 (Invalid index: 389910)
Failed to process relocation: 6570:18bc (Invalid index: 389900)
Failed to process relocation: 6570:18b7 (Invalid index: 389895)
Failed to process relocation: 6570:18ae (Invalid index: 389886)
Failed to process relocation: 6570:18a4 (Invalid index: 389876)
Failed to process relocation: 6570:189f (Invalid index: 389871)
Failed to process relocation: 6570:1894 (Invalid index: 389860)
Failed to process relocation: 6570:188f (Invalid index: 389855)
Failed to process relocation: 6570:1885 (Invalid index: 389845)
Failed to process relocation: 6570:1880 (Invalid index: 389840)
Failed to process relocation: 6570:1878 (Invalid index: 389832)
Failed to process relocation: 6570:186e (Invalid index: 389822)
Failed to process relocation: 6570:1869 (Invalid index: 389817)
Failed to process relocation: 6570:1861 (Invalid index: 389809)
Failed to process relocation: 6570:1857 (Invalid index: 389799)
Failed to process relocation: 6570:1852 (Invalid index: 389794)
Failed to process relocation: 6570:184a (Invalid index: 389786)
Failed to process relocation: 6570:1840 (Invalid index: 389776)
Failed to process relocation: 6570:183b (Invalid index: 389771)
Failed to process relocation: 6570:1829 (Invalid index: 389753)
Failed to process relocation: 6570:181f (Invalid index: 389743)
Failed to process relocation: 6570:17fd (Invalid index: 389709)
Failed to process relocation: 6570:17ef (Invalid index: 389695)
Failed to process relocation: 6570:17cf (Invalid index: 389663)
Failed to process relocation: 6570:1f1e (Invalid index: 391534)
Failed to process relocation: 6570:1f07 (Invalid index: 391511)
Failed to process relocation: 6570:1e97 (Invalid index: 391399)
Failed to process relocation: 6570:1e78 (Invalid index: 391368)
Failed to process relocation: 6570:1e6e (Invalid index: 391358)
Failed to process relocation: 6570:1e69 (Invalid index: 391353)
Failed to process relocation: 6570:1e60 (Invalid index: 391344)
Failed to process relocation: 6570:1e56 (Invalid index: 391334)
Failed to process relocation: 6570:1e51 (Invalid index: 391329)
Failed to process relocation: 6570:1e48 (Invalid index: 391320)
Failed to process relocation: 6570:1e3e (Invalid index: 391310)
Failed to process relocation: 6570:1e35 (Invalid index: 391301)
Failed to process relocation: 6570:1e2c (Invalid index: 391292)
Failed to process relocation: 6570:1e23 (Invalid index: 391283)
Failed to process relocation: 6570:1e1e (Invalid index: 391278)
Failed to process relocation: 6570:1e15 (Invalid index: 391269)
Failed to process relocation: 6570:1e0c (Invalid index: 391260)
Failed to process relocation: 6570:1e03 (Invalid index: 391251)
Failed to process relocation: 6570:1dfa (Invalid index: 391242)
Failed to process relocation: 6570:1df1 (Invalid index: 391233)
Failed to process relocation: 6570:1de8 (Invalid index: 391224)
Failed to process relocation: 6570:1dde (Invalid index: 391214)
Failed to process relocation: 6570:1dc9 (Invalid index: 391193)
Failed to process relocation: 6570:1dc0 (Invalid index: 391184)
Failed to process relocation: 6570:1db7 (Invalid index: 391175)
Failed to process relocation: 6570:1dae (Invalid index: 391166)
Failed to process relocation: 6570:1da4 (Invalid index: 391156)
Failed to process relocation: 6570:1d8f (Invalid index: 391135)
Failed to process relocation: 6570:1d86 (Invalid index: 391126)
Failed to process relocation: 6570:1d7e (Invalid index: 391118)
Failed to process relocation: 6570:1d75 (Invalid index: 391109)
Failed to process relocation: 6570:1d6c (Invalid index: 391100)
Failed to process relocation: 6570:1d63 (Invalid index: 391091)
Failed to process relocation: 6570:1d5a (Invalid index: 391082)
Failed to process relocation: 6570:1d55 (Invalid index: 391077)
Failed to process relocation: 6570:1d4c (Invalid index: 391068)
Failed to process relocation: 6570:1d43 (Invalid index: 391059)
Failed to process relocation: 6570:1d2b (Invalid index: 391035)
Failed to process relocation: 6570:1d08 (Invalid index: 391000)
Failed to process relocation: 6570:1cf3 (Invalid index: 390979)
Failed to process relocation: 6570:1cea (Invalid index: 390970)
Failed to process relocation: 6570:1ce1 (Invalid index: 390961)
Failed to process relocation: 6570:1cd8 (Invalid index: 390952)
Failed to process relocation: 6570:1cb8 (Invalid index: 390920)
Failed to process relocation: 6570:1caf (Invalid index: 390911)
Failed to process relocation: 6570:1ca6 (Invalid index: 390902)
Failed to process relocation: 6570:1c9d (Invalid index: 390893)
Failed to process relocation: 6570:1c88 (Invalid index: 390872)
Failed to process relocation: 6570:1c7f (Invalid index: 390863)
Failed to process relocation: 6570:1c76 (Invalid index: 390854)
Failed to process relocation: 6570:1c6d (Invalid index: 390845)
Failed to process relocation: 6570:1c44 (Invalid index: 390804)
Failed to process relocation: 6570:1c3c (Invalid index: 390796)
Failed to process relocation: 6570:1c33 (Invalid index: 390787)
Failed to process relocation: 6570:1c2a (Invalid index: 390778)
Failed to process relocation: 6570:1c21 (Invalid index: 390769)
Failed to process relocation: 6570:1bc9 (Invalid index: 390681)
Failed to process relocation: 6570:1bc4 (Invalid index: 390676)
Failed to process relocation: 6570:1bba (Invalid index: 390666)
Failed to process relocation: 6570:1bb5 (Invalid index: 390661)
Failed to process relocation: 6570:1bac (Invalid index: 390652)
Failed to process relocation: 6570:1ba2 (Invalid index: 390642)
Failed to process relocation: 6570:1b9d (Invalid index: 390637)
Failed to process relocation: 6570:1b94 (Invalid index: 390628)
Failed to process relocation: 6570:1b8a (Invalid index: 390618)
Failed to process relocation: 6570:1b85 (Invalid index: 390613)
 (ProgramLoader)  
INFO  IMPORTING: Loaded 0 additional files (HeadlessAnalyzer)  
INFO  REPORT: Execute script: MarkOverlayThunks 'pre' '3ab8'  (HeadlessAnalyzer)  
INFO  SCRIPT: C:\prog\jwcad\ghidra_scripts\MarkOverlayThunks.java (HeadlessAnalyzer)  
INFO  MarkOverlayThunks.java> cd 3f sites: 115 (GhidraScript)  
INFO  MarkOverlayThunks.java> overlay trap operands marked as data: 115 of 115 (GhidraScript)  
INFO  ANALYZING all memory and code: file:///C:/prog/jwcad/ovl/jw25.exe (HeadlessAnalyzer)  
ERROR Failed to create function at 28b3:0f86 since its body contains referring thunk at 28b3:0ee9 (CreateFunctionCmd)  
ERROR Failed to create function at 28b3:1140 since its body contains referring thunk at 28b3:112c (CreateFunctionCmd)  
WARN  Decompiling 32b2:1528: Unable to read bytes at ram:0000:7be2 (DecompileCallback)  
WARN  Decompiling 32b2:0d40, pcode error at 3000:5054: Unable to resolve constructor at 3000:5054 (DecompileCallback)  
WARN  Decompiling 12c1:097e, pcode error at 1000:5097: Unable to resolve constructor at 1000:5097 (DecompileCallback)  
WARN  Decompiling 1000:0a81, pcode error at 1000:0a6f: Unable to resolve constructor at 1000:0a6f (DecompileCallback)  
WARN  Decompiling 1000:0a81, pcode error at 1000:0a4b: Unable to resolve constructor at 1000:0a4b (DecompileCallback)  
WARN  Decompiling 1000:0a81, pcode error at 1000:0818: Unable to resolve constructor at 1000:0818 (DecompileCallback)  
WARN  Decompiling 21f2:246e, pcode error at 2000:3158: Unable to resolve constructor at 2000:3158 (DecompileCallback)  
WARN  Decompiling 21f2:246e, pcode error at 2000:7191: Unable to resolve constructor at 2000:7191 (DecompileCallback)  
ERROR Failed to create function at 1885:07c4 since its body contains referring thunk at 1885:0344 (CreateFunctionCmd)  
INFO  Packed database cache: C:\Users\yomei\AppData\Local\ghidra\packed-db-cache (PackedDatabaseCache)  
INFO  Applied data type archive: generic_clib (ApplyDataArchiveAnalyzer)  
INFO  -----------------------------------------------------
    ASCII Strings                              0.325 secs
    Apply Data Archives                        0.437 secs
    Call Convention ID                         0.002 secs
    Call-Fixup Installer                       0.015 secs
    Create Function                            0.506 secs
    Data Reference                             0.030 secs
    Decompiler Switch Analysis                31.583 secs
    Demangler GNU                              0.052 secs
    Disassemble                                2.033 secs
    Disassemble Entry Points                   0.170 secs
    Embedded Media                             0.014 secs
    External Entry References                  0.000 secs
    Function ID                                0.123 secs
    Function Start Search                      0.022 secs
    Non-Returning Functions - Discovered       0.562 secs
    Reference                                  0.047 secs
    Segmented X86 Calling Conventions          0.002 secs
    Shared Return Calls                        0.204 secs
    Stack                                      2.422 secs
    Subroutine References                      0.095 secs
    Subroutine References - One Time           0.000 secs
    X86 Function Callee Purge                  0.137 secs
    x86 Constant Reference Analyzer            1.810 secs
-----------------------------------------------------
     Total Time   40 secs
-----------------------------------------------------
 (AutoAnalysisManager)  
INFO  REPORT: Analysis succeeded for file: file:///C:/prog/jwcad/ovl/jw25.exe (HeadlessAnalyzer)  
INFO  REPORT: Execute script: MarkOverlayThunks 'post' '3ab8' 'C:\prog\jwcad\entries\25.txt' '25'  (HeadlessAnalyzer)  
INFO  SCRIPT: C:\prog\jwcad\ghidra_scripts\MarkOverlayThunks.java (HeadlessAnalyzer)  
INFO  MarkOverlayThunks.java> cd 3f sites: 115 (GhidraScript)  
INFO  MarkOverlayThunks.java> overlay traps given a fall-through: 115, references added: 1 (GhidraScript)  
INFO  MarkOverlayThunks.java> overlay entry points seeded: 10 (GhidraScript)  
INFO  MarkOverlayThunks.java> overlay hole cleared: 0 stray functions (GhidraScript)  
INFO  REPORT: Execute script: DecompileAll 'C:\prog\jwcad\out\ovl25' '3ab8' '4375'  (HeadlessAnalyzer)  
INFO  SCRIPT: C:\prog\jwcad\ghidra_scripts\DecompileAll.java (HeadlessAnalyzer)  
INFO  DecompileAll.java> decompiled 30 functions, 0 failed (GhidraScript)  
INFO  ANALYZING changes made by post scripts: file:///C:/prog/jwcad/ovl/jw25.exe (HeadlessAnalyzer)  
INFO  REPORT: Post-analysis succeeded for file: file:///C:/prog/jwcad/ovl/jw25.exe (HeadlessAnalyzer)  
INFO  /jw25.exe: file created (yomei) (LocalFileSystem)  
INFO  REPORT: Save succeeded for: /jw25.exe (ovl25:/jw25.exe) (HeadlessAnalyzer)  
INFO  REPORT: Import succeeded (HeadlessAnalyzer)  
