INFO  Using log config file: jar:file:/C:/prog/ghidra/ghidra_12.1.3_PUBLIC/Ghidra/Framework/Generic/lib/Generic.jar!/generic.log4j.xml (LoggingInitialization)  
INFO  Using log file: C:\Users\yomei\AppData\Roaming\ghidra\ghidra_12.1.3_PUBLIC\application.log (LoggingInitialization)  
INFO  Loading user preferences: C:\Users\yomei\AppData\Roaming\ghidra\ghidra_12.1.3_PUBLIC\preferences (Preferences)  
INFO  Searching for classes... (ClassSearcher)  
INFO  Class search complete (1051 ms) (ClassSearcher)  
INFO  Initializing SSL Context (DefaultSSLContextInitializer)  
INFO  Initializing Random Number Generator... (SecureRandomFactory)  
INFO  Random Number Generator initialization complete: SHA1PRNG (SecureRandomFactory)  
INFO  Trust manager disabled, cacerts have not been set (DefaultTrustManagerFactory)  
INFO  Headless startup complete (9735 ms) (AnalyzeHeadless)  
INFO  Class searcher loaded 59 extension points (20 false positives) (ClassSearcher)  
INFO  HEADLESS Script Paths:
    C:\prog\ghidra\ghidra_12.1.3_PUBLIC\Ghidra\Debug\Debugger-rmi-trace\ghidra_scripts
    C:\prog\ghidra\ghidra_12.1.3_PUBLIC\Ghidra\Features\FileFormats\ghidra_scripts
    C:\prog\ghidra\ghidra_12.1.3_PUBLIC\Ghidra\Features\GnuDemangler\ghidra_scripts
    C:\prog\ghidra\ghidra_12.1.3_PUBLIC\Ghidra\Features\VersionTracking\ghidra_scripts
    C:\prog\ghidra\ghidra_12.1.3_PUBLIC\Ghidra\Debug\Debugger\ghidra_scripts
    C:\prog\ghidra\ghidra_12.1.3_PUBLIC\Ghidra\Processors\8051\ghidra_scripts
    C:\prog\ghidra\ghidra_12.1.3_PUBLIC\Ghidra\Features\BSim\ghidra_scripts
    C:\prog\ghidra\ghidra_12.1.3_PUBLIC\Ghidra\Features\WildcardAssembler\ghidra_scripts
    C:\prog\ghidra\ghidra_12.1.3_PUBLIC\Ghidra\Features\FunctionID\ghidra_scripts
    C:\prog\ghidra\ghidra_12.1.3_PUBLIC\Ghidra\Features\SystemEmulation\ghidra_scripts
    C:\prog\ghidra\ghidra_12.1.3_PUBLIC\Ghidra\Processors\PIC\ghidra_scripts
    C:\prog\ghidra\ghidra_12.1.3_PUBLIC\Ghidra\Features\PDB\ghidra_scripts
    C:\prog\ghidra\ghidra_12.1.3_PUBLIC\Ghidra\Features\DecompilerDependent\ghidra_scripts
    C:\prog\ghidra\ghidra_12.1.3_PUBLIC\Ghidra\Features\SwiftDemangler\ghidra_scripts
    C:\prog\ghidra\ghidra_12.1.3_PUBLIC\Ghidra\Features\MicrosoftCodeAnalyzer\ghidra_scripts
    C:\prog\ghidra\ghidra_12.1.3_PUBLIC\Ghidra\Processors\DATA\ghidra_scripts
    C:\prog\ghidra\ghidra_12.1.3_PUBLIC\Ghidra\Features\Decompiler\ghidra_scripts
    C:\prog\ghidra\ghidra_12.1.3_PUBLIC\Ghidra\Features\BytePatterns\ghidra_scripts
    C:\prog\ghidra\ghidra_12.1.3_PUBLIC\Ghidra\Features\PyGhidra\ghidra_scripts
    C:\prog\ghidra\ghidra_12.1.3_PUBLIC\Ghidra\Processors\Atmel\ghidra_scripts
    C:\prog\ghidra\ghidra_12.1.3_PUBLIC\Ghidra\Features\Base\ghidra_scripts
    C:\prog\jwcad\ghidra_scripts
    C:\prog\ghidra\ghidra_12.1.3_PUBLIC\Ghidra\Processors\JVM\ghidra_scripts (HeadlessAnalyzer)  
INFO  HEADLESS: execution starts (HeadlessAnalyzer)  
INFO  Creating temporary project: C:\prog\jwcad\proj\ovl08 (HeadlessAnalyzer)  
INFO  Creating project: C:\prog\jwcad\proj\ovl08 (DefaultProject)  
INFO  REPORT: Processing input files:  (HeadlessAnalyzer)  
INFO       project: C:\prog\jwcad\proj\ovl08 (HeadlessAnalyzer)  
INFO  IMPORTING: file:///C:/prog/jwcad/ovl/jw08.exe (HeadlessAnalyzer)  
INFO  Using Loader: Old-style DOS Executable (MZ) (ProgramLoader)  
INFO  Using Language/Compiler: x86:LE:16:Real Mode:default (ProgramLoader)  
INFO  Using Library Search Path: [., C:\Windows\SysWOW64, C:\prog\ghidra\jdk21\bin, C:\Windows\Sun\Java\bin, C:\Windows\system32, C:\Windows, C:\Program Files\Python312\Scripts\, C:\Program Files\Python312\, C:\Windows\System32\Wbem, C:\Windows\System32\WindowsPowerShell\v1.0\, C:\Windows\System32\OpenSSH\, C:\Program Files\Amazon\AWSCLIV2\, C:\ProgramData\chocolatey\bin, C:\ffmpeg, C:\Users\yomei\AppData\Local\Microsoft\WindowsApps] (ProgramLoader)  
INFO  Additional info:
There were too many messages to display.
339 messages have been truncated.

Loading file:///C:/prog/jwcad/ovl/jw08.exe?MD5=d7e88e49bd13f81f9dba43af4129f7ff...
Failed to process relocation: 6570:0005 (Invalid index: 381413)
Failed to process relocation: 6570:024d (Invalid index: 381997)
Failed to process relocation: 6570:01f7 (Invalid index: 381911)
Failed to process relocation: 6570:01dc (Invalid index: 381884)
Failed to process relocation: 6570:01cd (Invalid index: 381869)
Failed to process relocation: 6570:01be (Invalid index: 381854)
Failed to process relocation: 6570:01af (Invalid index: 381839)
Failed to process relocation: 6570:01a0 (Invalid index: 381824)
Failed to process relocation: 6570:0191 (Invalid index: 381809)
Failed to process relocation: 6570:0182 (Invalid index: 381794)
Failed to process relocation: 6570:016b (Invalid index: 381771)
Failed to process relocation: 6570:015b (Invalid index: 381755)
Failed to process relocation: 6570:0155 (Invalid index: 381749)
Failed to process relocation: 6570:00b9 (Invalid index: 381593)
Failed to process relocation: 6570:00a6 (Invalid index: 381574)
Failed to process relocation: 6570:0011 (Invalid index: 381425)
Failed to process relocation: 6570:0627 (Invalid index: 382983)
Failed to process relocation: 6570:061e (Invalid index: 382974)
Failed to process relocation: 6570:0614 (Invalid index: 382964)
Failed to process relocation: 6570:060f (Invalid index: 382959)
Failed to process relocation: 6570:05da (Invalid index: 382906)
Failed to process relocation: 6570:05d5 (Invalid index: 382901)
Failed to process relocation: 6570:05d0 (Invalid index: 382896)
Failed to process relocation: 6570:05cb (Invalid index: 382891)
Failed to process relocation: 6570:05c3 (Invalid index: 382883)
Failed to process relocation: 6570:05be (Invalid index: 382878)
Failed to process relocation: 6570:05b5 (Invalid index: 382869)
Failed to process relocation: 6570:05ac (Invalid index: 382860)
Failed to process relocation: 6570:05a3 (Invalid index: 382851)
Failed to process relocation: 6570:0590 (Invalid index: 382832)
Failed to process relocation: 6570:058b (Invalid index: 382827)
Failed to process relocation: 6570:0586 (Invalid index: 382822)
Failed to process relocation: 6570:0581 (Invalid index: 382817)
Failed to process relocation: 6570:0579 (Invalid index: 382809)
Failed to process relocation: 6570:0574 (Invalid index: 382804)
Failed to process relocation: 6570:056b (Invalid index: 382795)
Failed to process relocation: 6570:0562 (Invalid index: 382786)
Failed to process relocation: 6570:0559 (Invalid index: 382777)
Failed to process relocation: 6570:054d (Invalid index: 382765)
Failed to process relocation: 6570:0516 (Invalid index: 382710)
Failed to process relocation: 6570:0510 (Invalid index: 382704)
Failed to process relocation: 6570:0507 (Invalid index: 382695)
Failed to process relocation: 6570:04f9 (Invalid index: 382681)
Failed to process relocation: 6570:04f4 (Invalid index: 382676)
Failed to process relocation: 6570:04eb (Invalid index: 382667)
Failed to process relocation: 6570:04a3 (Invalid index: 382595)
Failed to process relocation: 6570:046f (Invalid index: 382543)
Failed to process relocation: 6570:0468 (Invalid index: 382536)
Failed to process relocation: 6570:0446 (Invalid index: 382502)
Failed to process relocation: 6570:0404 (Invalid index: 382436)
Failed to process relocation: 6570:03db (Invalid index: 382395)
Failed to process relocation: 6570:03bf (Invalid index: 382367)
Failed to process relocation: 6570:03b2 (Invalid index: 382354)
Failed to process relocation: 6570:03a8 (Invalid index: 382344)
Failed to process relocation: 6570:03a3 (Invalid index: 382339)
Failed to process relocation: 6570:0391 (Invalid index: 382321)
Failed to process relocation: 6570:0377 (Invalid index: 382295)
Failed to process relocation: 6570:0368 (Invalid index: 382280)
Failed to process relocation: 6570:0359 (Invalid index: 382265)
Failed to process relocation: 6570:034a (Invalid index: 382250)
Failed to process relocation: 6570:033b (Invalid index: 382235)
Failed to process relocation: 6570:032c (Invalid index: 382220)
Failed to process relocation: 6570:031d (Invalid index: 382205)
Failed to process relocation: 6570:02fc (Invalid index: 382172)
Failed to process relocation: 6570:02ed (Invalid index: 382157)
Failed to process relocation: 6570:02df (Invalid index: 382143)
Failed to process relocation: 6570:02d0 (Invalid index: 382128)
Failed to process relocation: 6570:02bc (Invalid index: 382108)
Failed to process relocation: 6570:02b7 (Invalid index: 382103)
Failed to process relocation: 6570:02af (Invalid index: 382095)
Failed to process relocation: 6570:02a6 (Invalid index: 382086)
Failed to process relocation: 6570:029e (Invalid index: 382078)
Failed to process relocation: 6570:0296 (Invalid index: 382070)
Failed to process relocation: 6570:0281 (Invalid index: 382049)
Failed to process relocation: 6570:09d9 (Invalid index: 383929)
Failed to process relocation: 6570:09d1 (Invalid index: 383921)
Failed to process relocation: 6570:09c8 (Invalid index: 383912)
Failed to process relocation: 6570:09bf (Invalid index: 383903)
Failed to process relocation: 6570:09b6 (Invalid index: 383894)
Failed to process relocation: 6570:09ae (Invalid index: 383886)
Failed to process relocation: 6570:09a5 (Invalid index: 383877)
Failed to process relocation: 6570:099c (Invalid index: 383868)
Failed to process relocation: 6570:0980 (Invalid index: 383840)
Failed to process relocation: 6570:096f (Invalid index: 383823)
Failed to process relocation: 6570:0967 (Invalid index: 383815)
Failed to process relocation: 6570:095e (Invalid index: 383806)
Failed to process relocation: 6570:0954 (Invalid index: 383796)
Failed to process relocation: 6570:094f (Invalid index: 383791)
Failed to process relocation: 6570:0945 (Invalid index: 383781)
Failed to process relocation: 6570:0940 (Invalid index: 383776)
Failed to process relocation: 6570:0937 (Invalid index: 383767)
Failed to process relocation: 6570:092d (Invalid index: 383757)
Failed to process relocation: 6570:0928 (Invalid index: 383752)
Failed to process relocation: 6570:091b (Invalid index: 383739)
Failed to process relocation: 6570:0916 (Invalid index: 383734)
Failed to process relocation: 6570:090d (Invalid index: 383725)
Failed to process relocation: 6570:0902 (Invalid index: 383714)
Failed to process relocation: 6570:08fd (Invalid index: 383709)
Failed to process relocation: 6570:08f4 (Invalid index: 383700)
Failed to process relocation: 6570:08ec (Invalid index: 383692)
Failed to process relocation: 6570:08e3 (Invalid index: 383683)
Failed to process relocation: 6570:08de (Invalid index: 383678)
Failed to process relocation: 6570:08d5 (Invalid index: 383669)
Failed to process relocation: 6570:08cd (Invalid index: 383661)
Failed to process relocation: 6570:08c8 (Invalid index: 383656)
Failed to process relocation: 6570:08be (Invalid index: 383646)
Failed to process relocation: 6570:08b9 (Invalid index: 383641)
Failed to process relocation: 6570:08b0 (Invalid index: 383632)
Failed to process relocation: 6570:08a5 (Invalid index: 383621)
Failed to process relocation: 6570:08a0 (Invalid index: 383616)
Failed to process relocation: 6570:0897 (Invalid index: 383607)
Failed to process relocation: 6570:088d (Invalid index: 383597)
Failed to process relocation: 6570:0888 (Invalid index: 383592)
Failed to process relocation: 6570:087f (Invalid index: 383583)
Failed to process relocation: 6570:0873 (Invalid index: 383571)
Failed to process relocation: 6570:086e (Invalid index: 383566)
Failed to process relocation: 6570:0865 (Invalid index: 383557)
Failed to process relocation: 6570:0857 (Invalid index: 383543)
Failed to process relocation: 6570:0852 (Invalid index: 383538)
Failed to process relocation: 6570:0849 (Invalid index: 383529)
Failed to process relocation: 6570:083f (Invalid index: 383519)
Failed to process relocation: 6570:083a (Invalid index: 383514)
Failed to process relocation: 6570:0831 (Invalid index: 383505)
Failed to process relocation: 6570:0823 (Invalid index: 383491)
Failed to process relocation: 6570:081d (Invalid index: 383485)
Failed to process relocation: 6570:0813 (Invalid index: 383475)
Failed to process relocation: 6570:080a (Invalid index: 383466)
Failed to process relocation: 6570:0804 (Invalid index: 383460)
Failed to process relocation: 6570:07fb (Invalid index: 383451)
Failed to process relocation: 6570:07e8 (Invalid index: 383432)
Failed to process relocation: 6570:07b9 (Invalid index: 383385)
Failed to process relocation: 6570:076e (Invalid index: 383310)
Failed to process relocation: 6570:0749 (Invalid index: 383273)
Failed to process relocation: 6570:073a (Invalid index: 383258)
Failed to process relocation: 6570:072b (Invalid index: 383243)
Failed to process relocation: 6570:070b (Invalid index: 383211)
Failed to process relocation: 6570:06e1 (Invalid index: 383169)
Failed to process relocation: 6570:06dc (Invalid index: 383164)
Failed to process relocation: 6570:06d2 (Invalid index: 383154)
Failed to process relocation: 6570:06cd (Invalid index: 383149)
Failed to process relocation: 6570:06c4 (Invalid index: 383140)
Failed to process relocation: 6570:06ba (Invalid index: 383130)
Failed to process relocation: 6570:06b5 (Invalid index: 383125)
Failed to process relocation: 6570:069d (Invalid index: 383101)
Failed to process relocation: 6570:0695 (Invalid index: 383093)
Failed to process relocation: 6570:0686 (Invalid index: 383078)
Failed to process relocation: 6570:0681 (Invalid index: 383073)
Failed to process relocation: 6570:0636 (Invalid index: 382998)
Failed to process relocation: 6570:062c (Invalid index: 382988)
Failed to process relocation: 6570:0c20 (Invalid index: 384512)
Failed to process relocation: 6570:0c1b (Invalid index: 384507)
Failed to process relocation: 6570:0c12 (Invalid index: 384498)
Failed to process relocation: 6570:0c0a (Invalid index: 384490)
Failed to process relocation: 6570:0c04 (Invalid index: 384484)
Failed to process relocation: 6570:0bfb (Invalid index: 384475)
Failed to process relocation: 6570:0ba2 (Invalid index: 384386)
Failed to process relocation: 6570:0b97 (Invalid index: 384375)
Failed to process relocation: 6570:0b83 (Invalid index: 384355)
Failed to process relocation: 6570:0b77 (Invalid index: 384343)
Failed to process relocation: 6570:0b6e (Invalid index: 384334)
Failed to process relocation: 6570:0b60 (Invalid index: 384320)
Failed to process relocation: 6570:0b5b (Invalid index: 384315)
Failed to process relocation: 6570:0b52 (Invalid index: 384306)
Failed to process relocation: 6570:0b4a (Invalid index: 384298)
Failed to process relocation: 6570:0b42 (Invalid index: 384290)
Failed to process relocation: 6570:0b39 (Invalid index: 384281)
Failed to process relocation: 6570:0b2f (Invalid index: 384271)
Failed to process relocation: 6570:0b2a (Invalid index: 384266)
Failed to process relocation: 6570:0b24 (Invalid index: 384260)
Failed to process relocation: 6570:0b1b (Invalid index: 384251)
Failed to process relocation: 6570:0b12 (Invalid index: 384242)
Failed to process relocation: 6570:0af6 (Invalid index: 384214)
Failed to process relocation: 6570:0aee (Invalid index: 384206)
Failed to process relocation: 6570:0ae5 (Invalid index: 384197)
Failed to process relocation: 6570:0adb (Invalid index: 384187)
Failed to process relocation: 6570:0ad6 (Invalid index: 384182)
Failed to process relocation: 6570:0acc (Invalid index: 384172)
Failed to process relocation: 6570:0ac7 (Invalid index: 384167)
Failed to process relocation: 6570:0abe (Invalid index: 384158)
Failed to process relocation: 6570:0ab4 (Invalid index: 384148)
Failed to process relocation: 6570:0aaf (Invalid index: 384143)
Failed to process relocation: 6570:0aa7 (Invalid index: 384135)
Failed to process relocation: 6570:0a9e (Invalid index: 384126)
Failed to process relocation: 6570:0a99 (Invalid index: 384121)
Failed to process relocation: 6570:0a90 (Invalid index: 384112)
Failed to process relocation: 6570:0a88 (Invalid index: 384104)
Failed to process relocation: 6570:0a83 (Invalid index: 384099)
Failed to process relocation: 6570:0a79 (Invalid index: 384089)
Failed to process relocation: 6570:0a74 (Invalid index: 384084)
Failed to process relocation: 6570:0a6b (Invalid index: 384075)
Failed to process relocation: 6570:0a60 (Invalid index: 384064)
Failed to process relocation: 6570:0a5b (Invalid index: 384059)
Failed to process relocation: 6570:0a52 (Invalid index: 384050)
Failed to process relocation: 6570:0a48 (Invalid index: 384040)
Failed to process relocation: 6570:0a43 (Invalid index: 384035)
Failed to process relocation: 6570:0a3a (Invalid index: 384026)
Failed to process relocation: 6570:0a24 (Invalid index: 384004)
Failed to process relocation: 6570:0a1c (Invalid index: 383996)
Failed to process relocation: 6570:0a17 (Invalid index: 383991)
Failed to process relocation: 6570:09f7 (Invalid index: 383959)
Failed to process relocation: 6570:09f2 (Invalid index: 383954)
Failed to process relocation: 6570:09e9 (Invalid index: 383945)
Failed to process relocation: 6570:09de (Invalid index: 383934)
Failed to process relocation: 6570:0fdf (Invalid index: 385471)
Failed to process relocation: 6570:0fd4 (Invalid index: 385460)
Failed to process relocation: 6570:0fc4 (Invalid index: 385444)
Failed to process relocation: 6570:0fa6 (Invalid index: 385414)
Failed to process relocation: 6570:0f9b (Invalid index: 385403)
Failed to process relocation: 6570:0f8b (Invalid index: 385387)
Failed to process relocation: 6570:0f62 (Invalid index: 385346)
Failed to process relocation: 6570:0f36 (Invalid index: 385302)
Failed to process relocation: 6570:0f2c (Invalid index: 385292)
Failed to process relocation: 6570:0f27 (Invalid index: 385287)
Failed to process relocation: 6570:0f1f (Invalid index: 385279)
Failed to process relocation: 6570:0f0f (Invalid index: 385263)
Failed to process relocation: 6570:0eea (Invalid index: 385226)
Failed to process relocation: 6570:0ee1 (Invalid index: 385217)
Failed to process relocation: 6570:0ed7 (Invalid index: 385207)
Failed to process relocation: 6570:0ed2 (Invalid index: 385202)
Failed to process relocation: 6570:0eca (Invalid index: 385194)
Failed to process relocation: 6570:0e1b (Invalid index: 385019)
Failed to process relocation: 6570:0ddc (Invalid index: 384956)
Failed to process relocation: 6570:0da9 (Invalid index: 384905)
Failed to process relocation: 6570:0d87 (Invalid index: 384871)
Failed to process relocation: 6570:0d7a (Invalid index: 384858)
Failed to process relocation: 6570:0d70 (Invalid index: 384848)
Failed to process relocation: 6570:0d6b (Invalid index: 384843)
Failed to process relocation: 6570:0d53 (Invalid index: 384819)
Failed to process relocation: 6570:0d4c (Invalid index: 384812)
Failed to process relocation: 6570:0d3e (Invalid index: 384798)
Failed to process relocation: 6570:0d36 (Invalid index: 384790)
Failed to process relocation: 6570:0d31 (Invalid index: 384785)
Failed to process relocation: 6570:0d2c (Invalid index: 384780)
Failed to process relocation: 6570:0d26 (Invalid index: 384774)
Failed to process relocation: 6570:0d17 (Invalid index: 384759)
Failed to process relocation: 6570:0d0f (Invalid index: 384751)
Failed to process relocation: 6570:0cf5 (Invalid index: 384725)
Failed to process relocation: 6570:0cc7 (Invalid index: 384679)
Failed to process relocation: 6570:0cc1 (Invalid index: 384673)
Failed to process relocation: 6570:0cb8 (Invalid index: 384664)
Failed to process relocation: 6570:0caf (Invalid index: 384655)
Failed to process relocation: 6570:0ca9 (Invalid index: 384649)
Failed to process relocation: 6570:0ca0 (Invalid index: 384640)
Failed to process relocation: 6570:0c90 (Invalid index: 384624)
Failed to process relocation: 6570:0c8a (Invalid index: 384618)
Failed to process relocation: 6570:0c81 (Invalid index: 384609)
Failed to process relocation: 6570:0c78 (Invalid index: 384600)
Failed to process relocation: 6570:0c72 (Invalid index: 384594)
Failed to process relocation: 6570:0c69 (Invalid index: 384585)
Failed to process relocation: 6570:0c44 (Invalid index: 384548)
Failed to process relocation: 6570:1366 (Invalid index: 386374)
Failed to process relocation: 6570:135e (Invalid index: 386366)
Failed to process relocation: 6570:1356 (Invalid index: 386358)
Failed to process relocation: 6570:1332 (Invalid index: 386322)
Failed to process relocation: 6570:132a (Invalid index: 386314)
Failed to process relocation: 6570:1322 (Invalid index: 386306)
Failed to process relocation: 6570:1314 (Invalid index: 386292)
Failed to process relocation: 6570:130e (Invalid index: 386286)
Failed to process relocation: 6570:1305 (Invalid index: 386277)
Failed to process relocation: 6570:12fc (Invalid index: 386268)
Failed to process relocation: 6570:12f6 (Invalid index: 386262)
Failed to process relocation: 6570:12ed (Invalid index: 386253)
Failed to process relocation: 6570:11cb (Invalid index: 385963)
Failed to process relocation: 6570:116f (Invalid index: 385871)
Failed to process relocation: 6570:113f (Invalid index: 385823)
Failed to process relocation: 6570:1127 (Invalid index: 385799)
Failed to process relocation: 6570:111e (Invalid index: 385790)
Failed to process relocation: 6570:1114 (Invalid index: 385780)
Failed to process relocation: 6570:110f (Invalid index: 385775)
Failed to process relocation: 6570:1105 (Invalid index: 385765)
Failed to process relocation: 6570:10d4 (Invalid index: 385716)
Failed to process relocation: 6570:1084 (Invalid index: 385636)
Failed to process relocation: 6570:1079 (Invalid index: 385625)
Failed to process relocation: 6570:1065 (Invalid index: 385605)
Failed to process relocation: 6570:105a (Invalid index: 385594)
Failed to process relocation: 6570:104c (Invalid index: 385580)
Failed to process relocation: 6570:1041 (Invalid index: 385569)
Failed to process relocation: 6570:102c (Invalid index: 385548)
Failed to process relocation: 6570:1021 (Invalid index: 385537)
Failed to process relocation: 6570:1013 (Invalid index: 385523)
Failed to process relocation: 6570:1008 (Invalid index: 385512)
Failed to process relocation: 6570:0ff8 (Invalid index: 385496)
Failed to process relocation: 6570:1744 (Invalid index: 387364)
Failed to process relocation: 6570:169f (Invalid index: 387199)
Failed to process relocation: 6570:1689 (Invalid index: 387177)
Failed to process relocation: 6570:1669 (Invalid index: 387145)
Failed to process relocation: 6570:1653 (Invalid index: 387123)
Failed to process relocation: 6570:164e (Invalid index: 387118)
Failed to process relocation: 6570:1644 (Invalid index: 387108)
Failed to process relocation: 6570:163f (Invalid index: 387103)
Failed to process relocation: 6570:1637 (Invalid index: 387095)
Failed to process relocation: 6570:162d (Invalid index: 387085)
Failed to process relocation: 6570:1628 (Invalid index: 387080)
Failed to process relocation: 6570:1616 (Invalid index: 387062)
Failed to process relocation: 6570:1601 (Invalid index: 387041)
Failed to process relocation: 6570:15ea (Invalid index: 387018)
Failed to process relocation: 6570:15e3 (Invalid index: 387011)
Failed to process relocation: 6570:15d2 (Invalid index: 386994)
Failed to process relocation: 6570:15c6 (Invalid index: 386982)
Failed to process relocation: 6570:15c0 (Invalid index: 386976)
Failed to process relocation: 6570:159b (Invalid index: 386939)
Failed to process relocation: 6570:1593 (Invalid index: 386931)
Failed to process relocation: 6570:158e (Invalid index: 386926)
Failed to process relocation: 6570:153d (Invalid index: 386845)
Failed to process relocation: 6570:1535 (Invalid index: 386837)
Failed to process relocation: 6570:1530 (Invalid index: 386832)
Failed to process relocation: 6570:14b1 (Invalid index: 386705)
Failed to process relocation: 6570:14ac (Invalid index: 386700)
Failed to process relocation: 6570:149d (Invalid index: 386685)
Failed to process relocation: 6570:1470 (Invalid index: 386640)
Failed to process relocation: 6570:1468 (Invalid index: 386632)
Failed to process relocation: 6570:1455 (Invalid index: 386613)
Failed to process relocation: 6570:144d (Invalid index: 386605)
Failed to process relocation: 6570:1445 (Invalid index: 386597)
Failed to process relocation: 6570:143d (Invalid index: 386589)
Failed to process relocation: 6570:1438 (Invalid index: 386584)
Failed to process relocation: 6570:1430 (Invalid index: 386576)
Failed to process relocation: 6570:142b (Invalid index: 386571)
Failed to process relocation: 6570:1422 (Invalid index: 386562)
Failed to process relocation: 6570:141a (Invalid index: 386554)
Failed to process relocation: 6570:1411 (Invalid index: 386545)
Failed to process relocation: 6570:140c (Invalid index: 386540)
Failed to process relocation: 6570:1404 (Invalid index: 386532)
Failed to process relocation: 6570:13fb (Invalid index: 386523)
Failed to process relocation: 6570:13f6 (Invalid index: 386518)
Failed to process relocation: 6570:13ee (Invalid index: 386510)
Failed to process relocation: 6570:13e5 (Invalid index: 386501)
Failed to process relocation: 6570:13e0 (Invalid index: 386496)
Failed to process relocation: 6570:13d8 (Invalid index: 386488)
Failed to process relocation: 6570:13cf (Invalid index: 386479)
Failed to process relocation: 6570:13c7 (Invalid index: 386471)
Failed to process relocation: 6570:13bf (Invalid index: 386463)
Failed to process relocation: 6570:13ba (Invalid index: 386458)
Failed to process relocation: 6570:1af7 (Invalid index: 388311)
Failed to process relocation: 6570:1ac9 (Invalid index: 388265)
Failed to process relocation: 6570:1ac2 (Invalid index: 388258)
Failed to process relocation: 6570:1ab8 (Invalid index: 388248)
Failed to process relocation: 6570:1ab1 (Invalid index: 388241)
Failed to process relocation: 6570:1a9e (Invalid index: 388222)
Failed to process relocation: 6570:1a6f (Invalid index: 388175)
Failed to process relocation: 6570:1a60 (Invalid index: 388160)
Failed to process relocation: 6570:1a23 (Invalid index: 388099)
Failed to process relocation: 6570:19fd (Invalid index: 388061)
Failed to process relocation: 6570:19e6 (Invalid index: 388038)
Failed to process relocation: 6570:19cb (Invalid index: 388011)
Failed to process relocation: 6570:19b0 (Invalid index: 387984)
Failed to process relocation: 6570:19a3 (Invalid index: 387971)
Failed to process relocation: 6570:198d (Invalid index: 387949)
Failed to process relocation: 6570:1960 (Invalid index: 387904)
Failed to process relocation: 6570:1950 (Invalid index: 387888)
Failed to process relocation: 6570:193d (Invalid index: 387869)
Failed to process relocation: 6570:1930 (Invalid index: 387856)
Failed to process relocation: 6570:1929 (Invalid index: 387849)
Failed to process relocation: 6570:1916 (Invalid index: 387830)
Failed to process relocation: 6570:18f1 (Invalid index: 387793)
Failed to process relocation: 6570:18b2 (Invalid index: 387730)
Failed to process relocation: 6570:189a (Invalid index: 387706)
Failed to process relocation: 6570:185d (Invalid index: 387645)
Failed to process relocation: 6570:1827 (Invalid index: 387591)
Failed to process relocation: 6570:1822 (Invalid index: 387586)
Failed to process relocation: 6570:181a (Invalid index: 387578)
Failed to process relocation: 6570:1811 (Invalid index: 387569)
Failed to process relocation: 6570:180c (Invalid index: 387564)
Failed to process relocation: 6570:17f1 (Invalid index: 387537)
Failed to process relocation: 6570:17eb (Invalid index: 387531)
Failed to process relocation: 6570:17e2 (Invalid index: 387522)
Failed to process relocation: 6570:17d3 (Invalid index: 387507)
Failed to process relocation: 6570:17cd (Invalid index: 387501)
Failed to process relocation: 6570:17c4 (Invalid index: 387492)
Failed to process relocation: 6570:17a7 (Invalid index: 387463)
Failed to process relocation: 6570:179f (Invalid index: 387455)
Failed to process relocation: 6570:1797 (Invalid index: 387447)
Failed to process relocation: 6570:1e9d (Invalid index: 389245)
Failed to process relocation: 6570:1e8d (Invalid index: 389229)
Failed to process relocation: 6570:1e82 (Invalid index: 389218)
Failed to process relocation: 6570:1e57 (Invalid index: 389175)
Failed to process relocation: 6570:1e45 (Invalid index: 389157)
Failed to process relocation: 6570:1e3a (Invalid index: 389146)
Failed to process relocation: 6570:1e2a (Invalid index: 389130)
Failed to process relocation: 6570:1e18 (Invalid index: 389112)
Failed to process relocation: 6570:1e08 (Invalid index: 389096)
Failed to process relocation: 6570:1dd0 (Invalid index: 389040)
Failed to process relocation: 6570:1da7 (Invalid index: 388999)
Failed to process relocation: 6570:1d9d (Invalid index: 388989)
Failed to process relocation: 6570:1d95 (Invalid index: 388981)
Failed to process relocation: 6570:1d71 (Invalid index: 388945)
Failed to process relocation: 6570:1d68 (Invalid index: 388936)
Failed to process relocation: 6570:1d40 (Invalid index: 388896)
Failed to process relocation: 6570:1d34 (Invalid index: 388884)
Failed to process relocation: 6570:1d1b (Invalid index: 388859)
Failed to process relocation: 6570:1d01 (Invalid index: 388833)
Failed to process relocation: 6570:1ce8 (Invalid index: 388808)
Failed to process relocation: 6570:1cd8 (Invalid index: 388792)
Failed to process relocation: 6570:1cc8 (Invalid index: 388776)
Failed to process relocation: 6570:1c97 (Invalid index: 388727)
Failed to process relocation: 6570:1c79 (Invalid index: 388697)
Failed to process relocation: 6570:1c64 (Invalid index: 388676)
Failed to process relocation: 6570:1c50 (Invalid index: 388656)
Failed to process relocation: 6570:1c34 (Invalid index: 388628)
Failed to process relocation: 6570:1c1c (Invalid index: 388604)
Failed to process relocation: 6570:1bef (Invalid index: 388559)
Failed to process relocation: 6570:1be1 (Invalid index: 388545)
Failed to process relocation: 6570:1bbf (Invalid index: 388511)
Failed to process relocation: 6570:1b92 (Invalid index: 388466)
Failed to process relocation: 6570:1b86 (Invalid index: 388454)
Failed to process relocation: 6570:1b6d (Invalid index: 388429)
Failed to process relocation: 6570:1b55 (Invalid index: 388405)
Failed to process relocation: 6570:1b4b (Invalid index: 388395)
Failed to process relocation: 6570:1b3b (Invalid index: 388379)
Failed to process relocation: 6570:1b29 (Invalid index: 388361)
Failed to process relocation: 6570:1b20 (Invalid index: 388352)
Failed to process relocation: 6570:1b0f (Invalid index: 388335)
Failed to process relocation: 6570:2257 (Invalid index: 390199)
Failed to process relocation: 6570:2143 (Invalid index: 389923)
Failed to process relocation: 6570:2132 (Invalid index: 389906)
Failed to process relocation: 6570:210d (Invalid index: 389869)
Failed to process relocation: 6570:2101 (Invalid index: 389857)
Failed to process relocation: 6570:20d5 (Invalid index: 389813)
Failed to process relocation: 6570:20c5 (Invalid index: 389797)
Failed to process relocation: 6570:20ad (Invalid index: 389773)
Failed to process relocation: 6570:20a8 (Invalid index: 389768)
Failed to process relocation: 6570:2099 (Invalid index: 389753)
Failed to process relocation: 6570:2093 (Invalid index: 389747)
Failed to process relocation: 6570:2087 (Invalid index: 389735)
Failed to process relocation: 6570:2072 (Invalid index: 389714)
Failed to process relocation: 6570:2066 (Invalid index: 389702)
Failed to process relocation: 6570:2046 (Invalid index: 389670)
Failed to process relocation: 6570:202d (Invalid index: 389645)
Failed to process relocation: 6570:2015 (Invalid index: 389621)
Failed to process relocation: 6570:1ff8 (Invalid index: 389592)
Failed to process relocation: 6570:1fee (Invalid index: 389582)
Failed to process relocation: 6570:1fe8 (Invalid index: 389576)
Failed to process relocation: 6570:1fde (Invalid index: 389566)
Failed to process relocation: 6570:1fd2 (Invalid index: 389554)
Failed to process relocation: 6570:1fbd (Invalid index: 389533)
Failed to process relocation: 6570:1fb1 (Invalid index: 389521)
Failed to process relocation: 6570:1f82 (Invalid index: 389474)
Failed to process relocation: 6570:1f72 (Invalid index: 389458)
Failed to process relocation: 6570:1f67 (Invalid index: 389447)
Failed to process relocation: 6570:1f52 (Invalid index: 389426)
Failed to process relocation: 6570:1f49 (Invalid index: 389417)
Failed to process relocation: 6570:1f39 (Invalid index: 389401)
Failed to process relocation: 6570:1f31 (Invalid index: 389393)
Failed to process relocation: 6570:1f29 (Invalid index: 389385)
Failed to process relocation: 6570:1f11 (Invalid index: 389361)
Failed to process relocation: 6570:1efa (Invalid index: 389338)
Failed to process relocation: 6570:1ebd (Invalid index: 389277)
Failed to process relocation: 6570:259d (Invalid index: 391037)
Failed to process relocation: 6570:2598 (Invalid index: 391032)
Failed to process relocation: 6570:2593 (Invalid index: 391027)
Failed to process relocation: 6570:258e (Invalid index: 391022)
Failed to process relocation: 6570:2589 (Invalid index: 391017)
Failed to process relocation: 6570:257d (Invalid index: 391005)
Failed to process relocation: 6570:2567 (Invalid index: 390983)
Failed to process relocation: 6570:2562 (Invalid index: 390978)
Failed to process relocation: 6570:255a (Invalid index: 390970)
Failed to process relocation: 6570:2545 (Invalid index: 390949)
Failed to process relocation: 6570:2530 (Invalid index: 390928)
Failed to process relocation: 6570:2522 (Invalid index: 390914)
Failed to process relocation: 6570:251c (Invalid index: 390908)
Failed to process relocation: 6570:2513 (Invalid index: 390899)
Failed to process relocation: 6570:2504 (Invalid index: 390884)
Failed to process relocation: 6570:24dc (Invalid index: 390844)
Failed to process relocation: 6570:24c8 (Invalid index: 390824)
Failed to process relocation: 6570:24a0 (Invalid index: 390784)
Failed to process relocation: 6570:248c (Invalid index: 390764)
Failed to process relocation: 6570:2478 (Invalid index: 390744)
Failed to process relocation: 6570:2467 (Invalid index: 390727)
Failed to process relocation: 6570:2454 (Invalid index: 390708)
Failed to process relocation: 6570:244f (Invalid index: 390703)
Failed to process relocation: 6570:2445 (Invalid index: 390693)
Failed to process relocation: 6570:243d (Invalid index: 390685)
Failed to process relocation: 6570:2433 (Invalid index: 390675)
Failed to process relocation: 6570:2428 (Invalid index: 390664)
Failed to process relocation: 6570:241e (Invalid index: 390654)
Failed to process relocation: 6570:237c (Invalid index: 390492)
Failed to process relocation: 6570:2377 (Invalid index: 390487)
Failed to process relocation: 6570:236d (Invalid index: 390477)
Failed to process relocation: 6570:2365 (Invalid index: 390469)
Failed to process relocation: 6570:235b (Invalid index: 390459)
Failed to process relocation: 6570:2350 (Invalid index: 390448)
Failed to process relocation: 6570:2346 (Invalid index: 390438)
Failed to process relocation: 6570:2278 (Invalid index: 390232)
Failed to process relocation: 6570:2970 (Invalid index: 392016)
Failed to process relocation: 6570:294c (Invalid index: 391980)
Failed to process relocation: 6570:292e (Invalid index: 391950)
Failed to process relocation: 6570:2911 (Invalid index: 391921)
Failed to process relocation: 6570:2906 (Invalid index: 391910)
Failed to process relocation: 6570:28ec (Invalid index: 391884)
Failed to process relocation: 6570:28e0 (Invalid index: 391872)
Failed to process relocation: 6570:28b6 (Invalid index: 391830)
Failed to process relocation: 6570:2899 (Invalid index: 391801)
Failed to process relocation: 6570:2894 (Invalid index: 391796)
Failed to process relocation: 6570:288b (Invalid index: 391787)
Failed to process relocation: 6570:287b (Invalid index: 391771)
Failed to process relocation: 6570:2862 (Invalid index: 391746)
Failed to process relocation: 6570:285d (Invalid index: 391741)
Failed to process relocation: 6570:2854 (Invalid index: 391732)
Failed to process relocation: 6570:2844 (Invalid index: 391716)
 (ProgramLoader)  
INFO  IMPORTING: Loaded 0 additional files (HeadlessAnalyzer)  
INFO  REPORT: Execute script: MarkOverlayThunks 'pre' '3ab8'  (HeadlessAnalyzer)  
INFO  SCRIPT: C:\prog\jwcad\ghidra_scripts\MarkOverlayThunks.java (HeadlessAnalyzer)  
INFO  MarkOverlayThunks.java> cd 3f sites: 121 (GhidraScript)  
INFO  MarkOverlayThunks.java> overlay trap operands marked as data: 121 of 121 (GhidraScript)  
INFO  ANALYZING all memory and code: file:///C:/prog/jwcad/ovl/jw08.exe (HeadlessAnalyzer)  
ERROR Failed to create function at 1885:07c4 since its body contains referring thunk at 1885:0344 (CreateFunctionCmd)  
ERROR Failed to create function at 28b3:0f86 since its body contains referring thunk at 28b3:0ee9 (CreateFunctionCmd)  
WARN  Decompiling 3ab8:338c, pcode error at 7000:f800: Could not follow disassembly flow into non-existing memory at 7000:f800 (DecompileCallback)  
WARN  Decompiling 3ab8:338c, pcode error at 3000:ef8c: Unable to resolve constructor at 3000:ef8c (DecompileCallback)  
WARN  Decompiling 1000:0a81, pcode error at 1000:0a6f: Unable to resolve constructor at 1000:0a6f (DecompileCallback)  
WARN  Decompiling 1000:0a81, pcode error at 1000:0a4b: Unable to resolve constructor at 1000:0a4b (DecompileCallback)  
WARN  Decompiling 1000:0a81, pcode error at 1000:0818: Unable to resolve constructor at 1000:0818 (DecompileCallback)  
WARN  Decompiling 32b2:0d40, pcode error at 3000:5054: Unable to resolve constructor at 3000:5054 (DecompileCallback)  
WARN  Decompiling 3ab8:338c, pcode error at 4000:39c2: Failed to resolve varnode <Sreg>, index=6 (DecompileCallback)  
WARN  Decompiling 3ab8:338c, pcode error at 4000:3a30: Failed to resolve varnode <Sreg>, index=6 (DecompileCallback)  
WARN  Decompiling 32b2:1528: Unable to read bytes at ram:0000:7be2 (DecompileCallback)  
WARN  Decompiling 12c1:097e, pcode error at 1000:5097: Unable to resolve constructor at 1000:5097 (DecompileCallback)  
WARN  Decompiling 21f2:246e, pcode error at 2000:3158: Unable to resolve constructor at 2000:3158 (DecompileCallback)  
WARN  Decompiling 21f2:246e, pcode error at 2000:7191: Unable to resolve constructor at 2000:7191 (DecompileCallback)  
INFO  Packed database cache: C:\Users\yomei\AppData\Local\ghidra\packed-db-cache (PackedDatabaseCache)  
INFO  Applied data type archive: generic_clib (ApplyDataArchiveAnalyzer)  
INFO  -----------------------------------------------------
    ASCII Strings                              0.385 secs
    Apply Data Archives                        0.416 secs
    Call Convention ID                         0.004 secs
    Call-Fixup Installer                       0.015 secs
    Create Function                            0.411 secs
    Data Reference                             0.029 secs
    Decompiler Switch Analysis                19.299 secs
    Demangler GNU                              0.049 secs
    Disassemble                                1.794 secs
    Disassemble Entry Points                   0.162 secs
    Embedded Media                             0.013 secs
    External Entry References                  0.000 secs
    Function ID                                0.138 secs
    Function Start Search                      0.018 secs
    Non-Returning Functions - Discovered       0.347 secs
    Reference                                  0.039 secs
    Segmented X86 Calling Conventions          0.002 secs
    Shared Return Calls                        0.183 secs
    Stack                                      2.729 secs
    Subroutine References                      0.102 secs
    Subroutine References - One Time           0.000 secs
    X86 Function Callee Purge                  0.159 secs
    x86 Constant Reference Analyzer            1.624 secs
-----------------------------------------------------
     Total Time   27 secs
-----------------------------------------------------
 (AutoAnalysisManager)  
INFO  REPORT: Analysis succeeded for file: file:///C:/prog/jwcad/ovl/jw08.exe (HeadlessAnalyzer)  
INFO  REPORT: Execute script: MarkOverlayThunks 'post' '3ab8' 'C:\prog\jwcad\entries\08.txt' '8'  (HeadlessAnalyzer)  
INFO  SCRIPT: C:\prog\jwcad\ghidra_scripts\MarkOverlayThunks.java (HeadlessAnalyzer)  
INFO  MarkOverlayThunks.java> cd 3f sites: 121 (GhidraScript)  
INFO  MarkOverlayThunks.java> overlay traps given a fall-through: 121, references added: 8 (GhidraScript)  
INFO  MarkOverlayThunks.java> overlay entry points seeded: 17 (GhidraScript)  
INFO  MarkOverlayThunks.java> overlay hole cleared: 3 stray functions (GhidraScript)  
INFO  REPORT: Execute script: DecompileAll 'C:\prog\jwcad\out\ovl08' '3ab8' '4375'  (HeadlessAnalyzer)  
INFO  SCRIPT: C:\prog\jwcad\ghidra_scripts\DecompileAll.java (HeadlessAnalyzer)  
ERROR Unexpected Exception: Offset must be between 0x0 and 0x10ffef, got 0x400049 instead! (DecompileProcess) ghidra.program.model.address.AddressOutOfBoundsException: Offset must be between 0x0 and 0x10ffef, got 0x400049 instead!
	at ghidra.program.model.address.AbstractAddressSpace.makeValidOffset(AbstractAddressSpace.java:610)
	at ghidra.program.model.address.GenericAddressSpace.makeValidOffset(GenericAddressSpace.java:21)
	at ghidra.program.model.address.GenericAddress.<init>(GenericAddress.java:58)
	at ghidra.program.model.address.SegmentedAddress.<init>(SegmentedAddress.java:62)
	at ghidra.program.model.address.SegmentedAddressSpace.getAddress(SegmentedAddressSpace.java:275)
	at ghidra.program.model.address.SegmentedAddressSpace.getAddress(SegmentedAddressSpace.java:35)
	at ghidra.program.model.pcode.AddressXML.decode(AddressXML.java:483)
	at ghidra.app.decompiler.DecompileProcess.getMappedSymbols(DecompileProcess.java:789)
	at ghidra.app.decompiler.DecompileProcess.readResponse(DecompileProcess.java:349)
	at ghidra.app.decompiler.DecompileProcess.sendCommandTimeout(DecompileProcess.java:582)
	at ghidra.app.decompiler.DecompInterface.decompileFunction(DecompInterface.java:803)
	at DecompileAll.run(DecompileAll.java:82)
	at ghidra.app.script.GhidraScript.executeNormal(GhidraScript.java:460)
	at ghidra.app.script.GhidraScript.doExecute(GhidraScript.java:314)
	at ghidra.app.script.GhidraScript.execute(GhidraScript.java:290)
	at ghidra.app.util.headless.HeadlessAnalyzer.runScript(HeadlessAnalyzer.java:585)
	at ghidra.app.util.headless.HeadlessAnalyzer.runScriptsList(HeadlessAnalyzer.java:929)
	at ghidra.app.util.headless.HeadlessAnalyzer.analyzeProgram(HeadlessAnalyzer.java:1085)
	at ghidra.app.util.headless.HeadlessAnalyzer.processFileWithImport(HeadlessAnalyzer.java:1583)
	at ghidra.app.util.headless.HeadlessAnalyzer.processWithLoader(HeadlessAnalyzer.java:1743)
	at ghidra.app.util.headless.HeadlessAnalyzer.processWithImport(HeadlessAnalyzer.java:1684)
	at ghidra.app.util.headless.HeadlessAnalyzer.processWithImport(HeadlessAnalyzer.java:1768)
	at ghidra.app.util.headless.HeadlessAnalyzer.processLocal(HeadlessAnalyzer.java:452)
	at ghidra.app.util.headless.AnalyzeHeadless.launch(AnalyzeHeadless.java:199)
	at ghidra.GhidraLauncher.launch(GhidraLauncher.java:81)
	at ghidra.Ghidra.main(Ghidra.java:54)
 
WARN  Decompiling 3ab8:338c, pcode error at 7000:f800: Could not follow disassembly flow into non-existing memory at 7000:f800 (DecompileCallback)  
WARN  Decompiling 3ab8:338c, pcode error at 3000:ef8c: Unable to resolve constructor at 3000:ef8c (DecompileCallback)  
WARN  Decompiling 3ab8:338c, pcode error at 4000:39c2: Failed to resolve varnode <Sreg>, index=6 (DecompileCallback)  
WARN  Decompiling 3ab8:338c, pcode error at 4000:3a30: Failed to resolve varnode <Sreg>, index=6 (DecompileCallback)  
INFO  DecompileAll.java> decompiled 34 functions, 1 failed (GhidraScript)  
INFO  ANALYZING changes made by post scripts: file:///C:/prog/jwcad/ovl/jw08.exe (HeadlessAnalyzer)  
INFO  REPORT: Post-analysis succeeded for file: file:///C:/prog/jwcad/ovl/jw08.exe (HeadlessAnalyzer)  
INFO  /jw08.exe: file created (yomei) (LocalFileSystem)  
INFO  REPORT: Save succeeded for: /jw08.exe (ovl08:/jw08.exe) (HeadlessAnalyzer)  
INFO  REPORT: Import succeeded (HeadlessAnalyzer)  
