INFO  Using log config file: jar:file:/C:/prog/ghidra/ghidra_12.1.3_PUBLIC/Ghidra/Framework/Generic/lib/Generic.jar!/generic.log4j.xml (LoggingInitialization)  
INFO  Using log file: C:\Users\yomei\AppData\Roaming\ghidra\ghidra_12.1.3_PUBLIC\application.log (LoggingInitialization)  
INFO  Loading user preferences: C:\Users\yomei\AppData\Roaming\ghidra\ghidra_12.1.3_PUBLIC\preferences (Preferences)  
INFO  Searching for classes... (ClassSearcher)  
INFO  Class search complete (1035 ms) (ClassSearcher)  
INFO  Initializing SSL Context (DefaultSSLContextInitializer)  
INFO  Initializing Random Number Generator... (SecureRandomFactory)  
INFO  Random Number Generator initialization complete: SHA1PRNG (SecureRandomFactory)  
INFO  Trust manager disabled, cacerts have not been set (DefaultTrustManagerFactory)  
INFO  Headless startup complete (10378 ms) (AnalyzeHeadless)  
INFO  Class searcher loaded 59 extension points (20 false positives) (ClassSearcher)  
INFO  HEADLESS Script Paths:
    C:\prog\ghidra\ghidra_12.1.3_PUBLIC\Ghidra\Debug\Debugger-rmi-trace\ghidra_scripts
    C:\prog\ghidra\ghidra_12.1.3_PUBLIC\Ghidra\Features\FileFormats\ghidra_scripts
    C:\prog\ghidra\ghidra_12.1.3_PUBLIC\Ghidra\Features\GnuDemangler\ghidra_scripts
    C:\prog\ghidra\ghidra_12.1.3_PUBLIC\Ghidra\Features\VersionTracking\ghidra_scripts
    C:\prog\ghidra\ghidra_12.1.3_PUBLIC\Ghidra\Debug\Debugger\ghidra_scripts
    C:\prog\ghidra\ghidra_12.1.3_PUBLIC\Ghidra\Processors\8051\ghidra_scripts
    C:\prog\ghidra\ghidra_12.1.3_PUBLIC\Ghidra\Features\BSim\ghidra_scripts
    C:\prog\ghidra\ghidra_12.1.3_PUBLIC\Ghidra\Features\WildcardAssembler\ghidra_scripts
    C:\prog\ghidra\ghidra_12.1.3_PUBLIC\Ghidra\Features\FunctionID\ghidra_scripts
    C:\prog\ghidra\ghidra_12.1.3_PUBLIC\Ghidra\Features\SystemEmulation\ghidra_scripts
    C:\prog\ghidra\ghidra_12.1.3_PUBLIC\Ghidra\Processors\PIC\ghidra_scripts
    C:\prog\ghidra\ghidra_12.1.3_PUBLIC\Ghidra\Features\PDB\ghidra_scripts
    C:\prog\ghidra\ghidra_12.1.3_PUBLIC\Ghidra\Features\DecompilerDependent\ghidra_scripts
    C:\prog\ghidra\ghidra_12.1.3_PUBLIC\Ghidra\Features\SwiftDemangler\ghidra_scripts
    C:\prog\ghidra\ghidra_12.1.3_PUBLIC\Ghidra\Features\MicrosoftCodeAnalyzer\ghidra_scripts
    C:\prog\ghidra\ghidra_12.1.3_PUBLIC\Ghidra\Processors\DATA\ghidra_scripts
    C:\prog\ghidra\ghidra_12.1.3_PUBLIC\Ghidra\Features\Decompiler\ghidra_scripts
    C:\prog\ghidra\ghidra_12.1.3_PUBLIC\Ghidra\Features\BytePatterns\ghidra_scripts
    C:\prog\ghidra\ghidra_12.1.3_PUBLIC\Ghidra\Features\PyGhidra\ghidra_scripts
    C:\prog\ghidra\ghidra_12.1.3_PUBLIC\Ghidra\Processors\Atmel\ghidra_scripts
    C:\prog\ghidra\ghidra_12.1.3_PUBLIC\Ghidra\Features\Base\ghidra_scripts
    C:\prog\jwcad\ghidra_scripts
    C:\prog\ghidra\ghidra_12.1.3_PUBLIC\Ghidra\Processors\JVM\ghidra_scripts (HeadlessAnalyzer)  
INFO  HEADLESS: execution starts (HeadlessAnalyzer)  
INFO  Creating temporary project: C:\prog\jwcad\proj\ovl21 (HeadlessAnalyzer)  
INFO  Creating project: C:\prog\jwcad\proj\ovl21 (DefaultProject)  
INFO  REPORT: Processing input files:  (HeadlessAnalyzer)  
INFO       project: C:\prog\jwcad\proj\ovl21 (HeadlessAnalyzer)  
INFO  IMPORTING: file:///C:/prog/jwcad/ovl/jw21.exe (HeadlessAnalyzer)  
INFO  Using Loader: Old-style DOS Executable (MZ) (ProgramLoader)  
INFO  Using Language/Compiler: x86:LE:16:Real Mode:default (ProgramLoader)  
INFO  Using Library Search Path: [., C:\Windows\SysWOW64, C:\prog\ghidra\jdk21\bin, C:\Windows\Sun\Java\bin, C:\Windows\system32, C:\Windows, C:\Program Files\Python312\Scripts\, C:\Program Files\Python312\, C:\Windows\System32\Wbem, C:\Windows\System32\WindowsPowerShell\v1.0\, C:\Windows\System32\OpenSSH\, C:\Program Files\Amazon\AWSCLIV2\, C:\ProgramData\chocolatey\bin, C:\ffmpeg, C:\Users\yomei\AppData\Local\Microsoft\WindowsApps] (ProgramLoader)  
INFO  Additional info:
There were too many messages to display.
587 messages have been truncated.

Loading file:///C:/prog/jwcad/ovl/jw21.exe?MD5=c8548d54f27b27c807bf0f5cf0e5aa01...
Failed to process relocation: 6570:02da (Invalid index: 383130)
Failed to process relocation: 6570:02c1 (Invalid index: 383105)
Failed to process relocation: 6570:029f (Invalid index: 383071)
Failed to process relocation: 6570:0265 (Invalid index: 383013)
Failed to process relocation: 6570:024b (Invalid index: 382987)
Failed to process relocation: 6570:023b (Invalid index: 382971)
Failed to process relocation: 6570:0221 (Invalid index: 382945)
Failed to process relocation: 6570:020e (Invalid index: 382926)
Failed to process relocation: 6570:01ff (Invalid index: 382911)
Failed to process relocation: 6570:01eb (Invalid index: 382891)
Failed to process relocation: 6570:01d5 (Invalid index: 382869)
Failed to process relocation: 6570:01b2 (Invalid index: 382834)
Failed to process relocation: 6570:0197 (Invalid index: 382807)
Failed to process relocation: 6570:017e (Invalid index: 382782)
Failed to process relocation: 6570:016c (Invalid index: 382764)
Failed to process relocation: 6570:015a (Invalid index: 382746)
Failed to process relocation: 6570:00df (Invalid index: 382623)
Failed to process relocation: 6570:00ce (Invalid index: 382606)
Failed to process relocation: 6570:009f (Invalid index: 382559)
Failed to process relocation: 6570:003d (Invalid index: 382461)
Failed to process relocation: 6570:0011 (Invalid index: 382417)
Failed to process relocation: 6570:0009 (Invalid index: 382409)
Failed to process relocation: 6570:05cd (Invalid index: 383885)
Failed to process relocation: 6570:05bd (Invalid index: 383869)
Failed to process relocation: 6570:05ab (Invalid index: 383851)
Failed to process relocation: 6570:0593 (Invalid index: 383827)
Failed to process relocation: 6570:0549 (Invalid index: 383753)
Failed to process relocation: 6570:052f (Invalid index: 383727)
Failed to process relocation: 6570:04ed (Invalid index: 383661)
Failed to process relocation: 6570:04e4 (Invalid index: 383652)
Failed to process relocation: 6570:04db (Invalid index: 383643)
Failed to process relocation: 6570:04d3 (Invalid index: 383635)
Failed to process relocation: 6570:0494 (Invalid index: 383572)
Failed to process relocation: 6570:048b (Invalid index: 383563)
Failed to process relocation: 6570:0482 (Invalid index: 383554)
Failed to process relocation: 6570:047a (Invalid index: 383546)
Failed to process relocation: 6570:043b (Invalid index: 383483)
Failed to process relocation: 6570:0432 (Invalid index: 383474)
Failed to process relocation: 6570:042a (Invalid index: 383466)
Failed to process relocation: 6570:0425 (Invalid index: 383461)
Failed to process relocation: 6570:041d (Invalid index: 383453)
Failed to process relocation: 6570:03eb (Invalid index: 383403)
Failed to process relocation: 6570:03e2 (Invalid index: 383394)
Failed to process relocation: 6570:03da (Invalid index: 383386)
Failed to process relocation: 6570:03d5 (Invalid index: 383381)
Failed to process relocation: 6570:03cd (Invalid index: 383373)
Failed to process relocation: 6570:03c4 (Invalid index: 383364)
Failed to process relocation: 6570:03bc (Invalid index: 383356)
Failed to process relocation: 6570:03b4 (Invalid index: 383348)
Failed to process relocation: 6570:03af (Invalid index: 383343)
Failed to process relocation: 6570:03a6 (Invalid index: 383334)
Failed to process relocation: 6570:039e (Invalid index: 383326)
Failed to process relocation: 6570:0396 (Invalid index: 383318)
Failed to process relocation: 6570:038e (Invalid index: 383310)
Failed to process relocation: 6570:0389 (Invalid index: 383305)
Failed to process relocation: 6570:0338 (Invalid index: 383224)
Failed to process relocation: 6570:032e (Invalid index: 383214)
Failed to process relocation: 6570:0313 (Invalid index: 383187)
Failed to process relocation: 6570:0a69 (Invalid index: 385065)
Failed to process relocation: 6570:0a09 (Invalid index: 384969)
Failed to process relocation: 6570:0a04 (Invalid index: 384964)
Failed to process relocation: 6570:09ff (Invalid index: 384959)
Failed to process relocation: 6570:09de (Invalid index: 384926)
Failed to process relocation: 6570:09d9 (Invalid index: 384921)
Failed to process relocation: 6570:09b8 (Invalid index: 384888)
Failed to process relocation: 6570:0935 (Invalid index: 384757)
Failed to process relocation: 6570:0863 (Invalid index: 384547)
Failed to process relocation: 6570:085e (Invalid index: 384542)
Failed to process relocation: 6570:0859 (Invalid index: 384537)
Failed to process relocation: 6570:0850 (Invalid index: 384528)
Failed to process relocation: 6570:0847 (Invalid index: 384519)
Failed to process relocation: 6570:080f (Invalid index: 384463)
Failed to process relocation: 6570:080a (Invalid index: 384458)
Failed to process relocation: 6570:0801 (Invalid index: 384449)
Failed to process relocation: 6570:07fc (Invalid index: 384444)
Failed to process relocation: 6570:07f4 (Invalid index: 384436)
Failed to process relocation: 6570:07ec (Invalid index: 384428)
Failed to process relocation: 6570:07e4 (Invalid index: 384420)
Failed to process relocation: 6570:07df (Invalid index: 384415)
Failed to process relocation: 6570:07ce (Invalid index: 384398)
Failed to process relocation: 6570:07c9 (Invalid index: 384393)
Failed to process relocation: 6570:07c0 (Invalid index: 384384)
Failed to process relocation: 6570:07bb (Invalid index: 384379)
Failed to process relocation: 6570:07b3 (Invalid index: 384371)
Failed to process relocation: 6570:07ab (Invalid index: 384363)
Failed to process relocation: 6570:07a3 (Invalid index: 384355)
Failed to process relocation: 6570:079e (Invalid index: 384350)
Failed to process relocation: 6570:078d (Invalid index: 384333)
Failed to process relocation: 6570:0788 (Invalid index: 384328)
Failed to process relocation: 6570:077f (Invalid index: 384319)
Failed to process relocation: 6570:077a (Invalid index: 384314)
Failed to process relocation: 6570:0772 (Invalid index: 384306)
Failed to process relocation: 6570:076a (Invalid index: 384298)
Failed to process relocation: 6570:0762 (Invalid index: 384290)
Failed to process relocation: 6570:075d (Invalid index: 384285)
Failed to process relocation: 6570:074c (Invalid index: 384268)
Failed to process relocation: 6570:0747 (Invalid index: 384263)
Failed to process relocation: 6570:073e (Invalid index: 384254)
Failed to process relocation: 6570:0739 (Invalid index: 384249)
Failed to process relocation: 6570:0731 (Invalid index: 384241)
Failed to process relocation: 6570:0729 (Invalid index: 384233)
Failed to process relocation: 6570:0721 (Invalid index: 384225)
Failed to process relocation: 6570:071c (Invalid index: 384220)
Failed to process relocation: 6570:0def (Invalid index: 385967)
Failed to process relocation: 6570:0dd8 (Invalid index: 385944)
Failed to process relocation: 6570:0dcf (Invalid index: 385935)
Failed to process relocation: 6570:0dc6 (Invalid index: 385926)
Failed to process relocation: 6570:0dbd (Invalid index: 385917)
Failed to process relocation: 6570:0db4 (Invalid index: 385908)
Failed to process relocation: 6570:0dab (Invalid index: 385899)
Failed to process relocation: 6570:0da2 (Invalid index: 385890)
Failed to process relocation: 6570:0d99 (Invalid index: 385881)
Failed to process relocation: 6570:0d90 (Invalid index: 385872)
Failed to process relocation: 6570:0d87 (Invalid index: 385863)
Failed to process relocation: 6570:0d7e (Invalid index: 385854)
Failed to process relocation: 6570:0d74 (Invalid index: 385844)
Failed to process relocation: 6570:0d6f (Invalid index: 385839)
Failed to process relocation: 6570:0d65 (Invalid index: 385829)
Failed to process relocation: 6570:0d60 (Invalid index: 385824)
Failed to process relocation: 6570:0d5b (Invalid index: 385819)
Failed to process relocation: 6570:0d52 (Invalid index: 385810)
Failed to process relocation: 6570:0d49 (Invalid index: 385801)
Failed to process relocation: 6570:0d40 (Invalid index: 385792)
Failed to process relocation: 6570:0d37 (Invalid index: 385783)
Failed to process relocation: 6570:0d2e (Invalid index: 385774)
Failed to process relocation: 6570:0d25 (Invalid index: 385765)
Failed to process relocation: 6570:0d1c (Invalid index: 385756)
Failed to process relocation: 6570:0d09 (Invalid index: 385737)
Failed to process relocation: 6570:0bf4 (Invalid index: 385460)
Failed to process relocation: 6570:0aba (Invalid index: 385146)
Failed to process relocation: 6570:0ab5 (Invalid index: 385141)
Failed to process relocation: 6570:0ab0 (Invalid index: 385136)
Failed to process relocation: 6570:0a8f (Invalid index: 385103)
Failed to process relocation: 6570:0a8a (Invalid index: 385098)
Failed to process relocation: 6570:11c5 (Invalid index: 386949)
Failed to process relocation: 6570:11bd (Invalid index: 386941)
Failed to process relocation: 6570:11b4 (Invalid index: 386932)
Failed to process relocation: 6570:11af (Invalid index: 386927)
Failed to process relocation: 6570:11a7 (Invalid index: 386919)
Failed to process relocation: 6570:119e (Invalid index: 386910)
Failed to process relocation: 6570:1195 (Invalid index: 386901)
Failed to process relocation: 6570:1190 (Invalid index: 386896)
Failed to process relocation: 6570:1188 (Invalid index: 386888)
Failed to process relocation: 6570:1180 (Invalid index: 386880)
Failed to process relocation: 6570:1178 (Invalid index: 386872)
Failed to process relocation: 6570:1173 (Invalid index: 386867)
Failed to process relocation: 6570:116a (Invalid index: 386858)
Failed to process relocation: 6570:1161 (Invalid index: 386849)
Failed to process relocation: 6570:115c (Invalid index: 386844)
Failed to process relocation: 6570:1154 (Invalid index: 386836)
Failed to process relocation: 6570:114f (Invalid index: 386831)
Failed to process relocation: 6570:114a (Invalid index: 386826)
Failed to process relocation: 6570:1142 (Invalid index: 386818)
Failed to process relocation: 6570:113a (Invalid index: 386810)
Failed to process relocation: 6570:1135 (Invalid index: 386805)
Failed to process relocation: 6570:10de (Invalid index: 386718)
Failed to process relocation: 6570:10d9 (Invalid index: 386713)
Failed to process relocation: 6570:10d0 (Invalid index: 386704)
Failed to process relocation: 6570:10c7 (Invalid index: 386695)
Failed to process relocation: 6570:10ac (Invalid index: 386668)
Failed to process relocation: 6570:10a3 (Invalid index: 386659)
Failed to process relocation: 6570:109a (Invalid index: 386650)
Failed to process relocation: 6570:1095 (Invalid index: 386645)
Failed to process relocation: 6570:108c (Invalid index: 386636)
Failed to process relocation: 6570:1060 (Invalid index: 386592)
Failed to process relocation: 6570:105b (Invalid index: 386587)
Failed to process relocation: 6570:1052 (Invalid index: 386578)
Failed to process relocation: 6570:1049 (Invalid index: 386569)
Failed to process relocation: 6570:102e (Invalid index: 386542)
Failed to process relocation: 6570:1025 (Invalid index: 386533)
Failed to process relocation: 6570:101c (Invalid index: 386524)
Failed to process relocation: 6570:1017 (Invalid index: 386519)
Failed to process relocation: 6570:100e (Invalid index: 386510)
Failed to process relocation: 6570:0fe7 (Invalid index: 386471)
Failed to process relocation: 6570:0fde (Invalid index: 386462)
Failed to process relocation: 6570:0fd4 (Invalid index: 386452)
Failed to process relocation: 6570:0fcf (Invalid index: 386447)
Failed to process relocation: 6570:0fc5 (Invalid index: 386437)
Failed to process relocation: 6570:0fc0 (Invalid index: 386432)
Failed to process relocation: 6570:0fbb (Invalid index: 386427)
Failed to process relocation: 6570:0fb2 (Invalid index: 386418)
Failed to process relocation: 6570:0fa9 (Invalid index: 386409)
Failed to process relocation: 6570:0fa0 (Invalid index: 386400)
Failed to process relocation: 6570:0f84 (Invalid index: 386372)
Failed to process relocation: 6570:0f7f (Invalid index: 386367)
Failed to process relocation: 6570:0f76 (Invalid index: 386358)
Failed to process relocation: 6570:0f6b (Invalid index: 386347)
Failed to process relocation: 6570:0f66 (Invalid index: 386342)
Failed to process relocation: 6570:0f5d (Invalid index: 386333)
Failed to process relocation: 6570:0f54 (Invalid index: 386324)
Failed to process relocation: 6570:0f4b (Invalid index: 386315)
Failed to process relocation: 6570:0f42 (Invalid index: 386306)
Failed to process relocation: 6570:0f3a (Invalid index: 386298)
Failed to process relocation: 6570:0f31 (Invalid index: 386289)
Failed to process relocation: 6570:0f28 (Invalid index: 386280)
Failed to process relocation: 6570:0f1a (Invalid index: 386266)
Failed to process relocation: 6570:0f15 (Invalid index: 386261)
Failed to process relocation: 6570:0f0c (Invalid index: 386252)
Failed to process relocation: 6570:0f01 (Invalid index: 386241)
Failed to process relocation: 6570:0efc (Invalid index: 386236)
Failed to process relocation: 6570:0ef3 (Invalid index: 386227)
Failed to process relocation: 6570:0ee8 (Invalid index: 386216)
Failed to process relocation: 6570:0ee3 (Invalid index: 386211)
Failed to process relocation: 6570:0eda (Invalid index: 386202)
Failed to process relocation: 6570:0ecf (Invalid index: 386191)
Failed to process relocation: 6570:0eca (Invalid index: 386186)
Failed to process relocation: 6570:0ec1 (Invalid index: 386177)
Failed to process relocation: 6570:0eb5 (Invalid index: 386165)
Failed to process relocation: 6570:0e83 (Invalid index: 386115)
Failed to process relocation: 6570:0e73 (Invalid index: 386099)
Failed to process relocation: 6570:0e61 (Invalid index: 386081)
Failed to process relocation: 6570:0e49 (Invalid index: 386057)
Failed to process relocation: 6570:1580 (Invalid index: 387904)
Failed to process relocation: 6570:1567 (Invalid index: 387879)
Failed to process relocation: 6570:1562 (Invalid index: 387874)
Failed to process relocation: 6570:1559 (Invalid index: 387865)
Failed to process relocation: 6570:1540 (Invalid index: 387840)
Failed to process relocation: 6570:153b (Invalid index: 387835)
Failed to process relocation: 6570:1532 (Invalid index: 387826)
Failed to process relocation: 6570:1522 (Invalid index: 387810)
Failed to process relocation: 6570:1519 (Invalid index: 387801)
Failed to process relocation: 6570:1510 (Invalid index: 387792)
Failed to process relocation: 6570:150b (Invalid index: 387787)
Failed to process relocation: 6570:1502 (Invalid index: 387778)
Failed to process relocation: 6570:14e8 (Invalid index: 387752)
Failed to process relocation: 6570:14e3 (Invalid index: 387747)
Failed to process relocation: 6570:14de (Invalid index: 387742)
Failed to process relocation: 6570:14d5 (Invalid index: 387733)
Failed to process relocation: 6570:14cc (Invalid index: 387724)
Failed to process relocation: 6570:14c3 (Invalid index: 387715)
Failed to process relocation: 6570:14ba (Invalid index: 387706)
Failed to process relocation: 6570:14b1 (Invalid index: 387697)
Failed to process relocation: 6570:1492 (Invalid index: 387666)
Failed to process relocation: 6570:148a (Invalid index: 387658)
Failed to process relocation: 6570:1481 (Invalid index: 387649)
Failed to process relocation: 6570:1478 (Invalid index: 387640)
Failed to process relocation: 6570:146f (Invalid index: 387631)
Failed to process relocation: 6570:1465 (Invalid index: 387621)
Failed to process relocation: 6570:1460 (Invalid index: 387616)
Failed to process relocation: 6570:1456 (Invalid index: 387606)
Failed to process relocation: 6570:144d (Invalid index: 387597)
Failed to process relocation: 6570:1444 (Invalid index: 387588)
Failed to process relocation: 6570:143a (Invalid index: 387578)
Failed to process relocation: 6570:1435 (Invalid index: 387573)
Failed to process relocation: 6570:142b (Invalid index: 387563)
Failed to process relocation: 6570:1422 (Invalid index: 387554)
Failed to process relocation: 6570:1419 (Invalid index: 387545)
Failed to process relocation: 6570:13dc (Invalid index: 387484)
Failed to process relocation: 6570:13d7 (Invalid index: 387479)
Failed to process relocation: 6570:13ce (Invalid index: 387470)
Failed to process relocation: 6570:13c5 (Invalid index: 387461)
Failed to process relocation: 6570:13bc (Invalid index: 387452)
Failed to process relocation: 6570:13b7 (Invalid index: 387447)
Failed to process relocation: 6570:13ae (Invalid index: 387438)
Failed to process relocation: 6570:132f (Invalid index: 387311)
Failed to process relocation: 6570:130a (Invalid index: 387274)
Failed to process relocation: 6570:1300 (Invalid index: 387264)
Failed to process relocation: 6570:12f7 (Invalid index: 387255)
Failed to process relocation: 6570:1293 (Invalid index: 387155)
Failed to process relocation: 6570:128a (Invalid index: 387146)
Failed to process relocation: 6570:1285 (Invalid index: 387141)
Failed to process relocation: 6570:127c (Invalid index: 387132)
Failed to process relocation: 6570:1273 (Invalid index: 387123)
Failed to process relocation: 6570:126a (Invalid index: 387114)
Failed to process relocation: 6570:123d (Invalid index: 387069)
Failed to process relocation: 6570:1235 (Invalid index: 387061)
Failed to process relocation: 6570:122c (Invalid index: 387052)
Failed to process relocation: 6570:1223 (Invalid index: 387043)
Failed to process relocation: 6570:11f1 (Invalid index: 386993)
Failed to process relocation: 6570:11ec (Invalid index: 386988)
Failed to process relocation: 6570:11e3 (Invalid index: 386979)
Failed to process relocation: 6570:18f8 (Invalid index: 388792)
Failed to process relocation: 6570:18f3 (Invalid index: 388787)
Failed to process relocation: 6570:18ee (Invalid index: 388782)
Failed to process relocation: 6570:18e5 (Invalid index: 388773)
Failed to process relocation: 6570:18da (Invalid index: 388762)
Failed to process relocation: 6570:18d5 (Invalid index: 388757)
Failed to process relocation: 6570:18d0 (Invalid index: 388752)
Failed to process relocation: 6570:18c7 (Invalid index: 388743)
Failed to process relocation: 6570:18bc (Invalid index: 388732)
Failed to process relocation: 6570:18b7 (Invalid index: 388727)
Failed to process relocation: 6570:18b2 (Invalid index: 388722)
Failed to process relocation: 6570:18a9 (Invalid index: 388713)
Failed to process relocation: 6570:189e (Invalid index: 388702)
Failed to process relocation: 6570:1899 (Invalid index: 388697)
Failed to process relocation: 6570:1894 (Invalid index: 388692)
Failed to process relocation: 6570:188b (Invalid index: 388683)
Failed to process relocation: 6570:1882 (Invalid index: 388674)
Failed to process relocation: 6570:187a (Invalid index: 388666)
Failed to process relocation: 6570:1871 (Invalid index: 388657)
Failed to process relocation: 6570:1868 (Invalid index: 388648)
Failed to process relocation: 6570:1863 (Invalid index: 388643)
Failed to process relocation: 6570:185a (Invalid index: 388634)
Failed to process relocation: 6570:1851 (Invalid index: 388625)
Failed to process relocation: 6570:1848 (Invalid index: 388616)
Failed to process relocation: 6570:183f (Invalid index: 388607)
Failed to process relocation: 6570:1836 (Invalid index: 388598)
Failed to process relocation: 6570:182d (Invalid index: 388589)
Failed to process relocation: 6570:1824 (Invalid index: 388580)
Failed to process relocation: 6570:181f (Invalid index: 388575)
Failed to process relocation: 6570:1816 (Invalid index: 388566)
Failed to process relocation: 6570:180d (Invalid index: 388557)
Failed to process relocation: 6570:1804 (Invalid index: 388548)
Failed to process relocation: 6570:17fb (Invalid index: 388539)
Failed to process relocation: 6570:17f6 (Invalid index: 388534)
Failed to process relocation: 6570:17f1 (Invalid index: 388529)
Failed to process relocation: 6570:17ec (Invalid index: 388524)
Failed to process relocation: 6570:17e3 (Invalid index: 388515)
Failed to process relocation: 6570:17d9 (Invalid index: 388505)
Failed to process relocation: 6570:17d4 (Invalid index: 388500)
Failed to process relocation: 6570:17ca (Invalid index: 388490)
Failed to process relocation: 6570:17c1 (Invalid index: 388481)
Failed to process relocation: 6570:17b8 (Invalid index: 388472)
Failed to process relocation: 6570:17af (Invalid index: 388463)
Failed to process relocation: 6570:17a5 (Invalid index: 388453)
Failed to process relocation: 6570:17a0 (Invalid index: 388448)
Failed to process relocation: 6570:1796 (Invalid index: 388438)
Failed to process relocation: 6570:178d (Invalid index: 388429)
Failed to process relocation: 6570:1784 (Invalid index: 388420)
Failed to process relocation: 6570:1721 (Invalid index: 388321)
Failed to process relocation: 6570:1718 (Invalid index: 388312)
Failed to process relocation: 6570:170f (Invalid index: 388303)
Failed to process relocation: 6570:170a (Invalid index: 388298)
Failed to process relocation: 6570:1701 (Invalid index: 388289)
Failed to process relocation: 6570:16f8 (Invalid index: 388280)
Failed to process relocation: 6570:16ef (Invalid index: 388271)
Failed to process relocation: 6570:16e6 (Invalid index: 388262)
Failed to process relocation: 6570:16dd (Invalid index: 388253)
Failed to process relocation: 6570:16d4 (Invalid index: 388244)
Failed to process relocation: 6570:16cf (Invalid index: 388239)
Failed to process relocation: 6570:16c6 (Invalid index: 388230)
Failed to process relocation: 6570:16bd (Invalid index: 388221)
Failed to process relocation: 6570:16b4 (Invalid index: 388212)
Failed to process relocation: 6570:16ab (Invalid index: 388203)
Failed to process relocation: 6570:16a6 (Invalid index: 388198)
Failed to process relocation: 6570:16a1 (Invalid index: 388193)
Failed to process relocation: 6570:169c (Invalid index: 388188)
Failed to process relocation: 6570:1693 (Invalid index: 388179)
Failed to process relocation: 6570:1689 (Invalid index: 388169)
Failed to process relocation: 6570:1684 (Invalid index: 388164)
Failed to process relocation: 6570:167a (Invalid index: 388154)
Failed to process relocation: 6570:1671 (Invalid index: 388145)
Failed to process relocation: 6570:1668 (Invalid index: 388136)
Failed to process relocation: 6570:165f (Invalid index: 388127)
Failed to process relocation: 6570:1655 (Invalid index: 388117)
Failed to process relocation: 6570:1650 (Invalid index: 388112)
Failed to process relocation: 6570:1646 (Invalid index: 388102)
Failed to process relocation: 6570:163d (Invalid index: 388093)
Failed to process relocation: 6570:1634 (Invalid index: 388084)
Failed to process relocation: 6570:158e (Invalid index: 387918)
Failed to process relocation: 6570:1589 (Invalid index: 387913)
Failed to process relocation: 6570:1c9c (Invalid index: 389724)
Failed to process relocation: 6570:1c97 (Invalid index: 389719)
Failed to process relocation: 6570:1c84 (Invalid index: 389700)
Failed to process relocation: 6570:1c79 (Invalid index: 389689)
Failed to process relocation: 6570:1c74 (Invalid index: 389684)
Failed to process relocation: 6570:1c61 (Invalid index: 389665)
Failed to process relocation: 6570:1c56 (Invalid index: 389654)
Failed to process relocation: 6570:1c51 (Invalid index: 389649)
Failed to process relocation: 6570:1c3e (Invalid index: 389630)
Failed to process relocation: 6570:1c10 (Invalid index: 389584)
Failed to process relocation: 6570:1c02 (Invalid index: 389570)
Failed to process relocation: 6570:1bf1 (Invalid index: 389553)
Failed to process relocation: 6570:1bdc (Invalid index: 389532)
Failed to process relocation: 6570:1bc1 (Invalid index: 389505)
Failed to process relocation: 6570:1bbc (Invalid index: 389500)
Failed to process relocation: 6570:1bb3 (Invalid index: 389491)
Failed to process relocation: 6570:1bae (Invalid index: 389486)
Failed to process relocation: 6570:1ba6 (Invalid index: 389478)
Failed to process relocation: 6570:1b9e (Invalid index: 389470)
Failed to process relocation: 6570:1b96 (Invalid index: 389462)
Failed to process relocation: 6570:1b91 (Invalid index: 389457)
Failed to process relocation: 6570:1b88 (Invalid index: 389448)
Failed to process relocation: 6570:1b75 (Invalid index: 389429)
Failed to process relocation: 6570:1b6c (Invalid index: 389420)
Failed to process relocation: 6570:1b63 (Invalid index: 389411)
Failed to process relocation: 6570:1b5a (Invalid index: 389402)
Failed to process relocation: 6570:1b55 (Invalid index: 389397)
Failed to process relocation: 6570:1b4c (Invalid index: 389388)
Failed to process relocation: 6570:1b43 (Invalid index: 389379)
Failed to process relocation: 6570:1b3e (Invalid index: 389374)
Failed to process relocation: 6570:1b36 (Invalid index: 389366)
Failed to process relocation: 6570:1b2e (Invalid index: 389358)
Failed to process relocation: 6570:1b26 (Invalid index: 389350)
Failed to process relocation: 6570:1b21 (Invalid index: 389345)
Failed to process relocation: 6570:1b18 (Invalid index: 389336)
Failed to process relocation: 6570:1b0f (Invalid index: 389327)
Failed to process relocation: 6570:1b06 (Invalid index: 389318)
Failed to process relocation: 6570:1af6 (Invalid index: 389302)
Failed to process relocation: 6570:1aed (Invalid index: 389293)
Failed to process relocation: 6570:1ae4 (Invalid index: 389284)
Failed to process relocation: 6570:1ac3 (Invalid index: 389251)
Failed to process relocation: 6570:1a52 (Invalid index: 389138)
Failed to process relocation: 6570:1a4d (Invalid index: 389133)
Failed to process relocation: 6570:1a43 (Invalid index: 389123)
Failed to process relocation: 6570:1a3e (Invalid index: 389118)
Failed to process relocation: 6570:1a31 (Invalid index: 389105)
Failed to process relocation: 6570:1a2c (Invalid index: 389100)
Failed to process relocation: 6570:1a22 (Invalid index: 389090)
Failed to process relocation: 6570:1a1d (Invalid index: 389085)
Failed to process relocation: 6570:1a01 (Invalid index: 389057)
Failed to process relocation: 6570:19fc (Invalid index: 389052)
Failed to process relocation: 6570:19f3 (Invalid index: 389043)
Failed to process relocation: 6570:19e5 (Invalid index: 389029)
Failed to process relocation: 6570:19e0 (Invalid index: 389024)
Failed to process relocation: 6570:19db (Invalid index: 389019)
Failed to process relocation: 6570:19d2 (Invalid index: 389010)
Failed to process relocation: 6570:19c9 (Invalid index: 389001)
Failed to process relocation: 6570:19c4 (Invalid index: 388996)
Failed to process relocation: 6570:19bb (Invalid index: 388987)
Failed to process relocation: 6570:199b (Invalid index: 388955)
Failed to process relocation: 6570:1995 (Invalid index: 388949)
Failed to process relocation: 6570:1990 (Invalid index: 388944)
Failed to process relocation: 6570:1983 (Invalid index: 388931)
Failed to process relocation: 6570:197e (Invalid index: 388926)
Failed to process relocation: 6570:1974 (Invalid index: 388916)
Failed to process relocation: 6570:196f (Invalid index: 388911)
Failed to process relocation: 6570:1962 (Invalid index: 388898)
Failed to process relocation: 6570:195d (Invalid index: 388893)
Failed to process relocation: 6570:1946 (Invalid index: 388870)
Failed to process relocation: 6570:1941 (Invalid index: 388865)
Failed to process relocation: 6570:1938 (Invalid index: 388856)
Failed to process relocation: 6570:2095 (Invalid index: 390741)
Failed to process relocation: 6570:208c (Invalid index: 390732)
Failed to process relocation: 6570:2081 (Invalid index: 390721)
Failed to process relocation: 6570:207c (Invalid index: 390716)
Failed to process relocation: 6570:2073 (Invalid index: 390707)
Failed to process relocation: 6570:2069 (Invalid index: 390697)
Failed to process relocation: 6570:2064 (Invalid index: 390692)
Failed to process relocation: 6570:205a (Invalid index: 390682)
Failed to process relocation: 6570:2055 (Invalid index: 390677)
Failed to process relocation: 6570:204c (Invalid index: 390668)
Failed to process relocation: 6570:2043 (Invalid index: 390659)
Failed to process relocation: 6570:203a (Invalid index: 390650)
Failed to process relocation: 6570:2031 (Invalid index: 390641)
Failed to process relocation: 6570:2028 (Invalid index: 390632)
Failed to process relocation: 6570:2020 (Invalid index: 390624)
Failed to process relocation: 6570:2017 (Invalid index: 390615)
Failed to process relocation: 6570:2012 (Invalid index: 390610)
Failed to process relocation: 6570:2009 (Invalid index: 390601)
Failed to process relocation: 6570:2000 (Invalid index: 390592)
Failed to process relocation: 6570:1ff8 (Invalid index: 390584)
Failed to process relocation: 6570:1fef (Invalid index: 390575)
Failed to process relocation: 6570:1fea (Invalid index: 390570)
Failed to process relocation: 6570:1fe1 (Invalid index: 390561)
Failed to process relocation: 6570:1fd8 (Invalid index: 390552)
Failed to process relocation: 6570:1fcf (Invalid index: 390543)
Failed to process relocation: 6570:1fca (Invalid index: 390538)
Failed to process relocation: 6570:1fc0 (Invalid index: 390528)
Failed to process relocation: 6570:1f8e (Invalid index: 390478)
Failed to process relocation: 6570:1f85 (Invalid index: 390469)
Failed to process relocation: 6570:1f80 (Invalid index: 390464)
Failed to process relocation: 6570:1f7b (Invalid index: 390459)
Failed to process relocation: 6570:1f72 (Invalid index: 390450)
Failed to process relocation: 6570:1f69 (Invalid index: 390441)
Failed to process relocation: 6570:1f60 (Invalid index: 390432)
Failed to process relocation: 6570:1f57 (Invalid index: 390423)
Failed to process relocation: 6570:1f52 (Invalid index: 390418)
Failed to process relocation: 6570:1f4d (Invalid index: 390413)
Failed to process relocation: 6570:1f44 (Invalid index: 390404)
Failed to process relocation: 6570:1f3b (Invalid index: 390395)
Failed to process relocation: 6570:1f32 (Invalid index: 390386)
Failed to process relocation: 6570:1f29 (Invalid index: 390377)
Failed to process relocation: 6570:1f1e (Invalid index: 390366)
Failed to process relocation: 6570:1f19 (Invalid index: 390361)
Failed to process relocation: 6570:1f10 (Invalid index: 390352)
Failed to process relocation: 6570:1f06 (Invalid index: 390342)
Failed to process relocation: 6570:1f01 (Invalid index: 390337)
Failed to process relocation: 6570:1ef7 (Invalid index: 390327)
Failed to process relocation: 6570:1ef2 (Invalid index: 390322)
Failed to process relocation: 6570:1ee9 (Invalid index: 390313)
Failed to process relocation: 6570:1ee0 (Invalid index: 390304)
Failed to process relocation: 6570:1ed7 (Invalid index: 390295)
Failed to process relocation: 6570:1ece (Invalid index: 390286)
Failed to process relocation: 6570:1ec5 (Invalid index: 390277)
Failed to process relocation: 6570:1ebd (Invalid index: 390269)
Failed to process relocation: 6570:1eb4 (Invalid index: 390260)
Failed to process relocation: 6570:1eaf (Invalid index: 390255)
Failed to process relocation: 6570:1ea6 (Invalid index: 390246)
Failed to process relocation: 6570:1e9d (Invalid index: 390237)
Failed to process relocation: 6570:1e95 (Invalid index: 390229)
Failed to process relocation: 6570:1e8c (Invalid index: 390220)
Failed to process relocation: 6570:1e87 (Invalid index: 390215)
Failed to process relocation: 6570:1e7e (Invalid index: 390206)
Failed to process relocation: 6570:1e75 (Invalid index: 390197)
Failed to process relocation: 6570:1e6c (Invalid index: 390188)
Failed to process relocation: 6570:1e67 (Invalid index: 390183)
Failed to process relocation: 6570:1e5d (Invalid index: 390173)
Failed to process relocation: 6570:1e20 (Invalid index: 390112)
Failed to process relocation: 6570:1dd6 (Invalid index: 390038)
Failed to process relocation: 6570:1dc6 (Invalid index: 390022)
Failed to process relocation: 6570:1d9d (Invalid index: 389981)
Failed to process relocation: 6570:1d89 (Invalid index: 389961)
Failed to process relocation: 6570:1d80 (Invalid index: 389952)
Failed to process relocation: 6570:1d77 (Invalid index: 389943)
Failed to process relocation: 6570:1d6f (Invalid index: 389935)
Failed to process relocation: 6570:1d66 (Invalid index: 389926)
Failed to process relocation: 6570:1d61 (Invalid index: 389921)
Failed to process relocation: 6570:1d58 (Invalid index: 389912)
 (ProgramLoader)  
INFO  IMPORTING: Loaded 0 additional files (HeadlessAnalyzer)  
INFO  REPORT: Execute script: MarkOverlayThunks 'pre' '3ab8'  (HeadlessAnalyzer)  
INFO  SCRIPT: C:\prog\jwcad\ghidra_scripts\MarkOverlayThunks.java (HeadlessAnalyzer)  
INFO  MarkOverlayThunks.java> cd 3f sites: 108 (GhidraScript)  
INFO  MarkOverlayThunks.java> overlay trap operands marked as data: 108 of 108 (GhidraScript)  
INFO  ANALYZING all memory and code: file:///C:/prog/jwcad/ovl/jw21.exe (HeadlessAnalyzer)  
ERROR Failed to create function at 1885:07c4 since its body contains referring thunk at 1885:0344 (CreateFunctionCmd)  
ERROR Failed to create function at 28b3:0f86 since its body contains referring thunk at 28b3:0ee9 (CreateFunctionCmd)  
WARN  Decompiling 12c1:097e, pcode error at 1000:5097: Unable to resolve constructor at 1000:5097 (DecompileCallback)  
WARN  Decompiling 32b2:0d40, pcode error at 3000:5054: Unable to resolve constructor at 3000:5054 (DecompileCallback)  
WARN  Decompiling 1000:0a81, pcode error at 1000:0a6f: Unable to resolve constructor at 1000:0a6f (DecompileCallback)  
WARN  Decompiling 1000:0a81, pcode error at 1000:0a4b: Unable to resolve constructor at 1000:0a4b (DecompileCallback)  
WARN  Decompiling 1000:0a81, pcode error at 1000:0818: Unable to resolve constructor at 1000:0818 (DecompileCallback)  
WARN  Decompiling 3ab8:0000, pcode error at 4000:39c2: Failed to resolve varnode <Sreg>, index=6 (DecompileCallback)  
WARN  Decompiling 3ab8:0000, pcode error at 4000:3a30: Failed to resolve varnode <Sreg>, index=6 (DecompileCallback)  
WARN  Decompiling 32b2:1528: Unable to read bytes at ram:0000:7be2 (DecompileCallback)  
WARN  Decompiling 32b2:0d40, pcode error at 4000:39c2: Failed to resolve varnode <Sreg>, index=6 (DecompileCallback)  
WARN  Decompiling 32b2:0d40, pcode error at 4000:3a30: Failed to resolve varnode <Sreg>, index=6 (DecompileCallback)  
WARN  Decompiling 3ab8:0000, pcode error at 3000:9aa2: Unable to resolve constructor at 3000:9aa2 (DecompileCallback)  
WARN  Decompiling 21f2:246e, pcode error at 2000:3158: Unable to resolve constructor at 2000:3158 (DecompileCallback)  
WARN  Decompiling 21f2:246e, pcode error at 2000:7191: Unable to resolve constructor at 2000:7191 (DecompileCallback)  
WARN  Decompiling 3ab8:0000, pcode error at 4000:39c2: Failed to resolve varnode <Sreg>, index=6 (DecompileCallback)  
WARN  Decompiling 3ab8:0000, pcode error at 4000:3a30: Failed to resolve varnode <Sreg>, index=6 (DecompileCallback)  
WARN  Decompiling 3ab8:0000, pcode error at 3000:9aa2: Unable to resolve constructor at 3000:9aa2 (DecompileCallback)  
INFO  Packed database cache: C:\Users\yomei\AppData\Local\ghidra\packed-db-cache (PackedDatabaseCache)  
INFO  Applied data type archive: generic_clib (ApplyDataArchiveAnalyzer)  
INFO  -----------------------------------------------------
    ASCII Strings                              0.369 secs
    Apply Data Archives                        0.500 secs
    Call Convention ID                         0.003 secs
    Call-Fixup Installer                       0.016 secs
    Create Function                            0.556 secs
    Data Reference                             0.039 secs
    Decompiler Switch Analysis               107.961 secs
    Demangler GNU                              0.050 secs
    Disassemble                                2.188 secs
    Disassemble Entry Points                   0.155 secs
    Embedded Media                             0.015 secs
    External Entry References                  0.001 secs
    Function ID                                0.131 secs
    Function Start Search                      0.019 secs
    Non-Returning Functions - Discovered       0.583 secs
    Reference                                  0.046 secs
    Segmented X86 Calling Conventions          0.003 secs
    Shared Return Calls                        0.174 secs
    Stack                                      2.516 secs
    Subroutine References                      0.125 secs
    Subroutine References - One Time           0.000 secs
    X86 Function Callee Purge                  0.161 secs
    x86 Constant Reference Analyzer            2.090 secs
-----------------------------------------------------
     Total Time   117 secs
-----------------------------------------------------
 (AutoAnalysisManager)  
INFO  REPORT: Analysis succeeded for file: file:///C:/prog/jwcad/ovl/jw21.exe (HeadlessAnalyzer)  
INFO  REPORT: Execute script: MarkOverlayThunks 'post' '3ab8' 'C:\prog\jwcad\entries\21.txt' '21'  (HeadlessAnalyzer)  
INFO  SCRIPT: C:\prog\jwcad\ghidra_scripts\MarkOverlayThunks.java (HeadlessAnalyzer)  
INFO  MarkOverlayThunks.java> cd 3f sites: 108 (GhidraScript)  
INFO  MarkOverlayThunks.java> overlay traps given a fall-through: 107, references added: 0 (GhidraScript)  
INFO  MarkOverlayThunks.java> overlay entry points seeded: 1 (GhidraScript)  
INFO  REPORT: Execute script: DecompileAll 'C:\prog\jwcad\out\ovl21' '3ab8' '4375'  (HeadlessAnalyzer)  
INFO  SCRIPT: C:\prog\jwcad\ghidra_scripts\DecompileAll.java (HeadlessAnalyzer)  
WARN  Decompiling 3ab8:0000, pcode error at 4000:39c2: Failed to resolve varnode <Sreg>, index=6 (DecompileCallback)  
WARN  Decompiling 3ab8:0000, pcode error at 4000:3a30: Failed to resolve varnode <Sreg>, index=6 (DecompileCallback)  
WARN  Decompiling 3ab8:0000, pcode error at 3000:9aa2: Unable to resolve constructor at 3000:9aa2 (DecompileCallback)  
WARN  Decompiling 3ab8:4c91, pcode error at 4000:39c2: Failed to resolve varnode <Sreg>, index=6 (DecompileCallback)  
WARN  Decompiling 3ab8:4c91, pcode error at 4000:3a30: Failed to resolve varnode <Sreg>, index=6 (DecompileCallback)  
WARN  Decompiling 3ab8:4fbd, pcode error at 4000:39c2: Failed to resolve varnode <Sreg>, index=6 (DecompileCallback)  
WARN  Decompiling 3ab8:4fbd, pcode error at 4000:3a30: Failed to resolve varnode <Sreg>, index=6 (DecompileCallback)  
WARN  Decompiling 3ab8:5089, pcode error at 4000:39c2: Failed to resolve varnode <Sreg>, index=6 (DecompileCallback)  
WARN  Decompiling 3ab8:5089, pcode error at 4000:3a30: Failed to resolve varnode <Sreg>, index=6 (DecompileCallback)  
WARN  Decompiling 3ab8:517f, pcode error at 4000:39c2: Failed to resolve varnode <Sreg>, index=6 (DecompileCallback)  
WARN  Decompiling 3ab8:517f, pcode error at 4000:3a30: Failed to resolve varnode <Sreg>, index=6 (DecompileCallback)  
WARN  Decompiling 3ab8:522f, pcode error at 4000:39c2: Failed to resolve varnode <Sreg>, index=6 (DecompileCallback)  
WARN  Decompiling 3ab8:522f, pcode error at 4000:3a30: Failed to resolve varnode <Sreg>, index=6 (DecompileCallback)  
INFO  DecompileAll.java> decompiled 17 functions, 0 failed (GhidraScript)  
INFO  ANALYZING changes made by post scripts: file:///C:/prog/jwcad/ovl/jw21.exe (HeadlessAnalyzer)  
INFO  REPORT: Post-analysis succeeded for file: file:///C:/prog/jwcad/ovl/jw21.exe (HeadlessAnalyzer)  
INFO  /jw21.exe: file created (yomei) (LocalFileSystem)  
INFO  REPORT: Save succeeded for: /jw21.exe (ovl21:/jw21.exe) (HeadlessAnalyzer)  
INFO  REPORT: Import succeeded (HeadlessAnalyzer)  
