INFO  Using log config file: jar:file:/C:/prog/ghidra/ghidra_12.1.3_PUBLIC/Ghidra/Framework/Generic/lib/Generic.jar!/generic.log4j.xml (LoggingInitialization)  
INFO  Using log file: C:\Users\yomei\AppData\Roaming\ghidra\ghidra_12.1.3_PUBLIC\application.log (LoggingInitialization)  
INFO  Loading user preferences: C:\Users\yomei\AppData\Roaming\ghidra\ghidra_12.1.3_PUBLIC\preferences (Preferences)  
INFO  Searching for classes... (ClassSearcher)  
INFO  Class search complete (1048 ms) (ClassSearcher)  
INFO  Initializing SSL Context (DefaultSSLContextInitializer)  
INFO  Initializing Random Number Generator... (SecureRandomFactory)  
INFO  Random Number Generator initialization complete: SHA1PRNG (SecureRandomFactory)  
INFO  Trust manager disabled, cacerts have not been set (DefaultTrustManagerFactory)  
INFO  Headless startup complete (10821 ms) (AnalyzeHeadless)  
INFO  Class searcher loaded 59 extension points (20 false positives) (ClassSearcher)  
INFO  HEADLESS Script Paths:
    C:\prog\ghidra\ghidra_12.1.3_PUBLIC\Ghidra\Debug\Debugger-rmi-trace\ghidra_scripts
    C:\prog\ghidra\ghidra_12.1.3_PUBLIC\Ghidra\Features\FileFormats\ghidra_scripts
    C:\prog\ghidra\ghidra_12.1.3_PUBLIC\Ghidra\Features\GnuDemangler\ghidra_scripts
    C:\prog\ghidra\ghidra_12.1.3_PUBLIC\Ghidra\Features\VersionTracking\ghidra_scripts
    C:\prog\ghidra\ghidra_12.1.3_PUBLIC\Ghidra\Debug\Debugger\ghidra_scripts
    C:\prog\ghidra\ghidra_12.1.3_PUBLIC\Ghidra\Processors\8051\ghidra_scripts
    C:\prog\ghidra\ghidra_12.1.3_PUBLIC\Ghidra\Features\BSim\ghidra_scripts
    C:\prog\ghidra\ghidra_12.1.3_PUBLIC\Ghidra\Features\WildcardAssembler\ghidra_scripts
    C:\prog\ghidra\ghidra_12.1.3_PUBLIC\Ghidra\Features\FunctionID\ghidra_scripts
    C:\prog\ghidra\ghidra_12.1.3_PUBLIC\Ghidra\Features\SystemEmulation\ghidra_scripts
    C:\prog\ghidra\ghidra_12.1.3_PUBLIC\Ghidra\Processors\PIC\ghidra_scripts
    C:\prog\ghidra\ghidra_12.1.3_PUBLIC\Ghidra\Features\PDB\ghidra_scripts
    C:\prog\ghidra\ghidra_12.1.3_PUBLIC\Ghidra\Features\DecompilerDependent\ghidra_scripts
    C:\prog\ghidra\ghidra_12.1.3_PUBLIC\Ghidra\Features\SwiftDemangler\ghidra_scripts
    C:\prog\ghidra\ghidra_12.1.3_PUBLIC\Ghidra\Features\MicrosoftCodeAnalyzer\ghidra_scripts
    C:\prog\ghidra\ghidra_12.1.3_PUBLIC\Ghidra\Processors\DATA\ghidra_scripts
    C:\prog\ghidra\ghidra_12.1.3_PUBLIC\Ghidra\Features\Decompiler\ghidra_scripts
    C:\prog\ghidra\ghidra_12.1.3_PUBLIC\Ghidra\Features\BytePatterns\ghidra_scripts
    C:\prog\ghidra\ghidra_12.1.3_PUBLIC\Ghidra\Features\PyGhidra\ghidra_scripts
    C:\prog\ghidra\ghidra_12.1.3_PUBLIC\Ghidra\Processors\Atmel\ghidra_scripts
    C:\prog\ghidra\ghidra_12.1.3_PUBLIC\Ghidra\Features\Base\ghidra_scripts
    C:\prog\jwcad\ghidra_scripts
    C:\prog\ghidra\ghidra_12.1.3_PUBLIC\Ghidra\Processors\JVM\ghidra_scripts (HeadlessAnalyzer)  
INFO  HEADLESS: execution starts (HeadlessAnalyzer)  
INFO  Creating temporary project: C:\prog\jwcad\proj\ovl02 (HeadlessAnalyzer)  
INFO  Creating project: C:\prog\jwcad\proj\ovl02 (DefaultProject)  
INFO  REPORT: Processing input files:  (HeadlessAnalyzer)  
INFO       project: C:\prog\jwcad\proj\ovl02 (HeadlessAnalyzer)  
INFO  IMPORTING: file:///C:/prog/jwcad/ovl/jw02.exe (HeadlessAnalyzer)  
INFO  Using Loader: Old-style DOS Executable (MZ) (ProgramLoader)  
INFO  Using Language/Compiler: x86:LE:16:Real Mode:default (ProgramLoader)  
INFO  Using Library Search Path: [., C:\Windows\SysWOW64, C:\prog\ghidra\jdk21\bin, C:\Windows\Sun\Java\bin, C:\Windows\system32, C:\Windows, C:\Program Files\Python312\Scripts\, C:\Program Files\Python312\, C:\Windows\System32\Wbem, C:\Windows\System32\WindowsPowerShell\v1.0\, C:\Windows\System32\OpenSSH\, C:\Program Files\Amazon\AWSCLIV2\, C:\ProgramData\chocolatey\bin, C:\ffmpeg, C:\Users\yomei\AppData\Local\Microsoft\WindowsApps] (ProgramLoader)  
INFO  Additional info:
There were too many messages to display.
1064 messages have been truncated.

Loading file:///C:/prog/jwcad/ovl/jw02.exe?MD5=2298bef7003946fdb8576e950d7aba1d...
Failed to process relocation: 6570:0085 (Invalid index: 384437)
Failed to process relocation: 6570:007a (Invalid index: 384426)
Failed to process relocation: 6570:006c (Invalid index: 384412)
Failed to process relocation: 6570:005d (Invalid index: 384397)
Failed to process relocation: 6570:004a (Invalid index: 384378)
Failed to process relocation: 6570:0040 (Invalid index: 384368)
Failed to process relocation: 6570:0035 (Invalid index: 384357)
Failed to process relocation: 6570:0027 (Invalid index: 384343)
Failed to process relocation: 6570:0008 (Invalid index: 384312)
Failed to process relocation: 6570:0437 (Invalid index: 385383)
Failed to process relocation: 6570:0417 (Invalid index: 385351)
Failed to process relocation: 6570:03cb (Invalid index: 385275)
Failed to process relocation: 6570:03a7 (Invalid index: 385239)
Failed to process relocation: 6570:0387 (Invalid index: 385207)
Failed to process relocation: 6570:033b (Invalid index: 385131)
Failed to process relocation: 6570:0305 (Invalid index: 385077)
Failed to process relocation: 6570:02ff (Invalid index: 385071)
Failed to process relocation: 6570:02b4 (Invalid index: 384996)
Failed to process relocation: 6570:028e (Invalid index: 384958)
Failed to process relocation: 6570:023f (Invalid index: 384879)
Failed to process relocation: 6570:0217 (Invalid index: 384839)
Failed to process relocation: 6570:01f4 (Invalid index: 384804)
Failed to process relocation: 6570:01de (Invalid index: 384782)
Failed to process relocation: 6570:01be (Invalid index: 384750)
Failed to process relocation: 6570:019f (Invalid index: 384719)
Failed to process relocation: 6570:0189 (Invalid index: 384697)
Failed to process relocation: 6570:0167 (Invalid index: 384663)
Failed to process relocation: 6570:013e (Invalid index: 384622)
Failed to process relocation: 6570:0136 (Invalid index: 384614)
Failed to process relocation: 6570:012e (Invalid index: 384606)
Failed to process relocation: 6570:0126 (Invalid index: 384598)
Failed to process relocation: 6570:0100 (Invalid index: 384560)
Failed to process relocation: 6570:00f8 (Invalid index: 384552)
Failed to process relocation: 6570:00f0 (Invalid index: 384544)
Failed to process relocation: 6570:00e7 (Invalid index: 384535)
Failed to process relocation: 6570:00b4 (Invalid index: 384484)
Failed to process relocation: 6570:00a4 (Invalid index: 384468)
Failed to process relocation: 6570:0094 (Invalid index: 384452)
Failed to process relocation: 6570:07e2 (Invalid index: 386322)
Failed to process relocation: 6570:07d1 (Invalid index: 386305)
Failed to process relocation: 6570:07c1 (Invalid index: 386289)
Failed to process relocation: 6570:072c (Invalid index: 386140)
Failed to process relocation: 6570:0722 (Invalid index: 386130)
Failed to process relocation: 6570:071d (Invalid index: 386125)
Failed to process relocation: 6570:0714 (Invalid index: 386116)
Failed to process relocation: 6570:070a (Invalid index: 386106)
Failed to process relocation: 6570:0705 (Invalid index: 386101)
Failed to process relocation: 6570:06e2 (Invalid index: 386066)
Failed to process relocation: 6570:06ba (Invalid index: 386026)
Failed to process relocation: 6570:0697 (Invalid index: 385991)
Failed to process relocation: 6570:0681 (Invalid index: 385969)
Failed to process relocation: 6570:0663 (Invalid index: 385939)
Failed to process relocation: 6570:063a (Invalid index: 385898)
Failed to process relocation: 6570:0635 (Invalid index: 385893)
Failed to process relocation: 6570:062b (Invalid index: 385883)
Failed to process relocation: 6570:0626 (Invalid index: 385878)
Failed to process relocation: 6570:061d (Invalid index: 385869)
Failed to process relocation: 6570:0613 (Invalid index: 385859)
Failed to process relocation: 6570:060e (Invalid index: 385854)
Failed to process relocation: 6570:05fd (Invalid index: 385837)
Failed to process relocation: 6570:05f4 (Invalid index: 385828)
Failed to process relocation: 6570:05de (Invalid index: 385806)
Failed to process relocation: 6570:05be (Invalid index: 385774)
Failed to process relocation: 6570:05a0 (Invalid index: 385744)
Failed to process relocation: 6570:0580 (Invalid index: 385712)
Failed to process relocation: 6570:055a (Invalid index: 385674)
Failed to process relocation: 6570:053a (Invalid index: 385642)
Failed to process relocation: 6570:051b (Invalid index: 385611)
Failed to process relocation: 6570:04fb (Invalid index: 385579)
Failed to process relocation: 6570:04d4 (Invalid index: 385540)
Failed to process relocation: 6570:04b6 (Invalid index: 385510)
Failed to process relocation: 6570:0489 (Invalid index: 385465)
Failed to process relocation: 6570:046a (Invalid index: 385434)
Failed to process relocation: 6570:0b9f (Invalid index: 387279)
Failed to process relocation: 6570:0b79 (Invalid index: 387241)
Failed to process relocation: 6570:0b5a (Invalid index: 387210)
Failed to process relocation: 6570:0b44 (Invalid index: 387188)
Failed to process relocation: 6570:0b27 (Invalid index: 387159)
Failed to process relocation: 6570:0afb (Invalid index: 387115)
Failed to process relocation: 6570:0af6 (Invalid index: 387110)
Failed to process relocation: 6570:0aec (Invalid index: 387100)
Failed to process relocation: 6570:0ae7 (Invalid index: 387095)
Failed to process relocation: 6570:0ade (Invalid index: 387086)
Failed to process relocation: 6570:0ad4 (Invalid index: 387076)
Failed to process relocation: 6570:0acf (Invalid index: 387071)
Failed to process relocation: 6570:0aae (Invalid index: 387038)
Failed to process relocation: 6570:0aa6 (Invalid index: 387030)
Failed to process relocation: 6570:0a86 (Invalid index: 386998)
Failed to process relocation: 6570:0a3a (Invalid index: 386922)
Failed to process relocation: 6570:0a16 (Invalid index: 386886)
Failed to process relocation: 6570:09f6 (Invalid index: 386854)
Failed to process relocation: 6570:09aa (Invalid index: 386778)
Failed to process relocation: 6570:097e (Invalid index: 386734)
Failed to process relocation: 6570:0978 (Invalid index: 386728)
Failed to process relocation: 6570:093e (Invalid index: 386670)
Failed to process relocation: 6570:0927 (Invalid index: 386647)
Failed to process relocation: 6570:0904 (Invalid index: 386612)
Failed to process relocation: 6570:08ff (Invalid index: 386607)
Failed to process relocation: 6570:08f5 (Invalid index: 386597)
Failed to process relocation: 6570:08f0 (Invalid index: 386592)
Failed to process relocation: 6570:08e7 (Invalid index: 386583)
Failed to process relocation: 6570:08dd (Invalid index: 386573)
Failed to process relocation: 6570:08d8 (Invalid index: 386568)
Failed to process relocation: 6570:08a8 (Invalid index: 386520)
Failed to process relocation: 6570:0883 (Invalid index: 386483)
Failed to process relocation: 6570:0871 (Invalid index: 386465)
Failed to process relocation: 6570:0859 (Invalid index: 386441)
Failed to process relocation: 6570:0848 (Invalid index: 386424)
Failed to process relocation: 6570:0838 (Invalid index: 386408)
Failed to process relocation: 6570:081f (Invalid index: 386383)
Failed to process relocation: 6570:080c (Invalid index: 386364)
Failed to process relocation: 6570:07fa (Invalid index: 386346)
Failed to process relocation: 6570:0f11 (Invalid index: 388161)
Failed to process relocation: 6570:0f0c (Invalid index: 388156)
Failed to process relocation: 6570:0f03 (Invalid index: 388147)
Failed to process relocation: 6570:0ef8 (Invalid index: 388136)
Failed to process relocation: 6570:0ee9 (Invalid index: 388121)
Failed to process relocation: 6570:0ed4 (Invalid index: 388100)
Failed to process relocation: 6570:0e99 (Invalid index: 388041)
Failed to process relocation: 6570:0e90 (Invalid index: 388032)
Failed to process relocation: 6570:0e86 (Invalid index: 388022)
Failed to process relocation: 6570:0e81 (Invalid index: 388017)
Failed to process relocation: 6570:0e78 (Invalid index: 388008)
Failed to process relocation: 6570:0e6e (Invalid index: 387998)
Failed to process relocation: 6570:0e69 (Invalid index: 387993)
Failed to process relocation: 6570:0e4e (Invalid index: 387966)
Failed to process relocation: 6570:0e45 (Invalid index: 387957)
Failed to process relocation: 6570:0e3b (Invalid index: 387947)
Failed to process relocation: 6570:0e36 (Invalid index: 387942)
Failed to process relocation: 6570:0e2d (Invalid index: 387933)
Failed to process relocation: 6570:0e23 (Invalid index: 387923)
Failed to process relocation: 6570:0e1e (Invalid index: 387918)
Failed to process relocation: 6570:0df7 (Invalid index: 387879)
Failed to process relocation: 6570:0de7 (Invalid index: 387863)
Failed to process relocation: 6570:0dd5 (Invalid index: 387845)
Failed to process relocation: 6570:0dd0 (Invalid index: 387840)
Failed to process relocation: 6570:0dc6 (Invalid index: 387830)
Failed to process relocation: 6570:0dc1 (Invalid index: 387825)
Failed to process relocation: 6570:0db8 (Invalid index: 387816)
Failed to process relocation: 6570:0dae (Invalid index: 387806)
Failed to process relocation: 6570:0da9 (Invalid index: 387801)
Failed to process relocation: 6570:0da0 (Invalid index: 387792)
Failed to process relocation: 6570:0d96 (Invalid index: 387782)
Failed to process relocation: 6570:0d91 (Invalid index: 387777)
Failed to process relocation: 6570:0d88 (Invalid index: 387768)
Failed to process relocation: 6570:0d7e (Invalid index: 387758)
Failed to process relocation: 6570:0d79 (Invalid index: 387753)
Failed to process relocation: 6570:0d6d (Invalid index: 387741)
Failed to process relocation: 6570:0d2a (Invalid index: 387674)
Failed to process relocation: 6570:0d24 (Invalid index: 387668)
Failed to process relocation: 6570:0ce2 (Invalid index: 387602)
Failed to process relocation: 6570:0cd7 (Invalid index: 387591)
Failed to process relocation: 6570:0cc3 (Invalid index: 387571)
Failed to process relocation: 6570:0bec (Invalid index: 387356)
Failed to process relocation: 6570:0be2 (Invalid index: 387346)
Failed to process relocation: 6570:0bdd (Invalid index: 387341)
Failed to process relocation: 6570:0bd4 (Invalid index: 387332)
Failed to process relocation: 6570:0bca (Invalid index: 387322)
Failed to process relocation: 6570:0bc5 (Invalid index: 387317)
Failed to process relocation: 6570:1303 (Invalid index: 389171)
Failed to process relocation: 6570:12fb (Invalid index: 389163)
Failed to process relocation: 6570:12f2 (Invalid index: 389154)
Failed to process relocation: 6570:12d7 (Invalid index: 389127)
Failed to process relocation: 6570:12ce (Invalid index: 389118)
Failed to process relocation: 6570:12c4 (Invalid index: 389108)
Failed to process relocation: 6570:12bf (Invalid index: 389103)
Failed to process relocation: 6570:12b6 (Invalid index: 389094)
Failed to process relocation: 6570:12ac (Invalid index: 389084)
Failed to process relocation: 6570:12a7 (Invalid index: 389079)
Failed to process relocation: 6570:128c (Invalid index: 389052)
Failed to process relocation: 6570:1283 (Invalid index: 389043)
Failed to process relocation: 6570:1279 (Invalid index: 389033)
Failed to process relocation: 6570:1274 (Invalid index: 389028)
Failed to process relocation: 6570:126b (Invalid index: 389019)
Failed to process relocation: 6570:1261 (Invalid index: 389009)
Failed to process relocation: 6570:125c (Invalid index: 389004)
Failed to process relocation: 6570:1241 (Invalid index: 388977)
Failed to process relocation: 6570:1238 (Invalid index: 388968)
Failed to process relocation: 6570:122e (Invalid index: 388958)
Failed to process relocation: 6570:1229 (Invalid index: 388953)
Failed to process relocation: 6570:1220 (Invalid index: 388944)
Failed to process relocation: 6570:1216 (Invalid index: 388934)
Failed to process relocation: 6570:1211 (Invalid index: 388929)
Failed to process relocation: 6570:11f6 (Invalid index: 388902)
Failed to process relocation: 6570:11ed (Invalid index: 388893)
Failed to process relocation: 6570:11e3 (Invalid index: 388883)
Failed to process relocation: 6570:11de (Invalid index: 388878)
Failed to process relocation: 6570:11d5 (Invalid index: 388869)
Failed to process relocation: 6570:11cb (Invalid index: 388859)
Failed to process relocation: 6570:11c6 (Invalid index: 388854)
Failed to process relocation: 6570:11bb (Invalid index: 388843)
Failed to process relocation: 6570:11ac (Invalid index: 388828)
Failed to process relocation: 6570:1197 (Invalid index: 388807)
Failed to process relocation: 6570:116a (Invalid index: 388762)
Failed to process relocation: 6570:115f (Invalid index: 388751)
Failed to process relocation: 6570:114b (Invalid index: 388731)
Failed to process relocation: 6570:1133 (Invalid index: 388707)
Failed to process relocation: 6570:112e (Invalid index: 388702)
Failed to process relocation: 6570:1129 (Invalid index: 388697)
Failed to process relocation: 6570:1124 (Invalid index: 388692)
Failed to process relocation: 6570:111b (Invalid index: 388683)
Failed to process relocation: 6570:1110 (Invalid index: 388672)
Failed to process relocation: 6570:110b (Invalid index: 388667)
Failed to process relocation: 6570:1106 (Invalid index: 388662)
Failed to process relocation: 6570:1101 (Invalid index: 388657)
Failed to process relocation: 6570:10f8 (Invalid index: 388648)
Failed to process relocation: 6570:10dd (Invalid index: 388621)
Failed to process relocation: 6570:10d4 (Invalid index: 388612)
Failed to process relocation: 6570:10ca (Invalid index: 388602)
Failed to process relocation: 6570:10c5 (Invalid index: 388597)
Failed to process relocation: 6570:10bc (Invalid index: 388588)
Failed to process relocation: 6570:10b2 (Invalid index: 388578)
Failed to process relocation: 6570:10ad (Invalid index: 388573)
Failed to process relocation: 6570:1092 (Invalid index: 388546)
Failed to process relocation: 6570:1089 (Invalid index: 388537)
Failed to process relocation: 6570:107f (Invalid index: 388527)
Failed to process relocation: 6570:107a (Invalid index: 388522)
Failed to process relocation: 6570:1071 (Invalid index: 388513)
Failed to process relocation: 6570:1067 (Invalid index: 388503)
Failed to process relocation: 6570:1062 (Invalid index: 388498)
Failed to process relocation: 6570:104d (Invalid index: 388477)
Failed to process relocation: 6570:1030 (Invalid index: 388448)
Failed to process relocation: 6570:1024 (Invalid index: 388436)
Failed to process relocation: 6570:0ff2 (Invalid index: 388386)
Failed to process relocation: 6570:0fed (Invalid index: 388381)
Failed to process relocation: 6570:0fe4 (Invalid index: 388372)
Failed to process relocation: 6570:0fbd (Invalid index: 388333)
Failed to process relocation: 6570:0fb8 (Invalid index: 388328)
Failed to process relocation: 6570:0faf (Invalid index: 388319)
Failed to process relocation: 6570:1698 (Invalid index: 390088)
Failed to process relocation: 6570:168e (Invalid index: 390078)
Failed to process relocation: 6570:1689 (Invalid index: 390073)
Failed to process relocation: 6570:1680 (Invalid index: 390064)
Failed to process relocation: 6570:1676 (Invalid index: 390054)
Failed to process relocation: 6570:1671 (Invalid index: 390049)
Failed to process relocation: 6570:1669 (Invalid index: 390041)
Failed to process relocation: 6570:165f (Invalid index: 390031)
Failed to process relocation: 6570:165a (Invalid index: 390026)
Failed to process relocation: 6570:1651 (Invalid index: 390017)
Failed to process relocation: 6570:1647 (Invalid index: 390007)
Failed to process relocation: 6570:1642 (Invalid index: 390002)
Failed to process relocation: 6570:1637 (Invalid index: 389991)
Failed to process relocation: 6570:1628 (Invalid index: 389976)
Failed to process relocation: 6570:1613 (Invalid index: 389955)
Failed to process relocation: 6570:15e9 (Invalid index: 389913)
Failed to process relocation: 6570:15e4 (Invalid index: 389908)
Failed to process relocation: 6570:15db (Invalid index: 389899)
Failed to process relocation: 6570:15d0 (Invalid index: 389888)
Failed to process relocation: 6570:15cb (Invalid index: 389883)
Failed to process relocation: 6570:15c2 (Invalid index: 389874)
Failed to process relocation: 6570:15b7 (Invalid index: 389863)
Failed to process relocation: 6570:15b2 (Invalid index: 389858)
Failed to process relocation: 6570:15a9 (Invalid index: 389849)
Failed to process relocation: 6570:159e (Invalid index: 389838)
Failed to process relocation: 6570:1599 (Invalid index: 389833)
Failed to process relocation: 6570:1590 (Invalid index: 389824)
Failed to process relocation: 6570:1558 (Invalid index: 389768)
Failed to process relocation: 6570:151f (Invalid index: 389711)
Failed to process relocation: 6570:1502 (Invalid index: 389682)
Failed to process relocation: 6570:14f6 (Invalid index: 389670)
Failed to process relocation: 6570:14b4 (Invalid index: 389604)
Failed to process relocation: 6570:14af (Invalid index: 389599)
Failed to process relocation: 6570:14a6 (Invalid index: 389590)
Failed to process relocation: 6570:146f (Invalid index: 389535)
Failed to process relocation: 6570:146a (Invalid index: 389530)
Failed to process relocation: 6570:1461 (Invalid index: 389521)
Failed to process relocation: 6570:142a (Invalid index: 389466)
Failed to process relocation: 6570:1425 (Invalid index: 389461)
Failed to process relocation: 6570:141c (Invalid index: 389452)
Failed to process relocation: 6570:1413 (Invalid index: 389443)
Failed to process relocation: 6570:13c0 (Invalid index: 389360)
Failed to process relocation: 6570:13bb (Invalid index: 389355)
Failed to process relocation: 6570:13b2 (Invalid index: 389346)
Failed to process relocation: 6570:137b (Invalid index: 389291)
Failed to process relocation: 6570:1376 (Invalid index: 389286)
Failed to process relocation: 6570:136d (Invalid index: 389277)
Failed to process relocation: 6570:1336 (Invalid index: 389222)
Failed to process relocation: 6570:1331 (Invalid index: 389217)
Failed to process relocation: 6570:1328 (Invalid index: 389208)
Failed to process relocation: 6570:1a65 (Invalid index: 391061)
Failed to process relocation: 6570:1a5c (Invalid index: 391052)
Failed to process relocation: 6570:1a54 (Invalid index: 391044)
Failed to process relocation: 6570:1a3f (Invalid index: 391023)
Failed to process relocation: 6570:19ec (Invalid index: 390940)
Failed to process relocation: 6570:19e2 (Invalid index: 390930)
Failed to process relocation: 6570:19dd (Invalid index: 390925)
Failed to process relocation: 6570:19d4 (Invalid index: 390916)
Failed to process relocation: 6570:19ca (Invalid index: 390906)
Failed to process relocation: 6570:19c5 (Invalid index: 390901)
Failed to process relocation: 6570:19bc (Invalid index: 390892)
Failed to process relocation: 6570:19b2 (Invalid index: 390882)
Failed to process relocation: 6570:19ad (Invalid index: 390877)
Failed to process relocation: 6570:19a4 (Invalid index: 390868)
Failed to process relocation: 6570:199a (Invalid index: 390858)
Failed to process relocation: 6570:1995 (Invalid index: 390853)
Failed to process relocation: 6570:1975 (Invalid index: 390821)
Failed to process relocation: 6570:196b (Invalid index: 390811)
Failed to process relocation: 6570:1966 (Invalid index: 390806)
Failed to process relocation: 6570:195d (Invalid index: 390797)
Failed to process relocation: 6570:1953 (Invalid index: 390787)
Failed to process relocation: 6570:194e (Invalid index: 390782)
Failed to process relocation: 6570:18e5 (Invalid index: 390677)
Failed to process relocation: 6570:18da (Invalid index: 390666)
Failed to process relocation: 6570:18be (Invalid index: 390638)
Failed to process relocation: 6570:189f (Invalid index: 390607)
Failed to process relocation: 6570:1884 (Invalid index: 390580)
Failed to process relocation: 6570:1859 (Invalid index: 390537)
Failed to process relocation: 6570:170d (Invalid index: 390205)
Failed to process relocation: 6570:1703 (Invalid index: 390195)
Failed to process relocation: 6570:16fe (Invalid index: 390190)
Failed to process relocation: 6570:16f6 (Invalid index: 390182)
Failed to process relocation: 6570:16ec (Invalid index: 390172)
Failed to process relocation: 6570:16e7 (Invalid index: 390167)
Failed to process relocation: 6570:16df (Invalid index: 390159)
Failed to process relocation: 6570:16d5 (Invalid index: 390149)
Failed to process relocation: 6570:16d0 (Invalid index: 390144)
Failed to process relocation: 6570:16c7 (Invalid index: 390135)
Failed to process relocation: 6570:16bd (Invalid index: 390125)
Failed to process relocation: 6570:16b8 (Invalid index: 390120)
Failed to process relocation: 6570:1cb0 (Invalid index: 391648)
Failed to process relocation: 6570:1c8e (Invalid index: 391614)
Failed to process relocation: 6570:1c84 (Invalid index: 391604)
Failed to process relocation: 6570:1c7f (Invalid index: 391599)
Failed to process relocation: 6570:1c77 (Invalid index: 391591)
Failed to process relocation: 6570:1c6d (Invalid index: 391581)
Failed to process relocation: 6570:1c68 (Invalid index: 391576)
Failed to process relocation: 6570:1c3f (Invalid index: 391535)
Failed to process relocation: 6570:1c1f (Invalid index: 391503)
Failed to process relocation: 6570:1c15 (Invalid index: 391493)
Failed to process relocation: 6570:1c10 (Invalid index: 391488)
Failed to process relocation: 6570:1c07 (Invalid index: 391479)
Failed to process relocation: 6570:1bfd (Invalid index: 391469)
Failed to process relocation: 6570:1bf8 (Invalid index: 391464)
Failed to process relocation: 6570:1b8f (Invalid index: 391359)
Failed to process relocation: 6570:1b84 (Invalid index: 391348)
Failed to process relocation: 6570:1b6c (Invalid index: 391324)
Failed to process relocation: 6570:1b4e (Invalid index: 391294)
Failed to process relocation: 6570:1aed (Invalid index: 391197)
Failed to process relocation: 6570:1ada (Invalid index: 391178)
Failed to process relocation: 6570:1ad0 (Invalid index: 391168)
Failed to process relocation: 6570:1acb (Invalid index: 391163)
Failed to process relocation: 6570:1ac3 (Invalid index: 391155)
Failed to process relocation: 6570:1aba (Invalid index: 391146)
Failed to process relocation: 6570:1ab1 (Invalid index: 391137)
Failed to process relocation: 6570:1aa8 (Invalid index: 391128)
Failed to process relocation: 6570:1aa0 (Invalid index: 391120)
Failed to process relocation: 6570:1a96 (Invalid index: 391110)
Failed to process relocation: 6570:1a91 (Invalid index: 391105)
Failed to process relocation: 6570:1a7e (Invalid index: 391086)
Failed to process relocation: 6570:1a76 (Invalid index: 391078)
Failed to process relocation: 6570:1a6d (Invalid index: 391069)
Failed to process relocation: 6570:2073 (Invalid index: 392611)
Failed to process relocation: 6570:2069 (Invalid index: 392601)
Failed to process relocation: 6570:2061 (Invalid index: 392593)
Failed to process relocation: 6570:2057 (Invalid index: 392583)
Failed to process relocation: 6570:2048 (Invalid index: 392568)
Failed to process relocation: 6570:202b (Invalid index: 392539)
Failed to process relocation: 6570:2021 (Invalid index: 392529)
Failed to process relocation: 6570:2019 (Invalid index: 392521)
Failed to process relocation: 6570:200f (Invalid index: 392511)
Failed to process relocation: 6570:1ff3 (Invalid index: 392483)
Failed to process relocation: 6570:1feb (Invalid index: 392475)
Failed to process relocation: 6570:1fe1 (Invalid index: 392465)
Failed to process relocation: 6570:1fd9 (Invalid index: 392457)
Failed to process relocation: 6570:1fcf (Invalid index: 392447)
Failed to process relocation: 6570:1fb7 (Invalid index: 392423)
Failed to process relocation: 6570:1faf (Invalid index: 392415)
Failed to process relocation: 6570:1fa5 (Invalid index: 392405)
Failed to process relocation: 6570:1f9d (Invalid index: 392397)
Failed to process relocation: 6570:1f93 (Invalid index: 392387)
Failed to process relocation: 6570:1f8b (Invalid index: 392379)
Failed to process relocation: 6570:1f86 (Invalid index: 392374)
Failed to process relocation: 6570:1f81 (Invalid index: 392369)
Failed to process relocation: 6570:1f69 (Invalid index: 392345)
Failed to process relocation: 6570:1f61 (Invalid index: 392337)
Failed to process relocation: 6570:1f57 (Invalid index: 392327)
Failed to process relocation: 6570:1f4f (Invalid index: 392319)
Failed to process relocation: 6570:1f45 (Invalid index: 392309)
Failed to process relocation: 6570:1f40 (Invalid index: 392304)
Failed to process relocation: 6570:1f28 (Invalid index: 392280)
Failed to process relocation: 6570:1f20 (Invalid index: 392272)
Failed to process relocation: 6570:1f16 (Invalid index: 392262)
Failed to process relocation: 6570:1f11 (Invalid index: 392257)
Failed to process relocation: 6570:1f0b (Invalid index: 392251)
Failed to process relocation: 6570:1f02 (Invalid index: 392242)
Failed to process relocation: 6570:1efa (Invalid index: 392234)
Failed to process relocation: 6570:1ef0 (Invalid index: 392224)
Failed to process relocation: 6570:1eeb (Invalid index: 392219)
Failed to process relocation: 6570:1ed3 (Invalid index: 392195)
Failed to process relocation: 6570:1ea2 (Invalid index: 392146)
Failed to process relocation: 6570:1e77 (Invalid index: 392103)
Failed to process relocation: 6570:1e72 (Invalid index: 392098)
Failed to process relocation: 6570:1e68 (Invalid index: 392088)
Failed to process relocation: 6570:1e63 (Invalid index: 392083)
Failed to process relocation: 6570:1e5b (Invalid index: 392075)
Failed to process relocation: 6570:1e51 (Invalid index: 392065)
Failed to process relocation: 6570:1e4c (Invalid index: 392060)
Failed to process relocation: 6570:1e44 (Invalid index: 392052)
Failed to process relocation: 6570:1e3a (Invalid index: 392042)
Failed to process relocation: 6570:1e35 (Invalid index: 392037)
Failed to process relocation: 6570:1e2d (Invalid index: 392029)
Failed to process relocation: 6570:1e23 (Invalid index: 392019)
Failed to process relocation: 6570:1e1e (Invalid index: 392014)
Failed to process relocation: 6570:1e0c (Invalid index: 391996)
Failed to process relocation: 6570:1e07 (Invalid index: 391991)
Failed to process relocation: 6570:1dfd (Invalid index: 391981)
Failed to process relocation: 6570:1df5 (Invalid index: 391973)
Failed to process relocation: 6570:1deb (Invalid index: 391963)
Failed to process relocation: 6570:1de3 (Invalid index: 391955)
Failed to process relocation: 6570:1dd9 (Invalid index: 391945)
Failed to process relocation: 6570:1dd1 (Invalid index: 391937)
Failed to process relocation: 6570:1dc7 (Invalid index: 391927)
Failed to process relocation: 6570:1dbd (Invalid index: 391917)
Failed to process relocation: 6570:1db8 (Invalid index: 391912)
Failed to process relocation: 6570:1db3 (Invalid index: 391907)
Failed to process relocation: 6570:1dab (Invalid index: 391899)
Failed to process relocation: 6570:1da3 (Invalid index: 391891)
Failed to process relocation: 6570:1d9b (Invalid index: 391883)
Failed to process relocation: 6570:1d93 (Invalid index: 391875)
Failed to process relocation: 6570:1d8b (Invalid index: 391867)
Failed to process relocation: 6570:1d83 (Invalid index: 391859)
Failed to process relocation: 6570:1d7b (Invalid index: 391851)
Failed to process relocation: 6570:1d73 (Invalid index: 391843)
Failed to process relocation: 6570:1d6e (Invalid index: 391838)
Failed to process relocation: 6570:1d66 (Invalid index: 391830)
Failed to process relocation: 6570:1d5e (Invalid index: 391822)
Failed to process relocation: 6570:1d56 (Invalid index: 391814)
Failed to process relocation: 6570:1d4e (Invalid index: 391806)
Failed to process relocation: 6570:1d46 (Invalid index: 391798)
Failed to process relocation: 6570:1d3e (Invalid index: 391790)
Failed to process relocation: 6570:1d36 (Invalid index: 391782)
Failed to process relocation: 6570:1d1c (Invalid index: 391756)
Failed to process relocation: 6570:1cfd (Invalid index: 391725)
Failed to process relocation: 6570:1cf5 (Invalid index: 391717)
Failed to process relocation: 6570:1cec (Invalid index: 391708)
Failed to process relocation: 6570:1ce7 (Invalid index: 391703)
Failed to process relocation: 6570:1cdf (Invalid index: 391695)
Failed to process relocation: 6570:1cd6 (Invalid index: 391686)
Failed to process relocation: 6570:1ccb (Invalid index: 391675)
Failed to process relocation: 6570:2420 (Invalid index: 393552)
Failed to process relocation: 6570:2416 (Invalid index: 393542)
Failed to process relocation: 6570:240a (Invalid index: 393530)
Failed to process relocation: 6570:2402 (Invalid index: 393522)
Failed to process relocation: 6570:23f9 (Invalid index: 393513)
Failed to process relocation: 6570:23f1 (Invalid index: 393505)
Failed to process relocation: 6570:23ec (Invalid index: 393500)
Failed to process relocation: 6570:23e3 (Invalid index: 393491)
Failed to process relocation: 6570:23db (Invalid index: 393483)
Failed to process relocation: 6570:23d2 (Invalid index: 393474)
Failed to process relocation: 6570:23ca (Invalid index: 393466)
Failed to process relocation: 6570:23c1 (Invalid index: 393457)
Failed to process relocation: 6570:23b9 (Invalid index: 393449)
Failed to process relocation: 6570:23b4 (Invalid index: 393444)
Failed to process relocation: 6570:23ab (Invalid index: 393435)
Failed to process relocation: 6570:23a2 (Invalid index: 393426)
Failed to process relocation: 6570:239a (Invalid index: 393418)
Failed to process relocation: 6570:2395 (Invalid index: 393413)
Failed to process relocation: 6570:238d (Invalid index: 393405)
Failed to process relocation: 6570:2385 (Invalid index: 393397)
Failed to process relocation: 6570:237d (Invalid index: 393389)
Failed to process relocation: 6570:2378 (Invalid index: 393384)
Failed to process relocation: 6570:2373 (Invalid index: 393379)
Failed to process relocation: 6570:236b (Invalid index: 393371)
Failed to process relocation: 6570:2362 (Invalid index: 393362)
Failed to process relocation: 6570:2359 (Invalid index: 393353)
Failed to process relocation: 6570:2351 (Invalid index: 393345)
Failed to process relocation: 6570:2348 (Invalid index: 393336)
Failed to process relocation: 6570:2340 (Invalid index: 393328)
Failed to process relocation: 6570:2338 (Invalid index: 393320)
Failed to process relocation: 6570:2333 (Invalid index: 393315)
Failed to process relocation: 6570:232e (Invalid index: 393310)
Failed to process relocation: 6570:2326 (Invalid index: 393302)
Failed to process relocation: 6570:231d (Invalid index: 393293)
Failed to process relocation: 6570:2314 (Invalid index: 393284)
Failed to process relocation: 6570:230c (Invalid index: 393276)
Failed to process relocation: 6570:2303 (Invalid index: 393267)
Failed to process relocation: 6570:22fb (Invalid index: 393259)
Failed to process relocation: 6570:22f2 (Invalid index: 393250)
Failed to process relocation: 6570:22ed (Invalid index: 393245)
Failed to process relocation: 6570:22e4 (Invalid index: 393236)
Failed to process relocation: 6570:22db (Invalid index: 393227)
Failed to process relocation: 6570:22d3 (Invalid index: 393219)
Failed to process relocation: 6570:22ca (Invalid index: 393210)
Failed to process relocation: 6570:22c1 (Invalid index: 393201)
Failed to process relocation: 6570:22b8 (Invalid index: 393192)
Failed to process relocation: 6570:22ae (Invalid index: 393182)
Failed to process relocation: 6570:22a9 (Invalid index: 393177)
Failed to process relocation: 6570:229f (Invalid index: 393167)
Failed to process relocation: 6570:229a (Invalid index: 393162)
Failed to process relocation: 6570:228c (Invalid index: 393148)
Failed to process relocation: 6570:2287 (Invalid index: 393143)
Failed to process relocation: 6570:2282 (Invalid index: 393138)
Failed to process relocation: 6570:2279 (Invalid index: 393129)
Failed to process relocation: 6570:2270 (Invalid index: 393120)
Failed to process relocation: 6570:2268 (Invalid index: 393112)
Failed to process relocation: 6570:225f (Invalid index: 393103)
Failed to process relocation: 6570:225a (Invalid index: 393098)
Failed to process relocation: 6570:2251 (Invalid index: 393089)
Failed to process relocation: 6570:2248 (Invalid index: 393080)
 (ProgramLoader)  
INFO  IMPORTING: Loaded 0 additional files (HeadlessAnalyzer)  
INFO  REPORT: Execute script: MarkOverlayThunks 'pre' '3ab8'  (HeadlessAnalyzer)  
INFO  SCRIPT: C:\prog\jwcad\ghidra_scripts\MarkOverlayThunks.java (HeadlessAnalyzer)  
INFO  MarkOverlayThunks.java> cd 3f sites: 98 (GhidraScript)  
INFO  MarkOverlayThunks.java> overlay trap operands marked as data: 98 of 98 (GhidraScript)  
INFO  ANALYZING all memory and code: file:///C:/prog/jwcad/ovl/jw02.exe (HeadlessAnalyzer)  
ERROR Failed to create function at 28b3:0f86 since its body contains referring thunk at 28b3:0ee9 (CreateFunctionCmd)  
WARN  WARNING! Repairing body of function at 28b3:0ee9 (ClearFlowAndRepairCmd)  
ERROR ... function body repair failed due to overlap with another function: 28b3:0ee9 (ClearFlowAndRepairCmd)  
WARN  WARNING! Repairing body of function at 28b3:1181 (ClearFlowAndRepairCmd)  
ERROR ... function body repair failed due to overlap with another function: 28b3:1181 (ClearFlowAndRepairCmd)  
WARN  Decompiling 32b2:0d40, pcode error at 3000:5054: Unable to resolve constructor at 3000:5054 (DecompileCallback)  
WARN  Decompiling 12c1:097e, pcode error at 1000:5097: Unable to resolve constructor at 1000:5097 (DecompileCallback)  
WARN  Decompiling 32b2:1528: Unable to read bytes at ram:0000:7be2 (DecompileCallback)  
WARN  Decompiling 1000:0a81, pcode error at 1000:0a6f: Unable to resolve constructor at 1000:0a6f (DecompileCallback)  
WARN  Decompiling 1000:0a81, pcode error at 1000:0a4b: Unable to resolve constructor at 1000:0a4b (DecompileCallback)  
WARN  Decompiling 1000:0a81, pcode error at 1000:0818: Unable to resolve constructor at 1000:0818 (DecompileCallback)  
WARN  Decompiling 21f2:246e, pcode error at 2000:3158: Unable to resolve constructor at 2000:3158 (DecompileCallback)  
WARN  Decompiling 21f2:246e, pcode error at 2000:7191: Unable to resolve constructor at 2000:7191 (DecompileCallback)  
INFO  Packed database cache: C:\Users\yomei\AppData\Local\ghidra\packed-db-cache (PackedDatabaseCache)  
INFO  Applied data type archive: generic_clib (ApplyDataArchiveAnalyzer)  
INFO  -----------------------------------------------------
    ASCII Strings                              0.312 secs
    Apply Data Archives                        0.700 secs
    Call Convention ID                         0.003 secs
    Call-Fixup Installer                       0.025 secs
    Create Function                            0.570 secs
    Data Reference                             0.026 secs
    Decompiler Switch Analysis                35.355 secs
    Demangler GNU                              0.040 secs
    Disassemble                                2.617 secs
    Disassemble Entry Points                   0.202 secs
    Embedded Media                             0.021 secs
    External Entry References                  0.000 secs
    Function ID                                0.117 secs
    Function Start Search                      0.034 secs
    Non-Returning Functions - Discovered       3.452 secs
    Reference                                  0.040 secs
    Segmented X86 Calling Conventions          0.002 secs
    Shared Return Calls                        0.260 secs
    Stack                                      2.091 secs
    Subroutine References                      0.146 secs
    Subroutine References - One Time           0.000 secs
    X86 Function Callee Purge                  0.122 secs
    x86 Constant Reference Analyzer            1.677 secs
-----------------------------------------------------
     Total Time   47 secs
-----------------------------------------------------
 (AutoAnalysisManager)  
INFO  REPORT: Analysis succeeded for file: file:///C:/prog/jwcad/ovl/jw02.exe (HeadlessAnalyzer)  
INFO  REPORT: Execute script: MarkOverlayThunks 'post' '3ab8' 'C:\prog\jwcad\entries\02.txt' '2'  (HeadlessAnalyzer)  
INFO  SCRIPT: C:\prog\jwcad\ghidra_scripts\MarkOverlayThunks.java (HeadlessAnalyzer)  
INFO  MarkOverlayThunks.java> cd 3f sites: 98 (GhidraScript)  
INFO  MarkOverlayThunks.java> overlay traps given a fall-through: 98, references added: 6 (GhidraScript)  
INFO  MarkOverlayThunks.java> overlay entry points seeded: 3 (GhidraScript)  
INFO  MarkOverlayThunks.java> overlay hole cleared: 0 stray functions (GhidraScript)  
INFO  REPORT: Execute script: DecompileAll 'C:\prog\jwcad\out\ovl02' '3ab8' '4375'  (HeadlessAnalyzer)  
INFO  SCRIPT: C:\prog\jwcad\ghidra_scripts\DecompileAll.java (HeadlessAnalyzer)  
WARN  Decompiling 3ab8:4fb0, pcode error at 4000:ff0d: Disassembly not permitted within uninitialized memory block (DecompileCallback)  
WARN  Decompiling 3ab8:4fb0, pcode error at 4000:ff7c: Disassembly not permitted within uninitialized memory block (DecompileCallback)  
WARN  Decompiling 3ab8:4fb0, pcode error at 4000:ffc9: Disassembly not permitted within uninitialized memory block (DecompileCallback)  
WARN  Decompiling 3ab8:4fb0, pcode error at 4000:ff07: Disassembly not permitted within uninitialized memory block (DecompileCallback)  
WARN  Decompiling 3ab8:4fb0, pcode error at 4000:ffde: Disassembly not permitted within uninitialized memory block (DecompileCallback)  
WARN  Decompiling 3ab8:4fbd, pcode error at 4000:ff0d: Disassembly not permitted within uninitialized memory block (DecompileCallback)  
WARN  Decompiling 3ab8:4fbd, pcode error at 4000:ff7c: Disassembly not permitted within uninitialized memory block (DecompileCallback)  
WARN  Decompiling 3ab8:4fbd, pcode error at 4000:ffc9: Disassembly not permitted within uninitialized memory block (DecompileCallback)  
WARN  Decompiling 3ab8:4fbd, pcode error at 4000:ff07: Disassembly not permitted within uninitialized memory block (DecompileCallback)  
WARN  Decompiling 3ab8:4fbd, pcode error at 4000:ffde: Disassembly not permitted within uninitialized memory block (DecompileCallback)  
INFO  DecompileAll.java> decompiled 12 functions, 0 failed (GhidraScript)  
INFO  ANALYZING changes made by post scripts: file:///C:/prog/jwcad/ovl/jw02.exe (HeadlessAnalyzer)  
INFO  REPORT: Post-analysis succeeded for file: file:///C:/prog/jwcad/ovl/jw02.exe (HeadlessAnalyzer)  
INFO  /jw02.exe: file created (yomei) (LocalFileSystem)  
INFO  REPORT: Save succeeded for: /jw02.exe (ovl02:/jw02.exe) (HeadlessAnalyzer)  
INFO  REPORT: Import succeeded (HeadlessAnalyzer)  
