INFO  Using log config file: jar:file:/C:/prog/ghidra/ghidra_12.1.3_PUBLIC/Ghidra/Framework/Generic/lib/Generic.jar!/generic.log4j.xml (LoggingInitialization)  
INFO  Using log file: C:\Users\yomei\AppData\Roaming\ghidra\ghidra_12.1.3_PUBLIC\application.log (LoggingInitialization)  
INFO  Loading user preferences: C:\Users\yomei\AppData\Roaming\ghidra\ghidra_12.1.3_PUBLIC\preferences (Preferences)  
INFO  Searching for classes... (ClassSearcher)  
INFO  Class search complete (1023 ms) (ClassSearcher)  
INFO  Initializing SSL Context (DefaultSSLContextInitializer)  
INFO  Initializing Random Number Generator... (SecureRandomFactory)  
INFO  Random Number Generator initialization complete: SHA1PRNG (SecureRandomFactory)  
INFO  Trust manager disabled, cacerts have not been set (DefaultTrustManagerFactory)  
INFO  Headless startup complete (9727 ms) (AnalyzeHeadless)  
INFO  Class searcher loaded 59 extension points (20 false positives) (ClassSearcher)  
INFO  HEADLESS Script Paths:
    C:\prog\ghidra\ghidra_12.1.3_PUBLIC\Ghidra\Debug\Debugger-rmi-trace\ghidra_scripts
    C:\prog\ghidra\ghidra_12.1.3_PUBLIC\Ghidra\Features\FileFormats\ghidra_scripts
    C:\prog\ghidra\ghidra_12.1.3_PUBLIC\Ghidra\Features\GnuDemangler\ghidra_scripts
    C:\prog\ghidra\ghidra_12.1.3_PUBLIC\Ghidra\Features\VersionTracking\ghidra_scripts
    C:\prog\ghidra\ghidra_12.1.3_PUBLIC\Ghidra\Debug\Debugger\ghidra_scripts
    C:\prog\ghidra\ghidra_12.1.3_PUBLIC\Ghidra\Processors\8051\ghidra_scripts
    C:\prog\ghidra\ghidra_12.1.3_PUBLIC\Ghidra\Features\BSim\ghidra_scripts
    C:\prog\ghidra\ghidra_12.1.3_PUBLIC\Ghidra\Features\WildcardAssembler\ghidra_scripts
    C:\prog\ghidra\ghidra_12.1.3_PUBLIC\Ghidra\Features\FunctionID\ghidra_scripts
    C:\prog\ghidra\ghidra_12.1.3_PUBLIC\Ghidra\Features\SystemEmulation\ghidra_scripts
    C:\prog\ghidra\ghidra_12.1.3_PUBLIC\Ghidra\Processors\PIC\ghidra_scripts
    C:\prog\ghidra\ghidra_12.1.3_PUBLIC\Ghidra\Features\PDB\ghidra_scripts
    C:\prog\ghidra\ghidra_12.1.3_PUBLIC\Ghidra\Features\DecompilerDependent\ghidra_scripts
    C:\prog\ghidra\ghidra_12.1.3_PUBLIC\Ghidra\Features\SwiftDemangler\ghidra_scripts
    C:\prog\ghidra\ghidra_12.1.3_PUBLIC\Ghidra\Features\MicrosoftCodeAnalyzer\ghidra_scripts
    C:\prog\ghidra\ghidra_12.1.3_PUBLIC\Ghidra\Processors\DATA\ghidra_scripts
    C:\prog\ghidra\ghidra_12.1.3_PUBLIC\Ghidra\Features\Decompiler\ghidra_scripts
    C:\prog\ghidra\ghidra_12.1.3_PUBLIC\Ghidra\Features\BytePatterns\ghidra_scripts
    C:\prog\ghidra\ghidra_12.1.3_PUBLIC\Ghidra\Features\PyGhidra\ghidra_scripts
    C:\prog\ghidra\ghidra_12.1.3_PUBLIC\Ghidra\Processors\Atmel\ghidra_scripts
    C:\prog\ghidra\ghidra_12.1.3_PUBLIC\Ghidra\Features\Base\ghidra_scripts
    C:\prog\jwcad\ghidra_scripts
    C:\prog\ghidra\ghidra_12.1.3_PUBLIC\Ghidra\Processors\JVM\ghidra_scripts (HeadlessAnalyzer)  
INFO  HEADLESS: execution starts (HeadlessAnalyzer)  
INFO  Creating temporary project: C:\prog\jwcad\proj\ovl11 (HeadlessAnalyzer)  
INFO  Creating project: C:\prog\jwcad\proj\ovl11 (DefaultProject)  
INFO  REPORT: Processing input files:  (HeadlessAnalyzer)  
INFO       project: C:\prog\jwcad\proj\ovl11 (HeadlessAnalyzer)  
INFO  IMPORTING: file:///C:/prog/jwcad/ovl/jw11.exe (HeadlessAnalyzer)  
INFO  Using Loader: Old-style DOS Executable (MZ) (ProgramLoader)  
INFO  Using Language/Compiler: x86:LE:16:Real Mode:default (ProgramLoader)  
INFO  Using Library Search Path: [., C:\Windows\SysWOW64, C:\prog\ghidra\jdk21\bin, C:\Windows\Sun\Java\bin, C:\Windows\system32, C:\Windows, C:\Program Files\Python312\Scripts\, C:\Program Files\Python312\, C:\Windows\System32\Wbem, C:\Windows\System32\WindowsPowerShell\v1.0\, C:\Windows\System32\OpenSSH\, C:\Program Files\Amazon\AWSCLIV2\, C:\ProgramData\chocolatey\bin, C:\ffmpeg, C:\Users\yomei\AppData\Local\Microsoft\WindowsApps] (ProgramLoader)  
INFO  Additional info:
There were too many messages to display.
722 messages have been truncated.

Loading file:///C:/prog/jwcad/ovl/jw11.exe?MD5=08f7ed8ca7dbbd85be85521ce520631f...
Failed to process relocation: 6570:0262 (Invalid index: 383554)
Failed to process relocation: 6570:0249 (Invalid index: 383529)
Failed to process relocation: 6570:0223 (Invalid index: 383491)
Failed to process relocation: 6570:01ff (Invalid index: 383455)
Failed to process relocation: 6570:01b8 (Invalid index: 383384)
Failed to process relocation: 6570:0196 (Invalid index: 383350)
Failed to process relocation: 6570:0170 (Invalid index: 383312)
Failed to process relocation: 6570:014c (Invalid index: 383276)
Failed to process relocation: 6570:0106 (Invalid index: 383206)
Failed to process relocation: 6570:00f1 (Invalid index: 383185)
Failed to process relocation: 6570:00cb (Invalid index: 383147)
Failed to process relocation: 6570:00ab (Invalid index: 383115)
Failed to process relocation: 6570:0068 (Invalid index: 383048)
Failed to process relocation: 6570:0063 (Invalid index: 383043)
Failed to process relocation: 6570:005d (Invalid index: 383037)
Failed to process relocation: 6570:004d (Invalid index: 383021)
Failed to process relocation: 6570:003f (Invalid index: 383007)
Failed to process relocation: 6570:002f (Invalid index: 382991)
Failed to process relocation: 6570:0017 (Invalid index: 382967)
Failed to process relocation: 6570:0009 (Invalid index: 382953)
Failed to process relocation: 6570:0619 (Invalid index: 384505)
Failed to process relocation: 6570:05da (Invalid index: 384442)
Failed to process relocation: 6570:05d5 (Invalid index: 384437)
Failed to process relocation: 6570:05cb (Invalid index: 384427)
Failed to process relocation: 6570:05c6 (Invalid index: 384422)
Failed to process relocation: 6570:05bc (Invalid index: 384412)
Failed to process relocation: 6570:05b2 (Invalid index: 384402)
Failed to process relocation: 6570:05ad (Invalid index: 384397)
Failed to process relocation: 6570:059b (Invalid index: 384379)
Failed to process relocation: 6570:0591 (Invalid index: 384369)
Failed to process relocation: 6570:058c (Invalid index: 384364)
Failed to process relocation: 6570:0582 (Invalid index: 384354)
Failed to process relocation: 6570:0578 (Invalid index: 384344)
Failed to process relocation: 6570:0573 (Invalid index: 384339)
Failed to process relocation: 6570:052d (Invalid index: 384269)
Failed to process relocation: 6570:04ee (Invalid index: 384206)
Failed to process relocation: 6570:04e9 (Invalid index: 384201)
Failed to process relocation: 6570:04df (Invalid index: 384191)
Failed to process relocation: 6570:04da (Invalid index: 384186)
Failed to process relocation: 6570:04d0 (Invalid index: 384176)
Failed to process relocation: 6570:04c6 (Invalid index: 384166)
Failed to process relocation: 6570:04c1 (Invalid index: 384161)
Failed to process relocation: 6570:04af (Invalid index: 384143)
Failed to process relocation: 6570:04a5 (Invalid index: 384133)
Failed to process relocation: 6570:04a0 (Invalid index: 384128)
Failed to process relocation: 6570:0496 (Invalid index: 384118)
Failed to process relocation: 6570:048c (Invalid index: 384108)
Failed to process relocation: 6570:0487 (Invalid index: 384103)
Failed to process relocation: 6570:0462 (Invalid index: 384066)
Failed to process relocation: 6570:045d (Invalid index: 384061)
Failed to process relocation: 6570:0453 (Invalid index: 384051)
Failed to process relocation: 6570:044e (Invalid index: 384046)
Failed to process relocation: 6570:0446 (Invalid index: 384038)
Failed to process relocation: 6570:043c (Invalid index: 384028)
Failed to process relocation: 6570:0437 (Invalid index: 384023)
Failed to process relocation: 6570:042f (Invalid index: 384015)
Failed to process relocation: 6570:0427 (Invalid index: 384007)
Failed to process relocation: 6570:041d (Invalid index: 383997)
Failed to process relocation: 6570:0418 (Invalid index: 383992)
Failed to process relocation: 6570:0410 (Invalid index: 383984)
Failed to process relocation: 6570:0406 (Invalid index: 383974)
Failed to process relocation: 6570:0401 (Invalid index: 383969)
Failed to process relocation: 6570:03f9 (Invalid index: 383961)
Failed to process relocation: 6570:03ea (Invalid index: 383946)
Failed to process relocation: 6570:03e5 (Invalid index: 383941)
Failed to process relocation: 6570:03db (Invalid index: 383931)
Failed to process relocation: 6570:03d6 (Invalid index: 383926)
Failed to process relocation: 6570:03ce (Invalid index: 383918)
Failed to process relocation: 6570:03c6 (Invalid index: 383910)
Failed to process relocation: 6570:03bc (Invalid index: 383900)
Failed to process relocation: 6570:03b7 (Invalid index: 383895)
Failed to process relocation: 6570:03af (Invalid index: 383887)
Failed to process relocation: 6570:03a5 (Invalid index: 383877)
Failed to process relocation: 6570:03a0 (Invalid index: 383872)
Failed to process relocation: 6570:0398 (Invalid index: 383864)
Failed to process relocation: 6570:0390 (Invalid index: 383856)
Failed to process relocation: 6570:0386 (Invalid index: 383846)
Failed to process relocation: 6570:0381 (Invalid index: 383841)
Failed to process relocation: 6570:0369 (Invalid index: 383817)
Failed to process relocation: 6570:0355 (Invalid index: 383797)
Failed to process relocation: 6570:034d (Invalid index: 383789)
Failed to process relocation: 6570:0345 (Invalid index: 383781)
Failed to process relocation: 6570:033d (Invalid index: 383773)
Failed to process relocation: 6570:0335 (Invalid index: 383765)
Failed to process relocation: 6570:032b (Invalid index: 383755)
Failed to process relocation: 6570:0323 (Invalid index: 383747)
Failed to process relocation: 6570:031b (Invalid index: 383739)
Failed to process relocation: 6570:02e1 (Invalid index: 383681)
Failed to process relocation: 6570:02dc (Invalid index: 383676)
Failed to process relocation: 6570:02d7 (Invalid index: 383671)
Failed to process relocation: 6570:02cf (Invalid index: 383663)
Failed to process relocation: 6570:02c7 (Invalid index: 383655)
Failed to process relocation: 6570:02bf (Invalid index: 383647)
Failed to process relocation: 6570:02b7 (Invalid index: 383639)
Failed to process relocation: 6570:02ae (Invalid index: 383630)
Failed to process relocation: 6570:027c (Invalid index: 383580)
Failed to process relocation: 6570:064a (Invalid index: 384554)
Failed to process relocation: 6570:0a42 (Invalid index: 385570)
Failed to process relocation: 6570:0a3a (Invalid index: 385562)
Failed to process relocation: 6570:0a30 (Invalid index: 385552)
Failed to process relocation: 6570:0a06 (Invalid index: 385510)
Failed to process relocation: 6570:09fe (Invalid index: 385502)
Failed to process relocation: 6570:09f4 (Invalid index: 385492)
Failed to process relocation: 6570:09ef (Invalid index: 385487)
Failed to process relocation: 6570:09e7 (Invalid index: 385479)
Failed to process relocation: 6570:09dd (Invalid index: 385469)
Failed to process relocation: 6570:09d4 (Invalid index: 385460)
Failed to process relocation: 6570:09ca (Invalid index: 385450)
Failed to process relocation: 6570:09c5 (Invalid index: 385445)
Failed to process relocation: 6570:09bd (Invalid index: 385437)
Failed to process relocation: 6570:09b3 (Invalid index: 385427)
Failed to process relocation: 6570:09ae (Invalid index: 385422)
Failed to process relocation: 6570:0989 (Invalid index: 385385)
Failed to process relocation: 6570:0980 (Invalid index: 385376)
Failed to process relocation: 6570:0976 (Invalid index: 385366)
Failed to process relocation: 6570:0971 (Invalid index: 385361)
Failed to process relocation: 6570:0967 (Invalid index: 385351)
Failed to process relocation: 6570:095f (Invalid index: 385343)
Failed to process relocation: 6570:0956 (Invalid index: 385334)
Failed to process relocation: 6570:094c (Invalid index: 385324)
Failed to process relocation: 6570:0947 (Invalid index: 385319)
Failed to process relocation: 6570:093d (Invalid index: 385309)
Failed to process relocation: 6570:0935 (Invalid index: 385301)
Failed to process relocation: 6570:0930 (Invalid index: 385296)
Failed to process relocation: 6570:0928 (Invalid index: 385288)
Failed to process relocation: 6570:0906 (Invalid index: 385254)
Failed to process relocation: 6570:0901 (Invalid index: 385249)
Failed to process relocation: 6570:08f9 (Invalid index: 385241)
Failed to process relocation: 6570:08ee (Invalid index: 385230)
Failed to process relocation: 6570:08e9 (Invalid index: 385225)
Failed to process relocation: 6570:08e1 (Invalid index: 385217)
Failed to process relocation: 6570:08cc (Invalid index: 385196)
Failed to process relocation: 6570:08c7 (Invalid index: 385191)
Failed to process relocation: 6570:08bf (Invalid index: 385183)
Failed to process relocation: 6570:08b4 (Invalid index: 385172)
Failed to process relocation: 6570:08af (Invalid index: 385167)
Failed to process relocation: 6570:08a7 (Invalid index: 385159)
Failed to process relocation: 6570:0885 (Invalid index: 385125)
Failed to process relocation: 6570:0880 (Invalid index: 385120)
Failed to process relocation: 6570:0878 (Invalid index: 385112)
Failed to process relocation: 6570:086d (Invalid index: 385101)
Failed to process relocation: 6570:0868 (Invalid index: 385096)
Failed to process relocation: 6570:0860 (Invalid index: 385088)
Failed to process relocation: 6570:0836 (Invalid index: 385046)
Failed to process relocation: 6570:0831 (Invalid index: 385041)
Failed to process relocation: 6570:0829 (Invalid index: 385033)
Failed to process relocation: 6570:081e (Invalid index: 385022)
Failed to process relocation: 6570:0819 (Invalid index: 385017)
Failed to process relocation: 6570:0814 (Invalid index: 385012)
Failed to process relocation: 6570:080c (Invalid index: 385004)
Failed to process relocation: 6570:0804 (Invalid index: 384996)
Failed to process relocation: 6570:07fc (Invalid index: 384988)
Failed to process relocation: 6570:07f3 (Invalid index: 384979)
Failed to process relocation: 6570:07eb (Invalid index: 384971)
Failed to process relocation: 6570:07e3 (Invalid index: 384963)
Failed to process relocation: 6570:07d3 (Invalid index: 384947)
Failed to process relocation: 6570:07ce (Invalid index: 384942)
Failed to process relocation: 6570:07c9 (Invalid index: 384937)
Failed to process relocation: 6570:07c4 (Invalid index: 384932)
Failed to process relocation: 6570:07bb (Invalid index: 384923)
Failed to process relocation: 6570:07b3 (Invalid index: 384915)
Failed to process relocation: 6570:07a2 (Invalid index: 384898)
Failed to process relocation: 6570:079d (Invalid index: 384893)
Failed to process relocation: 6570:0795 (Invalid index: 384885)
Failed to process relocation: 6570:078c (Invalid index: 384876)
Failed to process relocation: 6570:0784 (Invalid index: 384868)
Failed to process relocation: 6570:077f (Invalid index: 384863)
Failed to process relocation: 6570:077a (Invalid index: 384858)
Failed to process relocation: 6570:0772 (Invalid index: 384850)
Failed to process relocation: 6570:0769 (Invalid index: 384841)
Failed to process relocation: 6570:075f (Invalid index: 384831)
Failed to process relocation: 6570:075a (Invalid index: 384826)
Failed to process relocation: 6570:0750 (Invalid index: 384816)
Failed to process relocation: 6570:074b (Invalid index: 384811)
Failed to process relocation: 6570:0743 (Invalid index: 384803)
Failed to process relocation: 6570:073b (Invalid index: 384795)
Failed to process relocation: 6570:0731 (Invalid index: 384785)
Failed to process relocation: 6570:072c (Invalid index: 384780)
Failed to process relocation: 6570:0724 (Invalid index: 384772)
Failed to process relocation: 6570:0715 (Invalid index: 384757)
Failed to process relocation: 6570:0710 (Invalid index: 384752)
Failed to process relocation: 6570:0708 (Invalid index: 384744)
Failed to process relocation: 6570:06fe (Invalid index: 384734)
Failed to process relocation: 6570:06f9 (Invalid index: 384729)
Failed to process relocation: 6570:06f1 (Invalid index: 384721)
Failed to process relocation: 6570:06a1 (Invalid index: 384641)
Failed to process relocation: 6570:0df8 (Invalid index: 386520)
Failed to process relocation: 6570:0df3 (Invalid index: 386515)
Failed to process relocation: 6570:0db1 (Invalid index: 386449)
Failed to process relocation: 6570:0da0 (Invalid index: 386432)
Failed to process relocation: 6570:0ce9 (Invalid index: 386249)
Failed to process relocation: 6570:0c85 (Invalid index: 386149)
Failed to process relocation: 6570:0c7c (Invalid index: 386140)
Failed to process relocation: 6570:0c72 (Invalid index: 386130)
Failed to process relocation: 6570:0c6d (Invalid index: 386125)
Failed to process relocation: 6570:0c5d (Invalid index: 386109)
Failed to process relocation: 6570:0be5 (Invalid index: 385989)
Failed to process relocation: 6570:0b3f (Invalid index: 385823)
Failed to process relocation: 6570:0b1e (Invalid index: 385790)
Failed to process relocation: 6570:0b11 (Invalid index: 385777)
Failed to process relocation: 6570:0b06 (Invalid index: 385766)
Failed to process relocation: 6570:0afc (Invalid index: 385756)
Failed to process relocation: 6570:0af5 (Invalid index: 385749)
Failed to process relocation: 6570:0a9f (Invalid index: 385663)
Failed to process relocation: 6570:0a72 (Invalid index: 385618)
Failed to process relocation: 6570:0a63 (Invalid index: 385603)
Failed to process relocation: 6570:1126 (Invalid index: 387334)
Failed to process relocation: 6570:1104 (Invalid index: 387300)
Failed to process relocation: 6570:10ad (Invalid index: 387213)
Failed to process relocation: 6570:109b (Invalid index: 387195)
Failed to process relocation: 6570:108e (Invalid index: 387182)
Failed to process relocation: 6570:106a (Invalid index: 387146)
Failed to process relocation: 6570:104b (Invalid index: 387115)
Failed to process relocation: 6570:1038 (Invalid index: 387096)
Failed to process relocation: 6570:102b (Invalid index: 387083)
Failed to process relocation: 6570:0fe4 (Invalid index: 387012)
Failed to process relocation: 6570:0f7d (Invalid index: 386909)
Failed to process relocation: 6570:0f78 (Invalid index: 386904)
Failed to process relocation: 6570:0f6e (Invalid index: 386894)
Failed to process relocation: 6570:0f69 (Invalid index: 386889)
Failed to process relocation: 6570:0f61 (Invalid index: 386881)
Failed to process relocation: 6570:0f57 (Invalid index: 386871)
Failed to process relocation: 6570:0f52 (Invalid index: 386866)
Failed to process relocation: 6570:0ef0 (Invalid index: 386768)
Failed to process relocation: 6570:0eeb (Invalid index: 386763)
Failed to process relocation: 6570:0ee1 (Invalid index: 386753)
Failed to process relocation: 6570:0edc (Invalid index: 386748)
Failed to process relocation: 6570:0ed4 (Invalid index: 386740)
Failed to process relocation: 6570:0eca (Invalid index: 386730)
Failed to process relocation: 6570:0ec5 (Invalid index: 386725)
Failed to process relocation: 6570:0e52 (Invalid index: 386610)
Failed to process relocation: 6570:0e47 (Invalid index: 386599)
Failed to process relocation: 6570:0e1e (Invalid index: 386558)
Failed to process relocation: 6570:0e19 (Invalid index: 386553)
Failed to process relocation: 6570:0e0f (Invalid index: 386543)
Failed to process relocation: 6570:0e0a (Invalid index: 386538)
Failed to process relocation: 6570:0e02 (Invalid index: 386530)
Failed to process relocation: 6570:1528 (Invalid index: 388360)
Failed to process relocation: 6570:14f3 (Invalid index: 388307)
Failed to process relocation: 6570:14e7 (Invalid index: 388295)
Failed to process relocation: 6570:14d4 (Invalid index: 388276)
Failed to process relocation: 6570:14c2 (Invalid index: 388258)
Failed to process relocation: 6570:1429 (Invalid index: 388105)
Failed to process relocation: 6570:1410 (Invalid index: 388080)
Failed to process relocation: 6570:13f6 (Invalid index: 388054)
Failed to process relocation: 6570:1345 (Invalid index: 387877)
Failed to process relocation: 6570:1318 (Invalid index: 387832)
Failed to process relocation: 6570:120b (Invalid index: 387563)
Failed to process relocation: 6570:11fb (Invalid index: 387547)
Failed to process relocation: 6570:11bd (Invalid index: 387485)
Failed to process relocation: 6570:190a (Invalid index: 389354)
Failed to process relocation: 6570:18b8 (Invalid index: 389272)
Failed to process relocation: 6570:1809 (Invalid index: 389097)
Failed to process relocation: 6570:17a6 (Invalid index: 388998)
Failed to process relocation: 6570:177b (Invalid index: 388955)
Failed to process relocation: 6570:176f (Invalid index: 388943)
Failed to process relocation: 6570:1763 (Invalid index: 388931)
Failed to process relocation: 6570:1756 (Invalid index: 388918)
Failed to process relocation: 6570:1715 (Invalid index: 388853)
Failed to process relocation: 6570:1706 (Invalid index: 388838)
Failed to process relocation: 6570:1c4f (Invalid index: 390191)
Failed to process relocation: 6570:1c20 (Invalid index: 390144)
Failed to process relocation: 6570:1c1b (Invalid index: 390139)
Failed to process relocation: 6570:1c16 (Invalid index: 390134)
Failed to process relocation: 6570:1c11 (Invalid index: 390129)
Failed to process relocation: 6570:1c0c (Invalid index: 390124)
Failed to process relocation: 6570:1c00 (Invalid index: 390112)
Failed to process relocation: 6570:1bea (Invalid index: 390090)
Failed to process relocation: 6570:1bde (Invalid index: 390078)
Failed to process relocation: 6570:1bc0 (Invalid index: 390048)
Failed to process relocation: 6570:1bb8 (Invalid index: 390040)
Failed to process relocation: 6570:1ba3 (Invalid index: 390019)
Failed to process relocation: 6570:1b7c (Invalid index: 389980)
Failed to process relocation: 6570:1b70 (Invalid index: 389968)
Failed to process relocation: 6570:1b6a (Invalid index: 389962)
Failed to process relocation: 6570:1b55 (Invalid index: 389941)
Failed to process relocation: 6570:1b20 (Invalid index: 389888)
Failed to process relocation: 6570:1a6e (Invalid index: 389710)
Failed to process relocation: 6570:1a69 (Invalid index: 389705)
Failed to process relocation: 6570:1a59 (Invalid index: 389689)
Failed to process relocation: 6570:1a54 (Invalid index: 389684)
Failed to process relocation: 6570:1a24 (Invalid index: 389636)
Failed to process relocation: 6570:19b8 (Invalid index: 389528)
Failed to process relocation: 6570:199f (Invalid index: 389503)
Failed to process relocation: 6570:1924 (Invalid index: 389380)
Failed to process relocation: 6570:2069 (Invalid index: 391241)
Failed to process relocation: 6570:202d (Invalid index: 391181)
Failed to process relocation: 6570:201d (Invalid index: 391165)
Failed to process relocation: 6570:200b (Invalid index: 391147)
Failed to process relocation: 6570:1fef (Invalid index: 391119)
Failed to process relocation: 6570:1fbd (Invalid index: 391069)
Failed to process relocation: 6570:1fa8 (Invalid index: 391048)
Failed to process relocation: 6570:1fa3 (Invalid index: 391043)
Failed to process relocation: 6570:1f9b (Invalid index: 391035)
Failed to process relocation: 6570:1f96 (Invalid index: 391030)
Failed to process relocation: 6570:1f2c (Invalid index: 390924)
Failed to process relocation: 6570:1f27 (Invalid index: 390919)
Failed to process relocation: 6570:1f22 (Invalid index: 390914)
Failed to process relocation: 6570:1f1d (Invalid index: 390909)
Failed to process relocation: 6570:1f18 (Invalid index: 390904)
Failed to process relocation: 6570:1f0c (Invalid index: 390892)
Failed to process relocation: 6570:1ef8 (Invalid index: 390872)
Failed to process relocation: 6570:1eec (Invalid index: 390860)
Failed to process relocation: 6570:1ed4 (Invalid index: 390836)
Failed to process relocation: 6570:1ecc (Invalid index: 390828)
Failed to process relocation: 6570:1eb7 (Invalid index: 390807)
Failed to process relocation: 6570:1ea2 (Invalid index: 390786)
Failed to process relocation: 6570:1e87 (Invalid index: 390759)
Failed to process relocation: 6570:1e7d (Invalid index: 390749)
Failed to process relocation: 6570:1e77 (Invalid index: 390743)
Failed to process relocation: 6570:1e6d (Invalid index: 390733)
Failed to process relocation: 6570:1e66 (Invalid index: 390726)
Failed to process relocation: 6570:1e57 (Invalid index: 390711)
Failed to process relocation: 6570:1e43 (Invalid index: 390691)
Failed to process relocation: 6570:1e3e (Invalid index: 390686)
Failed to process relocation: 6570:1e20 (Invalid index: 390656)
Failed to process relocation: 6570:1e0c (Invalid index: 390636)
Failed to process relocation: 6570:1e01 (Invalid index: 390625)
Failed to process relocation: 6570:1ddc (Invalid index: 390588)
Failed to process relocation: 6570:1daa (Invalid index: 390538)
Failed to process relocation: 6570:1d9d (Invalid index: 390525)
Failed to process relocation: 6570:1d87 (Invalid index: 390503)
Failed to process relocation: 6570:1cd2 (Invalid index: 390322)
Failed to process relocation: 6570:2420 (Invalid index: 392192)
Failed to process relocation: 6570:2411 (Invalid index: 392177)
Failed to process relocation: 6570:23f8 (Invalid index: 392152)
Failed to process relocation: 6570:23e9 (Invalid index: 392137)
Failed to process relocation: 6570:23c4 (Invalid index: 392100)
Failed to process relocation: 6570:2380 (Invalid index: 392032)
Failed to process relocation: 6570:2368 (Invalid index: 392008)
Failed to process relocation: 6570:2338 (Invalid index: 391960)
Failed to process relocation: 6570:2326 (Invalid index: 391942)
Failed to process relocation: 6570:230b (Invalid index: 391915)
Failed to process relocation: 6570:22ed (Invalid index: 391885)
Failed to process relocation: 6570:22b4 (Invalid index: 391828)
Failed to process relocation: 6570:226e (Invalid index: 391758)
Failed to process relocation: 6570:2225 (Invalid index: 391685)
Failed to process relocation: 6570:2201 (Invalid index: 391649)
Failed to process relocation: 6570:21e5 (Invalid index: 391621)
Failed to process relocation: 6570:21a9 (Invalid index: 391561)
Failed to process relocation: 6570:2179 (Invalid index: 391513)
Failed to process relocation: 6570:2153 (Invalid index: 391475)
Failed to process relocation: 6570:2146 (Invalid index: 391462)
Failed to process relocation: 6570:2135 (Invalid index: 391445)
Failed to process relocation: 6570:211d (Invalid index: 391421)
Failed to process relocation: 6570:20f9 (Invalid index: 391385)
Failed to process relocation: 6570:20ec (Invalid index: 391372)
Failed to process relocation: 6570:20db (Invalid index: 391355)
Failed to process relocation: 6570:20c3 (Invalid index: 391331)
Failed to process relocation: 6570:20a7 (Invalid index: 391303)
Failed to process relocation: 6570:2097 (Invalid index: 391287)
Failed to process relocation: 6570:2085 (Invalid index: 391269)
Failed to process relocation: 6570:2762 (Invalid index: 393026)
Failed to process relocation: 6570:26fa (Invalid index: 392922)
Failed to process relocation: 6570:26a1 (Invalid index: 392833)
Failed to process relocation: 6570:268d (Invalid index: 392813)
Failed to process relocation: 6570:2611 (Invalid index: 392689)
Failed to process relocation: 6570:25fa (Invalid index: 392666)
Failed to process relocation: 6570:25cc (Invalid index: 392620)
Failed to process relocation: 6570:25aa (Invalid index: 392586)
Failed to process relocation: 6570:2562 (Invalid index: 392514)
Failed to process relocation: 6570:2525 (Invalid index: 392453)
Failed to process relocation: 6570:2515 (Invalid index: 392437)
Failed to process relocation: 6570:24dc (Invalid index: 392380)
Failed to process relocation: 6570:24c7 (Invalid index: 392359)
Failed to process relocation: 6570:24ad (Invalid index: 392333)
Failed to process relocation: 6570:248e (Invalid index: 392302)
Failed to process relocation: 6570:2481 (Invalid index: 392289)
Failed to process relocation: 6570:247c (Invalid index: 392284)
Failed to process relocation: 6570:2463 (Invalid index: 392259)
Failed to process relocation: 6570:2442 (Invalid index: 392226)
Failed to process relocation: 6570:2433 (Invalid index: 392211)
Failed to process relocation: 6570:2b82 (Invalid index: 394082)
Failed to process relocation: 6570:2b68 (Invalid index: 394056)
Failed to process relocation: 6570:2b50 (Invalid index: 394032)
Failed to process relocation: 6570:2b38 (Invalid index: 394008)
Failed to process relocation: 6570:2b20 (Invalid index: 393984)
Failed to process relocation: 6570:2b06 (Invalid index: 393958)
Failed to process relocation: 6570:2acc (Invalid index: 393900)
Failed to process relocation: 6570:2ab4 (Invalid index: 393876)
Failed to process relocation: 6570:2a60 (Invalid index: 393792)
Failed to process relocation: 6570:2a4e (Invalid index: 393774)
Failed to process relocation: 6570:29c1 (Invalid index: 393633)
Failed to process relocation: 6570:296d (Invalid index: 393549)
Failed to process relocation: 6570:294d (Invalid index: 393517)
Failed to process relocation: 6570:2911 (Invalid index: 393457)
Failed to process relocation: 6570:290a (Invalid index: 393450)
Failed to process relocation: 6570:28eb (Invalid index: 393419)
Failed to process relocation: 6570:28d9 (Invalid index: 393401)
Failed to process relocation: 6570:2f1a (Invalid index: 395002)
Failed to process relocation: 6570:2f05 (Invalid index: 394981)
Failed to process relocation: 6570:2edb (Invalid index: 394939)
Failed to process relocation: 6570:2ec6 (Invalid index: 394918)
Failed to process relocation: 6570:2eb1 (Invalid index: 394897)
Failed to process relocation: 6570:2e55 (Invalid index: 394805)
Failed to process relocation: 6570:2e1f (Invalid index: 394751)
Failed to process relocation: 6570:2df0 (Invalid index: 394704)
Failed to process relocation: 6570:2de0 (Invalid index: 394688)
Failed to process relocation: 6570:2dd0 (Invalid index: 394672)
Failed to process relocation: 6570:2dc0 (Invalid index: 394656)
Failed to process relocation: 6570:2da9 (Invalid index: 394633)
Failed to process relocation: 6570:2d98 (Invalid index: 394616)
Failed to process relocation: 6570:2d88 (Invalid index: 394600)
Failed to process relocation: 6570:2d78 (Invalid index: 394584)
Failed to process relocation: 6570:2d67 (Invalid index: 394567)
Failed to process relocation: 6570:2d50 (Invalid index: 394544)
Failed to process relocation: 6570:2d40 (Invalid index: 394528)
Failed to process relocation: 6570:2d30 (Invalid index: 394512)
Failed to process relocation: 6570:2d14 (Invalid index: 394484)
Failed to process relocation: 6570:2cf9 (Invalid index: 394457)
Failed to process relocation: 6570:2ce6 (Invalid index: 394438)
Failed to process relocation: 6570:2ccb (Invalid index: 394411)
Failed to process relocation: 6570:2c95 (Invalid index: 394357)
Failed to process relocation: 6570:2c79 (Invalid index: 394329)
Failed to process relocation: 6570:2c6a (Invalid index: 394314)
Failed to process relocation: 6570:2c5b (Invalid index: 394299)
Failed to process relocation: 6570:2c1f (Invalid index: 394239)
Failed to process relocation: 6570:2bff (Invalid index: 394207)
Failed to process relocation: 6570:2ba6 (Invalid index: 394118)
Failed to process relocation: 6570:31d0 (Invalid index: 395696)
Failed to process relocation: 6570:31cb (Invalid index: 395691)
Failed to process relocation: 6570:31c1 (Invalid index: 395681)
Failed to process relocation: 6570:31bc (Invalid index: 395676)
Failed to process relocation: 6570:31b3 (Invalid index: 395667)
Failed to process relocation: 6570:31a9 (Invalid index: 395657)
Failed to process relocation: 6570:31a4 (Invalid index: 395652)
Failed to process relocation: 6570:3194 (Invalid index: 395636)
Failed to process relocation: 6570:3140 (Invalid index: 395552)
Failed to process relocation: 6570:3111 (Invalid index: 395505)
Failed to process relocation: 6570:30ed (Invalid index: 395469)
Failed to process relocation: 6570:30de (Invalid index: 395454)
Failed to process relocation: 6570:30cf (Invalid index: 395439)
Failed to process relocation: 6570:30c0 (Invalid index: 395424)
Failed to process relocation: 6570:30b1 (Invalid index: 395409)
Failed to process relocation: 6570:30a2 (Invalid index: 395394)
Failed to process relocation: 6570:3093 (Invalid index: 395379)
Failed to process relocation: 6570:3084 (Invalid index: 395364)
Failed to process relocation: 6570:3075 (Invalid index: 395349)
Failed to process relocation: 6570:3068 (Invalid index: 395336)
Failed to process relocation: 6570:3043 (Invalid index: 395299)
Failed to process relocation: 6570:2f39 (Invalid index: 395033)
Failed to process relocation: 6570:35fb (Invalid index: 396763)
Failed to process relocation: 6570:35bf (Invalid index: 396703)
Failed to process relocation: 6570:3593 (Invalid index: 396659)
Failed to process relocation: 6570:3566 (Invalid index: 396614)
Failed to process relocation: 6570:3541 (Invalid index: 396577)
Failed to process relocation: 6570:3511 (Invalid index: 396529)
Failed to process relocation: 6570:3502 (Invalid index: 396514)
Failed to process relocation: 6570:34e6 (Invalid index: 396486)
Failed to process relocation: 6570:34e0 (Invalid index: 396480)
Failed to process relocation: 6570:34d6 (Invalid index: 396470)
Failed to process relocation: 6570:34c5 (Invalid index: 396453)
Failed to process relocation: 6570:34bb (Invalid index: 396443)
Failed to process relocation: 6570:34b1 (Invalid index: 396433)
Failed to process relocation: 6570:34a7 (Invalid index: 396423)
Failed to process relocation: 6570:349d (Invalid index: 396413)
Failed to process relocation: 6570:3493 (Invalid index: 396403)
Failed to process relocation: 6570:3489 (Invalid index: 396393)
Failed to process relocation: 6570:347f (Invalid index: 396383)
Failed to process relocation: 6570:3474 (Invalid index: 396372)
Failed to process relocation: 6570:346b (Invalid index: 396363)
Failed to process relocation: 6570:3437 (Invalid index: 396311)
Failed to process relocation: 6570:3421 (Invalid index: 396289)
Failed to process relocation: 6570:33da (Invalid index: 396218)
Failed to process relocation: 6570:33c1 (Invalid index: 396193)
Failed to process relocation: 6570:3377 (Invalid index: 396119)
Failed to process relocation: 6570:3368 (Invalid index: 396104)
Failed to process relocation: 6570:3337 (Invalid index: 396055)
Failed to process relocation: 6570:3327 (Invalid index: 396039)
Failed to process relocation: 6570:3317 (Invalid index: 396023)
Failed to process relocation: 6570:3306 (Invalid index: 396006)
Failed to process relocation: 6570:32fd (Invalid index: 395997)
Failed to process relocation: 6570:32f5 (Invalid index: 395989)
Failed to process relocation: 6570:32ec (Invalid index: 395980)
Failed to process relocation: 6570:32bc (Invalid index: 395932)
Failed to process relocation: 6570:32a6 (Invalid index: 395910)
Failed to process relocation: 6570:3297 (Invalid index: 395895)
Failed to process relocation: 6570:3287 (Invalid index: 395879)
Failed to process relocation: 6570:3277 (Invalid index: 395863)
Failed to process relocation: 6570:3267 (Invalid index: 395847)
Failed to process relocation: 6570:39bd (Invalid index: 397725)
Failed to process relocation: 6570:39b8 (Invalid index: 397720)
Failed to process relocation: 6570:39af (Invalid index: 397711)
Failed to process relocation: 6570:39a5 (Invalid index: 397701)
Failed to process relocation: 6570:39a0 (Invalid index: 397696)
Failed to process relocation: 6570:3990 (Invalid index: 397680)
Failed to process relocation: 6570:3988 (Invalid index: 397672)
Failed to process relocation: 6570:3983 (Invalid index: 397667)
Failed to process relocation: 6570:3979 (Invalid index: 397657)
Failed to process relocation: 6570:3974 (Invalid index: 397652)
Failed to process relocation: 6570:396b (Invalid index: 397643)
Failed to process relocation: 6570:3961 (Invalid index: 397633)
Failed to process relocation: 6570:395c (Invalid index: 397628)
Failed to process relocation: 6570:3953 (Invalid index: 397619)
Failed to process relocation: 6570:3949 (Invalid index: 397609)
Failed to process relocation: 6570:3944 (Invalid index: 397604)
Failed to process relocation: 6570:393b (Invalid index: 397595)
Failed to process relocation: 6570:3931 (Invalid index: 397585)
Failed to process relocation: 6570:392c (Invalid index: 397580)
 (ProgramLoader)  
INFO  IMPORTING: Loaded 0 additional files (HeadlessAnalyzer)  
INFO  REPORT: Execute script: MarkOverlayThunks 'pre' '3ab8'  (HeadlessAnalyzer)  
INFO  SCRIPT: C:\prog\jwcad\ghidra_scripts\MarkOverlayThunks.java (HeadlessAnalyzer)  
INFO  MarkOverlayThunks.java> cd 3f sites: 119 (GhidraScript)  
INFO  MarkOverlayThunks.java> overlay trap operands marked as data: 119 of 119 (GhidraScript)  
INFO  ANALYZING all memory and code: file:///C:/prog/jwcad/ovl/jw11.exe (HeadlessAnalyzer)  
ERROR Failed to create function at 28b3:0f86 since its body contains referring thunk at 28b3:0ee9 (CreateFunctionCmd)  
WARN  Decompiling 32b2:1528: Unable to read bytes at ram:0000:7be2 (DecompileCallback)  
WARN  Decompiling 32b2:0d40, pcode error at 3000:5054: Unable to resolve constructor at 3000:5054 (DecompileCallback)  
WARN  Decompiling 32b2:0d40, pcode error at 3000:b9da: Unable to resolve constructor at 3000:b9da (DecompileCallback)  
WARN  Decompiling 12c1:097e, pcode error at 1000:5097: Unable to resolve constructor at 1000:5097 (DecompileCallback)  
WARN  Decompiling 1000:0a81, pcode error at 1000:0a6f: Unable to resolve constructor at 1000:0a6f (DecompileCallback)  
WARN  Decompiling 1000:0a81, pcode error at 1000:0a4b: Unable to resolve constructor at 1000:0a4b (DecompileCallback)  
WARN  Decompiling 1000:0a81, pcode error at 1000:0818: Unable to resolve constructor at 1000:0818 (DecompileCallback)  
WARN  Decompiling 21f2:246e, pcode error at 2000:3158: Unable to resolve constructor at 2000:3158 (DecompileCallback)  
WARN  Decompiling 21f2:246e, pcode error at 2000:7191: Unable to resolve constructor at 2000:7191 (DecompileCallback)  
INFO  Packed database cache: C:\Users\yomei\AppData\Local\ghidra\packed-db-cache (PackedDatabaseCache)  
INFO  Applied data type archive: generic_clib (ApplyDataArchiveAnalyzer)  
INFO  -----------------------------------------------------
    ASCII Strings                              0.377 secs
    Apply Data Archives                        0.423 secs
    Call Convention ID                         0.003 secs
    Call-Fixup Installer                       0.015 secs
    Create Function                            0.513 secs
    Data Reference                             0.032 secs
    Decompiler Switch Analysis                21.664 secs
    Demangler GNU                              0.045 secs
    Disassemble                                1.894 secs
    Disassemble Entry Points                   0.167 secs
    Embedded Media                             0.015 secs
    External Entry References                  0.001 secs
    Function ID                                0.124 secs
    Function Start Search                      0.028 secs
    Non-Returning Functions - Discovered       0.571 secs
    Reference                                  0.049 secs
    Segmented X86 Calling Conventions          0.002 secs
    Shared Return Calls                        0.168 secs
    Stack                                      3.061 secs
    Subroutine References                      0.105 secs
    Subroutine References - One Time           0.000 secs
    X86 Function Callee Purge                  0.127 secs
    x86 Constant Reference Analyzer            1.820 secs
-----------------------------------------------------
     Total Time   31 secs
-----------------------------------------------------
 (AutoAnalysisManager)  
INFO  REPORT: Analysis succeeded for file: file:///C:/prog/jwcad/ovl/jw11.exe (HeadlessAnalyzer)  
INFO  REPORT: Execute script: MarkOverlayThunks 'post' '3ab8' 'C:\prog\jwcad\entries\11.txt' '11'  (HeadlessAnalyzer)  
INFO  SCRIPT: C:\prog\jwcad\ghidra_scripts\MarkOverlayThunks.java (HeadlessAnalyzer)  
INFO  MarkOverlayThunks.java> cd 3f sites: 119 (GhidraScript)  
INFO  MarkOverlayThunks.java> overlay traps given a fall-through: 119, references added: 3 (GhidraScript)  
INFO  MarkOverlayThunks.java> overlay entry points seeded: 3 (GhidraScript)  
INFO  MarkOverlayThunks.java> overlay hole cleared: 0 stray functions (GhidraScript)  
INFO  REPORT: Execute script: DecompileAll 'C:\prog\jwcad\out\ovl11' '3ab8' '4375'  (HeadlessAnalyzer)  
INFO  SCRIPT: C:\prog\jwcad\ghidra_scripts\DecompileAll.java (HeadlessAnalyzer)  
WARN  Decompiling 3ab8:5171, pcode error at 4000:f0c7: Disassembly not permitted within uninitialized memory block (DecompileCallback)  
WARN  Decompiling 3ab8:5171, pcode error at 4000:fcf5: Disassembly not permitted within uninitialized memory block (DecompileCallback)  
WARN  Decompiling 3ab8:517f, pcode error at 4000:f0c7: Disassembly not permitted within uninitialized memory block (DecompileCallback)  
WARN  Decompiling 3ab8:517f, pcode error at 4000:fcf5: Disassembly not permitted within uninitialized memory block (DecompileCallback)  
WARN  Decompiling 3ab8:522f, pcode error at 4000:f0c7: Disassembly not permitted within uninitialized memory block (DecompileCallback)  
WARN  Decompiling 3ab8:522f, pcode error at 4000:fcf5: Disassembly not permitted within uninitialized memory block (DecompileCallback)  
WARN  Decompiling 3ab8:5403, pcode error at 4000:f0c7: Disassembly not permitted within uninitialized memory block (DecompileCallback)  
WARN  Decompiling 3ab8:5403, pcode error at 4000:fcf5: Disassembly not permitted within uninitialized memory block (DecompileCallback)  
INFO  DecompileAll.java> decompiled 24 functions, 0 failed (GhidraScript)  
INFO  ANALYZING changes made by post scripts: file:///C:/prog/jwcad/ovl/jw11.exe (HeadlessAnalyzer)  
INFO  REPORT: Post-analysis succeeded for file: file:///C:/prog/jwcad/ovl/jw11.exe (HeadlessAnalyzer)  
INFO  /jw11.exe: file created (yomei) (LocalFileSystem)  
INFO  REPORT: Save succeeded for: /jw11.exe (ovl11:/jw11.exe) (HeadlessAnalyzer)  
INFO  REPORT: Import succeeded (HeadlessAnalyzer)  
