INFO  Using log config file: jar:file:/C:/prog/ghidra/ghidra_12.1.3_PUBLIC/Ghidra/Framework/Generic/lib/Generic.jar!/generic.log4j.xml (LoggingInitialization)  
INFO  Using log file: C:\Users\yomei\AppData\Roaming\ghidra\ghidra_12.1.3_PUBLIC\application.log (LoggingInitialization)  
INFO  Loading user preferences: C:\Users\yomei\AppData\Roaming\ghidra\ghidra_12.1.3_PUBLIC\preferences (Preferences)  
INFO  Searching for classes... (ClassSearcher)  
INFO  Class search complete (1014 ms) (ClassSearcher)  
INFO  Initializing SSL Context (DefaultSSLContextInitializer)  
INFO  Initializing Random Number Generator... (SecureRandomFactory)  
INFO  Random Number Generator initialization complete: SHA1PRNG (SecureRandomFactory)  
INFO  Trust manager disabled, cacerts have not been set (DefaultTrustManagerFactory)  
INFO  Headless startup complete (10067 ms) (AnalyzeHeadless)  
INFO  Class searcher loaded 59 extension points (20 false positives) (ClassSearcher)  
INFO  HEADLESS Script Paths:
    C:\prog\ghidra\ghidra_12.1.3_PUBLIC\Ghidra\Debug\Debugger-rmi-trace\ghidra_scripts
    C:\prog\ghidra\ghidra_12.1.3_PUBLIC\Ghidra\Features\FileFormats\ghidra_scripts
    C:\prog\ghidra\ghidra_12.1.3_PUBLIC\Ghidra\Features\GnuDemangler\ghidra_scripts
    C:\prog\ghidra\ghidra_12.1.3_PUBLIC\Ghidra\Features\VersionTracking\ghidra_scripts
    C:\prog\ghidra\ghidra_12.1.3_PUBLIC\Ghidra\Debug\Debugger\ghidra_scripts
    C:\prog\ghidra\ghidra_12.1.3_PUBLIC\Ghidra\Processors\8051\ghidra_scripts
    C:\prog\ghidra\ghidra_12.1.3_PUBLIC\Ghidra\Features\BSim\ghidra_scripts
    C:\prog\ghidra\ghidra_12.1.3_PUBLIC\Ghidra\Features\WildcardAssembler\ghidra_scripts
    C:\prog\ghidra\ghidra_12.1.3_PUBLIC\Ghidra\Features\FunctionID\ghidra_scripts
    C:\prog\ghidra\ghidra_12.1.3_PUBLIC\Ghidra\Features\SystemEmulation\ghidra_scripts
    C:\prog\ghidra\ghidra_12.1.3_PUBLIC\Ghidra\Processors\PIC\ghidra_scripts
    C:\prog\ghidra\ghidra_12.1.3_PUBLIC\Ghidra\Features\PDB\ghidra_scripts
    C:\prog\ghidra\ghidra_12.1.3_PUBLIC\Ghidra\Features\DecompilerDependent\ghidra_scripts
    C:\prog\ghidra\ghidra_12.1.3_PUBLIC\Ghidra\Features\SwiftDemangler\ghidra_scripts
    C:\prog\ghidra\ghidra_12.1.3_PUBLIC\Ghidra\Features\MicrosoftCodeAnalyzer\ghidra_scripts
    C:\prog\ghidra\ghidra_12.1.3_PUBLIC\Ghidra\Processors\DATA\ghidra_scripts
    C:\prog\ghidra\ghidra_12.1.3_PUBLIC\Ghidra\Features\Decompiler\ghidra_scripts
    C:\prog\ghidra\ghidra_12.1.3_PUBLIC\Ghidra\Features\BytePatterns\ghidra_scripts
    C:\prog\ghidra\ghidra_12.1.3_PUBLIC\Ghidra\Features\PyGhidra\ghidra_scripts
    C:\prog\ghidra\ghidra_12.1.3_PUBLIC\Ghidra\Processors\Atmel\ghidra_scripts
    C:\prog\ghidra\ghidra_12.1.3_PUBLIC\Ghidra\Features\Base\ghidra_scripts
    C:\prog\jwcad\ghidra_scripts
    C:\prog\ghidra\ghidra_12.1.3_PUBLIC\Ghidra\Processors\JVM\ghidra_scripts (HeadlessAnalyzer)  
INFO  HEADLESS: execution starts (HeadlessAnalyzer)  
INFO  Creating temporary project: C:\prog\jwcad\proj\ovl30 (HeadlessAnalyzer)  
INFO  Creating project: C:\prog\jwcad\proj\ovl30 (DefaultProject)  
INFO  REPORT: Processing input files:  (HeadlessAnalyzer)  
INFO       project: C:\prog\jwcad\proj\ovl30 (HeadlessAnalyzer)  
INFO  IMPORTING: file:///C:/prog/jwcad/ovl/jw30.exe (HeadlessAnalyzer)  
INFO  Using Loader: Old-style DOS Executable (MZ) (ProgramLoader)  
INFO  Using Language/Compiler: x86:LE:16:Real Mode:default (ProgramLoader)  
INFO  Using Library Search Path: [., C:\Windows\SysWOW64, C:\prog\ghidra\jdk21\bin, C:\Windows\Sun\Java\bin, C:\Windows\system32, C:\Windows, C:\Program Files\Python312\Scripts\, C:\Program Files\Python312\, C:\Windows\System32\Wbem, C:\Windows\System32\WindowsPowerShell\v1.0\, C:\Windows\System32\OpenSSH\, C:\Program Files\Amazon\AWSCLIV2\, C:\ProgramData\chocolatey\bin, C:\ffmpeg, C:\Users\yomei\AppData\Local\Microsoft\WindowsApps] (ProgramLoader)  
INFO  Additional info:
There were too many messages to display.
398 messages have been truncated.

Loading file:///C:/prog/jwcad/ovl/jw30.exe?MD5=2fc639696fee9165cf27a22d557b8084...
Failed to process relocation: 6570:03a8 (Invalid index: 382584)
Failed to process relocation: 6570:03a3 (Invalid index: 382579)
Failed to process relocation: 6570:039b (Invalid index: 382571)
Failed to process relocation: 6570:0390 (Invalid index: 382560)
Failed to process relocation: 6570:038b (Invalid index: 382555)
Failed to process relocation: 6570:0382 (Invalid index: 382546)
Failed to process relocation: 6570:036f (Invalid index: 382527)
Failed to process relocation: 6570:0330 (Invalid index: 382464)
Failed to process relocation: 6570:0313 (Invalid index: 382435)
Failed to process relocation: 6570:0303 (Invalid index: 382419)
Failed to process relocation: 6570:02f3 (Invalid index: 382403)
Failed to process relocation: 6570:02e3 (Invalid index: 382387)
Failed to process relocation: 6570:02b1 (Invalid index: 382337)
Failed to process relocation: 6570:02ac (Invalid index: 382332)
Failed to process relocation: 6570:0281 (Invalid index: 382289)
Failed to process relocation: 6570:020d (Invalid index: 382173)
Failed to process relocation: 6570:01df (Invalid index: 382127)
Failed to process relocation: 6570:01c8 (Invalid index: 382104)
Failed to process relocation: 6570:01b8 (Invalid index: 382088)
Failed to process relocation: 6570:01a2 (Invalid index: 382066)
Failed to process relocation: 6570:018c (Invalid index: 382044)
Failed to process relocation: 6570:0176 (Invalid index: 382022)
Failed to process relocation: 6570:0166 (Invalid index: 382006)
Failed to process relocation: 6570:0156 (Invalid index: 381990)
Failed to process relocation: 6570:0146 (Invalid index: 381974)
Failed to process relocation: 6570:0136 (Invalid index: 381958)
Failed to process relocation: 6570:0126 (Invalid index: 381942)
Failed to process relocation: 6570:0110 (Invalid index: 381920)
Failed to process relocation: 6570:00ed (Invalid index: 381885)
Failed to process relocation: 6570:00e8 (Invalid index: 381880)
Failed to process relocation: 6570:00e3 (Invalid index: 381875)
Failed to process relocation: 6570:00db (Invalid index: 381867)
Failed to process relocation: 6570:00d2 (Invalid index: 381858)
Failed to process relocation: 6570:0098 (Invalid index: 381800)
Failed to process relocation: 6570:0086 (Invalid index: 381782)
Failed to process relocation: 6570:007d (Invalid index: 381773)
Failed to process relocation: 6570:0075 (Invalid index: 381765)
Failed to process relocation: 6570:006c (Invalid index: 381756)
Failed to process relocation: 6570:0054 (Invalid index: 381732)
Failed to process relocation: 6570:0009 (Invalid index: 381657)
Failed to process relocation: 6570:0760 (Invalid index: 383536)
Failed to process relocation: 6570:0755 (Invalid index: 383525)
Failed to process relocation: 6570:0750 (Invalid index: 383520)
Failed to process relocation: 6570:0748 (Invalid index: 383512)
Failed to process relocation: 6570:0738 (Invalid index: 383496)
Failed to process relocation: 6570:071f (Invalid index: 383471)
Failed to process relocation: 6570:071a (Invalid index: 383466)
Failed to process relocation: 6570:068c (Invalid index: 383324)
Failed to process relocation: 6570:0687 (Invalid index: 383319)
Failed to process relocation: 6570:0679 (Invalid index: 383305)
Failed to process relocation: 6570:0674 (Invalid index: 383300)
Failed to process relocation: 6570:0650 (Invalid index: 383264)
Failed to process relocation: 6570:0616 (Invalid index: 383206)
Failed to process relocation: 6570:060c (Invalid index: 383196)
Failed to process relocation: 6570:0602 (Invalid index: 383186)
Failed to process relocation: 6570:05f8 (Invalid index: 383176)
Failed to process relocation: 6570:05dd (Invalid index: 383149)
Failed to process relocation: 6570:05d2 (Invalid index: 383138)
Failed to process relocation: 6570:05c8 (Invalid index: 383128)
Failed to process relocation: 6570:05be (Invalid index: 383118)
Failed to process relocation: 6570:05b4 (Invalid index: 383108)
Failed to process relocation: 6570:05aa (Invalid index: 383098)
Failed to process relocation: 6570:0595 (Invalid index: 383077)
Failed to process relocation: 6570:0589 (Invalid index: 383065)
Failed to process relocation: 6570:0579 (Invalid index: 383049)
Failed to process relocation: 6570:0550 (Invalid index: 383008)
Failed to process relocation: 6570:054b (Invalid index: 383003)
Failed to process relocation: 6570:0537 (Invalid index: 382983)
Failed to process relocation: 6570:0532 (Invalid index: 382978)
Failed to process relocation: 6570:052d (Invalid index: 382973)
Failed to process relocation: 6570:0525 (Invalid index: 382965)
Failed to process relocation: 6570:051c (Invalid index: 382956)
Failed to process relocation: 6570:0513 (Invalid index: 382947)
Failed to process relocation: 6570:0509 (Invalid index: 382937)
Failed to process relocation: 6570:0504 (Invalid index: 382932)
Failed to process relocation: 6570:04fa (Invalid index: 382922)
Failed to process relocation: 6570:04f1 (Invalid index: 382913)
Failed to process relocation: 6570:04e8 (Invalid index: 382904)
Failed to process relocation: 6570:04df (Invalid index: 382895)
Failed to process relocation: 6570:04d6 (Invalid index: 382886)
Failed to process relocation: 6570:04cc (Invalid index: 382876)
Failed to process relocation: 6570:04c7 (Invalid index: 382871)
Failed to process relocation: 6570:04bd (Invalid index: 382861)
Failed to process relocation: 6570:04b4 (Invalid index: 382852)
Failed to process relocation: 6570:04ac (Invalid index: 382844)
Failed to process relocation: 6570:04a7 (Invalid index: 382839)
Failed to process relocation: 6570:049e (Invalid index: 382830)
Failed to process relocation: 6570:0498 (Invalid index: 382824)
Failed to process relocation: 6570:048e (Invalid index: 382814)
Failed to process relocation: 6570:046a (Invalid index: 382778)
Failed to process relocation: 6570:0461 (Invalid index: 382769)
Failed to process relocation: 6570:0459 (Invalid index: 382761)
Failed to process relocation: 6570:044f (Invalid index: 382751)
Failed to process relocation: 6570:044a (Invalid index: 382746)
Failed to process relocation: 6570:0440 (Invalid index: 382736)
Failed to process relocation: 6570:0437 (Invalid index: 382727)
Failed to process relocation: 6570:042d (Invalid index: 382717)
Failed to process relocation: 6570:0425 (Invalid index: 382709)
Failed to process relocation: 6570:0420 (Invalid index: 382704)
Failed to process relocation: 6570:0417 (Invalid index: 382695)
Failed to process relocation: 6570:040e (Invalid index: 382686)
Failed to process relocation: 6570:0406 (Invalid index: 382678)
Failed to process relocation: 6570:03fd (Invalid index: 382669)
Failed to process relocation: 6570:03f8 (Invalid index: 382664)
Failed to process relocation: 6570:03ef (Invalid index: 382655)
Failed to process relocation: 6570:0b14 (Invalid index: 384484)
Failed to process relocation: 6570:0b0c (Invalid index: 384476)
Failed to process relocation: 6570:0b03 (Invalid index: 384467)
Failed to process relocation: 6570:0afa (Invalid index: 384458)
Failed to process relocation: 6570:0af2 (Invalid index: 384450)
Failed to process relocation: 6570:0ae9 (Invalid index: 384441)
Failed to process relocation: 6570:0ada (Invalid index: 384426)
Failed to process relocation: 6570:0ad5 (Invalid index: 384421)
Failed to process relocation: 6570:0ad0 (Invalid index: 384416)
Failed to process relocation: 6570:0ac7 (Invalid index: 384407)
Failed to process relocation: 6570:0ab8 (Invalid index: 384392)
Failed to process relocation: 6570:0ab3 (Invalid index: 384387)
Failed to process relocation: 6570:0aae (Invalid index: 384382)
Failed to process relocation: 6570:0aa5 (Invalid index: 384373)
Failed to process relocation: 6570:0a9c (Invalid index: 384364)
Failed to process relocation: 6570:0a92 (Invalid index: 384354)
Failed to process relocation: 6570:0a89 (Invalid index: 384345)
Failed to process relocation: 6570:0a80 (Invalid index: 384336)
Failed to process relocation: 6570:0a78 (Invalid index: 384328)
Failed to process relocation: 6570:0a6f (Invalid index: 384319)
Failed to process relocation: 6570:0a60 (Invalid index: 384304)
Failed to process relocation: 6570:0a5b (Invalid index: 384299)
Failed to process relocation: 6570:0a56 (Invalid index: 384294)
Failed to process relocation: 6570:0a4d (Invalid index: 384285)
Failed to process relocation: 6570:0a44 (Invalid index: 384276)
Failed to process relocation: 6570:0a36 (Invalid index: 384262)
Failed to process relocation: 6570:0a31 (Invalid index: 384257)
Failed to process relocation: 6570:0a2c (Invalid index: 384252)
Failed to process relocation: 6570:0a23 (Invalid index: 384243)
Failed to process relocation: 6570:0a18 (Invalid index: 384232)
Failed to process relocation: 6570:0a13 (Invalid index: 384227)
Failed to process relocation: 6570:0a0b (Invalid index: 384219)
Failed to process relocation: 6570:0a02 (Invalid index: 384210)
Failed to process relocation: 6570:09fa (Invalid index: 384202)
Failed to process relocation: 6570:09f0 (Invalid index: 384192)
Failed to process relocation: 6570:09eb (Invalid index: 384187)
Failed to process relocation: 6570:09e1 (Invalid index: 384177)
Failed to process relocation: 6570:09dc (Invalid index: 384172)
Failed to process relocation: 6570:09d4 (Invalid index: 384164)
Failed to process relocation: 6570:09cc (Invalid index: 384156)
Failed to process relocation: 6570:09c4 (Invalid index: 384148)
Failed to process relocation: 6570:09b7 (Invalid index: 384135)
Failed to process relocation: 6570:09ae (Invalid index: 384126)
Failed to process relocation: 6570:09a1 (Invalid index: 384113)
Failed to process relocation: 6570:099c (Invalid index: 384108)
Failed to process relocation: 6570:0994 (Invalid index: 384100)
Failed to process relocation: 6570:098b (Invalid index: 384091)
Failed to process relocation: 6570:0985 (Invalid index: 384085)
Failed to process relocation: 6570:097c (Invalid index: 384076)
Failed to process relocation: 6570:0971 (Invalid index: 384065)
Failed to process relocation: 6570:096c (Invalid index: 384060)
Failed to process relocation: 6570:0964 (Invalid index: 384052)
Failed to process relocation: 6570:095b (Invalid index: 384043)
Failed to process relocation: 6570:0955 (Invalid index: 384037)
Failed to process relocation: 6570:094c (Invalid index: 384028)
Failed to process relocation: 6570:0941 (Invalid index: 384017)
Failed to process relocation: 6570:093c (Invalid index: 384012)
Failed to process relocation: 6570:0934 (Invalid index: 384004)
Failed to process relocation: 6570:092b (Invalid index: 383995)
Failed to process relocation: 6570:0923 (Invalid index: 383987)
Failed to process relocation: 6570:0911 (Invalid index: 383969)
Failed to process relocation: 6570:090c (Invalid index: 383964)
Failed to process relocation: 6570:0907 (Invalid index: 383959)
Failed to process relocation: 6570:0902 (Invalid index: 383954)
Failed to process relocation: 6570:08f9 (Invalid index: 383945)
Failed to process relocation: 6570:08ef (Invalid index: 383935)
Failed to process relocation: 6570:08de (Invalid index: 383918)
Failed to process relocation: 6570:08d9 (Invalid index: 383913)
Failed to process relocation: 6570:08d1 (Invalid index: 383905)
Failed to process relocation: 6570:08c2 (Invalid index: 383890)
Failed to process relocation: 6570:08ba (Invalid index: 383882)
Failed to process relocation: 6570:08ad (Invalid index: 383869)
Failed to process relocation: 6570:08a8 (Invalid index: 383864)
Failed to process relocation: 6570:08a3 (Invalid index: 383859)
Failed to process relocation: 6570:089e (Invalid index: 383854)
Failed to process relocation: 6570:0895 (Invalid index: 383845)
Failed to process relocation: 6570:0884 (Invalid index: 383828)
Failed to process relocation: 6570:087f (Invalid index: 383823)
Failed to process relocation: 6570:0876 (Invalid index: 383814)
Failed to process relocation: 6570:085e (Invalid index: 383790)
Failed to process relocation: 6570:0856 (Invalid index: 383782)
Failed to process relocation: 6570:084d (Invalid index: 383773)
Failed to process relocation: 6570:0844 (Invalid index: 383764)
Failed to process relocation: 6570:0829 (Invalid index: 383737)
Failed to process relocation: 6570:0820 (Invalid index: 383728)
Failed to process relocation: 6570:0817 (Invalid index: 383719)
Failed to process relocation: 6570:080d (Invalid index: 383709)
Failed to process relocation: 6570:07ee (Invalid index: 383678)
Failed to process relocation: 6570:07e9 (Invalid index: 383673)
Failed to process relocation: 6570:07e1 (Invalid index: 383665)
Failed to process relocation: 6570:07d6 (Invalid index: 383654)
Failed to process relocation: 6570:07d1 (Invalid index: 383649)
Failed to process relocation: 6570:07c9 (Invalid index: 383641)
Failed to process relocation: 6570:07c4 (Invalid index: 383636)
Failed to process relocation: 6570:07bb (Invalid index: 383627)
Failed to process relocation: 6570:07b3 (Invalid index: 383619)
Failed to process relocation: 6570:07aa (Invalid index: 383610)
Failed to process relocation: 6570:07a2 (Invalid index: 383602)
Failed to process relocation: 6570:079a (Invalid index: 383594)
Failed to process relocation: 6570:0795 (Invalid index: 383589)
Failed to process relocation: 6570:078c (Invalid index: 383580)
Failed to process relocation: 6570:076d (Invalid index: 383549)
Failed to process relocation: 6570:0768 (Invalid index: 383544)
Failed to process relocation: 6570:0ec7 (Invalid index: 385431)
Failed to process relocation: 6570:0ec2 (Invalid index: 385426)
Failed to process relocation: 6570:0eb8 (Invalid index: 385416)
Failed to process relocation: 6570:0eaf (Invalid index: 385407)
Failed to process relocation: 6570:0ea7 (Invalid index: 385399)
Failed to process relocation: 6570:0ea2 (Invalid index: 385394)
Failed to process relocation: 6570:0e9a (Invalid index: 385386)
Failed to process relocation: 6570:0e92 (Invalid index: 385378)
Failed to process relocation: 6570:0e89 (Invalid index: 385369)
Failed to process relocation: 6570:0e81 (Invalid index: 385361)
Failed to process relocation: 6570:0e77 (Invalid index: 385351)
Failed to process relocation: 6570:0e72 (Invalid index: 385346)
Failed to process relocation: 6570:0e68 (Invalid index: 385336)
Failed to process relocation: 6570:0e5f (Invalid index: 385327)
Failed to process relocation: 6570:0e57 (Invalid index: 385319)
Failed to process relocation: 6570:0e4e (Invalid index: 385310)
Failed to process relocation: 6570:0e46 (Invalid index: 385302)
Failed to process relocation: 6570:0e3c (Invalid index: 385292)
Failed to process relocation: 6570:0e37 (Invalid index: 385287)
Failed to process relocation: 6570:0e2d (Invalid index: 385277)
Failed to process relocation: 6570:0e24 (Invalid index: 385268)
Failed to process relocation: 6570:0e1c (Invalid index: 385260)
Failed to process relocation: 6570:0e17 (Invalid index: 385255)
Failed to process relocation: 6570:0e0e (Invalid index: 385246)
Failed to process relocation: 6570:0e06 (Invalid index: 385238)
Failed to process relocation: 6570:0dfd (Invalid index: 385229)
Failed to process relocation: 6570:0df5 (Invalid index: 385221)
Failed to process relocation: 6570:0ded (Invalid index: 385213)
Failed to process relocation: 6570:0de4 (Invalid index: 385204)
Failed to process relocation: 6570:0dda (Invalid index: 385194)
Failed to process relocation: 6570:0dd5 (Invalid index: 385189)
Failed to process relocation: 6570:0dcd (Invalid index: 385181)
Failed to process relocation: 6570:0dc4 (Invalid index: 385172)
Failed to process relocation: 6570:0dbc (Invalid index: 385164)
Failed to process relocation: 6570:0db4 (Invalid index: 385156)
Failed to process relocation: 6570:0dab (Invalid index: 385147)
Failed to process relocation: 6570:0da2 (Invalid index: 385138)
Failed to process relocation: 6570:0d9a (Invalid index: 385130)
Failed to process relocation: 6570:0d92 (Invalid index: 385122)
Failed to process relocation: 6570:0d89 (Invalid index: 385113)
Failed to process relocation: 6570:0d80 (Invalid index: 385104)
Failed to process relocation: 6570:0d7a (Invalid index: 385098)
Failed to process relocation: 6570:0d70 (Invalid index: 385088)
Failed to process relocation: 6570:0d2f (Invalid index: 385023)
Failed to process relocation: 6570:0d2a (Invalid index: 385018)
Failed to process relocation: 6570:0d20 (Invalid index: 385008)
Failed to process relocation: 6570:0d1b (Invalid index: 385003)
Failed to process relocation: 6570:0d12 (Invalid index: 384994)
Failed to process relocation: 6570:0d08 (Invalid index: 384984)
Failed to process relocation: 6570:0d03 (Invalid index: 384979)
Failed to process relocation: 6570:0cfa (Invalid index: 384970)
Failed to process relocation: 6570:0cf0 (Invalid index: 384960)
Failed to process relocation: 6570:0ceb (Invalid index: 384955)
Failed to process relocation: 6570:0ce3 (Invalid index: 384947)
Failed to process relocation: 6570:0cd9 (Invalid index: 384937)
Failed to process relocation: 6570:0cd4 (Invalid index: 384932)
Failed to process relocation: 6570:0cc9 (Invalid index: 384921)
Failed to process relocation: 6570:0cc1 (Invalid index: 384913)
Failed to process relocation: 6570:0cb8 (Invalid index: 384904)
Failed to process relocation: 6570:0cb0 (Invalid index: 384896)
Failed to process relocation: 6570:0ca6 (Invalid index: 384886)
Failed to process relocation: 6570:0ca1 (Invalid index: 384881)
Failed to process relocation: 6570:0c97 (Invalid index: 384871)
Failed to process relocation: 6570:0c92 (Invalid index: 384866)
Failed to process relocation: 6570:0c89 (Invalid index: 384857)
Failed to process relocation: 6570:0c81 (Invalid index: 384849)
Failed to process relocation: 6570:0c78 (Invalid index: 384840)
Failed to process relocation: 6570:0c70 (Invalid index: 384832)
Failed to process relocation: 6570:0c66 (Invalid index: 384822)
Failed to process relocation: 6570:0c61 (Invalid index: 384817)
Failed to process relocation: 6570:0c57 (Invalid index: 384807)
Failed to process relocation: 6570:0c52 (Invalid index: 384802)
Failed to process relocation: 6570:0c49 (Invalid index: 384793)
Failed to process relocation: 6570:0c40 (Invalid index: 384784)
Failed to process relocation: 6570:0c37 (Invalid index: 384775)
Failed to process relocation: 6570:0c2f (Invalid index: 384767)
Failed to process relocation: 6570:0c2a (Invalid index: 384762)
Failed to process relocation: 6570:0c21 (Invalid index: 384753)
Failed to process relocation: 6570:0c14 (Invalid index: 384740)
Failed to process relocation: 6570:0c0f (Invalid index: 384735)
Failed to process relocation: 6570:0c07 (Invalid index: 384727)
Failed to process relocation: 6570:0be9 (Invalid index: 384697)
Failed to process relocation: 6570:0be4 (Invalid index: 384692)
Failed to process relocation: 6570:0bdf (Invalid index: 384687)
Failed to process relocation: 6570:0bd7 (Invalid index: 384679)
Failed to process relocation: 6570:0bcb (Invalid index: 384667)
Failed to process relocation: 6570:0bc6 (Invalid index: 384662)
Failed to process relocation: 6570:0bbc (Invalid index: 384652)
Failed to process relocation: 6570:0bb7 (Invalid index: 384647)
Failed to process relocation: 6570:0bae (Invalid index: 384638)
Failed to process relocation: 6570:0ba4 (Invalid index: 384628)
Failed to process relocation: 6570:0b9f (Invalid index: 384623)
Failed to process relocation: 6570:0b96 (Invalid index: 384614)
Failed to process relocation: 6570:0b8c (Invalid index: 384604)
Failed to process relocation: 6570:0b87 (Invalid index: 384599)
Failed to process relocation: 6570:0b7e (Invalid index: 384590)
Failed to process relocation: 6570:0b74 (Invalid index: 384580)
Failed to process relocation: 6570:0b6f (Invalid index: 384575)
Failed to process relocation: 6570:0b64 (Invalid index: 384564)
Failed to process relocation: 6570:0b5f (Invalid index: 384559)
Failed to process relocation: 6570:1276 (Invalid index: 386374)
Failed to process relocation: 6570:124b (Invalid index: 386331)
Failed to process relocation: 6570:1235 (Invalid index: 386309)
Failed to process relocation: 6570:1215 (Invalid index: 386277)
Failed to process relocation: 6570:11e4 (Invalid index: 386228)
Failed to process relocation: 6570:11a0 (Invalid index: 386160)
Failed to process relocation: 6570:1196 (Invalid index: 386150)
Failed to process relocation: 6570:1186 (Invalid index: 386134)
Failed to process relocation: 6570:117c (Invalid index: 386124)
Failed to process relocation: 6570:1172 (Invalid index: 386114)
Failed to process relocation: 6570:1162 (Invalid index: 386098)
Failed to process relocation: 6570:1151 (Invalid index: 386081)
Failed to process relocation: 6570:1144 (Invalid index: 386068)
Failed to process relocation: 6570:113f (Invalid index: 386063)
Failed to process relocation: 6570:113a (Invalid index: 386058)
Failed to process relocation: 6570:1127 (Invalid index: 386039)
Failed to process relocation: 6570:1122 (Invalid index: 386034)
Failed to process relocation: 6570:110a (Invalid index: 386010)
Failed to process relocation: 6570:1101 (Invalid index: 386001)
Failed to process relocation: 6570:10f7 (Invalid index: 385991)
Failed to process relocation: 6570:10f2 (Invalid index: 385986)
Failed to process relocation: 6570:10e8 (Invalid index: 385976)
Failed to process relocation: 6570:10d9 (Invalid index: 385961)
Failed to process relocation: 6570:10d1 (Invalid index: 385953)
Failed to process relocation: 6570:10cc (Invalid index: 385948)
Failed to process relocation: 6570:10be (Invalid index: 385934)
Failed to process relocation: 6570:10b9 (Invalid index: 385929)
Failed to process relocation: 6570:10aa (Invalid index: 385914)
Failed to process relocation: 6570:1073 (Invalid index: 385859)
Failed to process relocation: 6570:106e (Invalid index: 385854)
Failed to process relocation: 6570:1064 (Invalid index: 385844)
Failed to process relocation: 6570:105f (Invalid index: 385839)
Failed to process relocation: 6570:1057 (Invalid index: 385831)
Failed to process relocation: 6570:104d (Invalid index: 385821)
Failed to process relocation: 6570:1048 (Invalid index: 385816)
Failed to process relocation: 6570:1025 (Invalid index: 385781)
Failed to process relocation: 6570:101d (Invalid index: 385773)
Failed to process relocation: 6570:1015 (Invalid index: 385765)
Failed to process relocation: 6570:100c (Invalid index: 385756)
Failed to process relocation: 6570:1003 (Invalid index: 385747)
Failed to process relocation: 6570:0ff9 (Invalid index: 385737)
Failed to process relocation: 6570:0ff4 (Invalid index: 385732)
Failed to process relocation: 6570:0fea (Invalid index: 385722)
Failed to process relocation: 6570:0fe1 (Invalid index: 385713)
Failed to process relocation: 6570:0fd9 (Invalid index: 385705)
Failed to process relocation: 6570:0fd1 (Invalid index: 385697)
Failed to process relocation: 6570:0fc8 (Invalid index: 385688)
Failed to process relocation: 6570:0fbf (Invalid index: 385679)
Failed to process relocation: 6570:0fb5 (Invalid index: 385669)
Failed to process relocation: 6570:0fb0 (Invalid index: 385664)
Failed to process relocation: 6570:0fa6 (Invalid index: 385654)
Failed to process relocation: 6570:0f9d (Invalid index: 385645)
Failed to process relocation: 6570:0f95 (Invalid index: 385637)
Failed to process relocation: 6570:0f90 (Invalid index: 385632)
Failed to process relocation: 6570:0f85 (Invalid index: 385621)
Failed to process relocation: 6570:0f80 (Invalid index: 385616)
Failed to process relocation: 6570:0f76 (Invalid index: 385606)
Failed to process relocation: 6570:0f71 (Invalid index: 385601)
Failed to process relocation: 6570:0f69 (Invalid index: 385593)
Failed to process relocation: 6570:0f5f (Invalid index: 385583)
Failed to process relocation: 6570:0f5a (Invalid index: 385578)
Failed to process relocation: 6570:0f37 (Invalid index: 385543)
Failed to process relocation: 6570:0f2f (Invalid index: 385535)
Failed to process relocation: 6570:0f27 (Invalid index: 385527)
Failed to process relocation: 6570:0f1e (Invalid index: 385518)
Failed to process relocation: 6570:0f15 (Invalid index: 385509)
Failed to process relocation: 6570:0f0b (Invalid index: 385499)
Failed to process relocation: 6570:0f06 (Invalid index: 385494)
Failed to process relocation: 6570:0efc (Invalid index: 385484)
Failed to process relocation: 6570:0ef3 (Invalid index: 385475)
Failed to process relocation: 6570:0eeb (Invalid index: 385467)
Failed to process relocation: 6570:0ee3 (Invalid index: 385459)
Failed to process relocation: 6570:0eda (Invalid index: 385450)
Failed to process relocation: 6570:0ed1 (Invalid index: 385441)
Failed to process relocation: 6570:14b2 (Invalid index: 386946)
Failed to process relocation: 6570:1489 (Invalid index: 386905)
Failed to process relocation: 6570:1475 (Invalid index: 386885)
Failed to process relocation: 6570:1466 (Invalid index: 386870)
Failed to process relocation: 6570:1457 (Invalid index: 386855)
Failed to process relocation: 6570:1448 (Invalid index: 386840)
Failed to process relocation: 6570:1438 (Invalid index: 386824)
Failed to process relocation: 6570:142d (Invalid index: 386813)
Failed to process relocation: 6570:1406 (Invalid index: 386774)
Failed to process relocation: 6570:13f4 (Invalid index: 386756)
Failed to process relocation: 6570:13d8 (Invalid index: 386728)
Failed to process relocation: 6570:13b8 (Invalid index: 386696)
Failed to process relocation: 6570:13a6 (Invalid index: 386678)
Failed to process relocation: 6570:139c (Invalid index: 386668)
Failed to process relocation: 6570:137f (Invalid index: 386639)
Failed to process relocation: 6570:136d (Invalid index: 386621)
Failed to process relocation: 6570:1351 (Invalid index: 386593)
Failed to process relocation: 6570:1334 (Invalid index: 386564)
Failed to process relocation: 6570:131f (Invalid index: 386543)
Failed to process relocation: 6570:12f7 (Invalid index: 386503)
Failed to process relocation: 6570:12e1 (Invalid index: 386481)
Failed to process relocation: 6570:12c1 (Invalid index: 386449)
Failed to process relocation: 6570:1293 (Invalid index: 386403)
Failed to process relocation: 6570:188c (Invalid index: 387932)
Failed to process relocation: 6570:180f (Invalid index: 387807)
Failed to process relocation: 6570:17f5 (Invalid index: 387781)
Failed to process relocation: 6570:17ee (Invalid index: 387774)
Failed to process relocation: 6570:17da (Invalid index: 387754)
Failed to process relocation: 6570:17d1 (Invalid index: 387745)
Failed to process relocation: 6570:17c8 (Invalid index: 387736)
Failed to process relocation: 6570:176a (Invalid index: 387642)
Failed to process relocation: 6570:1753 (Invalid index: 387619)
Failed to process relocation: 6570:174a (Invalid index: 387610)
Failed to process relocation: 6570:1741 (Invalid index: 387601)
Failed to process relocation: 6570:170c (Invalid index: 387548)
Failed to process relocation: 6570:16ee (Invalid index: 387518)
Failed to process relocation: 6570:16a2 (Invalid index: 387442)
Failed to process relocation: 6570:1670 (Invalid index: 387392)
Failed to process relocation: 6570:166b (Invalid index: 387387)
Failed to process relocation: 6570:1662 (Invalid index: 387378)
Failed to process relocation: 6570:165d (Invalid index: 387373)
Failed to process relocation: 6570:1649 (Invalid index: 387353)
Failed to process relocation: 6570:15c0 (Invalid index: 387216)
Failed to process relocation: 6570:1592 (Invalid index: 387170)
Failed to process relocation: 6570:1571 (Invalid index: 387137)
Failed to process relocation: 6570:14fb (Invalid index: 387019)
Failed to process relocation: 6570:195e (Invalid index: 388142)
Failed to process relocation: 6570:1949 (Invalid index: 388121)
Failed to process relocation: 6570:1942 (Invalid index: 388114)
Failed to process relocation: 6570:191d (Invalid index: 388077)
Failed to process relocation: 6570:18d3 (Invalid index: 388003)
Failed to process relocation: 6570:1d1c (Invalid index: 389100)
Failed to process relocation: 6570:1d13 (Invalid index: 389091)
Failed to process relocation: 6570:1d0e (Invalid index: 389086)
Failed to process relocation: 6570:1d09 (Invalid index: 389081)
Failed to process relocation: 6570:1d04 (Invalid index: 389076)
Failed to process relocation: 6570:1cfb (Invalid index: 389067)
Failed to process relocation: 6570:1ce3 (Invalid index: 389043)
Failed to process relocation: 6570:1cd9 (Invalid index: 389033)
Failed to process relocation: 6570:1cce (Invalid index: 389022)
Failed to process relocation: 6570:1cc9 (Invalid index: 389017)
Failed to process relocation: 6570:1cc0 (Invalid index: 389008)
Failed to process relocation: 6570:1cb3 (Invalid index: 388995)
Failed to process relocation: 6570:1cae (Invalid index: 388990)
Failed to process relocation: 6570:1ca5 (Invalid index: 388981)
Failed to process relocation: 6570:1c9a (Invalid index: 388970)
Failed to process relocation: 6570:1c95 (Invalid index: 388965)
Failed to process relocation: 6570:1c90 (Invalid index: 388960)
Failed to process relocation: 6570:1c87 (Invalid index: 388951)
Failed to process relocation: 6570:1c76 (Invalid index: 388934)
Failed to process relocation: 6570:1c68 (Invalid index: 388920)
Failed to process relocation: 6570:1c58 (Invalid index: 388904)
Failed to process relocation: 6570:1c41 (Invalid index: 388881)
Failed to process relocation: 6570:1c30 (Invalid index: 388864)
Failed to process relocation: 6570:1c14 (Invalid index: 388836)
Failed to process relocation: 6570:1bf3 (Invalid index: 388803)
Failed to process relocation: 6570:1beb (Invalid index: 388795)
Failed to process relocation: 6570:1bc8 (Invalid index: 388760)
Failed to process relocation: 6570:1bac (Invalid index: 388732)
Failed to process relocation: 6570:1ba3 (Invalid index: 388723)
Failed to process relocation: 6570:1b9e (Invalid index: 388718)
Failed to process relocation: 6570:1b8a (Invalid index: 388698)
Failed to process relocation: 6570:1b19 (Invalid index: 388585)
Failed to process relocation: 6570:1b14 (Invalid index: 388580)
Failed to process relocation: 6570:1b0d (Invalid index: 388573)
Failed to process relocation: 6570:1b00 (Invalid index: 388560)
Failed to process relocation: 6570:1af9 (Invalid index: 388553)
Failed to process relocation: 6570:1ae9 (Invalid index: 388537)
Failed to process relocation: 6570:1ac9 (Invalid index: 388505)
Failed to process relocation: 6570:1aa5 (Invalid index: 388469)
Failed to process relocation: 6570:19ab (Invalid index: 388219)
Failed to process relocation: 6570:1973 (Invalid index: 388163)
Failed to process relocation: 6570:20a6 (Invalid index: 390006)
Failed to process relocation: 6570:208d (Invalid index: 389981)
Failed to process relocation: 6570:2071 (Invalid index: 389953)
Failed to process relocation: 6570:1fa3 (Invalid index: 389747)
Failed to process relocation: 6570:1f5c (Invalid index: 389676)
Failed to process relocation: 6570:1e98 (Invalid index: 389480)
Failed to process relocation: 6570:1e7e (Invalid index: 389454)
Failed to process relocation: 6570:1e77 (Invalid index: 389447)
Failed to process relocation: 6570:1e5f (Invalid index: 389423)
Failed to process relocation: 6570:1e56 (Invalid index: 389414)
Failed to process relocation: 6570:1e4d (Invalid index: 389405)
Failed to process relocation: 6570:1def (Invalid index: 389311)
Failed to process relocation: 6570:1dd8 (Invalid index: 389288)
Failed to process relocation: 6570:1dcf (Invalid index: 389279)
Failed to process relocation: 6570:1dc6 (Invalid index: 389270)
Failed to process relocation: 6570:1d61 (Invalid index: 389169)
Failed to process relocation: 6570:1d58 (Invalid index: 389160)
Failed to process relocation: 6570:1d4e (Invalid index: 389150)
Failed to process relocation: 6570:1d49 (Invalid index: 389145)
Failed to process relocation: 6570:1d3b (Invalid index: 389131)
Failed to process relocation: 6570:1d31 (Invalid index: 389121)
Failed to process relocation: 6570:1d26 (Invalid index: 389110)
Failed to process relocation: 6570:1d21 (Invalid index: 389105)
Failed to process relocation: 6570:247e (Invalid index: 390990)
Failed to process relocation: 6570:2477 (Invalid index: 390983)
 (ProgramLoader)  
INFO  IMPORTING: Loaded 0 additional files (HeadlessAnalyzer)  
INFO  REPORT: Execute script: MarkOverlayThunks 'pre' '3ab8'  (HeadlessAnalyzer)  
INFO  SCRIPT: C:\prog\jwcad\ghidra_scripts\MarkOverlayThunks.java (HeadlessAnalyzer)  
INFO  MarkOverlayThunks.java> cd 3f sites: 107 (GhidraScript)  
INFO  MarkOverlayThunks.java> overlay trap operands marked as data: 107 of 107 (GhidraScript)  
INFO  ANALYZING all memory and code: file:///C:/prog/jwcad/ovl/jw30.exe (HeadlessAnalyzer)  
ERROR Failed to create function at 28b3:0f7f since its body contains referring thunk at 28b3:1177 (CreateFunctionCmd)  
WARN  Decompiling 32b2:0d40, pcode error at 3000:5054: Unable to resolve constructor at 3000:5054 (DecompileCallback)  
WARN  Decompiling 1000:0a81, pcode error at 1000:0a6f: Unable to resolve constructor at 1000:0a6f (DecompileCallback)  
WARN  Decompiling 1000:0a81, pcode error at 1000:0a4b: Unable to resolve constructor at 1000:0a4b (DecompileCallback)  
WARN  Decompiling 1000:0a81, pcode error at 1000:0818: Unable to resolve constructor at 1000:0818 (DecompileCallback)  
WARN  Decompiling 12c1:097e, pcode error at 1000:5097: Unable to resolve constructor at 1000:5097 (DecompileCallback)  
WARN  Decompiling 32b2:1528: Unable to read bytes at ram:0000:7be2 (DecompileCallback)  
WARN  Decompiling 21f2:246e, pcode error at 2000:3158: Unable to resolve constructor at 2000:3158 (DecompileCallback)  
WARN  Decompiling 21f2:246e, pcode error at 2000:7191: Unable to resolve constructor at 2000:7191 (DecompileCallback)  
INFO  Packed database cache: C:\Users\yomei\AppData\Local\ghidra\packed-db-cache (PackedDatabaseCache)  
INFO  Applied data type archive: generic_clib (ApplyDataArchiveAnalyzer)  
INFO  -----------------------------------------------------
    ASCII Strings                              0.325 secs
    Apply Data Archives                        0.806 secs
    Call Convention ID                         0.005 secs
    Call-Fixup Installer                       0.014 secs
    Create Function                            0.416 secs
    Data Reference                             0.033 secs
    Decompiler Switch Analysis                20.189 secs
    Demangler GNU                              0.056 secs
    Disassemble                                2.022 secs
    Disassemble Entry Points                   0.159 secs
    Embedded Media                             0.017 secs
    External Entry References                  0.001 secs
    Function ID                                0.128 secs
    Function Start Search                      0.020 secs
    Non-Returning Functions - Discovered       0.404 secs
    Reference                                  0.064 secs
    Segmented X86 Calling Conventions          0.002 secs
    Shared Return Calls                        0.153 secs
    Stack                                      2.844 secs
    Subroutine References                      0.097 secs
    Subroutine References - One Time           0.000 secs
    X86 Function Callee Purge                  0.116 secs
    x86 Constant Reference Analyzer            1.875 secs
-----------------------------------------------------
     Total Time   29 secs
-----------------------------------------------------
 (AutoAnalysisManager)  
INFO  REPORT: Analysis succeeded for file: file:///C:/prog/jwcad/ovl/jw30.exe (HeadlessAnalyzer)  
INFO  REPORT: Execute script: MarkOverlayThunks 'post' '3ab8' 'C:\prog\jwcad\entries\30.txt' '30'  (HeadlessAnalyzer)  
INFO  SCRIPT: C:\prog\jwcad\ghidra_scripts\MarkOverlayThunks.java (HeadlessAnalyzer)  
INFO  MarkOverlayThunks.java> cd 3f sites: 107 (GhidraScript)  
INFO  MarkOverlayThunks.java> overlay traps given a fall-through: 107, references added: 7 (GhidraScript)  
INFO  MarkOverlayThunks.java> overlay entry points seeded: 10 (GhidraScript)  
INFO  MarkOverlayThunks.java> overlay hole cleared: 0 stray functions (GhidraScript)  
INFO  REPORT: Execute script: DecompileAll 'C:\prog\jwcad\out\ovl30' '3ab8' '4375'  (HeadlessAnalyzer)  
INFO  SCRIPT: C:\prog\jwcad\ghidra_scripts\DecompileAll.java (HeadlessAnalyzer)  
WARN  Decompiling 3ab8:4c91, pcode error at 3000:f81f: Failed to resolve varnode <Sreg>, index=6 (DecompileCallback)  
WARN  Decompiling 3ab8:51c5, pcode error at 4000:ff6e: Disassembly not permitted within uninitialized memory block (DecompileCallback)  
WARN  Decompiling 3ab8:522f, pcode error at 4000:ff6e: Disassembly not permitted within uninitialized memory block (DecompileCallback)  
INFO  DecompileAll.java> decompiled 30 functions, 0 failed (GhidraScript)  
INFO  ANALYZING changes made by post scripts: file:///C:/prog/jwcad/ovl/jw30.exe (HeadlessAnalyzer)  
INFO  REPORT: Post-analysis succeeded for file: file:///C:/prog/jwcad/ovl/jw30.exe (HeadlessAnalyzer)  
INFO  /jw30.exe: file created (yomei) (LocalFileSystem)  
INFO  REPORT: Save succeeded for: /jw30.exe (ovl30:/jw30.exe) (HeadlessAnalyzer)  
INFO  REPORT: Import succeeded (HeadlessAnalyzer)  
