INFO  Using log config file: jar:file:/C:/prog/ghidra/ghidra_12.1.3_PUBLIC/Ghidra/Framework/Generic/lib/Generic.jar!/generic.log4j.xml (LoggingInitialization)  
INFO  Using log file: C:\Users\yomei\AppData\Roaming\ghidra\ghidra_12.1.3_PUBLIC\application.log (LoggingInitialization)  
INFO  Loading user preferences: C:\Users\yomei\AppData\Roaming\ghidra\ghidra_12.1.3_PUBLIC\preferences (Preferences)  
INFO  Searching for classes... (ClassSearcher)  
INFO  Class search complete (1036 ms) (ClassSearcher)  
INFO  Initializing SSL Context (DefaultSSLContextInitializer)  
INFO  Initializing Random Number Generator... (SecureRandomFactory)  
INFO  Random Number Generator initialization complete: SHA1PRNG (SecureRandomFactory)  
INFO  Trust manager disabled, cacerts have not been set (DefaultTrustManagerFactory)  
INFO  Headless startup complete (9937 ms) (AnalyzeHeadless)  
INFO  Class searcher loaded 59 extension points (20 false positives) (ClassSearcher)  
INFO  HEADLESS Script Paths:
    C:\prog\ghidra\ghidra_12.1.3_PUBLIC\Ghidra\Debug\Debugger-rmi-trace\ghidra_scripts
    C:\prog\ghidra\ghidra_12.1.3_PUBLIC\Ghidra\Features\FileFormats\ghidra_scripts
    C:\prog\ghidra\ghidra_12.1.3_PUBLIC\Ghidra\Features\GnuDemangler\ghidra_scripts
    C:\prog\ghidra\ghidra_12.1.3_PUBLIC\Ghidra\Features\VersionTracking\ghidra_scripts
    C:\prog\ghidra\ghidra_12.1.3_PUBLIC\Ghidra\Debug\Debugger\ghidra_scripts
    C:\prog\ghidra\ghidra_12.1.3_PUBLIC\Ghidra\Processors\8051\ghidra_scripts
    C:\prog\ghidra\ghidra_12.1.3_PUBLIC\Ghidra\Features\BSim\ghidra_scripts
    C:\prog\ghidra\ghidra_12.1.3_PUBLIC\Ghidra\Features\WildcardAssembler\ghidra_scripts
    C:\prog\ghidra\ghidra_12.1.3_PUBLIC\Ghidra\Features\FunctionID\ghidra_scripts
    C:\prog\ghidra\ghidra_12.1.3_PUBLIC\Ghidra\Features\SystemEmulation\ghidra_scripts
    C:\prog\ghidra\ghidra_12.1.3_PUBLIC\Ghidra\Processors\PIC\ghidra_scripts
    C:\prog\ghidra\ghidra_12.1.3_PUBLIC\Ghidra\Features\PDB\ghidra_scripts
    C:\prog\ghidra\ghidra_12.1.3_PUBLIC\Ghidra\Features\DecompilerDependent\ghidra_scripts
    C:\prog\ghidra\ghidra_12.1.3_PUBLIC\Ghidra\Features\SwiftDemangler\ghidra_scripts
    C:\prog\ghidra\ghidra_12.1.3_PUBLIC\Ghidra\Features\MicrosoftCodeAnalyzer\ghidra_scripts
    C:\prog\ghidra\ghidra_12.1.3_PUBLIC\Ghidra\Processors\DATA\ghidra_scripts
    C:\prog\ghidra\ghidra_12.1.3_PUBLIC\Ghidra\Features\Decompiler\ghidra_scripts
    C:\prog\ghidra\ghidra_12.1.3_PUBLIC\Ghidra\Features\BytePatterns\ghidra_scripts
    C:\prog\ghidra\ghidra_12.1.3_PUBLIC\Ghidra\Features\PyGhidra\ghidra_scripts
    C:\prog\ghidra\ghidra_12.1.3_PUBLIC\Ghidra\Processors\Atmel\ghidra_scripts
    C:\prog\ghidra\ghidra_12.1.3_PUBLIC\Ghidra\Features\Base\ghidra_scripts
    C:\prog\jwcad\ghidra_scripts
    C:\prog\ghidra\ghidra_12.1.3_PUBLIC\Ghidra\Processors\JVM\ghidra_scripts (HeadlessAnalyzer)  
INFO  HEADLESS: execution starts (HeadlessAnalyzer)  
INFO  Creating temporary project: C:\prog\jwcad\proj\ovl32 (HeadlessAnalyzer)  
INFO  Creating project: C:\prog\jwcad\proj\ovl32 (DefaultProject)  
INFO  REPORT: Processing input files:  (HeadlessAnalyzer)  
INFO       project: C:\prog\jwcad\proj\ovl32 (HeadlessAnalyzer)  
INFO  IMPORTING: file:///C:/prog/jwcad/ovl/jw32.exe (HeadlessAnalyzer)  
INFO  Using Loader: Old-style DOS Executable (MZ) (ProgramLoader)  
INFO  Using Language/Compiler: x86:LE:16:Real Mode:default (ProgramLoader)  
INFO  Using Library Search Path: [., C:\Windows\SysWOW64, C:\prog\ghidra\jdk21\bin, C:\Windows\Sun\Java\bin, C:\Windows\system32, C:\Windows, C:\Program Files\Python312\Scripts\, C:\Program Files\Python312\, C:\Windows\System32\Wbem, C:\Windows\System32\WindowsPowerShell\v1.0\, C:\Windows\System32\OpenSSH\, C:\Program Files\Amazon\AWSCLIV2\, C:\ProgramData\chocolatey\bin, C:\ffmpeg, C:\Users\yomei\AppData\Local\Microsoft\WindowsApps] (ProgramLoader)  
INFO  Additional info:
There were too many messages to display.
1017 messages have been truncated.

Loading file:///C:/prog/jwcad/ovl/jw32.exe?MD5=b90b5ee4e26f60649ed6bc2e98f22ba4...
Failed to process relocation: 6570:0379 (Invalid index: 385017)
Failed to process relocation: 6570:0361 (Invalid index: 384993)
Failed to process relocation: 6570:0342 (Invalid index: 384962)
Failed to process relocation: 6570:0331 (Invalid index: 384945)
Failed to process relocation: 6570:031c (Invalid index: 384924)
Failed to process relocation: 6570:02f3 (Invalid index: 384883)
Failed to process relocation: 6570:02e1 (Invalid index: 384865)
Failed to process relocation: 6570:02d3 (Invalid index: 384851)
Failed to process relocation: 6570:02c4 (Invalid index: 384836)
Failed to process relocation: 6570:02b5 (Invalid index: 384821)
Failed to process relocation: 6570:02a8 (Invalid index: 384808)
Failed to process relocation: 6570:02a1 (Invalid index: 384801)
Failed to process relocation: 6570:0294 (Invalid index: 384788)
Failed to process relocation: 6570:028d (Invalid index: 384781)
Failed to process relocation: 6570:0280 (Invalid index: 384768)
Failed to process relocation: 6570:0271 (Invalid index: 384753)
Failed to process relocation: 6570:0250 (Invalid index: 384720)
Failed to process relocation: 6570:0231 (Invalid index: 384689)
Failed to process relocation: 6570:021c (Invalid index: 384668)
Failed to process relocation: 6570:020a (Invalid index: 384650)
Failed to process relocation: 6570:01e1 (Invalid index: 384609)
Failed to process relocation: 6570:01c3 (Invalid index: 384579)
Failed to process relocation: 6570:01a7 (Invalid index: 384551)
Failed to process relocation: 6570:015b (Invalid index: 384475)
Failed to process relocation: 6570:0102 (Invalid index: 384386)
Failed to process relocation: 6570:00f8 (Invalid index: 384376)
Failed to process relocation: 6570:00f3 (Invalid index: 384371)
Failed to process relocation: 6570:00eb (Invalid index: 384363)
Failed to process relocation: 6570:00e1 (Invalid index: 384353)
Failed to process relocation: 6570:00dc (Invalid index: 384348)
Failed to process relocation: 6570:00d4 (Invalid index: 384340)
Failed to process relocation: 6570:00be (Invalid index: 384318)
Failed to process relocation: 6570:00ab (Invalid index: 384299)
Failed to process relocation: 6570:006e (Invalid index: 384238)
Failed to process relocation: 6570:0054 (Invalid index: 384212)
Failed to process relocation: 6570:0045 (Invalid index: 384197)
Failed to process relocation: 6570:002c (Invalid index: 384172)
Failed to process relocation: 6570:0009 (Invalid index: 384137)
Failed to process relocation: 6570:044b (Invalid index: 385227)
Failed to process relocation: 6570:0423 (Invalid index: 385187)
Failed to process relocation: 6570:040e (Invalid index: 385166)
Failed to process relocation: 6570:073c (Invalid index: 385980)
Failed to process relocation: 6570:0724 (Invalid index: 385956)
Failed to process relocation: 6570:071e (Invalid index: 385950)
Failed to process relocation: 6570:070f (Invalid index: 385935)
Failed to process relocation: 6570:0700 (Invalid index: 385920)
Failed to process relocation: 6570:06f1 (Invalid index: 385905)
Failed to process relocation: 6570:06dc (Invalid index: 385884)
Failed to process relocation: 6570:06ca (Invalid index: 385866)
Failed to process relocation: 6570:06bc (Invalid index: 385852)
Failed to process relocation: 6570:06ab (Invalid index: 385835)
Failed to process relocation: 6570:0697 (Invalid index: 385815)
Failed to process relocation: 6570:067a (Invalid index: 385786)
Failed to process relocation: 6570:066a (Invalid index: 385770)
Failed to process relocation: 6570:0653 (Invalid index: 385747)
Failed to process relocation: 6570:064b (Invalid index: 385739)
Failed to process relocation: 6570:062e (Invalid index: 385710)
Failed to process relocation: 6570:061a (Invalid index: 385690)
Failed to process relocation: 6570:060a (Invalid index: 385674)
Failed to process relocation: 6570:05f7 (Invalid index: 385655)
Failed to process relocation: 6570:05e3 (Invalid index: 385635)
Failed to process relocation: 6570:05d1 (Invalid index: 385617)
Failed to process relocation: 6570:05c1 (Invalid index: 385601)
Failed to process relocation: 6570:05a4 (Invalid index: 385572)
Failed to process relocation: 6570:0594 (Invalid index: 385556)
Failed to process relocation: 6570:0586 (Invalid index: 385542)
Failed to process relocation: 6570:0581 (Invalid index: 385537)
Failed to process relocation: 6570:056f (Invalid index: 385519)
Failed to process relocation: 6570:0530 (Invalid index: 385456)
Failed to process relocation: 6570:051e (Invalid index: 385438)
Failed to process relocation: 6570:0510 (Invalid index: 385424)
Failed to process relocation: 6570:04fa (Invalid index: 385402)
Failed to process relocation: 6570:04b0 (Invalid index: 385328)
Failed to process relocation: 6570:04a7 (Invalid index: 385319)
Failed to process relocation: 6570:096b (Invalid index: 386539)
Failed to process relocation: 6570:094a (Invalid index: 386506)
Failed to process relocation: 6570:0935 (Invalid index: 386485)
Failed to process relocation: 6570:092b (Invalid index: 386475)
Failed to process relocation: 6570:0926 (Invalid index: 386470)
Failed to process relocation: 6570:091e (Invalid index: 386462)
Failed to process relocation: 6570:0914 (Invalid index: 386452)
Failed to process relocation: 6570:090f (Invalid index: 386447)
Failed to process relocation: 6570:08cc (Invalid index: 386380)
Failed to process relocation: 6570:0884 (Invalid index: 386308)
Failed to process relocation: 6570:0833 (Invalid index: 386227)
Failed to process relocation: 6570:082a (Invalid index: 386218)
Failed to process relocation: 6570:0822 (Invalid index: 386210)
Failed to process relocation: 6570:0819 (Invalid index: 386201)
Failed to process relocation: 6570:0751 (Invalid index: 386001)
Failed to process relocation: 6570:0dc4 (Invalid index: 387652)
Failed to process relocation: 6570:0db9 (Invalid index: 387641)
Failed to process relocation: 6570:0db4 (Invalid index: 387636)
Failed to process relocation: 6570:0daa (Invalid index: 387626)
Failed to process relocation: 6570:0da5 (Invalid index: 387621)
Failed to process relocation: 6570:0d9d (Invalid index: 387613)
Failed to process relocation: 6570:0d93 (Invalid index: 387603)
Failed to process relocation: 6570:0d8e (Invalid index: 387598)
Failed to process relocation: 6570:0d86 (Invalid index: 387590)
Failed to process relocation: 6570:0d7c (Invalid index: 387580)
Failed to process relocation: 6570:0d77 (Invalid index: 387575)
Failed to process relocation: 6570:0d6f (Invalid index: 387567)
Failed to process relocation: 6570:0d65 (Invalid index: 387557)
Failed to process relocation: 6570:0d60 (Invalid index: 387552)
Failed to process relocation: 6570:0d0a (Invalid index: 387466)
Failed to process relocation: 6570:0d05 (Invalid index: 387461)
Failed to process relocation: 6570:0cfc (Invalid index: 387452)
Failed to process relocation: 6570:0cf1 (Invalid index: 387441)
Failed to process relocation: 6570:0cec (Invalid index: 387436)
Failed to process relocation: 6570:0ce3 (Invalid index: 387427)
Failed to process relocation: 6570:0cd8 (Invalid index: 387416)
Failed to process relocation: 6570:0cd3 (Invalid index: 387411)
Failed to process relocation: 6570:0cca (Invalid index: 387402)
Failed to process relocation: 6570:0cc2 (Invalid index: 387394)
Failed to process relocation: 6570:0cba (Invalid index: 387386)
Failed to process relocation: 6570:0cb1 (Invalid index: 387377)
Failed to process relocation: 6570:0ca9 (Invalid index: 387369)
Failed to process relocation: 6570:0ca0 (Invalid index: 387360)
Failed to process relocation: 6570:0c98 (Invalid index: 387352)
Failed to process relocation: 6570:0c7b (Invalid index: 387323)
Failed to process relocation: 6570:0c6e (Invalid index: 387310)
Failed to process relocation: 6570:0c65 (Invalid index: 387301)
Failed to process relocation: 6570:0c5d (Invalid index: 387293)
Failed to process relocation: 6570:0c54 (Invalid index: 387284)
Failed to process relocation: 6570:0c4c (Invalid index: 387276)
Failed to process relocation: 6570:0c43 (Invalid index: 387267)
Failed to process relocation: 6570:0c3a (Invalid index: 387258)
Failed to process relocation: 6570:0c32 (Invalid index: 387250)
Failed to process relocation: 6570:0c2d (Invalid index: 387245)
Failed to process relocation: 6570:0c23 (Invalid index: 387235)
Failed to process relocation: 6570:0c1e (Invalid index: 387230)
Failed to process relocation: 6570:0c16 (Invalid index: 387222)
Failed to process relocation: 6570:0c0b (Invalid index: 387211)
Failed to process relocation: 6570:0c06 (Invalid index: 387206)
Failed to process relocation: 6570:0bfe (Invalid index: 387198)
Failed to process relocation: 6570:0b1c (Invalid index: 386972)
Failed to process relocation: 6570:0b17 (Invalid index: 386967)
Failed to process relocation: 6570:0ae9 (Invalid index: 386921)
Failed to process relocation: 6570:0ac7 (Invalid index: 386887)
Failed to process relocation: 6570:0ab0 (Invalid index: 386864)
Failed to process relocation: 6570:0a8c (Invalid index: 386828)
Failed to process relocation: 6570:0a87 (Invalid index: 386823)
Failed to process relocation: 6570:0a82 (Invalid index: 386818)
Failed to process relocation: 6570:0a58 (Invalid index: 386776)
Failed to process relocation: 6570:0a1b (Invalid index: 386715)
Failed to process relocation: 6570:1137 (Invalid index: 388535)
Failed to process relocation: 6570:10e0 (Invalid index: 388448)
Failed to process relocation: 6570:10d7 (Invalid index: 388439)
Failed to process relocation: 6570:10d2 (Invalid index: 388434)
Failed to process relocation: 6570:10a9 (Invalid index: 388393)
Failed to process relocation: 6570:10a0 (Invalid index: 388384)
Failed to process relocation: 6570:109b (Invalid index: 388379)
Failed to process relocation: 6570:1090 (Invalid index: 388368)
Failed to process relocation: 6570:108b (Invalid index: 388363)
Failed to process relocation: 6570:1082 (Invalid index: 388354)
Failed to process relocation: 6570:1078 (Invalid index: 388344)
Failed to process relocation: 6570:106f (Invalid index: 388335)
Failed to process relocation: 6570:1065 (Invalid index: 388325)
Failed to process relocation: 6570:1060 (Invalid index: 388320)
Failed to process relocation: 6570:1057 (Invalid index: 388311)
Failed to process relocation: 6570:104d (Invalid index: 388301)
Failed to process relocation: 6570:1048 (Invalid index: 388296)
Failed to process relocation: 6570:103f (Invalid index: 388287)
Failed to process relocation: 6570:1027 (Invalid index: 388263)
Failed to process relocation: 6570:101e (Invalid index: 388254)
Failed to process relocation: 6570:1016 (Invalid index: 388246)
Failed to process relocation: 6570:100c (Invalid index: 388236)
Failed to process relocation: 6570:1007 (Invalid index: 388231)
Failed to process relocation: 6570:0ffd (Invalid index: 388221)
Failed to process relocation: 6570:0ff8 (Invalid index: 388216)
Failed to process relocation: 6570:0fef (Invalid index: 388207)
Failed to process relocation: 6570:0fe5 (Invalid index: 388197)
Failed to process relocation: 6570:0fe0 (Invalid index: 388192)
Failed to process relocation: 6570:0fa7 (Invalid index: 388135)
Failed to process relocation: 6570:0f9f (Invalid index: 388127)
Failed to process relocation: 6570:0f95 (Invalid index: 388117)
Failed to process relocation: 6570:0f6a (Invalid index: 388074)
Failed to process relocation: 6570:0f62 (Invalid index: 388066)
Failed to process relocation: 6570:0f58 (Invalid index: 388056)
Failed to process relocation: 6570:0f53 (Invalid index: 388051)
Failed to process relocation: 6570:0f4a (Invalid index: 388042)
Failed to process relocation: 6570:0f40 (Invalid index: 388032)
Failed to process relocation: 6570:0f37 (Invalid index: 388023)
Failed to process relocation: 6570:0f2d (Invalid index: 388013)
Failed to process relocation: 6570:0f28 (Invalid index: 388008)
Failed to process relocation: 6570:0f1f (Invalid index: 387999)
Failed to process relocation: 6570:0f15 (Invalid index: 387989)
Failed to process relocation: 6570:0f10 (Invalid index: 387984)
Failed to process relocation: 6570:0ef4 (Invalid index: 387956)
Failed to process relocation: 6570:0eef (Invalid index: 387951)
Failed to process relocation: 6570:0ee5 (Invalid index: 387941)
Failed to process relocation: 6570:0ee0 (Invalid index: 387936)
Failed to process relocation: 6570:0ed8 (Invalid index: 387928)
Failed to process relocation: 6570:0ece (Invalid index: 387918)
Failed to process relocation: 6570:0ec9 (Invalid index: 387913)
Failed to process relocation: 6570:0ec1 (Invalid index: 387905)
Failed to process relocation: 6570:0eb7 (Invalid index: 387895)
Failed to process relocation: 6570:0eb2 (Invalid index: 387890)
Failed to process relocation: 6570:0eaa (Invalid index: 387882)
Failed to process relocation: 6570:0ea0 (Invalid index: 387872)
Failed to process relocation: 6570:0e9b (Invalid index: 387867)
Failed to process relocation: 6570:0e45 (Invalid index: 387781)
Failed to process relocation: 6570:0e40 (Invalid index: 387776)
Failed to process relocation: 6570:0e36 (Invalid index: 387766)
Failed to process relocation: 6570:0e2d (Invalid index: 387757)
Failed to process relocation: 6570:0e23 (Invalid index: 387747)
Failed to process relocation: 6570:0e1e (Invalid index: 387742)
Failed to process relocation: 6570:0e15 (Invalid index: 387733)
Failed to process relocation: 6570:0e0b (Invalid index: 387723)
Failed to process relocation: 6570:0e06 (Invalid index: 387718)
Failed to process relocation: 6570:0dfd (Invalid index: 387709)
Failed to process relocation: 6570:0df3 (Invalid index: 387699)
Failed to process relocation: 6570:0dea (Invalid index: 387690)
Failed to process relocation: 6570:0de0 (Invalid index: 387680)
Failed to process relocation: 6570:0ddb (Invalid index: 387675)
Failed to process relocation: 6570:0dd3 (Invalid index: 387667)
Failed to process relocation: 6570:0dc9 (Invalid index: 387657)
Failed to process relocation: 6570:1529 (Invalid index: 389545)
Failed to process relocation: 6570:151f (Invalid index: 389535)
Failed to process relocation: 6570:1516 (Invalid index: 389526)
Failed to process relocation: 6570:1510 (Invalid index: 389520)
Failed to process relocation: 6570:1506 (Invalid index: 389510)
Failed to process relocation: 6570:14f6 (Invalid index: 389494)
Failed to process relocation: 6570:14ed (Invalid index: 389485)
Failed to process relocation: 6570:14e4 (Invalid index: 389476)
Failed to process relocation: 6570:14dc (Invalid index: 389468)
Failed to process relocation: 6570:14d3 (Invalid index: 389459)
Failed to process relocation: 6570:14cb (Invalid index: 389451)
Failed to process relocation: 6570:14c2 (Invalid index: 389442)
Failed to process relocation: 6570:14ba (Invalid index: 389434)
Failed to process relocation: 6570:14b1 (Invalid index: 389425)
Failed to process relocation: 6570:14a9 (Invalid index: 389417)
Failed to process relocation: 6570:14a0 (Invalid index: 389408)
Failed to process relocation: 6570:1497 (Invalid index: 389399)
Failed to process relocation: 6570:148f (Invalid index: 389391)
Failed to process relocation: 6570:1486 (Invalid index: 389382)
Failed to process relocation: 6570:147c (Invalid index: 389372)
Failed to process relocation: 6570:1473 (Invalid index: 389363)
Failed to process relocation: 6570:146b (Invalid index: 389355)
Failed to process relocation: 6570:1462 (Invalid index: 389346)
Failed to process relocation: 6570:13d9 (Invalid index: 389209)
Failed to process relocation: 6570:1390 (Invalid index: 389136)
Failed to process relocation: 6570:1388 (Invalid index: 389128)
Failed to process relocation: 6570:137f (Invalid index: 389119)
Failed to process relocation: 6570:130a (Invalid index: 389002)
Failed to process relocation: 6570:1301 (Invalid index: 388993)
Failed to process relocation: 6570:12fc (Invalid index: 388988)
Failed to process relocation: 6570:12f3 (Invalid index: 388979)
Failed to process relocation: 6570:12ea (Invalid index: 388970)
Failed to process relocation: 6570:12e5 (Invalid index: 388965)
Failed to process relocation: 6570:12da (Invalid index: 388954)
Failed to process relocation: 6570:12d5 (Invalid index: 388949)
Failed to process relocation: 6570:12cb (Invalid index: 388939)
Failed to process relocation: 6570:12c2 (Invalid index: 388930)
Failed to process relocation: 6570:12b8 (Invalid index: 388920)
Failed to process relocation: 6570:12b3 (Invalid index: 388915)
Failed to process relocation: 6570:12aa (Invalid index: 388906)
Failed to process relocation: 6570:12a0 (Invalid index: 388896)
Failed to process relocation: 6570:129b (Invalid index: 388891)
Failed to process relocation: 6570:1292 (Invalid index: 388882)
Failed to process relocation: 6570:1275 (Invalid index: 388853)
Failed to process relocation: 6570:126f (Invalid index: 388847)
Failed to process relocation: 6570:1266 (Invalid index: 388838)
Failed to process relocation: 6570:125d (Invalid index: 388829)
Failed to process relocation: 6570:1254 (Invalid index: 388820)
Failed to process relocation: 6570:124b (Invalid index: 388811)
Failed to process relocation: 6570:1242 (Invalid index: 388802)
Failed to process relocation: 6570:1239 (Invalid index: 388793)
Failed to process relocation: 6570:120d (Invalid index: 388749)
Failed to process relocation: 6570:1205 (Invalid index: 388741)
Failed to process relocation: 6570:11fc (Invalid index: 388732)
Failed to process relocation: 6570:11ce (Invalid index: 388686)
Failed to process relocation: 6570:11c9 (Invalid index: 388681)
Failed to process relocation: 6570:11c1 (Invalid index: 388673)
Failed to process relocation: 6570:11b6 (Invalid index: 388662)
Failed to process relocation: 6570:11b1 (Invalid index: 388657)
Failed to process relocation: 6570:11a9 (Invalid index: 388649)
Failed to process relocation: 6570:186f (Invalid index: 390383)
Failed to process relocation: 6570:1867 (Invalid index: 390375)
Failed to process relocation: 6570:185d (Invalid index: 390365)
Failed to process relocation: 6570:1858 (Invalid index: 390360)
Failed to process relocation: 6570:184f (Invalid index: 390351)
Failed to process relocation: 6570:1845 (Invalid index: 390341)
Failed to process relocation: 6570:1840 (Invalid index: 390336)
Failed to process relocation: 6570:1825 (Invalid index: 390309)
Failed to process relocation: 6570:181d (Invalid index: 390301)
Failed to process relocation: 6570:1813 (Invalid index: 390291)
Failed to process relocation: 6570:180e (Invalid index: 390286)
Failed to process relocation: 6570:1805 (Invalid index: 390277)
Failed to process relocation: 6570:17fb (Invalid index: 390267)
Failed to process relocation: 6570:17f6 (Invalid index: 390262)
Failed to process relocation: 6570:17ed (Invalid index: 390253)
Failed to process relocation: 6570:17e4 (Invalid index: 390244)
Failed to process relocation: 6570:17df (Invalid index: 390239)
Failed to process relocation: 6570:17d6 (Invalid index: 390230)
Failed to process relocation: 6570:17cd (Invalid index: 390221)
Failed to process relocation: 6570:17c8 (Invalid index: 390216)
Failed to process relocation: 6570:17bd (Invalid index: 390205)
Failed to process relocation: 6570:17b8 (Invalid index: 390200)
Failed to process relocation: 6570:17af (Invalid index: 390191)
Failed to process relocation: 6570:178d (Invalid index: 390157)
Failed to process relocation: 6570:1784 (Invalid index: 390148)
Failed to process relocation: 6570:177b (Invalid index: 390139)
Failed to process relocation: 6570:1772 (Invalid index: 390130)
Failed to process relocation: 6570:1769 (Invalid index: 390121)
Failed to process relocation: 6570:1760 (Invalid index: 390112)
Failed to process relocation: 6570:1754 (Invalid index: 390100)
Failed to process relocation: 6570:1710 (Invalid index: 390032)
Failed to process relocation: 6570:1708 (Invalid index: 390024)
Failed to process relocation: 6570:16fe (Invalid index: 390014)
Failed to process relocation: 6570:16f9 (Invalid index: 390009)
Failed to process relocation: 6570:16f0 (Invalid index: 390000)
Failed to process relocation: 6570:16e6 (Invalid index: 389990)
Failed to process relocation: 6570:16e1 (Invalid index: 389985)
Failed to process relocation: 6570:16c6 (Invalid index: 389958)
Failed to process relocation: 6570:16be (Invalid index: 389950)
Failed to process relocation: 6570:16b4 (Invalid index: 389940)
Failed to process relocation: 6570:16af (Invalid index: 389935)
Failed to process relocation: 6570:16a6 (Invalid index: 389926)
Failed to process relocation: 6570:169c (Invalid index: 389916)
Failed to process relocation: 6570:1697 (Invalid index: 389911)
Failed to process relocation: 6570:168e (Invalid index: 389902)
Failed to process relocation: 6570:1685 (Invalid index: 389893)
Failed to process relocation: 6570:1680 (Invalid index: 389888)
Failed to process relocation: 6570:1677 (Invalid index: 389879)
Failed to process relocation: 6570:166e (Invalid index: 389870)
Failed to process relocation: 6570:1669 (Invalid index: 389865)
Failed to process relocation: 6570:165e (Invalid index: 389854)
Failed to process relocation: 6570:1659 (Invalid index: 389849)
Failed to process relocation: 6570:1650 (Invalid index: 389840)
Failed to process relocation: 6570:162f (Invalid index: 389807)
Failed to process relocation: 6570:1626 (Invalid index: 389798)
Failed to process relocation: 6570:161d (Invalid index: 389789)
Failed to process relocation: 6570:1614 (Invalid index: 389780)
Failed to process relocation: 6570:160b (Invalid index: 389771)
Failed to process relocation: 6570:1602 (Invalid index: 389762)
Failed to process relocation: 6570:15f6 (Invalid index: 389750)
Failed to process relocation: 6570:15c5 (Invalid index: 389701)
Failed to process relocation: 6570:15bf (Invalid index: 389695)
Failed to process relocation: 6570:15b5 (Invalid index: 389685)
Failed to process relocation: 6570:15ac (Invalid index: 389676)
Failed to process relocation: 6570:15a6 (Invalid index: 389670)
Failed to process relocation: 6570:159c (Invalid index: 389660)
Failed to process relocation: 6570:1593 (Invalid index: 389651)
Failed to process relocation: 6570:158d (Invalid index: 389645)
Failed to process relocation: 6570:1583 (Invalid index: 389635)
Failed to process relocation: 6570:157a (Invalid index: 389626)
Failed to process relocation: 6570:1574 (Invalid index: 389620)
Failed to process relocation: 6570:156a (Invalid index: 389610)
Failed to process relocation: 6570:1561 (Invalid index: 389601)
Failed to process relocation: 6570:155b (Invalid index: 389595)
Failed to process relocation: 6570:1551 (Invalid index: 389585)
Failed to process relocation: 6570:1548 (Invalid index: 389576)
Failed to process relocation: 6570:1542 (Invalid index: 389570)
Failed to process relocation: 6570:1538 (Invalid index: 389560)
Failed to process relocation: 6570:152f (Invalid index: 389551)
Failed to process relocation: 6570:1c76 (Invalid index: 391414)
Failed to process relocation: 6570:1c71 (Invalid index: 391409)
Failed to process relocation: 6570:1c68 (Invalid index: 391400)
Failed to process relocation: 6570:1c5f (Invalid index: 391391)
Failed to process relocation: 6570:1c56 (Invalid index: 391382)
Failed to process relocation: 6570:1c4d (Invalid index: 391373)
Failed to process relocation: 6570:1c42 (Invalid index: 391362)
Failed to process relocation: 6570:1c3d (Invalid index: 391357)
Failed to process relocation: 6570:1c37 (Invalid index: 391351)
Failed to process relocation: 6570:1c2d (Invalid index: 391341)
Failed to process relocation: 6570:1c24 (Invalid index: 391332)
Failed to process relocation: 6570:1c1b (Invalid index: 391323)
Failed to process relocation: 6570:1c12 (Invalid index: 391314)
Failed to process relocation: 6570:1c09 (Invalid index: 391305)
Failed to process relocation: 6570:1bfe (Invalid index: 391294)
Failed to process relocation: 6570:1bf9 (Invalid index: 391289)
Failed to process relocation: 6570:1bf0 (Invalid index: 391280)
Failed to process relocation: 6570:1be7 (Invalid index: 391271)
Failed to process relocation: 6570:1bde (Invalid index: 391262)
Failed to process relocation: 6570:1bd5 (Invalid index: 391253)
Failed to process relocation: 6570:1bcc (Invalid index: 391244)
Failed to process relocation: 6570:1bbe (Invalid index: 391230)
Failed to process relocation: 6570:1bb9 (Invalid index: 391225)
Failed to process relocation: 6570:1bb0 (Invalid index: 391216)
Failed to process relocation: 6570:1b97 (Invalid index: 391191)
Failed to process relocation: 6570:1b8e (Invalid index: 391182)
Failed to process relocation: 6570:1b85 (Invalid index: 391173)
Failed to process relocation: 6570:1b65 (Invalid index: 391141)
Failed to process relocation: 6570:1b60 (Invalid index: 391136)
Failed to process relocation: 6570:1b56 (Invalid index: 391126)
Failed to process relocation: 6570:1b51 (Invalid index: 391121)
Failed to process relocation: 6570:1b48 (Invalid index: 391112)
Failed to process relocation: 6570:1b3e (Invalid index: 391102)
Failed to process relocation: 6570:1b39 (Invalid index: 391097)
Failed to process relocation: 6570:1b30 (Invalid index: 391088)
Failed to process relocation: 6570:1b26 (Invalid index: 391078)
Failed to process relocation: 6570:1b21 (Invalid index: 391073)
Failed to process relocation: 6570:1b18 (Invalid index: 391064)
Failed to process relocation: 6570:1b0e (Invalid index: 391054)
Failed to process relocation: 6570:1b09 (Invalid index: 391049)
Failed to process relocation: 6570:1ae9 (Invalid index: 391017)
Failed to process relocation: 6570:1ae4 (Invalid index: 391012)
Failed to process relocation: 6570:1ad2 (Invalid index: 390994)
Failed to process relocation: 6570:1a31 (Invalid index: 390833)
Failed to process relocation: 6570:1a29 (Invalid index: 390825)
Failed to process relocation: 6570:1a1f (Invalid index: 390815)
Failed to process relocation: 6570:1a1a (Invalid index: 390810)
Failed to process relocation: 6570:1a11 (Invalid index: 390801)
Failed to process relocation: 6570:1a07 (Invalid index: 390791)
Failed to process relocation: 6570:1a02 (Invalid index: 390786)
Failed to process relocation: 6570:19e7 (Invalid index: 390759)
Failed to process relocation: 6570:19df (Invalid index: 390751)
Failed to process relocation: 6570:19d5 (Invalid index: 390741)
Failed to process relocation: 6570:19d0 (Invalid index: 390736)
Failed to process relocation: 6570:19c7 (Invalid index: 390727)
Failed to process relocation: 6570:19bd (Invalid index: 390717)
Failed to process relocation: 6570:19b8 (Invalid index: 390712)
Failed to process relocation: 6570:1981 (Invalid index: 390657)
Failed to process relocation: 6570:1979 (Invalid index: 390649)
Failed to process relocation: 6570:196f (Invalid index: 390639)
Failed to process relocation: 6570:196a (Invalid index: 390634)
Failed to process relocation: 6570:1961 (Invalid index: 390625)
Failed to process relocation: 6570:1957 (Invalid index: 390615)
Failed to process relocation: 6570:1952 (Invalid index: 390610)
Failed to process relocation: 6570:1937 (Invalid index: 390583)
Failed to process relocation: 6570:192f (Invalid index: 390575)
Failed to process relocation: 6570:1925 (Invalid index: 390565)
Failed to process relocation: 6570:1920 (Invalid index: 390560)
Failed to process relocation: 6570:1917 (Invalid index: 390551)
Failed to process relocation: 6570:190d (Invalid index: 390541)
Failed to process relocation: 6570:1908 (Invalid index: 390536)
Failed to process relocation: 6570:2038 (Invalid index: 392376)
Failed to process relocation: 6570:200e (Invalid index: 392334)
Failed to process relocation: 6570:2009 (Invalid index: 392329)
Failed to process relocation: 6570:2000 (Invalid index: 392320)
Failed to process relocation: 6570:1ff0 (Invalid index: 392304)
Failed to process relocation: 6570:1fe1 (Invalid index: 392289)
Failed to process relocation: 6570:1fdc (Invalid index: 392284)
Failed to process relocation: 6570:1fd7 (Invalid index: 392279)
Failed to process relocation: 6570:1fd2 (Invalid index: 392274)
Failed to process relocation: 6570:1faf (Invalid index: 392239)
Failed to process relocation: 6570:1fa6 (Invalid index: 392230)
Failed to process relocation: 6570:1f97 (Invalid index: 392215)
Failed to process relocation: 6570:1f59 (Invalid index: 392153)
Failed to process relocation: 6570:1f45 (Invalid index: 392133)
Failed to process relocation: 6570:1f3b (Invalid index: 392123)
Failed to process relocation: 6570:1f36 (Invalid index: 392118)
Failed to process relocation: 6570:1f2d (Invalid index: 392109)
Failed to process relocation: 6570:1f23 (Invalid index: 392099)
Failed to process relocation: 6570:1f1e (Invalid index: 392094)
Failed to process relocation: 6570:1f12 (Invalid index: 392082)
Failed to process relocation: 6570:1f0d (Invalid index: 392077)
Failed to process relocation: 6570:1f04 (Invalid index: 392068)
Failed to process relocation: 6570:1eff (Invalid index: 392063)
Failed to process relocation: 6570:1ef4 (Invalid index: 392052)
Failed to process relocation: 6570:1eef (Invalid index: 392047)
Failed to process relocation: 6570:1ee6 (Invalid index: 392038)
Failed to process relocation: 6570:1edb (Invalid index: 392027)
Failed to process relocation: 6570:1ed6 (Invalid index: 392022)
Failed to process relocation: 6570:1ed1 (Invalid index: 392017)
Failed to process relocation: 6570:1ec8 (Invalid index: 392008)
Failed to process relocation: 6570:1eb6 (Invalid index: 391990)
Failed to process relocation: 6570:1ea0 (Invalid index: 391968)
Failed to process relocation: 6570:1e98 (Invalid index: 391960)
Failed to process relocation: 6570:1e93 (Invalid index: 391955)
Failed to process relocation: 6570:1e8b (Invalid index: 391947)
Failed to process relocation: 6570:1e83 (Invalid index: 391939)
Failed to process relocation: 6570:1e7a (Invalid index: 391930)
Failed to process relocation: 6570:1e6b (Invalid index: 391915)
Failed to process relocation: 6570:1e63 (Invalid index: 391907)
Failed to process relocation: 6570:1e5b (Invalid index: 391899)
Failed to process relocation: 6570:1e53 (Invalid index: 391891)
Failed to process relocation: 6570:1e4a (Invalid index: 391882)
Failed to process relocation: 6570:1e14 (Invalid index: 391828)
Failed to process relocation: 6570:1e05 (Invalid index: 391813)
Failed to process relocation: 6570:1e00 (Invalid index: 391808)
Failed to process relocation: 6570:1dfb (Invalid index: 391803)
Failed to process relocation: 6570:1df2 (Invalid index: 391794)
Failed to process relocation: 6570:1de1 (Invalid index: 391777)
Failed to process relocation: 6570:1dda (Invalid index: 391770)
Failed to process relocation: 6570:1dd5 (Invalid index: 391765)
Failed to process relocation: 6570:1dd0 (Invalid index: 391760)
Failed to process relocation: 6570:1dc7 (Invalid index: 391751)
Failed to process relocation: 6570:1dbe (Invalid index: 391742)
Failed to process relocation: 6570:1db5 (Invalid index: 391733)
Failed to process relocation: 6570:1db0 (Invalid index: 391728)
Failed to process relocation: 6570:1d8e (Invalid index: 391694)
Failed to process relocation: 6570:1d85 (Invalid index: 391685)
Failed to process relocation: 6570:1d80 (Invalid index: 391680)
Failed to process relocation: 6570:1d5f (Invalid index: 391647)
Failed to process relocation: 6570:1d56 (Invalid index: 391638)
Failed to process relocation: 6570:1d4b (Invalid index: 391627)
Failed to process relocation: 6570:1d46 (Invalid index: 391622)
Failed to process relocation: 6570:1d3d (Invalid index: 391613)
Failed to process relocation: 6570:1d34 (Invalid index: 391604)
Failed to process relocation: 6570:1d2b (Invalid index: 391595)
Failed to process relocation: 6570:1d22 (Invalid index: 391586)
Failed to process relocation: 6570:1d19 (Invalid index: 391577)
Failed to process relocation: 6570:1d10 (Invalid index: 391568)
Failed to process relocation: 6570:1d05 (Invalid index: 391557)
Failed to process relocation: 6570:1d00 (Invalid index: 391552)
Failed to process relocation: 6570:1cf7 (Invalid index: 391543)
Failed to process relocation: 6570:1cee (Invalid index: 391534)
Failed to process relocation: 6570:1ce5 (Invalid index: 391525)
 (ProgramLoader)  
INFO  IMPORTING: Loaded 0 additional files (HeadlessAnalyzer)  
INFO  REPORT: Execute script: MarkOverlayThunks 'pre' '3ab8'  (HeadlessAnalyzer)  
INFO  SCRIPT: C:\prog\jwcad\ghidra_scripts\MarkOverlayThunks.java (HeadlessAnalyzer)  
INFO  MarkOverlayThunks.java> cd 3f sites: 118 (GhidraScript)  
INFO  MarkOverlayThunks.java> overlay trap operands marked as data: 118 of 118 (GhidraScript)  
INFO  ANALYZING all memory and code: file:///C:/prog/jwcad/ovl/jw32.exe (HeadlessAnalyzer)  
ERROR Failed to create function at 1885:07c4 since its body contains referring thunk at 1885:0344 (CreateFunctionCmd)  
ERROR Failed to create function at 28b3:0f86 since its body contains referring thunk at 28b3:0ee9 (CreateFunctionCmd)  
WARN  Decompiling 32b2:0d40, pcode error at 3000:5054: Unable to resolve constructor at 3000:5054 (DecompileCallback)  
WARN  Decompiling 32b2:1528: Unable to read bytes at ram:0000:7be2 (DecompileCallback)  
WARN  Decompiling 12c1:097e, pcode error at 1000:5097: Unable to resolve constructor at 1000:5097 (DecompileCallback)  
WARN  Decompiling 1000:0a81, pcode error at 1000:0a6f: Unable to resolve constructor at 1000:0a6f (DecompileCallback)  
WARN  Decompiling 1000:0a81, pcode error at 1000:0a4b: Unable to resolve constructor at 1000:0a4b (DecompileCallback)  
WARN  Decompiling 1000:0a81, pcode error at 1000:0818: Unable to resolve constructor at 1000:0818 (DecompileCallback)  
WARN  Decompiling 21f2:246e, pcode error at 2000:3158: Unable to resolve constructor at 2000:3158 (DecompileCallback)  
WARN  Decompiling 21f2:246e, pcode error at 2000:7191: Unable to resolve constructor at 2000:7191 (DecompileCallback)  
INFO  Packed database cache: C:\Users\yomei\AppData\Local\ghidra\packed-db-cache (PackedDatabaseCache)  
INFO  Applied data type archive: generic_clib (ApplyDataArchiveAnalyzer)  
INFO  -----------------------------------------------------
    ASCII Strings                              0.345 secs
    Apply Data Archives                        0.707 secs
    Call Convention ID                         0.003 secs
    Call-Fixup Installer                       0.021 secs
    Create Function                            0.487 secs
    Data Reference                             0.041 secs
    Decompiler Switch Analysis                33.032 secs
    Demangler GNU                              0.047 secs
    Disassemble                                1.831 secs
    Disassemble Entry Points                   0.171 secs
    Embedded Media                             0.017 secs
    External Entry References                  0.000 secs
    Function ID                                0.127 secs
    Function Start Search                      0.023 secs
    Non-Returning Functions - Discovered       0.547 secs
    Reference                                  0.052 secs
    Segmented X86 Calling Conventions          0.003 secs
    Shared Return Calls                        0.161 secs
    Stack                                      2.634 secs
    Subroutine References                      0.098 secs
    Subroutine References - One Time           0.000 secs
    X86 Function Callee Purge                  0.140 secs
    x86 Constant Reference Analyzer            1.874 secs
-----------------------------------------------------
     Total Time   42 secs
-----------------------------------------------------
 (AutoAnalysisManager)  
INFO  REPORT: Analysis succeeded for file: file:///C:/prog/jwcad/ovl/jw32.exe (HeadlessAnalyzer)  
INFO  REPORT: Execute script: MarkOverlayThunks 'post' '3ab8' 'C:\prog\jwcad\entries\32.txt' '32'  (HeadlessAnalyzer)  
INFO  SCRIPT: C:\prog\jwcad\ghidra_scripts\MarkOverlayThunks.java (HeadlessAnalyzer)  
INFO  MarkOverlayThunks.java> cd 3f sites: 118 (GhidraScript)  
INFO  MarkOverlayThunks.java> overlay traps given a fall-through: 118, references added: 0 (GhidraScript)  
INFO  MarkOverlayThunks.java> overlay entry points seeded: 4 (GhidraScript)  
INFO  MarkOverlayThunks.java> overlay hole cleared: 0 stray functions (GhidraScript)  
INFO  REPORT: Execute script: DecompileAll 'C:\prog\jwcad\out\ovl32' '3ab8' '4375'  (HeadlessAnalyzer)  
INFO  SCRIPT: C:\prog\jwcad\ghidra_scripts\DecompileAll.java (HeadlessAnalyzer)  
WARN  Decompiling 3ab8:4ff4, pcode error at 4000:eb4f: Disassembly not permitted within uninitialized memory block (DecompileCallback)  
WARN  Decompiling 3ab8:517f, pcode error at 4000:eb4f: Disassembly not permitted within uninitialized memory block (DecompileCallback)  
INFO  DecompileAll.java> decompiled 12 functions, 0 failed (GhidraScript)  
INFO  ANALYZING changes made by post scripts: file:///C:/prog/jwcad/ovl/jw32.exe (HeadlessAnalyzer)  
INFO  REPORT: Post-analysis succeeded for file: file:///C:/prog/jwcad/ovl/jw32.exe (HeadlessAnalyzer)  
INFO  /jw32.exe: file created (yomei) (LocalFileSystem)  
INFO  REPORT: Save succeeded for: /jw32.exe (ovl32:/jw32.exe) (HeadlessAnalyzer)  
INFO  REPORT: Import succeeded (HeadlessAnalyzer)  
