INFO  Using log config file: jar:file:/C:/prog/ghidra/ghidra_12.1.3_PUBLIC/Ghidra/Framework/Generic/lib/Generic.jar!/generic.log4j.xml (LoggingInitialization)  
INFO  Using log file: C:\Users\yomei\AppData\Roaming\ghidra\ghidra_12.1.3_PUBLIC\application.log (LoggingInitialization)  
INFO  Loading user preferences: C:\Users\yomei\AppData\Roaming\ghidra\ghidra_12.1.3_PUBLIC\preferences (Preferences)  
INFO  Searching for classes... (ClassSearcher)  
INFO  Class search complete (1062 ms) (ClassSearcher)  
INFO  Initializing SSL Context (DefaultSSLContextInitializer)  
INFO  Initializing Random Number Generator... (SecureRandomFactory)  
INFO  Random Number Generator initialization complete: SHA1PRNG (SecureRandomFactory)  
INFO  Trust manager disabled, cacerts have not been set (DefaultTrustManagerFactory)  
INFO  Headless startup complete (10414 ms) (AnalyzeHeadless)  
INFO  Class searcher loaded 59 extension points (20 false positives) (ClassSearcher)  
INFO  HEADLESS Script Paths:
    C:\prog\ghidra\ghidra_12.1.3_PUBLIC\Ghidra\Debug\Debugger-rmi-trace\ghidra_scripts
    C:\prog\ghidra\ghidra_12.1.3_PUBLIC\Ghidra\Features\FileFormats\ghidra_scripts
    C:\prog\ghidra\ghidra_12.1.3_PUBLIC\Ghidra\Features\GnuDemangler\ghidra_scripts
    C:\prog\ghidra\ghidra_12.1.3_PUBLIC\Ghidra\Features\VersionTracking\ghidra_scripts
    C:\prog\ghidra\ghidra_12.1.3_PUBLIC\Ghidra\Debug\Debugger\ghidra_scripts
    C:\prog\ghidra\ghidra_12.1.3_PUBLIC\Ghidra\Processors\8051\ghidra_scripts
    C:\prog\ghidra\ghidra_12.1.3_PUBLIC\Ghidra\Features\BSim\ghidra_scripts
    C:\prog\ghidra\ghidra_12.1.3_PUBLIC\Ghidra\Features\WildcardAssembler\ghidra_scripts
    C:\prog\ghidra\ghidra_12.1.3_PUBLIC\Ghidra\Features\FunctionID\ghidra_scripts
    C:\prog\ghidra\ghidra_12.1.3_PUBLIC\Ghidra\Features\SystemEmulation\ghidra_scripts
    C:\prog\ghidra\ghidra_12.1.3_PUBLIC\Ghidra\Processors\PIC\ghidra_scripts
    C:\prog\ghidra\ghidra_12.1.3_PUBLIC\Ghidra\Features\PDB\ghidra_scripts
    C:\prog\ghidra\ghidra_12.1.3_PUBLIC\Ghidra\Features\DecompilerDependent\ghidra_scripts
    C:\prog\ghidra\ghidra_12.1.3_PUBLIC\Ghidra\Features\SwiftDemangler\ghidra_scripts
    C:\prog\ghidra\ghidra_12.1.3_PUBLIC\Ghidra\Features\MicrosoftCodeAnalyzer\ghidra_scripts
    C:\prog\ghidra\ghidra_12.1.3_PUBLIC\Ghidra\Processors\DATA\ghidra_scripts
    C:\prog\ghidra\ghidra_12.1.3_PUBLIC\Ghidra\Features\Decompiler\ghidra_scripts
    C:\prog\ghidra\ghidra_12.1.3_PUBLIC\Ghidra\Features\BytePatterns\ghidra_scripts
    C:\prog\ghidra\ghidra_12.1.3_PUBLIC\Ghidra\Features\PyGhidra\ghidra_scripts
    C:\prog\ghidra\ghidra_12.1.3_PUBLIC\Ghidra\Processors\Atmel\ghidra_scripts
    C:\prog\ghidra\ghidra_12.1.3_PUBLIC\Ghidra\Features\Base\ghidra_scripts
    C:\prog\jwcad\ghidra_scripts
    C:\prog\ghidra\ghidra_12.1.3_PUBLIC\Ghidra\Processors\JVM\ghidra_scripts (HeadlessAnalyzer)  
INFO  HEADLESS: execution starts (HeadlessAnalyzer)  
INFO  Creating temporary project: C:\prog\jwcad\proj\ovl33 (HeadlessAnalyzer)  
INFO  Creating project: C:\prog\jwcad\proj\ovl33 (DefaultProject)  
INFO  REPORT: Processing input files:  (HeadlessAnalyzer)  
INFO       project: C:\prog\jwcad\proj\ovl33 (HeadlessAnalyzer)  
INFO  IMPORTING: file:///C:/prog/jwcad/ovl/jw33.exe (HeadlessAnalyzer)  
INFO  Using Loader: Old-style DOS Executable (MZ) (ProgramLoader)  
INFO  Using Language/Compiler: x86:LE:16:Real Mode:default (ProgramLoader)  
INFO  Using Library Search Path: [., C:\Windows\SysWOW64, C:\prog\ghidra\jdk21\bin, C:\Windows\Sun\Java\bin, C:\Windows\system32, C:\Windows, C:\Program Files\Python312\Scripts\, C:\Program Files\Python312\, C:\Windows\System32\Wbem, C:\Windows\System32\WindowsPowerShell\v1.0\, C:\Windows\System32\OpenSSH\, C:\Program Files\Amazon\AWSCLIV2\, C:\ProgramData\chocolatey\bin, C:\ffmpeg, C:\Users\yomei\AppData\Local\Microsoft\WindowsApps] (ProgramLoader)  
INFO  Additional info:
There were too many messages to display.
1009 messages have been truncated.

Loading file:///C:/prog/jwcad/ovl/jw33.exe?MD5=7ca0b439ff8a99b14ce832890f79f104...
Failed to process relocation: 6570:0318 (Invalid index: 384888)
Failed to process relocation: 6570:02fa (Invalid index: 384858)
Failed to process relocation: 6570:02d4 (Invalid index: 384820)
Failed to process relocation: 6570:02ae (Invalid index: 384782)
Failed to process relocation: 6570:0288 (Invalid index: 384744)
Failed to process relocation: 6570:0262 (Invalid index: 384706)
Failed to process relocation: 6570:023c (Invalid index: 384668)
Failed to process relocation: 6570:0216 (Invalid index: 384630)
Failed to process relocation: 6570:01f0 (Invalid index: 384592)
Failed to process relocation: 6570:01ca (Invalid index: 384554)
Failed to process relocation: 6570:01a4 (Invalid index: 384516)
Failed to process relocation: 6570:017e (Invalid index: 384478)
Failed to process relocation: 6570:0158 (Invalid index: 384440)
Failed to process relocation: 6570:0132 (Invalid index: 384402)
Failed to process relocation: 6570:010c (Invalid index: 384364)
Failed to process relocation: 6570:00e6 (Invalid index: 384326)
Failed to process relocation: 6570:00c0 (Invalid index: 384288)
Failed to process relocation: 6570:009a (Invalid index: 384250)
Failed to process relocation: 6570:0077 (Invalid index: 384215)
Failed to process relocation: 6570:004f (Invalid index: 384175)
Failed to process relocation: 6570:0027 (Invalid index: 384135)
Failed to process relocation: 6570:0009 (Invalid index: 384105)
Failed to process relocation: 6570:05e9 (Invalid index: 385609)
Failed to process relocation: 6570:05e4 (Invalid index: 385604)
Failed to process relocation: 6570:05df (Invalid index: 385599)
Failed to process relocation: 6570:05d7 (Invalid index: 385591)
Failed to process relocation: 6570:05c7 (Invalid index: 385575)
Failed to process relocation: 6570:05c2 (Invalid index: 385570)
Failed to process relocation: 6570:05bd (Invalid index: 385565)
Failed to process relocation: 6570:05b5 (Invalid index: 385557)
Failed to process relocation: 6570:05ac (Invalid index: 385548)
Failed to process relocation: 6570:05a4 (Invalid index: 385540)
Failed to process relocation: 6570:059c (Invalid index: 385532)
Failed to process relocation: 6570:0597 (Invalid index: 385527)
Failed to process relocation: 6570:058f (Invalid index: 385519)
Failed to process relocation: 6570:0582 (Invalid index: 385506)
Failed to process relocation: 6570:057a (Invalid index: 385498)
Failed to process relocation: 6570:056d (Invalid index: 385485)
Failed to process relocation: 6570:0565 (Invalid index: 385477)
Failed to process relocation: 6570:055d (Invalid index: 385469)
Failed to process relocation: 6570:0554 (Invalid index: 385460)
Failed to process relocation: 6570:054c (Invalid index: 385452)
Failed to process relocation: 6570:0544 (Invalid index: 385444)
Failed to process relocation: 6570:053c (Invalid index: 385436)
Failed to process relocation: 6570:0533 (Invalid index: 385427)
Failed to process relocation: 6570:052b (Invalid index: 385419)
Failed to process relocation: 6570:0523 (Invalid index: 385411)
Failed to process relocation: 6570:051b (Invalid index: 385403)
Failed to process relocation: 6570:0516 (Invalid index: 385398)
Failed to process relocation: 6570:050e (Invalid index: 385390)
Failed to process relocation: 6570:0506 (Invalid index: 385382)
Failed to process relocation: 6570:04fe (Invalid index: 385374)
Failed to process relocation: 6570:04f6 (Invalid index: 385366)
Failed to process relocation: 6570:04ee (Invalid index: 385358)
Failed to process relocation: 6570:04e6 (Invalid index: 385350)
Failed to process relocation: 6570:04de (Invalid index: 385342)
Failed to process relocation: 6570:04d6 (Invalid index: 385334)
Failed to process relocation: 6570:04cc (Invalid index: 385324)
Failed to process relocation: 6570:04c7 (Invalid index: 385319)
Failed to process relocation: 6570:04bd (Invalid index: 385309)
Failed to process relocation: 6570:04b5 (Invalid index: 385301)
Failed to process relocation: 6570:04ad (Invalid index: 385293)
Failed to process relocation: 6570:04a8 (Invalid index: 385288)
Failed to process relocation: 6570:04a3 (Invalid index: 385283)
Failed to process relocation: 6570:049b (Invalid index: 385275)
Failed to process relocation: 6570:0493 (Invalid index: 385267)
Failed to process relocation: 6570:0489 (Invalid index: 385257)
Failed to process relocation: 6570:0484 (Invalid index: 385252)
Failed to process relocation: 6570:047a (Invalid index: 385242)
Failed to process relocation: 6570:0471 (Invalid index: 385233)
Failed to process relocation: 6570:0469 (Invalid index: 385225)
Failed to process relocation: 6570:0461 (Invalid index: 385217)
Failed to process relocation: 6570:0459 (Invalid index: 385209)
Failed to process relocation: 6570:0454 (Invalid index: 385204)
Failed to process relocation: 6570:044c (Invalid index: 385196)
Failed to process relocation: 6570:0444 (Invalid index: 385188)
Failed to process relocation: 6570:043c (Invalid index: 385180)
Failed to process relocation: 6570:0434 (Invalid index: 385172)
Failed to process relocation: 6570:042a (Invalid index: 385162)
Failed to process relocation: 6570:0425 (Invalid index: 385157)
Failed to process relocation: 6570:041b (Invalid index: 385147)
Failed to process relocation: 6570:0413 (Invalid index: 385139)
Failed to process relocation: 6570:040a (Invalid index: 385130)
Failed to process relocation: 6570:03f4 (Invalid index: 385108)
Failed to process relocation: 6570:03d5 (Invalid index: 385077)
Failed to process relocation: 6570:03d0 (Invalid index: 385072)
Failed to process relocation: 6570:03c6 (Invalid index: 385062)
Failed to process relocation: 6570:03be (Invalid index: 385054)
Failed to process relocation: 6570:03b6 (Invalid index: 385046)
Failed to process relocation: 6570:03ae (Invalid index: 385038)
Failed to process relocation: 6570:03a5 (Invalid index: 385029)
Failed to process relocation: 6570:03a0 (Invalid index: 385024)
Failed to process relocation: 6570:0389 (Invalid index: 385001)
Failed to process relocation: 6570:036a (Invalid index: 384970)
Failed to process relocation: 6570:0365 (Invalid index: 384965)
Failed to process relocation: 6570:035b (Invalid index: 384955)
Failed to process relocation: 6570:0353 (Invalid index: 384947)
Failed to process relocation: 6570:034b (Invalid index: 384939)
Failed to process relocation: 6570:0343 (Invalid index: 384931)
Failed to process relocation: 6570:033a (Invalid index: 384922)
Failed to process relocation: 6570:0335 (Invalid index: 384917)
Failed to process relocation: 6570:032a (Invalid index: 384906)
Failed to process relocation: 6570:098f (Invalid index: 386543)
Failed to process relocation: 6570:096b (Invalid index: 386507)
Failed to process relocation: 6570:0958 (Invalid index: 386488)
Failed to process relocation: 6570:0939 (Invalid index: 386457)
Failed to process relocation: 6570:091a (Invalid index: 386426)
Failed to process relocation: 6570:08f7 (Invalid index: 386391)
Failed to process relocation: 6570:08e4 (Invalid index: 386372)
Failed to process relocation: 6570:08c6 (Invalid index: 386342)
Failed to process relocation: 6570:08ae (Invalid index: 386318)
Failed to process relocation: 6570:08a4 (Invalid index: 386308)
Failed to process relocation: 6570:088c (Invalid index: 386284)
Failed to process relocation: 6570:086c (Invalid index: 386252)
Failed to process relocation: 6570:0867 (Invalid index: 386247)
Failed to process relocation: 6570:085f (Invalid index: 386239)
Failed to process relocation: 6570:0848 (Invalid index: 386216)
Failed to process relocation: 6570:0843 (Invalid index: 386211)
Failed to process relocation: 6570:083e (Invalid index: 386206)
Failed to process relocation: 6570:0839 (Invalid index: 386201)
Failed to process relocation: 6570:0831 (Invalid index: 386193)
Failed to process relocation: 6570:0827 (Invalid index: 386183)
Failed to process relocation: 6570:081e (Invalid index: 386174)
Failed to process relocation: 6570:0814 (Invalid index: 386164)
Failed to process relocation: 6570:080f (Invalid index: 386159)
Failed to process relocation: 6570:0807 (Invalid index: 386151)
Failed to process relocation: 6570:07fd (Invalid index: 386141)
Failed to process relocation: 6570:07f8 (Invalid index: 386136)
Failed to process relocation: 6570:07f0 (Invalid index: 386128)
Failed to process relocation: 6570:07e2 (Invalid index: 386114)
Failed to process relocation: 6570:07b7 (Invalid index: 386071)
Failed to process relocation: 6570:079c (Invalid index: 386044)
Failed to process relocation: 6570:0797 (Invalid index: 386039)
Failed to process relocation: 6570:078f (Invalid index: 386031)
Failed to process relocation: 6570:0772 (Invalid index: 386002)
Failed to process relocation: 6570:0766 (Invalid index: 385990)
Failed to process relocation: 6570:074e (Invalid index: 385966)
Failed to process relocation: 6570:0732 (Invalid index: 385938)
Failed to process relocation: 6570:0722 (Invalid index: 385922)
Failed to process relocation: 6570:0712 (Invalid index: 385906)
Failed to process relocation: 6570:0702 (Invalid index: 385890)
Failed to process relocation: 6570:06eb (Invalid index: 385867)
Failed to process relocation: 6570:06d1 (Invalid index: 385841)
Failed to process relocation: 6570:06c1 (Invalid index: 385825)
Failed to process relocation: 6570:06bc (Invalid index: 385820)
Failed to process relocation: 6570:06b4 (Invalid index: 385812)
Failed to process relocation: 6570:0688 (Invalid index: 385768)
Failed to process relocation: 6570:0683 (Invalid index: 385763)
Failed to process relocation: 6570:0679 (Invalid index: 385753)
Failed to process relocation: 6570:0674 (Invalid index: 385748)
Failed to process relocation: 6570:066c (Invalid index: 385740)
Failed to process relocation: 6570:0662 (Invalid index: 385730)
Failed to process relocation: 6570:065d (Invalid index: 385725)
Failed to process relocation: 6570:0655 (Invalid index: 385717)
Failed to process relocation: 6570:064b (Invalid index: 385707)
Failed to process relocation: 6570:0646 (Invalid index: 385702)
Failed to process relocation: 6570:063e (Invalid index: 385694)
Failed to process relocation: 6570:0634 (Invalid index: 385684)
Failed to process relocation: 6570:062f (Invalid index: 385679)
Failed to process relocation: 6570:0610 (Invalid index: 385648)
Failed to process relocation: 6570:0603 (Invalid index: 385635)
Failed to process relocation: 6570:0c9c (Invalid index: 387324)
Failed to process relocation: 6570:0c97 (Invalid index: 387319)
Failed to process relocation: 6570:0c8f (Invalid index: 387311)
Failed to process relocation: 6570:0c84 (Invalid index: 387300)
Failed to process relocation: 6570:0c7f (Invalid index: 387295)
Failed to process relocation: 6570:0c77 (Invalid index: 387287)
Failed to process relocation: 6570:0c6d (Invalid index: 387277)
Failed to process relocation: 6570:0c64 (Invalid index: 387268)
Failed to process relocation: 6570:0c5a (Invalid index: 387258)
Failed to process relocation: 6570:0c55 (Invalid index: 387253)
Failed to process relocation: 6570:0c4d (Invalid index: 387245)
Failed to process relocation: 6570:0c43 (Invalid index: 387235)
Failed to process relocation: 6570:0c3e (Invalid index: 387230)
Failed to process relocation: 6570:0c36 (Invalid index: 387222)
Failed to process relocation: 6570:0c29 (Invalid index: 387209)
Failed to process relocation: 6570:0c1f (Invalid index: 387199)
Failed to process relocation: 6570:0c07 (Invalid index: 387175)
Failed to process relocation: 6570:0bf8 (Invalid index: 387160)
Failed to process relocation: 6570:0bf3 (Invalid index: 387155)
Failed to process relocation: 6570:0beb (Invalid index: 387147)
Failed to process relocation: 6570:0be1 (Invalid index: 387137)
Failed to process relocation: 6570:0bd8 (Invalid index: 387128)
Failed to process relocation: 6570:0bce (Invalid index: 387118)
Failed to process relocation: 6570:0bc9 (Invalid index: 387113)
Failed to process relocation: 6570:0bc1 (Invalid index: 387105)
Failed to process relocation: 6570:0bb7 (Invalid index: 387095)
Failed to process relocation: 6570:0bb2 (Invalid index: 387090)
Failed to process relocation: 6570:0baa (Invalid index: 387082)
Failed to process relocation: 6570:0b8a (Invalid index: 387050)
Failed to process relocation: 6570:0b85 (Invalid index: 387045)
Failed to process relocation: 6570:0b7b (Invalid index: 387035)
Failed to process relocation: 6570:0b76 (Invalid index: 387030)
Failed to process relocation: 6570:0b6e (Invalid index: 387022)
Failed to process relocation: 6570:0b64 (Invalid index: 387012)
Failed to process relocation: 6570:0b5f (Invalid index: 387007)
Failed to process relocation: 6570:0b57 (Invalid index: 386999)
Failed to process relocation: 6570:0b4d (Invalid index: 386989)
Failed to process relocation: 6570:0b48 (Invalid index: 386984)
Failed to process relocation: 6570:0b40 (Invalid index: 386976)
Failed to process relocation: 6570:0b36 (Invalid index: 386966)
Failed to process relocation: 6570:0b31 (Invalid index: 386961)
Failed to process relocation: 6570:0b17 (Invalid index: 386935)
Failed to process relocation: 6570:0b0a (Invalid index: 386922)
Failed to process relocation: 6570:0ae4 (Invalid index: 386884)
Failed to process relocation: 6570:0acf (Invalid index: 386863)
Failed to process relocation: 6570:0ab0 (Invalid index: 386832)
Failed to process relocation: 6570:0a91 (Invalid index: 386801)
Failed to process relocation: 6570:0a6d (Invalid index: 386765)
Failed to process relocation: 6570:0a58 (Invalid index: 386744)
Failed to process relocation: 6570:0a3a (Invalid index: 386714)
Failed to process relocation: 6570:0a2a (Invalid index: 386698)
Failed to process relocation: 6570:0a25 (Invalid index: 386693)
Failed to process relocation: 6570:0a1b (Invalid index: 386683)
Failed to process relocation: 6570:0a12 (Invalid index: 386674)
Failed to process relocation: 6570:0a08 (Invalid index: 386664)
Failed to process relocation: 6570:0a03 (Invalid index: 386659)
Failed to process relocation: 6570:09fb (Invalid index: 386651)
Failed to process relocation: 6570:09f1 (Invalid index: 386641)
Failed to process relocation: 6570:09ec (Invalid index: 386636)
Failed to process relocation: 6570:09e4 (Invalid index: 386628)
Failed to process relocation: 6570:09c1 (Invalid index: 386593)
Failed to process relocation: 6570:09b5 (Invalid index: 386581)
Failed to process relocation: 6570:1027 (Invalid index: 388231)
Failed to process relocation: 6570:1022 (Invalid index: 388226)
Failed to process relocation: 6570:1010 (Invalid index: 388208)
Failed to process relocation: 6570:1003 (Invalid index: 388195)
Failed to process relocation: 6570:0ffe (Invalid index: 388190)
Failed to process relocation: 6570:0fec (Invalid index: 388172)
Failed to process relocation: 6570:0fe2 (Invalid index: 388162)
Failed to process relocation: 6570:0fdd (Invalid index: 388157)
Failed to process relocation: 6570:0fcb (Invalid index: 388139)
Failed to process relocation: 6570:0fc1 (Invalid index: 388129)
Failed to process relocation: 6570:0fbc (Invalid index: 388124)
Failed to process relocation: 6570:0faa (Invalid index: 388106)
Failed to process relocation: 6570:0f9d (Invalid index: 388093)
Failed to process relocation: 6570:0f98 (Invalid index: 388088)
Failed to process relocation: 6570:0f86 (Invalid index: 388070)
Failed to process relocation: 6570:0f7c (Invalid index: 388060)
Failed to process relocation: 6570:0f77 (Invalid index: 388055)
Failed to process relocation: 6570:0f65 (Invalid index: 388037)
Failed to process relocation: 6570:0f58 (Invalid index: 388024)
Failed to process relocation: 6570:0f53 (Invalid index: 388019)
Failed to process relocation: 6570:0f48 (Invalid index: 388008)
Failed to process relocation: 6570:0f3e (Invalid index: 387998)
Failed to process relocation: 6570:0f39 (Invalid index: 387993)
Failed to process relocation: 6570:0f2e (Invalid index: 387982)
Failed to process relocation: 6570:0f19 (Invalid index: 387961)
Failed to process relocation: 6570:0e40 (Invalid index: 387744)
Failed to process relocation: 6570:0e3b (Invalid index: 387739)
Failed to process relocation: 6570:0e36 (Invalid index: 387734)
Failed to process relocation: 6570:0e2e (Invalid index: 387726)
Failed to process relocation: 6570:0e11 (Invalid index: 387697)
Failed to process relocation: 6570:0e0c (Invalid index: 387692)
Failed to process relocation: 6570:0e07 (Invalid index: 387687)
Failed to process relocation: 6570:0dff (Invalid index: 387679)
Failed to process relocation: 6570:0df4 (Invalid index: 387668)
Failed to process relocation: 6570:0def (Invalid index: 387663)
Failed to process relocation: 6570:0dea (Invalid index: 387658)
Failed to process relocation: 6570:0de2 (Invalid index: 387650)
Failed to process relocation: 6570:0db5 (Invalid index: 387605)
Failed to process relocation: 6570:0db0 (Invalid index: 387600)
Failed to process relocation: 6570:0dab (Invalid index: 387595)
Failed to process relocation: 6570:0da3 (Invalid index: 387587)
Failed to process relocation: 6570:0d98 (Invalid index: 387576)
Failed to process relocation: 6570:0d93 (Invalid index: 387571)
Failed to process relocation: 6570:0d8e (Invalid index: 387566)
Failed to process relocation: 6570:0d86 (Invalid index: 387558)
Failed to process relocation: 6570:0d6d (Invalid index: 387533)
Failed to process relocation: 6570:0d64 (Invalid index: 387524)
Failed to process relocation: 6570:0d5a (Invalid index: 387514)
Failed to process relocation: 6570:0d55 (Invalid index: 387509)
Failed to process relocation: 6570:0d4a (Invalid index: 387498)
Failed to process relocation: 6570:0d40 (Invalid index: 387488)
Failed to process relocation: 6570:0d3b (Invalid index: 387483)
Failed to process relocation: 6570:0d15 (Invalid index: 387445)
Failed to process relocation: 6570:0d0c (Invalid index: 387436)
Failed to process relocation: 6570:0d02 (Invalid index: 387426)
Failed to process relocation: 6570:0cfd (Invalid index: 387421)
Failed to process relocation: 6570:0cf2 (Invalid index: 387410)
Failed to process relocation: 6570:0ce8 (Invalid index: 387400)
Failed to process relocation: 6570:0ce3 (Invalid index: 387395)
Failed to process relocation: 6570:0cb4 (Invalid index: 387348)
Failed to process relocation: 6570:13df (Invalid index: 389183)
Failed to process relocation: 6570:13da (Invalid index: 389178)
Failed to process relocation: 6570:13c9 (Invalid index: 389161)
Failed to process relocation: 6570:13c0 (Invalid index: 389152)
Failed to process relocation: 6570:13aa (Invalid index: 389130)
Failed to process relocation: 6570:13a2 (Invalid index: 389122)
Failed to process relocation: 6570:139a (Invalid index: 389114)
Failed to process relocation: 6570:1392 (Invalid index: 389106)
Failed to process relocation: 6570:138d (Invalid index: 389101)
Failed to process relocation: 6570:1385 (Invalid index: 389093)
Failed to process relocation: 6570:1373 (Invalid index: 389075)
Failed to process relocation: 6570:134f (Invalid index: 389039)
Failed to process relocation: 6570:134a (Invalid index: 389034)
Failed to process relocation: 6570:1339 (Invalid index: 389017)
Failed to process relocation: 6570:1330 (Invalid index: 389008)
Failed to process relocation: 6570:131a (Invalid index: 388986)
Failed to process relocation: 6570:1312 (Invalid index: 388978)
Failed to process relocation: 6570:130a (Invalid index: 388970)
Failed to process relocation: 6570:1302 (Invalid index: 388962)
Failed to process relocation: 6570:12fd (Invalid index: 388957)
Failed to process relocation: 6570:12f5 (Invalid index: 388949)
Failed to process relocation: 6570:12e3 (Invalid index: 388931)
Failed to process relocation: 6570:12d1 (Invalid index: 388913)
Failed to process relocation: 6570:12c9 (Invalid index: 388905)
Failed to process relocation: 6570:12c1 (Invalid index: 388897)
Failed to process relocation: 6570:129e (Invalid index: 388862)
Failed to process relocation: 6570:127e (Invalid index: 388830)
Failed to process relocation: 6570:1279 (Invalid index: 388825)
Failed to process relocation: 6570:1274 (Invalid index: 388820)
Failed to process relocation: 6570:126c (Invalid index: 388812)
Failed to process relocation: 6570:1267 (Invalid index: 388807)
Failed to process relocation: 6570:1229 (Invalid index: 388745)
Failed to process relocation: 6570:1224 (Invalid index: 388740)
Failed to process relocation: 6570:121f (Invalid index: 388735)
Failed to process relocation: 6570:121a (Invalid index: 388730)
Failed to process relocation: 6570:1212 (Invalid index: 388722)
Failed to process relocation: 6570:120d (Invalid index: 388717)
Failed to process relocation: 6570:1205 (Invalid index: 388709)
Failed to process relocation: 6570:11fc (Invalid index: 388700)
Failed to process relocation: 6570:11f4 (Invalid index: 388692)
Failed to process relocation: 6570:11ec (Invalid index: 388684)
Failed to process relocation: 6570:11de (Invalid index: 388670)
Failed to process relocation: 6570:11d0 (Invalid index: 388656)
Failed to process relocation: 6570:11c8 (Invalid index: 388648)
Failed to process relocation: 6570:11c0 (Invalid index: 388640)
Failed to process relocation: 6570:11a9 (Invalid index: 388617)
Failed to process relocation: 6570:115d (Invalid index: 388541)
Failed to process relocation: 6570:1158 (Invalid index: 388536)
Failed to process relocation: 6570:1150 (Invalid index: 388528)
Failed to process relocation: 6570:1147 (Invalid index: 388519)
Failed to process relocation: 6570:1142 (Invalid index: 388514)
Failed to process relocation: 6570:1137 (Invalid index: 388503)
Failed to process relocation: 6570:1132 (Invalid index: 388498)
Failed to process relocation: 6570:112d (Invalid index: 388493)
Failed to process relocation: 6570:1125 (Invalid index: 388485)
Failed to process relocation: 6570:111b (Invalid index: 388475)
Failed to process relocation: 6570:1112 (Invalid index: 388466)
Failed to process relocation: 6570:1108 (Invalid index: 388456)
Failed to process relocation: 6570:1103 (Invalid index: 388451)
Failed to process relocation: 6570:10fb (Invalid index: 388443)
Failed to process relocation: 6570:10f1 (Invalid index: 388433)
Failed to process relocation: 6570:10ec (Invalid index: 388428)
Failed to process relocation: 6570:10e4 (Invalid index: 388420)
Failed to process relocation: 6570:10d6 (Invalid index: 388406)
Failed to process relocation: 6570:10d1 (Invalid index: 388401)
Failed to process relocation: 6570:10cc (Invalid index: 388396)
Failed to process relocation: 6570:10c4 (Invalid index: 388388)
Failed to process relocation: 6570:10b9 (Invalid index: 388377)
Failed to process relocation: 6570:10b4 (Invalid index: 388372)
Failed to process relocation: 6570:10af (Invalid index: 388367)
Failed to process relocation: 6570:10a7 (Invalid index: 388359)
Failed to process relocation: 6570:1768 (Invalid index: 390088)
Failed to process relocation: 6570:175d (Invalid index: 390077)
Failed to process relocation: 6570:1732 (Invalid index: 390034)
Failed to process relocation: 6570:172d (Invalid index: 390029)
Failed to process relocation: 6570:1724 (Invalid index: 390020)
Failed to process relocation: 6570:171b (Invalid index: 390011)
Failed to process relocation: 6570:1716 (Invalid index: 390006)
Failed to process relocation: 6570:1711 (Invalid index: 390001)
Failed to process relocation: 6570:1708 (Invalid index: 389992)
Failed to process relocation: 6570:16ff (Invalid index: 389983)
Failed to process relocation: 6570:16f7 (Invalid index: 389975)
Failed to process relocation: 6570:16f2 (Invalid index: 389970)
Failed to process relocation: 6570:16ed (Invalid index: 389965)
Failed to process relocation: 6570:16e4 (Invalid index: 389956)
Failed to process relocation: 6570:16df (Invalid index: 389951)
Failed to process relocation: 6570:16ce (Invalid index: 389934)
Failed to process relocation: 6570:16bf (Invalid index: 389919)
Failed to process relocation: 6570:16a6 (Invalid index: 389894)
Failed to process relocation: 6570:169d (Invalid index: 389885)
Failed to process relocation: 6570:1695 (Invalid index: 389877)
Failed to process relocation: 6570:1678 (Invalid index: 389848)
Failed to process relocation: 6570:1651 (Invalid index: 389809)
Failed to process relocation: 6570:1636 (Invalid index: 389782)
Failed to process relocation: 6570:1626 (Invalid index: 389766)
Failed to process relocation: 6570:1621 (Invalid index: 389761)
Failed to process relocation: 6570:15fc (Invalid index: 389724)
Failed to process relocation: 6570:15ee (Invalid index: 389710)
Failed to process relocation: 6570:15b8 (Invalid index: 389656)
Failed to process relocation: 6570:1580 (Invalid index: 389600)
Failed to process relocation: 6570:156f (Invalid index: 389583)
Failed to process relocation: 6570:1566 (Invalid index: 389574)
Failed to process relocation: 6570:153e (Invalid index: 389534)
Failed to process relocation: 6570:1514 (Invalid index: 389492)
Failed to process relocation: 6570:14d3 (Invalid index: 389427)
Failed to process relocation: 6570:14a9 (Invalid index: 389385)
Failed to process relocation: 6570:147e (Invalid index: 389342)
Failed to process relocation: 6570:1477 (Invalid index: 389335)
Failed to process relocation: 6570:146a (Invalid index: 389322)
Failed to process relocation: 6570:1463 (Invalid index: 389315)
Failed to process relocation: 6570:143c (Invalid index: 389276)
Failed to process relocation: 6570:1423 (Invalid index: 389251)
Failed to process relocation: 6570:141b (Invalid index: 389243)
Failed to process relocation: 6570:1416 (Invalid index: 389238)
Failed to process relocation: 6570:1408 (Invalid index: 389224)
Failed to process relocation: 6570:1afa (Invalid index: 391002)
Failed to process relocation: 6570:1a91 (Invalid index: 390897)
Failed to process relocation: 6570:1a8c (Invalid index: 390892)
Failed to process relocation: 6570:1a87 (Invalid index: 390887)
Failed to process relocation: 6570:1a82 (Invalid index: 390882)
Failed to process relocation: 6570:1a7d (Invalid index: 390877)
Failed to process relocation: 6570:1a74 (Invalid index: 390868)
Failed to process relocation: 6570:1a69 (Invalid index: 390857)
Failed to process relocation: 6570:1a64 (Invalid index: 390852)
Failed to process relocation: 6570:1a5b (Invalid index: 390843)
Failed to process relocation: 6570:1a44 (Invalid index: 390820)
Failed to process relocation: 6570:1a1e (Invalid index: 390782)
Failed to process relocation: 6570:1a19 (Invalid index: 390777)
Failed to process relocation: 6570:1a14 (Invalid index: 390772)
Failed to process relocation: 6570:1a0f (Invalid index: 390767)
Failed to process relocation: 6570:1a0a (Invalid index: 390762)
Failed to process relocation: 6570:1a01 (Invalid index: 390753)
Failed to process relocation: 6570:19f6 (Invalid index: 390742)
Failed to process relocation: 6570:19f1 (Invalid index: 390737)
Failed to process relocation: 6570:19e8 (Invalid index: 390728)
Failed to process relocation: 6570:19d1 (Invalid index: 390705)
Failed to process relocation: 6570:1994 (Invalid index: 390644)
Failed to process relocation: 6570:1981 (Invalid index: 390625)
Failed to process relocation: 6570:1969 (Invalid index: 390601)
Failed to process relocation: 6570:1964 (Invalid index: 390596)
Failed to process relocation: 6570:195a (Invalid index: 390586)
Failed to process relocation: 6570:1955 (Invalid index: 390581)
Failed to process relocation: 6570:194c (Invalid index: 390572)
Failed to process relocation: 6570:1942 (Invalid index: 390562)
Failed to process relocation: 6570:193d (Invalid index: 390557)
Failed to process relocation: 6570:1934 (Invalid index: 390548)
Failed to process relocation: 6570:192a (Invalid index: 390538)
Failed to process relocation: 6570:1925 (Invalid index: 390533)
Failed to process relocation: 6570:191c (Invalid index: 390524)
Failed to process relocation: 6570:1912 (Invalid index: 390514)
Failed to process relocation: 6570:190d (Invalid index: 390509)
Failed to process relocation: 6570:18f1 (Invalid index: 390481)
Failed to process relocation: 6570:18b5 (Invalid index: 390421)
Failed to process relocation: 6570:18b0 (Invalid index: 390416)
Failed to process relocation: 6570:18a7 (Invalid index: 390407)
Failed to process relocation: 6570:1875 (Invalid index: 390357)
Failed to process relocation: 6570:1870 (Invalid index: 390352)
Failed to process relocation: 6570:1867 (Invalid index: 390343)
Failed to process relocation: 6570:1849 (Invalid index: 390313)
Failed to process relocation: 6570:183e (Invalid index: 390302)
Failed to process relocation: 6570:1835 (Invalid index: 390293)
Failed to process relocation: 6570:182c (Invalid index: 390284)
Failed to process relocation: 6570:1827 (Invalid index: 390279)
Failed to process relocation: 6570:181e (Invalid index: 390270)
Failed to process relocation: 6570:1813 (Invalid index: 390259)
Failed to process relocation: 6570:180e (Invalid index: 390254)
Failed to process relocation: 6570:1808 (Invalid index: 390248)
Failed to process relocation: 6570:17fe (Invalid index: 390238)
Failed to process relocation: 6570:17f6 (Invalid index: 390230)
Failed to process relocation: 6570:17f1 (Invalid index: 390225)
Failed to process relocation: 6570:17e0 (Invalid index: 390208)
Failed to process relocation: 6570:1e10 (Invalid index: 391792)
Failed to process relocation: 6570:1deb (Invalid index: 391755)
Failed to process relocation: 6570:1dd8 (Invalid index: 391736)
Failed to process relocation: 6570:1dc1 (Invalid index: 391713)
Failed to process relocation: 6570:1db9 (Invalid index: 391705)
Failed to process relocation: 6570:1d74 (Invalid index: 391636)
Failed to process relocation: 6570:1d4c (Invalid index: 391596)
Failed to process relocation: 6570:1d47 (Invalid index: 391591)
Failed to process relocation: 6570:1d42 (Invalid index: 391586)
Failed to process relocation: 6570:1d3d (Invalid index: 391581)
Failed to process relocation: 6570:1d38 (Invalid index: 391576)
Failed to process relocation: 6570:1d2f (Invalid index: 391567)
Failed to process relocation: 6570:1d26 (Invalid index: 391558)
Failed to process relocation: 6570:1d21 (Invalid index: 391553)
Failed to process relocation: 6570:1d18 (Invalid index: 391544)
Failed to process relocation: 6570:1d0f (Invalid index: 391535)
Failed to process relocation: 6570:1cf0 (Invalid index: 391504)
Failed to process relocation: 6570:1ceb (Invalid index: 391499)
Failed to process relocation: 6570:1ce1 (Invalid index: 391489)
Failed to process relocation: 6570:1cdc (Invalid index: 391484)
Failed to process relocation: 6570:1cd3 (Invalid index: 391475)
Failed to process relocation: 6570:1cca (Invalid index: 391466)
Failed to process relocation: 6570:1cc0 (Invalid index: 391456)
Failed to process relocation: 6570:1cbb (Invalid index: 391451)
Failed to process relocation: 6570:1cb2 (Invalid index: 391442)
Failed to process relocation: 6570:1ca8 (Invalid index: 391432)
Failed to process relocation: 6570:1ca3 (Invalid index: 391427)
Failed to process relocation: 6570:1c9a (Invalid index: 391418)
Failed to process relocation: 6570:1c90 (Invalid index: 391408)
Failed to process relocation: 6570:1c8b (Invalid index: 391403)
Failed to process relocation: 6570:1c6c (Invalid index: 391372)
Failed to process relocation: 6570:1c62 (Invalid index: 391362)
Failed to process relocation: 6570:1c5d (Invalid index: 391357)
Failed to process relocation: 6570:1c54 (Invalid index: 391348)
Failed to process relocation: 6570:1c4a (Invalid index: 391338)
Failed to process relocation: 6570:1c45 (Invalid index: 391333)
Failed to process relocation: 6570:1c3c (Invalid index: 391324)
Failed to process relocation: 6570:1c32 (Invalid index: 391314)
Failed to process relocation: 6570:1c2d (Invalid index: 391309)
Failed to process relocation: 6570:1c0a (Invalid index: 391274)
Failed to process relocation: 6570:1bef (Invalid index: 391247)
Failed to process relocation: 6570:1be0 (Invalid index: 391232)
Failed to process relocation: 6570:1b93 (Invalid index: 391155)
Failed to process relocation: 6570:22c2 (Invalid index: 392994)
Failed to process relocation: 6570:2230 (Invalid index: 392848)
 (ProgramLoader)  
INFO  IMPORTING: Loaded 0 additional files (HeadlessAnalyzer)  
INFO  REPORT: Execute script: MarkOverlayThunks 'pre' '3ab8'  (HeadlessAnalyzer)  
INFO  SCRIPT: C:\prog\jwcad\ghidra_scripts\MarkOverlayThunks.java (HeadlessAnalyzer)  
INFO  MarkOverlayThunks.java> cd 3f sites: 103 (GhidraScript)  
INFO  MarkOverlayThunks.java> overlay trap operands marked as data: 103 of 103 (GhidraScript)  
INFO  ANALYZING all memory and code: file:///C:/prog/jwcad/ovl/jw33.exe (HeadlessAnalyzer)  
ERROR Failed to create function at 1885:07c4 since its body contains referring thunk at 1885:0344 (CreateFunctionCmd)  
ERROR Failed to create function at 28b3:0f86 since its body contains referring thunk at 28b3:0ee9 (CreateFunctionCmd)  
ERROR Failed to create function at 28b3:100d since its body contains referring thunk at 28b3:1006 (CreateFunctionCmd)  
ERROR Failed to create function at 28b3:1140 since its body contains referring thunk at 28b3:112c (CreateFunctionCmd)  
WARN  Decompiling 32b2:0d40, pcode error at 3000:5054: Unable to resolve constructor at 3000:5054 (DecompileCallback)  
WARN  Decompiling 1000:0a81, pcode error at 1000:0a6f: Unable to resolve constructor at 1000:0a6f (DecompileCallback)  
WARN  Decompiling 1000:0a81, pcode error at 1000:0a4b: Unable to resolve constructor at 1000:0a4b (DecompileCallback)  
WARN  Decompiling 1000:0a81, pcode error at 1000:0818: Unable to resolve constructor at 1000:0818 (DecompileCallback)  
WARN  Decompiling 12c1:097e, pcode error at 1000:5097: Unable to resolve constructor at 1000:5097 (DecompileCallback)  
WARN  Decompiling 32b2:1528: Unable to read bytes at ram:0000:7be2 (DecompileCallback)  
WARN  Decompiling 21f2:246e, pcode error at 2000:3158: Unable to resolve constructor at 2000:3158 (DecompileCallback)  
WARN  Decompiling 21f2:246e, pcode error at 2000:7191: Unable to resolve constructor at 2000:7191 (DecompileCallback)  
INFO  Packed database cache: C:\Users\yomei\AppData\Local\ghidra\packed-db-cache (PackedDatabaseCache)  
INFO  Applied data type archive: generic_clib (ApplyDataArchiveAnalyzer)  
INFO  -----------------------------------------------------
    ASCII Strings                              0.322 secs
    Apply Data Archives                        0.767 secs
    Call Convention ID                         0.003 secs
    Call-Fixup Installer                       0.017 secs
    Create Function                            0.606 secs
    Data Reference                             0.036 secs
    Decompiler Switch Analysis                19.770 secs
    Demangler GNU                              0.044 secs
    Disassemble                                2.090 secs
    Disassemble Entry Points                   0.219 secs
    Embedded Media                             0.018 secs
    External Entry References                  0.000 secs
    Function ID                                0.129 secs
    Function Start Search                      0.026 secs
    Non-Returning Functions - Discovered       0.650 secs
    Reference                                  0.049 secs
    Segmented X86 Calling Conventions          0.003 secs
    Shared Return Calls                        0.186 secs
    Stack                                      2.511 secs
    Subroutine References                      0.125 secs
    Subroutine References - One Time           0.000 secs
    X86 Function Callee Purge                  0.165 secs
    x86 Constant Reference Analyzer            1.943 secs
-----------------------------------------------------
     Total Time   29 secs
-----------------------------------------------------
 (AutoAnalysisManager)  
INFO  REPORT: Analysis succeeded for file: file:///C:/prog/jwcad/ovl/jw33.exe (HeadlessAnalyzer)  
INFO  REPORT: Execute script: MarkOverlayThunks 'post' '3ab8' 'C:\prog\jwcad\entries\33.txt' '33'  (HeadlessAnalyzer)  
INFO  SCRIPT: C:\prog\jwcad\ghidra_scripts\MarkOverlayThunks.java (HeadlessAnalyzer)  
INFO  MarkOverlayThunks.java> cd 3f sites: 103 (GhidraScript)  
INFO  MarkOverlayThunks.java> overlay traps given a fall-through: 103, references added: 0 (GhidraScript)  
INFO  MarkOverlayThunks.java> overlay entry points seeded: 1 (GhidraScript)  
INFO  REPORT: Execute script: DecompileAll 'C:\prog\jwcad\out\ovl33' '3ab8' '4375'  (HeadlessAnalyzer)  
INFO  SCRIPT: C:\prog\jwcad\ghidra_scripts\DecompileAll.java (HeadlessAnalyzer)  
WARN  Decompiling 3ab8:4cdb, pcode error at 3000:0d42: Unable to resolve constructor at 3000:0d42 (DecompileCallback)  
WARN  Decompiling 3ab8:4edc, pcode error at 3000:0d42: Unable to resolve constructor at 3000:0d42 (DecompileCallback)  
WARN  Decompiling 3ab8:4fbd, pcode error at 3000:0d42: Unable to resolve constructor at 3000:0d42 (DecompileCallback)  
WARN  Decompiling 3ab8:5176, pcode error at 3000:0d42: Unable to resolve constructor at 3000:0d42 (DecompileCallback)  
WARN  Decompiling 3ab8:5176, pcode error at 4000:fce9: Disassembly not permitted within uninitialized memory block (DecompileCallback)  
WARN  Decompiling 3ab8:5176, pcode error at 4000:fe5a: Disassembly not permitted within uninitialized memory block (DecompileCallback)  
WARN  Decompiling 3ab8:5176, pcode error at 4000:fe64: Disassembly not permitted within uninitialized memory block (DecompileCallback)  
WARN  Decompiling 3ab8:522f, pcode error at 3000:0d42: Unable to resolve constructor at 3000:0d42 (DecompileCallback)  
WARN  Decompiling 3ab8:522f, pcode error at 4000:fce9: Disassembly not permitted within uninitialized memory block (DecompileCallback)  
WARN  Decompiling 3ab8:522f, pcode error at 4000:fe5a: Disassembly not permitted within uninitialized memory block (DecompileCallback)  
WARN  Decompiling 3ab8:522f, pcode error at 4000:fe64: Disassembly not permitted within uninitialized memory block (DecompileCallback)  
WARN  Decompiling 3ab8:52c1, pcode error at 4000:fce9: Disassembly not permitted within uninitialized memory block (DecompileCallback)  
WARN  Decompiling 3ab8:52c1, pcode error at 4000:fe5a: Disassembly not permitted within uninitialized memory block (DecompileCallback)  
WARN  Decompiling 3ab8:52c1, pcode error at 4000:fe64: Disassembly not permitted within uninitialized memory block (DecompileCallback)  
INFO  DecompileAll.java> decompiled 21 functions, 0 failed (GhidraScript)  
INFO  ANALYZING changes made by post scripts: file:///C:/prog/jwcad/ovl/jw33.exe (HeadlessAnalyzer)  
INFO  REPORT: Post-analysis succeeded for file: file:///C:/prog/jwcad/ovl/jw33.exe (HeadlessAnalyzer)  
INFO  /jw33.exe: file created (yomei) (LocalFileSystem)  
INFO  REPORT: Save succeeded for: /jw33.exe (ovl33:/jw33.exe) (HeadlessAnalyzer)  
INFO  REPORT: Import succeeded (HeadlessAnalyzer)  
