INFO  Using log config file: jar:file:/C:/prog/ghidra/ghidra_12.1.3_PUBLIC/Ghidra/Framework/Generic/lib/Generic.jar!/generic.log4j.xml (LoggingInitialization)  
INFO  Using log file: C:\Users\yomei\AppData\Roaming\ghidra\ghidra_12.1.3_PUBLIC\application.log (LoggingInitialization)  
INFO  Loading user preferences: C:\Users\yomei\AppData\Roaming\ghidra\ghidra_12.1.3_PUBLIC\preferences (Preferences)  
INFO  Searching for classes... (ClassSearcher)  
INFO  Class search complete (1048 ms) (ClassSearcher)  
INFO  Initializing SSL Context (DefaultSSLContextInitializer)  
INFO  Initializing Random Number Generator... (SecureRandomFactory)  
INFO  Random Number Generator initialization complete: SHA1PRNG (SecureRandomFactory)  
INFO  Trust manager disabled, cacerts have not been set (DefaultTrustManagerFactory)  
INFO  Headless startup complete (9872 ms) (AnalyzeHeadless)  
INFO  Class searcher loaded 59 extension points (20 false positives) (ClassSearcher)  
INFO  HEADLESS Script Paths:
    C:\prog\ghidra\ghidra_12.1.3_PUBLIC\Ghidra\Debug\Debugger-rmi-trace\ghidra_scripts
    C:\prog\ghidra\ghidra_12.1.3_PUBLIC\Ghidra\Features\FileFormats\ghidra_scripts
    C:\prog\ghidra\ghidra_12.1.3_PUBLIC\Ghidra\Features\GnuDemangler\ghidra_scripts
    C:\prog\ghidra\ghidra_12.1.3_PUBLIC\Ghidra\Features\VersionTracking\ghidra_scripts
    C:\prog\ghidra\ghidra_12.1.3_PUBLIC\Ghidra\Debug\Debugger\ghidra_scripts
    C:\prog\ghidra\ghidra_12.1.3_PUBLIC\Ghidra\Processors\8051\ghidra_scripts
    C:\prog\ghidra\ghidra_12.1.3_PUBLIC\Ghidra\Features\BSim\ghidra_scripts
    C:\prog\ghidra\ghidra_12.1.3_PUBLIC\Ghidra\Features\WildcardAssembler\ghidra_scripts
    C:\prog\ghidra\ghidra_12.1.3_PUBLIC\Ghidra\Features\FunctionID\ghidra_scripts
    C:\prog\ghidra\ghidra_12.1.3_PUBLIC\Ghidra\Features\SystemEmulation\ghidra_scripts
    C:\prog\ghidra\ghidra_12.1.3_PUBLIC\Ghidra\Processors\PIC\ghidra_scripts
    C:\prog\ghidra\ghidra_12.1.3_PUBLIC\Ghidra\Features\PDB\ghidra_scripts
    C:\prog\ghidra\ghidra_12.1.3_PUBLIC\Ghidra\Features\DecompilerDependent\ghidra_scripts
    C:\prog\ghidra\ghidra_12.1.3_PUBLIC\Ghidra\Features\SwiftDemangler\ghidra_scripts
    C:\prog\ghidra\ghidra_12.1.3_PUBLIC\Ghidra\Features\MicrosoftCodeAnalyzer\ghidra_scripts
    C:\prog\ghidra\ghidra_12.1.3_PUBLIC\Ghidra\Processors\DATA\ghidra_scripts
    C:\prog\ghidra\ghidra_12.1.3_PUBLIC\Ghidra\Features\Decompiler\ghidra_scripts
    C:\prog\ghidra\ghidra_12.1.3_PUBLIC\Ghidra\Features\BytePatterns\ghidra_scripts
    C:\prog\ghidra\ghidra_12.1.3_PUBLIC\Ghidra\Features\PyGhidra\ghidra_scripts
    C:\prog\ghidra\ghidra_12.1.3_PUBLIC\Ghidra\Processors\Atmel\ghidra_scripts
    C:\prog\ghidra\ghidra_12.1.3_PUBLIC\Ghidra\Features\Base\ghidra_scripts
    C:\prog\jwcad\ghidra_scripts
    C:\prog\ghidra\ghidra_12.1.3_PUBLIC\Ghidra\Processors\JVM\ghidra_scripts (HeadlessAnalyzer)  
INFO  HEADLESS: execution starts (HeadlessAnalyzer)  
INFO  Creating temporary project: C:\prog\jwcad\proj\ovl07 (HeadlessAnalyzer)  
INFO  Creating project: C:\prog\jwcad\proj\ovl07 (DefaultProject)  
INFO  REPORT: Processing input files:  (HeadlessAnalyzer)  
INFO       project: C:\prog\jwcad\proj\ovl07 (HeadlessAnalyzer)  
INFO  IMPORTING: file:///C:/prog/jwcad/ovl/jw07.exe (HeadlessAnalyzer)  
INFO  Using Loader: Old-style DOS Executable (MZ) (ProgramLoader)  
INFO  Using Language/Compiler: x86:LE:16:Real Mode:default (ProgramLoader)  
INFO  Using Library Search Path: [., C:\Windows\SysWOW64, C:\prog\ghidra\jdk21\bin, C:\Windows\Sun\Java\bin, C:\Windows\system32, C:\Windows, C:\Program Files\Python312\Scripts\, C:\Program Files\Python312\, C:\Windows\System32\Wbem, C:\Windows\System32\WindowsPowerShell\v1.0\, C:\Windows\System32\OpenSSH\, C:\Program Files\Amazon\AWSCLIV2\, C:\ProgramData\chocolatey\bin, C:\ffmpeg, C:\Users\yomei\AppData\Local\Microsoft\WindowsApps] (ProgramLoader)  
INFO  Additional info:
There were too many messages to display.
899 messages have been truncated.

Loading file:///C:/prog/jwcad/ovl/jw07.exe?MD5=9c628dffa5253e483c4ad683e1c0e163...
Failed to process relocation: 6570:0222 (Invalid index: 384194)
Failed to process relocation: 6570:020e (Invalid index: 384174)
Failed to process relocation: 6570:0206 (Invalid index: 384166)
Failed to process relocation: 6570:01fe (Invalid index: 384158)
Failed to process relocation: 6570:01f6 (Invalid index: 384150)
Failed to process relocation: 6570:01ec (Invalid index: 384140)
Failed to process relocation: 6570:01e7 (Invalid index: 384135)
Failed to process relocation: 6570:01de (Invalid index: 384126)
Failed to process relocation: 6570:01cc (Invalid index: 384108)
Failed to process relocation: 6570:01c4 (Invalid index: 384100)
Failed to process relocation: 6570:01bc (Invalid index: 384092)
Failed to process relocation: 6570:01b2 (Invalid index: 384082)
Failed to process relocation: 6570:01ad (Invalid index: 384077)
Failed to process relocation: 6570:01a5 (Invalid index: 384069)
Failed to process relocation: 6570:0196 (Invalid index: 384054)
Failed to process relocation: 6570:0191 (Invalid index: 384049)
Failed to process relocation: 6570:0189 (Invalid index: 384041)
Failed to process relocation: 6570:017f (Invalid index: 384031)
Failed to process relocation: 6570:017a (Invalid index: 384026)
Failed to process relocation: 6570:0171 (Invalid index: 384017)
Failed to process relocation: 6570:015b (Invalid index: 383995)
Failed to process relocation: 6570:0156 (Invalid index: 383990)
Failed to process relocation: 6570:014e (Invalid index: 383982)
Failed to process relocation: 6570:0137 (Invalid index: 383959)
Failed to process relocation: 6570:0132 (Invalid index: 383954)
Failed to process relocation: 6570:0129 (Invalid index: 383945)
Failed to process relocation: 6570:0111 (Invalid index: 383921)
Failed to process relocation: 6570:00e0 (Invalid index: 383872)
Failed to process relocation: 6570:00d7 (Invalid index: 383863)
Failed to process relocation: 6570:00cd (Invalid index: 383853)
Failed to process relocation: 6570:00c8 (Invalid index: 383848)
Failed to process relocation: 6570:00c0 (Invalid index: 383840)
Failed to process relocation: 6570:00b6 (Invalid index: 383830)
Failed to process relocation: 6570:00b1 (Invalid index: 383825)
Failed to process relocation: 6570:0099 (Invalid index: 383801)
Failed to process relocation: 6570:006c (Invalid index: 383756)
Failed to process relocation: 6570:0067 (Invalid index: 383751)
Failed to process relocation: 6570:005d (Invalid index: 383741)
Failed to process relocation: 6570:0058 (Invalid index: 383736)
Failed to process relocation: 6570:0050 (Invalid index: 383728)
Failed to process relocation: 6570:0046 (Invalid index: 383718)
Failed to process relocation: 6570:0041 (Invalid index: 383713)
Failed to process relocation: 6570:0039 (Invalid index: 383705)
Failed to process relocation: 6570:002f (Invalid index: 383695)
Failed to process relocation: 6570:002a (Invalid index: 383690)
Failed to process relocation: 6570:0022 (Invalid index: 383682)
Failed to process relocation: 6570:0018 (Invalid index: 383672)
Failed to process relocation: 6570:0013 (Invalid index: 383667)
Failed to process relocation: 6570:0009 (Invalid index: 383657)
Failed to process relocation: 6570:05e5 (Invalid index: 385157)
Failed to process relocation: 6570:05e0 (Invalid index: 385152)
Failed to process relocation: 6570:05d8 (Invalid index: 385144)
Failed to process relocation: 6570:05ce (Invalid index: 385134)
Failed to process relocation: 6570:05c5 (Invalid index: 385125)
Failed to process relocation: 6570:05bb (Invalid index: 385115)
Failed to process relocation: 6570:05b3 (Invalid index: 385107)
Failed to process relocation: 6570:05a9 (Invalid index: 385097)
Failed to process relocation: 6570:05a1 (Invalid index: 385089)
Failed to process relocation: 6570:0597 (Invalid index: 385079)
Failed to process relocation: 6570:057f (Invalid index: 385055)
Failed to process relocation: 6570:0567 (Invalid index: 385031)
Failed to process relocation: 6570:055d (Invalid index: 385021)
Failed to process relocation: 6570:0545 (Invalid index: 384997)
Failed to process relocation: 6570:052d (Invalid index: 384973)
Failed to process relocation: 6570:0523 (Invalid index: 384963)
Failed to process relocation: 6570:0518 (Invalid index: 384952)
Failed to process relocation: 6570:0513 (Invalid index: 384947)
Failed to process relocation: 6570:0509 (Invalid index: 384937)
Failed to process relocation: 6570:0504 (Invalid index: 384932)
Failed to process relocation: 6570:04fc (Invalid index: 384924)
Failed to process relocation: 6570:04f2 (Invalid index: 384914)
Failed to process relocation: 6570:04ed (Invalid index: 384909)
Failed to process relocation: 6570:04e5 (Invalid index: 384901)
Failed to process relocation: 6570:04db (Invalid index: 384891)
Failed to process relocation: 6570:04d3 (Invalid index: 384883)
Failed to process relocation: 6570:04c9 (Invalid index: 384873)
Failed to process relocation: 6570:04b1 (Invalid index: 384849)
Failed to process relocation: 6570:04a9 (Invalid index: 384841)
Failed to process relocation: 6570:049f (Invalid index: 384831)
Failed to process relocation: 6570:0497 (Invalid index: 384823)
Failed to process relocation: 6570:048d (Invalid index: 384813)
Failed to process relocation: 6570:0475 (Invalid index: 384789)
Failed to process relocation: 6570:046d (Invalid index: 384781)
Failed to process relocation: 6570:0463 (Invalid index: 384771)
Failed to process relocation: 6570:045e (Invalid index: 384766)
Failed to process relocation: 6570:0456 (Invalid index: 384758)
Failed to process relocation: 6570:044c (Invalid index: 384748)
Failed to process relocation: 6570:0443 (Invalid index: 384739)
Failed to process relocation: 6570:0439 (Invalid index: 384729)
Failed to process relocation: 6570:0431 (Invalid index: 384721)
Failed to process relocation: 6570:0427 (Invalid index: 384711)
Failed to process relocation: 6570:041f (Invalid index: 384703)
Failed to process relocation: 6570:0415 (Invalid index: 384693)
Failed to process relocation: 6570:03fd (Invalid index: 384669)
Failed to process relocation: 6570:03e5 (Invalid index: 384645)
Failed to process relocation: 6570:03db (Invalid index: 384635)
Failed to process relocation: 6570:03c3 (Invalid index: 384611)
Failed to process relocation: 6570:03ab (Invalid index: 384587)
Failed to process relocation: 6570:03a1 (Invalid index: 384577)
Failed to process relocation: 6570:0396 (Invalid index: 384566)
Failed to process relocation: 6570:0391 (Invalid index: 384561)
Failed to process relocation: 6570:0387 (Invalid index: 384551)
Failed to process relocation: 6570:0382 (Invalid index: 384546)
Failed to process relocation: 6570:037a (Invalid index: 384538)
Failed to process relocation: 6570:0370 (Invalid index: 384528)
Failed to process relocation: 6570:036b (Invalid index: 384523)
Failed to process relocation: 6570:0363 (Invalid index: 384515)
Failed to process relocation: 6570:0359 (Invalid index: 384505)
Failed to process relocation: 6570:0351 (Invalid index: 384497)
Failed to process relocation: 6570:0347 (Invalid index: 384487)
Failed to process relocation: 6570:032d (Invalid index: 384461)
Failed to process relocation: 6570:0310 (Invalid index: 384432)
Failed to process relocation: 6570:02da (Invalid index: 384378)
Failed to process relocation: 6570:02d5 (Invalid index: 384373)
Failed to process relocation: 6570:02cd (Invalid index: 384365)
Failed to process relocation: 6570:02c3 (Invalid index: 384355)
Failed to process relocation: 6570:02be (Invalid index: 384350)
Failed to process relocation: 6570:02b6 (Invalid index: 384342)
Failed to process relocation: 6570:0297 (Invalid index: 384311)
Failed to process relocation: 6570:027a (Invalid index: 384282)
Failed to process relocation: 6570:026c (Invalid index: 384268)
Failed to process relocation: 6570:0259 (Invalid index: 384249)
Failed to process relocation: 6570:0240 (Invalid index: 384224)
Failed to process relocation: 6570:094b (Invalid index: 386027)
Failed to process relocation: 6570:0946 (Invalid index: 386022)
Failed to process relocation: 6570:093c (Invalid index: 386012)
Failed to process relocation: 6570:0933 (Invalid index: 386003)
Failed to process relocation: 6570:0929 (Invalid index: 385993)
Failed to process relocation: 6570:0924 (Invalid index: 385988)
Failed to process relocation: 6570:091b (Invalid index: 385979)
Failed to process relocation: 6570:0911 (Invalid index: 385969)
Failed to process relocation: 6570:090c (Invalid index: 385964)
Failed to process relocation: 6570:0903 (Invalid index: 385955)
Failed to process relocation: 6570:08f7 (Invalid index: 385943)
Failed to process relocation: 6570:08f2 (Invalid index: 385938)
Failed to process relocation: 6570:08e8 (Invalid index: 385928)
Failed to process relocation: 6570:08e3 (Invalid index: 385923)
Failed to process relocation: 6570:08db (Invalid index: 385915)
Failed to process relocation: 6570:08d1 (Invalid index: 385905)
Failed to process relocation: 6570:08cc (Invalid index: 385900)
Failed to process relocation: 6570:08c4 (Invalid index: 385892)
Failed to process relocation: 6570:08ba (Invalid index: 385882)
Failed to process relocation: 6570:08b5 (Invalid index: 385877)
Failed to process relocation: 6570:08ad (Invalid index: 385869)
Failed to process relocation: 6570:08a3 (Invalid index: 385859)
Failed to process relocation: 6570:089e (Invalid index: 385854)
Failed to process relocation: 6570:088c (Invalid index: 385836)
Failed to process relocation: 6570:082c (Invalid index: 385740)
Failed to process relocation: 6570:0824 (Invalid index: 385732)
Failed to process relocation: 6570:081c (Invalid index: 385724)
Failed to process relocation: 6570:07f8 (Invalid index: 385688)
Failed to process relocation: 6570:07f3 (Invalid index: 385683)
Failed to process relocation: 6570:07e9 (Invalid index: 385673)
Failed to process relocation: 6570:07e0 (Invalid index: 385664)
Failed to process relocation: 6570:07d6 (Invalid index: 385654)
Failed to process relocation: 6570:07d1 (Invalid index: 385649)
Failed to process relocation: 6570:07c8 (Invalid index: 385640)
Failed to process relocation: 6570:07be (Invalid index: 385630)
Failed to process relocation: 6570:07b9 (Invalid index: 385625)
Failed to process relocation: 6570:07b0 (Invalid index: 385616)
Failed to process relocation: 6570:07a4 (Invalid index: 385604)
Failed to process relocation: 6570:079f (Invalid index: 385599)
Failed to process relocation: 6570:0795 (Invalid index: 385589)
Failed to process relocation: 6570:0790 (Invalid index: 385584)
Failed to process relocation: 6570:0788 (Invalid index: 385576)
Failed to process relocation: 6570:077e (Invalid index: 385566)
Failed to process relocation: 6570:0779 (Invalid index: 385561)
Failed to process relocation: 6570:0771 (Invalid index: 385553)
Failed to process relocation: 6570:0767 (Invalid index: 385543)
Failed to process relocation: 6570:0762 (Invalid index: 385538)
Failed to process relocation: 6570:075a (Invalid index: 385530)
Failed to process relocation: 6570:0750 (Invalid index: 385520)
Failed to process relocation: 6570:074b (Invalid index: 385515)
Failed to process relocation: 6570:0736 (Invalid index: 385494)
Failed to process relocation: 6570:0731 (Invalid index: 385489)
Failed to process relocation: 6570:0727 (Invalid index: 385479)
Failed to process relocation: 6570:071e (Invalid index: 385470)
Failed to process relocation: 6570:0714 (Invalid index: 385460)
Failed to process relocation: 6570:070f (Invalid index: 385455)
Failed to process relocation: 6570:0706 (Invalid index: 385446)
Failed to process relocation: 6570:06fc (Invalid index: 385436)
Failed to process relocation: 6570:06f7 (Invalid index: 385431)
Failed to process relocation: 6570:06ee (Invalid index: 385422)
Failed to process relocation: 6570:06e2 (Invalid index: 385410)
Failed to process relocation: 6570:06dd (Invalid index: 385405)
Failed to process relocation: 6570:06d3 (Invalid index: 385395)
Failed to process relocation: 6570:06ce (Invalid index: 385390)
Failed to process relocation: 6570:06c6 (Invalid index: 385382)
Failed to process relocation: 6570:06bc (Invalid index: 385372)
Failed to process relocation: 6570:06b7 (Invalid index: 385367)
Failed to process relocation: 6570:06af (Invalid index: 385359)
Failed to process relocation: 6570:06a5 (Invalid index: 385349)
Failed to process relocation: 6570:06a0 (Invalid index: 385344)
Failed to process relocation: 6570:0698 (Invalid index: 385336)
Failed to process relocation: 6570:068e (Invalid index: 385326)
Failed to process relocation: 6570:0689 (Invalid index: 385321)
Failed to process relocation: 6570:0677 (Invalid index: 385303)
Failed to process relocation: 6570:0633 (Invalid index: 385235)
Failed to process relocation: 6570:062b (Invalid index: 385227)
Failed to process relocation: 6570:0621 (Invalid index: 385217)
Failed to process relocation: 6570:0619 (Invalid index: 385209)
Failed to process relocation: 6570:060f (Invalid index: 385199)
Failed to process relocation: 6570:05f7 (Invalid index: 385175)
Failed to process relocation: 6570:05ef (Invalid index: 385167)
Failed to process relocation: 6570:0d1e (Invalid index: 387006)
Failed to process relocation: 6570:0cf5 (Invalid index: 386965)
Failed to process relocation: 6570:0cc4 (Invalid index: 386916)
Failed to process relocation: 6570:0ca9 (Invalid index: 386889)
Failed to process relocation: 6570:0c8c (Invalid index: 386860)
Failed to process relocation: 6570:0c58 (Invalid index: 386808)
Failed to process relocation: 6570:0c50 (Invalid index: 386800)
Failed to process relocation: 6570:0c48 (Invalid index: 386792)
Failed to process relocation: 6570:0c2c (Invalid index: 386764)
Failed to process relocation: 6570:0c27 (Invalid index: 386759)
Failed to process relocation: 6570:0c1d (Invalid index: 386749)
Failed to process relocation: 6570:0c14 (Invalid index: 386740)
Failed to process relocation: 6570:0c0a (Invalid index: 386730)
Failed to process relocation: 6570:0c05 (Invalid index: 386725)
Failed to process relocation: 6570:0bfc (Invalid index: 386716)
Failed to process relocation: 6570:0bf2 (Invalid index: 386706)
Failed to process relocation: 6570:0bed (Invalid index: 386701)
Failed to process relocation: 6570:0be4 (Invalid index: 386692)
Failed to process relocation: 6570:0bd8 (Invalid index: 386680)
Failed to process relocation: 6570:0bd3 (Invalid index: 386675)
Failed to process relocation: 6570:0bc9 (Invalid index: 386665)
Failed to process relocation: 6570:0bc4 (Invalid index: 386660)
Failed to process relocation: 6570:0bbc (Invalid index: 386652)
Failed to process relocation: 6570:0bb2 (Invalid index: 386642)
Failed to process relocation: 6570:0bad (Invalid index: 386637)
Failed to process relocation: 6570:0ba5 (Invalid index: 386629)
Failed to process relocation: 6570:0b9b (Invalid index: 386619)
Failed to process relocation: 6570:0b96 (Invalid index: 386614)
Failed to process relocation: 6570:0b8e (Invalid index: 386606)
Failed to process relocation: 6570:0b84 (Invalid index: 386596)
Failed to process relocation: 6570:0b7f (Invalid index: 386591)
Failed to process relocation: 6570:0b6f (Invalid index: 386575)
Failed to process relocation: 6570:0b47 (Invalid index: 386535)
Failed to process relocation: 6570:0b27 (Invalid index: 386503)
Failed to process relocation: 6570:0b1f (Invalid index: 386495)
Failed to process relocation: 6570:0b15 (Invalid index: 386485)
Failed to process relocation: 6570:0b0d (Invalid index: 386477)
Failed to process relocation: 6570:0b03 (Invalid index: 386467)
Failed to process relocation: 6570:0aeb (Invalid index: 386443)
Failed to process relocation: 6570:0ae3 (Invalid index: 386435)
Failed to process relocation: 6570:0ad9 (Invalid index: 386425)
Failed to process relocation: 6570:0ad4 (Invalid index: 386420)
Failed to process relocation: 6570:0acc (Invalid index: 386412)
Failed to process relocation: 6570:0ac2 (Invalid index: 386402)
Failed to process relocation: 6570:0ab9 (Invalid index: 386393)
Failed to process relocation: 6570:0aaf (Invalid index: 386383)
Failed to process relocation: 6570:0aa7 (Invalid index: 386375)
Failed to process relocation: 6570:0a9d (Invalid index: 386365)
Failed to process relocation: 6570:0a95 (Invalid index: 386357)
Failed to process relocation: 6570:0a8b (Invalid index: 386347)
Failed to process relocation: 6570:0a73 (Invalid index: 386323)
Failed to process relocation: 6570:0a5b (Invalid index: 386299)
Failed to process relocation: 6570:0a51 (Invalid index: 386289)
Failed to process relocation: 6570:0a39 (Invalid index: 386265)
Failed to process relocation: 6570:0a21 (Invalid index: 386241)
Failed to process relocation: 6570:0a17 (Invalid index: 386231)
Failed to process relocation: 6570:0a0c (Invalid index: 386220)
Failed to process relocation: 6570:0a07 (Invalid index: 386215)
Failed to process relocation: 6570:09fd (Invalid index: 386205)
Failed to process relocation: 6570:09f8 (Invalid index: 386200)
Failed to process relocation: 6570:09f0 (Invalid index: 386192)
Failed to process relocation: 6570:09e6 (Invalid index: 386182)
Failed to process relocation: 6570:09e1 (Invalid index: 386177)
Failed to process relocation: 6570:09d9 (Invalid index: 386169)
Failed to process relocation: 6570:09cf (Invalid index: 386159)
Failed to process relocation: 6570:09c7 (Invalid index: 386151)
Failed to process relocation: 6570:09bd (Invalid index: 386141)
Failed to process relocation: 6570:09a3 (Invalid index: 386115)
Failed to process relocation: 6570:0e79 (Invalid index: 387353)
Failed to process relocation: 6570:0e61 (Invalid index: 387329)
Failed to process relocation: 6570:0e49 (Invalid index: 387305)
Failed to process relocation: 6570:0e32 (Invalid index: 387282)
Failed to process relocation: 6570:0dda (Invalid index: 387194)
Failed to process relocation: 6570:0dcc (Invalid index: 387180)
Failed to process relocation: 6570:0d8d (Invalid index: 387117)
Failed to process relocation: 6570:0d67 (Invalid index: 387079)
Failed to process relocation: 6570:1212 (Invalid index: 388274)
Failed to process relocation: 6570:1209 (Invalid index: 388265)
Failed to process relocation: 6570:11ff (Invalid index: 388255)
Failed to process relocation: 6570:11fa (Invalid index: 388250)
Failed to process relocation: 6570:11f0 (Invalid index: 388240)
Failed to process relocation: 6570:11e8 (Invalid index: 388232)
Failed to process relocation: 6570:11df (Invalid index: 388223)
Failed to process relocation: 6570:11d5 (Invalid index: 388213)
Failed to process relocation: 6570:11d0 (Invalid index: 388208)
Failed to process relocation: 6570:11c6 (Invalid index: 388198)
Failed to process relocation: 6570:11be (Invalid index: 388190)
Failed to process relocation: 6570:11b6 (Invalid index: 388182)
Failed to process relocation: 6570:1186 (Invalid index: 388134)
Failed to process relocation: 6570:1165 (Invalid index: 388101)
Failed to process relocation: 6570:1160 (Invalid index: 388096)
Failed to process relocation: 6570:1156 (Invalid index: 388086)
Failed to process relocation: 6570:1151 (Invalid index: 388081)
Failed to process relocation: 6570:1149 (Invalid index: 388073)
Failed to process relocation: 6570:113f (Invalid index: 388063)
Failed to process relocation: 6570:113a (Invalid index: 388058)
Failed to process relocation: 6570:1132 (Invalid index: 388050)
Failed to process relocation: 6570:1128 (Invalid index: 388040)
Failed to process relocation: 6570:1123 (Invalid index: 388035)
Failed to process relocation: 6570:111b (Invalid index: 388027)
Failed to process relocation: 6570:1111 (Invalid index: 388017)
Failed to process relocation: 6570:110c (Invalid index: 388012)
Failed to process relocation: 6570:10f2 (Invalid index: 387986)
Failed to process relocation: 6570:10c4 (Invalid index: 387940)
Failed to process relocation: 6570:10b0 (Invalid index: 387920)
Failed to process relocation: 6570:10a7 (Invalid index: 387911)
Failed to process relocation: 6570:10a2 (Invalid index: 387906)
Failed to process relocation: 6570:109d (Invalid index: 387901)
Failed to process relocation: 6570:1098 (Invalid index: 387896)
Failed to process relocation: 6570:1090 (Invalid index: 387888)
Failed to process relocation: 6570:1087 (Invalid index: 387879)
Failed to process relocation: 6570:1062 (Invalid index: 387842)
Failed to process relocation: 6570:1057 (Invalid index: 387831)
Failed to process relocation: 6570:1042 (Invalid index: 387810)
Failed to process relocation: 6570:103d (Invalid index: 387805)
Failed to process relocation: 6570:1038 (Invalid index: 387800)
Failed to process relocation: 6570:1033 (Invalid index: 387795)
Failed to process relocation: 6570:102b (Invalid index: 387787)
Failed to process relocation: 6570:1007 (Invalid index: 387751)
Failed to process relocation: 6570:0ffd (Invalid index: 387741)
Failed to process relocation: 6570:0ff5 (Invalid index: 387733)
Failed to process relocation: 6570:0feb (Invalid index: 387723)
Failed to process relocation: 6570:0fdf (Invalid index: 387711)
Failed to process relocation: 6570:0fd8 (Invalid index: 387704)
Failed to process relocation: 6570:0fd0 (Invalid index: 387696)
Failed to process relocation: 6570:0fc8 (Invalid index: 387688)
Failed to process relocation: 6570:0fc0 (Invalid index: 387680)
Failed to process relocation: 6570:0fb6 (Invalid index: 387670)
Failed to process relocation: 6570:0fb1 (Invalid index: 387665)
Failed to process relocation: 6570:0fa7 (Invalid index: 387655)
Failed to process relocation: 6570:0fa2 (Invalid index: 387650)
Failed to process relocation: 6570:0f9d (Invalid index: 387645)
Failed to process relocation: 6570:0f95 (Invalid index: 387637)
Failed to process relocation: 6570:0f8d (Invalid index: 387629)
Failed to process relocation: 6570:0f85 (Invalid index: 387621)
Failed to process relocation: 6570:0f66 (Invalid index: 387590)
Failed to process relocation: 6570:0f35 (Invalid index: 387541)
Failed to process relocation: 6570:0f02 (Invalid index: 387490)
Failed to process relocation: 6570:0edb (Invalid index: 387451)
Failed to process relocation: 6570:0ea8 (Invalid index: 387400)
Failed to process relocation: 6570:0e8d (Invalid index: 387373)
Failed to process relocation: 6570:15c0 (Invalid index: 389216)
Failed to process relocation: 6570:15aa (Invalid index: 389194)
Failed to process relocation: 6570:158c (Invalid index: 389164)
Failed to process relocation: 6570:156d (Invalid index: 389133)
Failed to process relocation: 6570:1567 (Invalid index: 389127)
Failed to process relocation: 6570:1551 (Invalid index: 389105)
Failed to process relocation: 6570:1522 (Invalid index: 389058)
Failed to process relocation: 6570:14b3 (Invalid index: 388947)
Failed to process relocation: 6570:14ae (Invalid index: 388942)
Failed to process relocation: 6570:14a4 (Invalid index: 388932)
Failed to process relocation: 6570:149f (Invalid index: 388927)
Failed to process relocation: 6570:1496 (Invalid index: 388918)
Failed to process relocation: 6570:148c (Invalid index: 388908)
Failed to process relocation: 6570:1487 (Invalid index: 388903)
Failed to process relocation: 6570:145d (Invalid index: 388861)
Failed to process relocation: 6570:1458 (Invalid index: 388856)
Failed to process relocation: 6570:144e (Invalid index: 388846)
Failed to process relocation: 6570:1449 (Invalid index: 388841)
Failed to process relocation: 6570:1440 (Invalid index: 388832)
Failed to process relocation: 6570:1436 (Invalid index: 388822)
Failed to process relocation: 6570:1431 (Invalid index: 388817)
Failed to process relocation: 6570:13f8 (Invalid index: 388760)
Failed to process relocation: 6570:13a5 (Invalid index: 388677)
Failed to process relocation: 6570:1395 (Invalid index: 388661)
Failed to process relocation: 6570:1385 (Invalid index: 388645)
Failed to process relocation: 6570:1368 (Invalid index: 388616)
Failed to process relocation: 6570:1358 (Invalid index: 388600)
Failed to process relocation: 6570:1348 (Invalid index: 388584)
Failed to process relocation: 6570:1338 (Invalid index: 388568)
Failed to process relocation: 6570:1328 (Invalid index: 388552)
Failed to process relocation: 6570:1317 (Invalid index: 388535)
Failed to process relocation: 6570:130a (Invalid index: 388522)
Failed to process relocation: 6570:1300 (Invalid index: 388512)
Failed to process relocation: 6570:12ed (Invalid index: 388493)
Failed to process relocation: 6570:12dd (Invalid index: 388477)
Failed to process relocation: 6570:12c0 (Invalid index: 388448)
Failed to process relocation: 6570:12b8 (Invalid index: 388440)
Failed to process relocation: 6570:12b0 (Invalid index: 388432)
Failed to process relocation: 6570:12a7 (Invalid index: 388423)
Failed to process relocation: 6570:127e (Invalid index: 388382)
Failed to process relocation: 6570:1240 (Invalid index: 388320)
Failed to process relocation: 6570:1994 (Invalid index: 390196)
Failed to process relocation: 6570:198f (Invalid index: 390191)
Failed to process relocation: 6570:1986 (Invalid index: 390182)
Failed to process relocation: 6570:197d (Invalid index: 390173)
Failed to process relocation: 6570:1974 (Invalid index: 390164)
Failed to process relocation: 6570:196b (Invalid index: 390155)
Failed to process relocation: 6570:1953 (Invalid index: 390131)
Failed to process relocation: 6570:1946 (Invalid index: 390118)
Failed to process relocation: 6570:1941 (Invalid index: 390113)
Failed to process relocation: 6570:1938 (Invalid index: 390104)
Failed to process relocation: 6570:1920 (Invalid index: 390080)
Failed to process relocation: 6570:1916 (Invalid index: 390070)
Failed to process relocation: 6570:1911 (Invalid index: 390065)
Failed to process relocation: 6570:1908 (Invalid index: 390056)
Failed to process relocation: 6570:18fe (Invalid index: 390046)
Failed to process relocation: 6570:18f9 (Invalid index: 390041)
Failed to process relocation: 6570:18a8 (Invalid index: 389960)
Failed to process relocation: 6570:1886 (Invalid index: 389926)
Failed to process relocation: 6570:1876 (Invalid index: 389910)
Failed to process relocation: 6570:1866 (Invalid index: 389894)
Failed to process relocation: 6570:1856 (Invalid index: 389878)
Failed to process relocation: 6570:1836 (Invalid index: 389846)
Failed to process relocation: 6570:182c (Invalid index: 389836)
Failed to process relocation: 6570:1827 (Invalid index: 389831)
Failed to process relocation: 6570:181e (Invalid index: 389822)
Failed to process relocation: 6570:1814 (Invalid index: 389812)
Failed to process relocation: 6570:180f (Invalid index: 389807)
Failed to process relocation: 6570:17fa (Invalid index: 389786)
Failed to process relocation: 6570:17a9 (Invalid index: 389705)
Failed to process relocation: 6570:17a4 (Invalid index: 389700)
Failed to process relocation: 6570:179a (Invalid index: 389690)
Failed to process relocation: 6570:1795 (Invalid index: 389685)
Failed to process relocation: 6570:178c (Invalid index: 389676)
Failed to process relocation: 6570:1782 (Invalid index: 389666)
Failed to process relocation: 6570:177d (Invalid index: 389661)
Failed to process relocation: 6570:1754 (Invalid index: 389620)
Failed to process relocation: 6570:1735 (Invalid index: 389589)
Failed to process relocation: 6570:1725 (Invalid index: 389573)
Failed to process relocation: 6570:1715 (Invalid index: 389557)
Failed to process relocation: 6570:16a5 (Invalid index: 389445)
Failed to process relocation: 6570:16a0 (Invalid index: 389440)
Failed to process relocation: 6570:1696 (Invalid index: 389430)
Failed to process relocation: 6570:1691 (Invalid index: 389425)
Failed to process relocation: 6570:1688 (Invalid index: 389416)
Failed to process relocation: 6570:167e (Invalid index: 389406)
Failed to process relocation: 6570:1679 (Invalid index: 389401)
Failed to process relocation: 6570:161a (Invalid index: 389306)
Failed to process relocation: 6570:1d49 (Invalid index: 391145)
Failed to process relocation: 6570:1d44 (Invalid index: 391140)
Failed to process relocation: 6570:1d3b (Invalid index: 391131)
Failed to process relocation: 6570:1d21 (Invalid index: 391105)
Failed to process relocation: 6570:1d1b (Invalid index: 391099)
Failed to process relocation: 6570:1d0a (Invalid index: 391082)
Failed to process relocation: 6570:1cf3 (Invalid index: 391059)
Failed to process relocation: 6570:1ce1 (Invalid index: 391041)
Failed to process relocation: 6570:1cdb (Invalid index: 391035)
Failed to process relocation: 6570:1cca (Invalid index: 391018)
Failed to process relocation: 6570:1cb3 (Invalid index: 390995)
Failed to process relocation: 6570:1c7c (Invalid index: 390940)
Failed to process relocation: 6570:1c69 (Invalid index: 390921)
Failed to process relocation: 6570:1c36 (Invalid index: 390870)
Failed to process relocation: 6570:1c0c (Invalid index: 390828)
Failed to process relocation: 6570:1bdc (Invalid index: 390780)
Failed to process relocation: 6570:1bb9 (Invalid index: 390745)
Failed to process relocation: 6570:1b97 (Invalid index: 390711)
Failed to process relocation: 6570:1b74 (Invalid index: 390676)
Failed to process relocation: 6570:1b57 (Invalid index: 390647)
Failed to process relocation: 6570:1b4c (Invalid index: 390636)
Failed to process relocation: 6570:1b3f (Invalid index: 390623)
Failed to process relocation: 6570:1b2c (Invalid index: 390604)
Failed to process relocation: 6570:1b23 (Invalid index: 390595)
Failed to process relocation: 6570:1b1a (Invalid index: 390586)
Failed to process relocation: 6570:1a5d (Invalid index: 390397)
Failed to process relocation: 6570:1a55 (Invalid index: 390389)
Failed to process relocation: 6570:1a4f (Invalid index: 390383)
Failed to process relocation: 6570:1a46 (Invalid index: 390374)
Failed to process relocation: 6570:1a41 (Invalid index: 390369)
Failed to process relocation: 6570:1a29 (Invalid index: 390345)
Failed to process relocation: 6570:1a20 (Invalid index: 390336)
Failed to process relocation: 6570:1a1b (Invalid index: 390331)
Failed to process relocation: 6570:1a08 (Invalid index: 390312)
Failed to process relocation: 6570:1a00 (Invalid index: 390304)
Failed to process relocation: 6570:19f7 (Invalid index: 390295)
Failed to process relocation: 6570:19f2 (Invalid index: 390290)
Failed to process relocation: 6570:19ed (Invalid index: 390285)
Failed to process relocation: 6570:19e4 (Invalid index: 390276)
Failed to process relocation: 6570:19db (Invalid index: 390267)
Failed to process relocation: 6570:19d2 (Invalid index: 390258)
Failed to process relocation: 6570:19cd (Invalid index: 390253)
Failed to process relocation: 6570:19c4 (Invalid index: 390244)
Failed to process relocation: 6570:19ab (Invalid index: 390219)
Failed to process relocation: 6570:19a6 (Invalid index: 390214)
Failed to process relocation: 6570:199d (Invalid index: 390205)
Failed to process relocation: 6570:20eb (Invalid index: 392075)
Failed to process relocation: 6570:207d (Invalid index: 391965)
Failed to process relocation: 6570:2078 (Invalid index: 391960)
Failed to process relocation: 6570:2073 (Invalid index: 391955)
Failed to process relocation: 6570:206a (Invalid index: 391946)
Failed to process relocation: 6570:2059 (Invalid index: 391929)
Failed to process relocation: 6570:1fb4 (Invalid index: 391764)
Failed to process relocation: 6570:1fab (Invalid index: 391755)
Failed to process relocation: 6570:1fa6 (Invalid index: 391750)
Failed to process relocation: 6570:1f67 (Invalid index: 391687)
Failed to process relocation: 6570:1f5d (Invalid index: 391677)
Failed to process relocation: 6570:1f58 (Invalid index: 391672)
Failed to process relocation: 6570:1f4f (Invalid index: 391663)
Failed to process relocation: 6570:1f45 (Invalid index: 391653)
Failed to process relocation: 6570:1f40 (Invalid index: 391648)
Failed to process relocation: 6570:1f2b (Invalid index: 391627)
Failed to process relocation: 6570:1f04 (Invalid index: 391588)
Failed to process relocation: 6570:1eff (Invalid index: 391583)
Failed to process relocation: 6570:1ef6 (Invalid index: 391574)
Failed to process relocation: 6570:1ee8 (Invalid index: 391560)
 (ProgramLoader)  
INFO  IMPORTING: Loaded 0 additional files (HeadlessAnalyzer)  
INFO  REPORT: Execute script: MarkOverlayThunks 'pre' '3ab8'  (HeadlessAnalyzer)  
INFO  SCRIPT: C:\prog\jwcad\ghidra_scripts\MarkOverlayThunks.java (HeadlessAnalyzer)  
INFO  MarkOverlayThunks.java> cd 3f sites: 103 (GhidraScript)  
INFO  MarkOverlayThunks.java> overlay trap operands marked as data: 103 of 103 (GhidraScript)  
INFO  ANALYZING all memory and code: file:///C:/prog/jwcad/ovl/jw07.exe (HeadlessAnalyzer)  
ERROR Failed to create function at 28b3:0f86 since its body contains referring thunk at 28b3:0ee9 (CreateFunctionCmd)  
ERROR Failed to create function at 28b3:1140 since its body contains referring thunk at 28b3:112c (CreateFunctionCmd)  
WARN  Decompiling 12c1:097e, pcode error at 1000:5097: Unable to resolve constructor at 1000:5097 (DecompileCallback)  
WARN  Decompiling 32b2:1528: Unable to read bytes at ram:0000:7be2 (DecompileCallback)  
WARN  Decompiling 32b2:0d40, pcode error at 3000:5054: Unable to resolve constructor at 3000:5054 (DecompileCallback)  
WARN  Decompiling 1000:0a81, pcode error at 1000:0a6f: Unable to resolve constructor at 1000:0a6f (DecompileCallback)  
WARN  Decompiling 1000:0a81, pcode error at 1000:0a4b: Unable to resolve constructor at 1000:0a4b (DecompileCallback)  
WARN  Decompiling 1000:0a81, pcode error at 1000:0818: Unable to resolve constructor at 1000:0818 (DecompileCallback)  
WARN  Decompiling 21f2:246e, pcode error at 2000:3158: Unable to resolve constructor at 2000:3158 (DecompileCallback)  
WARN  Decompiling 21f2:246e, pcode error at 2000:7191: Unable to resolve constructor at 2000:7191 (DecompileCallback)  
INFO  Packed database cache: C:\Users\yomei\AppData\Local\ghidra\packed-db-cache (PackedDatabaseCache)  
INFO  Applied data type archive: generic_clib (ApplyDataArchiveAnalyzer)  
INFO  -----------------------------------------------------
    ASCII Strings                              0.370 secs
    Apply Data Archives                        0.446 secs
    Call Convention ID                         0.002 secs
    Call-Fixup Installer                       0.016 secs
    Create Function                            0.480 secs
    Data Reference                             0.061 secs
    Decompiler Switch Analysis                37.175 secs
    Demangler GNU                              0.044 secs
    Disassemble                                1.728 secs
    Disassemble Entry Points                   0.146 secs
    Embedded Media                             0.012 secs
    External Entry References                  0.000 secs
    Function ID                                0.120 secs
    Function Start Search                      0.020 secs
    Non-Returning Functions - Discovered       0.493 secs
    Reference                                  0.047 secs
    Segmented X86 Calling Conventions          0.002 secs
    Shared Return Calls                        0.163 secs
    Stack                                      2.597 secs
    Subroutine References                      0.095 secs
    Subroutine References - One Time           0.000 secs
    X86 Function Callee Purge                  0.154 secs
    x86 Constant Reference Analyzer            1.746 secs
-----------------------------------------------------
     Total Time   45 secs
-----------------------------------------------------
 (AutoAnalysisManager)  
INFO  REPORT: Analysis succeeded for file: file:///C:/prog/jwcad/ovl/jw07.exe (HeadlessAnalyzer)  
INFO  REPORT: Execute script: MarkOverlayThunks 'post' '3ab8' 'C:\prog\jwcad\entries\07.txt' '7'  (HeadlessAnalyzer)  
INFO  SCRIPT: C:\prog\jwcad\ghidra_scripts\MarkOverlayThunks.java (HeadlessAnalyzer)  
INFO  MarkOverlayThunks.java> cd 3f sites: 103 (GhidraScript)  
INFO  MarkOverlayThunks.java> overlay traps given a fall-through: 103, references added: 1 (GhidraScript)  
INFO  MarkOverlayThunks.java> overlay entry points seeded: 1 (GhidraScript)  
INFO  MarkOverlayThunks.java> overlay hole cleared: 0 stray functions (GhidraScript)  
INFO  REPORT: Execute script: DecompileAll 'C:\prog\jwcad\out\ovl07' '3ab8' '4375'  (HeadlessAnalyzer)  
INFO  SCRIPT: C:\prog\jwcad\ghidra_scripts\DecompileAll.java (HeadlessAnalyzer)  
WARN  Decompiling 3ab8:5195, pcode error at 4000:fc6a: Disassembly not permitted within uninitialized memory block (DecompileCallback)  
WARN  Decompiling 3ab8:5195, pcode error at 4000:e61c: Disassembly not permitted within uninitialized memory block (DecompileCallback)  
WARN  Decompiling 3ab8:5195, pcode error at 4000:ffd4: Disassembly not permitted within uninitialized memory block (DecompileCallback)  
WARN  Decompiling 3ab8:5195, pcode error at 4000:f395: Disassembly not permitted within uninitialized memory block (DecompileCallback)  
WARN  Decompiling 3ab8:522f, pcode error at 4000:fc6a: Disassembly not permitted within uninitialized memory block (DecompileCallback)  
WARN  Decompiling 3ab8:522f, pcode error at 4000:e61c: Disassembly not permitted within uninitialized memory block (DecompileCallback)  
WARN  Decompiling 3ab8:522f, pcode error at 4000:ffd4: Disassembly not permitted within uninitialized memory block (DecompileCallback)  
WARN  Decompiling 3ab8:522f, pcode error at 4000:f395: Disassembly not permitted within uninitialized memory block (DecompileCallback)  
INFO  DecompileAll.java> decompiled 12 functions, 0 failed (GhidraScript)  
INFO  ANALYZING changes made by post scripts: file:///C:/prog/jwcad/ovl/jw07.exe (HeadlessAnalyzer)  
INFO  REPORT: Post-analysis succeeded for file: file:///C:/prog/jwcad/ovl/jw07.exe (HeadlessAnalyzer)  
INFO  /jw07.exe: file created (yomei) (LocalFileSystem)  
INFO  REPORT: Save succeeded for: /jw07.exe (ovl07:/jw07.exe) (HeadlessAnalyzer)  
INFO  REPORT: Import succeeded (HeadlessAnalyzer)  
