INFO  Using log config file: jar:file:/C:/prog/ghidra/ghidra_12.1.3_PUBLIC/Ghidra/Framework/Generic/lib/Generic.jar!/generic.log4j.xml (LoggingInitialization)  
INFO  Using log file: C:\Users\yomei\AppData\Roaming\ghidra\ghidra_12.1.3_PUBLIC\application.log (LoggingInitialization)  
INFO  Loading user preferences: C:\Users\yomei\AppData\Roaming\ghidra\ghidra_12.1.3_PUBLIC\preferences (Preferences)  
INFO  Searching for classes... (ClassSearcher)  
INFO  Class search complete (1150 ms) (ClassSearcher)  
INFO  Initializing SSL Context (DefaultSSLContextInitializer)  
INFO  Initializing Random Number Generator... (SecureRandomFactory)  
INFO  Random Number Generator initialization complete: SHA1PRNG (SecureRandomFactory)  
INFO  Trust manager disabled, cacerts have not been set (DefaultTrustManagerFactory)  
INFO  Headless startup complete (10307 ms) (AnalyzeHeadless)  
INFO  Class searcher loaded 59 extension points (20 false positives) (ClassSearcher)  
INFO  HEADLESS Script Paths:
    C:\prog\ghidra\ghidra_12.1.3_PUBLIC\Ghidra\Debug\Debugger-rmi-trace\ghidra_scripts
    C:\prog\ghidra\ghidra_12.1.3_PUBLIC\Ghidra\Features\FileFormats\ghidra_scripts
    C:\prog\ghidra\ghidra_12.1.3_PUBLIC\Ghidra\Features\GnuDemangler\ghidra_scripts
    C:\prog\ghidra\ghidra_12.1.3_PUBLIC\Ghidra\Features\VersionTracking\ghidra_scripts
    C:\prog\ghidra\ghidra_12.1.3_PUBLIC\Ghidra\Debug\Debugger\ghidra_scripts
    C:\prog\ghidra\ghidra_12.1.3_PUBLIC\Ghidra\Processors\8051\ghidra_scripts
    C:\prog\ghidra\ghidra_12.1.3_PUBLIC\Ghidra\Features\BSim\ghidra_scripts
    C:\prog\ghidra\ghidra_12.1.3_PUBLIC\Ghidra\Features\WildcardAssembler\ghidra_scripts
    C:\prog\ghidra\ghidra_12.1.3_PUBLIC\Ghidra\Features\FunctionID\ghidra_scripts
    C:\prog\ghidra\ghidra_12.1.3_PUBLIC\Ghidra\Features\SystemEmulation\ghidra_scripts
    C:\prog\ghidra\ghidra_12.1.3_PUBLIC\Ghidra\Processors\PIC\ghidra_scripts
    C:\prog\ghidra\ghidra_12.1.3_PUBLIC\Ghidra\Features\PDB\ghidra_scripts
    C:\prog\ghidra\ghidra_12.1.3_PUBLIC\Ghidra\Features\DecompilerDependent\ghidra_scripts
    C:\prog\ghidra\ghidra_12.1.3_PUBLIC\Ghidra\Features\SwiftDemangler\ghidra_scripts
    C:\prog\ghidra\ghidra_12.1.3_PUBLIC\Ghidra\Features\MicrosoftCodeAnalyzer\ghidra_scripts
    C:\prog\ghidra\ghidra_12.1.3_PUBLIC\Ghidra\Processors\DATA\ghidra_scripts
    C:\prog\ghidra\ghidra_12.1.3_PUBLIC\Ghidra\Features\Decompiler\ghidra_scripts
    C:\prog\ghidra\ghidra_12.1.3_PUBLIC\Ghidra\Features\BytePatterns\ghidra_scripts
    C:\prog\ghidra\ghidra_12.1.3_PUBLIC\Ghidra\Features\PyGhidra\ghidra_scripts
    C:\prog\ghidra\ghidra_12.1.3_PUBLIC\Ghidra\Processors\Atmel\ghidra_scripts
    C:\prog\ghidra\ghidra_12.1.3_PUBLIC\Ghidra\Features\Base\ghidra_scripts
    C:\prog\jwcad\ghidra_scripts
    C:\prog\ghidra\ghidra_12.1.3_PUBLIC\Ghidra\Processors\JVM\ghidra_scripts (HeadlessAnalyzer)  
INFO  HEADLESS: execution starts (HeadlessAnalyzer)  
INFO  Creating temporary project: C:\prog\jwcad\proj\ovl34 (HeadlessAnalyzer)  
INFO  Creating project: C:\prog\jwcad\proj\ovl34 (DefaultProject)  
INFO  REPORT: Processing input files:  (HeadlessAnalyzer)  
INFO       project: C:\prog\jwcad\proj\ovl34 (HeadlessAnalyzer)  
INFO  IMPORTING: file:///C:/prog/jwcad/ovl/jw34.exe (HeadlessAnalyzer)  
INFO  Using Loader: Old-style DOS Executable (MZ) (ProgramLoader)  
INFO  Using Language/Compiler: x86:LE:16:Real Mode:default (ProgramLoader)  
INFO  Using Library Search Path: [., C:\Windows\SysWOW64, C:\prog\ghidra\jdk21\bin, C:\Windows\Sun\Java\bin, C:\Windows\system32, C:\Windows, C:\Program Files\Python312\Scripts\, C:\Program Files\Python312\, C:\Windows\System32\Wbem, C:\Windows\System32\WindowsPowerShell\v1.0\, C:\Windows\System32\OpenSSH\, C:\Program Files\Amazon\AWSCLIV2\, C:\ProgramData\chocolatey\bin, C:\ffmpeg, C:\Users\yomei\AppData\Local\Microsoft\WindowsApps] (ProgramLoader)  
INFO  Additional info:
There were too many messages to display.
992 messages have been truncated.

Loading file:///C:/prog/jwcad/ovl/jw34.exe?MD5=651e705d64c1357c9987a7bdf3f7b465...
Failed to process relocation: 6570:0250 (Invalid index: 384608)
Failed to process relocation: 6570:0225 (Invalid index: 384565)
Failed to process relocation: 6570:0213 (Invalid index: 384547)
Failed to process relocation: 6570:020a (Invalid index: 384538)
Failed to process relocation: 6570:0205 (Invalid index: 384533)
Failed to process relocation: 6570:0200 (Invalid index: 384528)
Failed to process relocation: 6570:01f7 (Invalid index: 384519)
Failed to process relocation: 6570:01ee (Invalid index: 384510)
Failed to process relocation: 6570:01e6 (Invalid index: 384502)
Failed to process relocation: 6570:01de (Invalid index: 384494)
Failed to process relocation: 6570:01d9 (Invalid index: 384489)
Failed to process relocation: 6570:01d4 (Invalid index: 384484)
Failed to process relocation: 6570:01cb (Invalid index: 384475)
Failed to process relocation: 6570:01c6 (Invalid index: 384470)
Failed to process relocation: 6570:01c1 (Invalid index: 384465)
Failed to process relocation: 6570:01b9 (Invalid index: 384457)
Failed to process relocation: 6570:01b1 (Invalid index: 384449)
Failed to process relocation: 6570:01ac (Invalid index: 384444)
Failed to process relocation: 6570:01a4 (Invalid index: 384436)
Failed to process relocation: 6570:019c (Invalid index: 384428)
Failed to process relocation: 6570:018b (Invalid index: 384411)
Failed to process relocation: 6570:0182 (Invalid index: 384402)
Failed to process relocation: 6570:017d (Invalid index: 384397)
Failed to process relocation: 6570:0178 (Invalid index: 384392)
Failed to process relocation: 6570:016f (Invalid index: 384383)
Failed to process relocation: 6570:0166 (Invalid index: 384374)
Failed to process relocation: 6570:015e (Invalid index: 384366)
Failed to process relocation: 6570:0156 (Invalid index: 384358)
Failed to process relocation: 6570:0151 (Invalid index: 384353)
Failed to process relocation: 6570:014c (Invalid index: 384348)
Failed to process relocation: 6570:0143 (Invalid index: 384339)
Failed to process relocation: 6570:013e (Invalid index: 384334)
Failed to process relocation: 6570:0139 (Invalid index: 384329)
Failed to process relocation: 6570:0131 (Invalid index: 384321)
Failed to process relocation: 6570:0129 (Invalid index: 384313)
Failed to process relocation: 6570:0124 (Invalid index: 384308)
Failed to process relocation: 6570:011c (Invalid index: 384300)
Failed to process relocation: 6570:0114 (Invalid index: 384292)
Failed to process relocation: 6570:00f6 (Invalid index: 384262)
Failed to process relocation: 6570:00bb (Invalid index: 384203)
Failed to process relocation: 6570:004f (Invalid index: 384095)
Failed to process relocation: 6570:003f (Invalid index: 384079)
Failed to process relocation: 6570:0034 (Invalid index: 384068)
Failed to process relocation: 6570:0025 (Invalid index: 384053)
Failed to process relocation: 6570:0016 (Invalid index: 384038)
Failed to process relocation: 6570:0009 (Invalid index: 384025)
Failed to process relocation: 6570:061a (Invalid index: 385578)
Failed to process relocation: 6570:0612 (Invalid index: 385570)
Failed to process relocation: 6570:060a (Invalid index: 385562)
Failed to process relocation: 6570:0601 (Invalid index: 385553)
Failed to process relocation: 6570:05dc (Invalid index: 385516)
Failed to process relocation: 6570:05d2 (Invalid index: 385506)
Failed to process relocation: 6570:05cd (Invalid index: 385501)
Failed to process relocation: 6570:05c4 (Invalid index: 385492)
Failed to process relocation: 6570:05b1 (Invalid index: 385473)
Failed to process relocation: 6570:05a7 (Invalid index: 385463)
Failed to process relocation: 6570:05a2 (Invalid index: 385458)
Failed to process relocation: 6570:059a (Invalid index: 385450)
Failed to process relocation: 6570:0590 (Invalid index: 385440)
Failed to process relocation: 6570:0518 (Invalid index: 385320)
Failed to process relocation: 6570:0513 (Invalid index: 385315)
Failed to process relocation: 6570:050e (Invalid index: 385310)
Failed to process relocation: 6570:0506 (Invalid index: 385302)
Failed to process relocation: 6570:04fe (Invalid index: 385294)
Failed to process relocation: 6570:04f6 (Invalid index: 385286)
Failed to process relocation: 6570:04d4 (Invalid index: 385252)
Failed to process relocation: 6570:047a (Invalid index: 385162)
Failed to process relocation: 6570:0472 (Invalid index: 385154)
Failed to process relocation: 6570:0469 (Invalid index: 385145)
Failed to process relocation: 6570:03aa (Invalid index: 384954)
Failed to process relocation: 6570:02ef (Invalid index: 384767)
Failed to process relocation: 6570:02e7 (Invalid index: 384759)
Failed to process relocation: 6570:02de (Invalid index: 384750)
Failed to process relocation: 6570:02d6 (Invalid index: 384742)
Failed to process relocation: 6570:02cd (Invalid index: 384733)
Failed to process relocation: 6570:02ae (Invalid index: 384702)
Failed to process relocation: 6570:0295 (Invalid index: 384677)
Failed to process relocation: 6570:028b (Invalid index: 384667)
Failed to process relocation: 6570:09e2 (Invalid index: 386546)
Failed to process relocation: 6570:09d5 (Invalid index: 386533)
Failed to process relocation: 6570:09cc (Invalid index: 386524)
Failed to process relocation: 6570:09c4 (Invalid index: 386516)
Failed to process relocation: 6570:09b7 (Invalid index: 386503)
Failed to process relocation: 6570:09ae (Invalid index: 386494)
Failed to process relocation: 6570:09a5 (Invalid index: 386485)
Failed to process relocation: 6570:0990 (Invalid index: 386464)
Failed to process relocation: 6570:0988 (Invalid index: 386456)
Failed to process relocation: 6570:097f (Invalid index: 386447)
Failed to process relocation: 6570:0961 (Invalid index: 386417)
Failed to process relocation: 6570:0957 (Invalid index: 386407)
Failed to process relocation: 6570:0952 (Invalid index: 386402)
Failed to process relocation: 6570:0949 (Invalid index: 386393)
Failed to process relocation: 6570:093f (Invalid index: 386383)
Failed to process relocation: 6570:093a (Invalid index: 386378)
Failed to process relocation: 6570:0931 (Invalid index: 386369)
Failed to process relocation: 6570:0927 (Invalid index: 386359)
Failed to process relocation: 6570:0922 (Invalid index: 386354)
Failed to process relocation: 6570:0919 (Invalid index: 386345)
Failed to process relocation: 6570:090f (Invalid index: 386335)
Failed to process relocation: 6570:090a (Invalid index: 386330)
Failed to process relocation: 6570:0901 (Invalid index: 386321)
Failed to process relocation: 6570:08f3 (Invalid index: 386307)
Failed to process relocation: 6570:08e9 (Invalid index: 386297)
Failed to process relocation: 6570:08e4 (Invalid index: 386292)
Failed to process relocation: 6570:08dc (Invalid index: 386284)
Failed to process relocation: 6570:08d2 (Invalid index: 386274)
Failed to process relocation: 6570:08c9 (Invalid index: 386265)
Failed to process relocation: 6570:08bf (Invalid index: 386255)
Failed to process relocation: 6570:08aa (Invalid index: 386234)
Failed to process relocation: 6570:08a2 (Invalid index: 386226)
Failed to process relocation: 6570:0899 (Invalid index: 386217)
Failed to process relocation: 6570:0891 (Invalid index: 386209)
Failed to process relocation: 6570:0889 (Invalid index: 386201)
Failed to process relocation: 6570:086a (Invalid index: 386170)
Failed to process relocation: 6570:0860 (Invalid index: 386160)
Failed to process relocation: 6570:085b (Invalid index: 386155)
Failed to process relocation: 6570:0852 (Invalid index: 386146)
Failed to process relocation: 6570:0848 (Invalid index: 386136)
Failed to process relocation: 6570:083f (Invalid index: 386127)
Failed to process relocation: 6570:0835 (Invalid index: 386117)
Failed to process relocation: 6570:0809 (Invalid index: 386073)
Failed to process relocation: 6570:0804 (Invalid index: 386068)
Failed to process relocation: 6570:07ff (Invalid index: 386063)
Failed to process relocation: 6570:07f7 (Invalid index: 386055)
Failed to process relocation: 6570:07ee (Invalid index: 386046)
Failed to process relocation: 6570:07e6 (Invalid index: 386038)
Failed to process relocation: 6570:07dd (Invalid index: 386029)
Failed to process relocation: 6570:079c (Invalid index: 385964)
Failed to process relocation: 6570:0797 (Invalid index: 385959)
Failed to process relocation: 6570:0792 (Invalid index: 385954)
Failed to process relocation: 6570:0787 (Invalid index: 385943)
Failed to process relocation: 6570:0782 (Invalid index: 385938)
Failed to process relocation: 6570:0779 (Invalid index: 385929)
Failed to process relocation: 6570:0770 (Invalid index: 385920)
Failed to process relocation: 6570:0767 (Invalid index: 385911)
Failed to process relocation: 6570:0762 (Invalid index: 385906)
Failed to process relocation: 6570:0755 (Invalid index: 385893)
Failed to process relocation: 6570:074c (Invalid index: 385884)
Failed to process relocation: 6570:0744 (Invalid index: 385876)
Failed to process relocation: 6570:0737 (Invalid index: 385863)
Failed to process relocation: 6570:072e (Invalid index: 385854)
Failed to process relocation: 6570:0725 (Invalid index: 385845)
Failed to process relocation: 6570:0710 (Invalid index: 385824)
Failed to process relocation: 6570:0708 (Invalid index: 385816)
Failed to process relocation: 6570:06ff (Invalid index: 385807)
Failed to process relocation: 6570:06e1 (Invalid index: 385777)
Failed to process relocation: 6570:06d7 (Invalid index: 385767)
Failed to process relocation: 6570:06d2 (Invalid index: 385762)
Failed to process relocation: 6570:06c9 (Invalid index: 385753)
Failed to process relocation: 6570:06bf (Invalid index: 385743)
Failed to process relocation: 6570:06ba (Invalid index: 385738)
Failed to process relocation: 6570:06b1 (Invalid index: 385729)
Failed to process relocation: 6570:06a7 (Invalid index: 385719)
Failed to process relocation: 6570:06a2 (Invalid index: 385714)
Failed to process relocation: 6570:0699 (Invalid index: 385705)
Failed to process relocation: 6570:068f (Invalid index: 385695)
Failed to process relocation: 6570:068a (Invalid index: 385690)
Failed to process relocation: 6570:0681 (Invalid index: 385681)
Failed to process relocation: 6570:0673 (Invalid index: 385667)
Failed to process relocation: 6570:0669 (Invalid index: 385657)
Failed to process relocation: 6570:0664 (Invalid index: 385652)
Failed to process relocation: 6570:065c (Invalid index: 385644)
Failed to process relocation: 6570:0652 (Invalid index: 385634)
Failed to process relocation: 6570:064d (Invalid index: 385629)
Failed to process relocation: 6570:0645 (Invalid index: 385621)
Failed to process relocation: 6570:063b (Invalid index: 385611)
Failed to process relocation: 6570:0d78 (Invalid index: 387464)
Failed to process relocation: 6570:0d73 (Invalid index: 387459)
Failed to process relocation: 6570:0d6e (Invalid index: 387454)
Failed to process relocation: 6570:0d66 (Invalid index: 387446)
Failed to process relocation: 6570:0d5d (Invalid index: 387437)
Failed to process relocation: 6570:0d55 (Invalid index: 387429)
Failed to process relocation: 6570:0d33 (Invalid index: 387395)
Failed to process relocation: 6570:0ca9 (Invalid index: 387257)
Failed to process relocation: 6570:0ca4 (Invalid index: 387252)
Failed to process relocation: 6570:0c9f (Invalid index: 387247)
Failed to process relocation: 6570:0c94 (Invalid index: 387236)
Failed to process relocation: 6570:0c8f (Invalid index: 387231)
Failed to process relocation: 6570:0c86 (Invalid index: 387222)
Failed to process relocation: 6570:0c7d (Invalid index: 387213)
Failed to process relocation: 6570:0c74 (Invalid index: 387204)
Failed to process relocation: 6570:0c6f (Invalid index: 387199)
Failed to process relocation: 6570:0c62 (Invalid index: 387186)
Failed to process relocation: 6570:0c59 (Invalid index: 387177)
Failed to process relocation: 6570:0c51 (Invalid index: 387169)
Failed to process relocation: 6570:0c44 (Invalid index: 387156)
Failed to process relocation: 6570:0c3b (Invalid index: 387147)
Failed to process relocation: 6570:0c32 (Invalid index: 387138)
Failed to process relocation: 6570:0c1d (Invalid index: 387117)
Failed to process relocation: 6570:0c15 (Invalid index: 387109)
Failed to process relocation: 6570:0c0c (Invalid index: 387100)
Failed to process relocation: 6570:0bee (Invalid index: 387070)
Failed to process relocation: 6570:0be4 (Invalid index: 387060)
Failed to process relocation: 6570:0bdf (Invalid index: 387055)
Failed to process relocation: 6570:0bd6 (Invalid index: 387046)
Failed to process relocation: 6570:0bcc (Invalid index: 387036)
Failed to process relocation: 6570:0bc7 (Invalid index: 387031)
Failed to process relocation: 6570:0bbe (Invalid index: 387022)
Failed to process relocation: 6570:0bb4 (Invalid index: 387012)
Failed to process relocation: 6570:0baf (Invalid index: 387007)
Failed to process relocation: 6570:0ba6 (Invalid index: 386998)
Failed to process relocation: 6570:0b9c (Invalid index: 386988)
Failed to process relocation: 6570:0b97 (Invalid index: 386983)
Failed to process relocation: 6570:0b8e (Invalid index: 386974)
Failed to process relocation: 6570:0b80 (Invalid index: 386960)
Failed to process relocation: 6570:0b76 (Invalid index: 386950)
Failed to process relocation: 6570:0b71 (Invalid index: 386945)
Failed to process relocation: 6570:0b69 (Invalid index: 386937)
Failed to process relocation: 6570:0b5f (Invalid index: 386927)
Failed to process relocation: 6570:0b5a (Invalid index: 386922)
Failed to process relocation: 6570:0b52 (Invalid index: 386914)
Failed to process relocation: 6570:0b48 (Invalid index: 386904)
Failed to process relocation: 6570:0b27 (Invalid index: 386871)
Failed to process relocation: 6570:0b1f (Invalid index: 386863)
Failed to process relocation: 6570:0b17 (Invalid index: 386855)
Failed to process relocation: 6570:0b0e (Invalid index: 386846)
Failed to process relocation: 6570:0ae3 (Invalid index: 386803)
Failed to process relocation: 6570:0ad9 (Invalid index: 386793)
Failed to process relocation: 6570:0ad4 (Invalid index: 386788)
Failed to process relocation: 6570:0acb (Invalid index: 386779)
Failed to process relocation: 6570:0ab6 (Invalid index: 386758)
Failed to process relocation: 6570:0aac (Invalid index: 386748)
Failed to process relocation: 6570:0aa7 (Invalid index: 386743)
Failed to process relocation: 6570:0a9f (Invalid index: 386735)
Failed to process relocation: 6570:0a95 (Invalid index: 386725)
Failed to process relocation: 6570:0a1c (Invalid index: 386604)
Failed to process relocation: 6570:0a17 (Invalid index: 386599)
Failed to process relocation: 6570:0a12 (Invalid index: 386594)
Failed to process relocation: 6570:0a07 (Invalid index: 386583)
Failed to process relocation: 6570:0a02 (Invalid index: 386578)
Failed to process relocation: 6570:09f9 (Invalid index: 386569)
Failed to process relocation: 6570:09f0 (Invalid index: 386560)
Failed to process relocation: 6570:09e7 (Invalid index: 386551)
Failed to process relocation: 6570:1145 (Invalid index: 388437)
Failed to process relocation: 6570:10e5 (Invalid index: 388341)
Failed to process relocation: 6570:10d2 (Invalid index: 388322)
Failed to process relocation: 6570:101f (Invalid index: 388143)
Failed to process relocation: 6570:1015 (Invalid index: 388133)
Failed to process relocation: 6570:1010 (Invalid index: 388128)
Failed to process relocation: 6570:1007 (Invalid index: 388119)
Failed to process relocation: 6570:0ffd (Invalid index: 388109)
Failed to process relocation: 6570:0ff4 (Invalid index: 388100)
Failed to process relocation: 6570:0fea (Invalid index: 388090)
Failed to process relocation: 6570:0fdb (Invalid index: 388075)
Failed to process relocation: 6570:0fd3 (Invalid index: 388067)
Failed to process relocation: 6570:0fca (Invalid index: 388058)
Failed to process relocation: 6570:0fc2 (Invalid index: 388050)
Failed to process relocation: 6570:0fb9 (Invalid index: 388041)
Failed to process relocation: 6570:0f97 (Invalid index: 388007)
Failed to process relocation: 6570:0f8d (Invalid index: 387997)
Failed to process relocation: 6570:0f88 (Invalid index: 387992)
Failed to process relocation: 6570:0f7b (Invalid index: 387979)
Failed to process relocation: 6570:0f71 (Invalid index: 387969)
Failed to process relocation: 6570:0f6c (Invalid index: 387964)
Failed to process relocation: 6570:0f4a (Invalid index: 387930)
Failed to process relocation: 6570:0f40 (Invalid index: 387920)
Failed to process relocation: 6570:0ed6 (Invalid index: 387814)
Failed to process relocation: 6570:0ed1 (Invalid index: 387809)
Failed to process relocation: 6570:0ecc (Invalid index: 387804)
Failed to process relocation: 6570:0ec4 (Invalid index: 387796)
Failed to process relocation: 6570:0eae (Invalid index: 387774)
Failed to process relocation: 6570:0ea6 (Invalid index: 387766)
Failed to process relocation: 6570:0e7c (Invalid index: 387724)
Failed to process relocation: 6570:0dc2 (Invalid index: 387538)
Failed to process relocation: 6570:12a6 (Invalid index: 388790)
Failed to process relocation: 6570:129e (Invalid index: 388782)
Failed to process relocation: 6570:1296 (Invalid index: 388774)
Failed to process relocation: 6570:128e (Invalid index: 388766)
Failed to process relocation: 6570:1286 (Invalid index: 388758)
Failed to process relocation: 6570:127e (Invalid index: 388750)
Failed to process relocation: 6570:1276 (Invalid index: 388742)
Failed to process relocation: 6570:126e (Invalid index: 388734)
Failed to process relocation: 6570:1268 (Invalid index: 388728)
Failed to process relocation: 6570:125f (Invalid index: 388719)
Failed to process relocation: 6570:1257 (Invalid index: 388711)
Failed to process relocation: 6570:124f (Invalid index: 388703)
Failed to process relocation: 6570:1247 (Invalid index: 388695)
Failed to process relocation: 6570:123f (Invalid index: 388687)
Failed to process relocation: 6570:1235 (Invalid index: 388677)
Failed to process relocation: 6570:1230 (Invalid index: 388672)
Failed to process relocation: 6570:1226 (Invalid index: 388662)
Failed to process relocation: 6570:121e (Invalid index: 388654)
Failed to process relocation: 6570:1216 (Invalid index: 388646)
Failed to process relocation: 6570:120c (Invalid index: 388636)
Failed to process relocation: 6570:1207 (Invalid index: 388631)
Failed to process relocation: 6570:11fd (Invalid index: 388621)
Failed to process relocation: 6570:11f5 (Invalid index: 388613)
Failed to process relocation: 6570:11ed (Invalid index: 388605)
Failed to process relocation: 6570:11e5 (Invalid index: 388597)
Failed to process relocation: 6570:11dd (Invalid index: 388589)
Failed to process relocation: 6570:11d5 (Invalid index: 388581)
Failed to process relocation: 6570:11cb (Invalid index: 388571)
Failed to process relocation: 6570:11c6 (Invalid index: 388566)
Failed to process relocation: 6570:11bc (Invalid index: 388556)
Failed to process relocation: 6570:11b4 (Invalid index: 388548)
Failed to process relocation: 6570:11ab (Invalid index: 388539)
Failed to process relocation: 6570:11a3 (Invalid index: 388531)
Failed to process relocation: 6570:119b (Invalid index: 388523)
Failed to process relocation: 6570:1191 (Invalid index: 388513)
Failed to process relocation: 6570:118c (Invalid index: 388508)
Failed to process relocation: 6570:1182 (Invalid index: 388498)
Failed to process relocation: 6570:117a (Invalid index: 388490)
Failed to process relocation: 6570:1171 (Invalid index: 388481)
Failed to process relocation: 6570:115c (Invalid index: 388460)
Failed to process relocation: 6570:14f2 (Invalid index: 389378)
Failed to process relocation: 6570:13cf (Invalid index: 389087)
Failed to process relocation: 6570:13a1 (Invalid index: 389041)
Failed to process relocation: 6570:1399 (Invalid index: 389033)
Failed to process relocation: 6570:1391 (Invalid index: 389025)
Failed to process relocation: 6570:1389 (Invalid index: 389017)
Failed to process relocation: 6570:1381 (Invalid index: 389009)
Failed to process relocation: 6570:1379 (Invalid index: 389001)
Failed to process relocation: 6570:1371 (Invalid index: 388993)
Failed to process relocation: 6570:1369 (Invalid index: 388985)
Failed to process relocation: 6570:135f (Invalid index: 388975)
Failed to process relocation: 6570:135a (Invalid index: 388970)
Failed to process relocation: 6570:1350 (Invalid index: 388960)
Failed to process relocation: 6570:1348 (Invalid index: 388952)
Failed to process relocation: 6570:1340 (Invalid index: 388944)
Failed to process relocation: 6570:133b (Invalid index: 388939)
Failed to process relocation: 6570:1336 (Invalid index: 388934)
Failed to process relocation: 6570:132e (Invalid index: 388926)
Failed to process relocation: 6570:1326 (Invalid index: 388918)
Failed to process relocation: 6570:131c (Invalid index: 388908)
Failed to process relocation: 6570:1317 (Invalid index: 388903)
Failed to process relocation: 6570:130d (Invalid index: 388893)
Failed to process relocation: 6570:1305 (Invalid index: 388885)
Failed to process relocation: 6570:1300 (Invalid index: 388880)
Failed to process relocation: 6570:12f7 (Invalid index: 388871)
Failed to process relocation: 6570:12f2 (Invalid index: 388866)
Failed to process relocation: 6570:12ea (Invalid index: 388858)
Failed to process relocation: 6570:12e2 (Invalid index: 388850)
Failed to process relocation: 6570:19b3 (Invalid index: 390595)
Failed to process relocation: 6570:19ab (Invalid index: 390587)
Failed to process relocation: 6570:199e (Invalid index: 390574)
Failed to process relocation: 6570:1999 (Invalid index: 390569)
Failed to process relocation: 6570:1991 (Invalid index: 390561)
Failed to process relocation: 6570:1984 (Invalid index: 390548)
Failed to process relocation: 6570:197c (Invalid index: 390540)
Failed to process relocation: 6570:196f (Invalid index: 390527)
Failed to process relocation: 6570:1967 (Invalid index: 390519)
Failed to process relocation: 6570:195f (Invalid index: 390511)
Failed to process relocation: 6570:195a (Invalid index: 390506)
Failed to process relocation: 6570:1952 (Invalid index: 390498)
Failed to process relocation: 6570:194a (Invalid index: 390490)
Failed to process relocation: 6570:1942 (Invalid index: 390482)
Failed to process relocation: 6570:193a (Invalid index: 390474)
Failed to process relocation: 6570:1932 (Invalid index: 390466)
Failed to process relocation: 6570:192a (Invalid index: 390458)
Failed to process relocation: 6570:1925 (Invalid index: 390453)
Failed to process relocation: 6570:1920 (Invalid index: 390448)
Failed to process relocation: 6570:1918 (Invalid index: 390440)
Failed to process relocation: 6570:190b (Invalid index: 390427)
Failed to process relocation: 6570:1903 (Invalid index: 390419)
Failed to process relocation: 6570:18fb (Invalid index: 390411)
Failed to process relocation: 6570:18ee (Invalid index: 390398)
Failed to process relocation: 6570:18e9 (Invalid index: 390393)
Failed to process relocation: 6570:18e1 (Invalid index: 390385)
Failed to process relocation: 6570:18d4 (Invalid index: 390372)
Failed to process relocation: 6570:18cc (Invalid index: 390364)
Failed to process relocation: 6570:18bf (Invalid index: 390351)
Failed to process relocation: 6570:18b7 (Invalid index: 390343)
Failed to process relocation: 6570:18b2 (Invalid index: 390338)
Failed to process relocation: 6570:18ad (Invalid index: 390333)
Failed to process relocation: 6570:18a5 (Invalid index: 390325)
Failed to process relocation: 6570:18a0 (Invalid index: 390320)
Failed to process relocation: 6570:1898 (Invalid index: 390312)
Failed to process relocation: 6570:188e (Invalid index: 390302)
Failed to process relocation: 6570:1886 (Invalid index: 390294)
Failed to process relocation: 6570:1881 (Invalid index: 390289)
Failed to process relocation: 6570:1879 (Invalid index: 390281)
Failed to process relocation: 6570:186f (Invalid index: 390271)
Failed to process relocation: 6570:186a (Invalid index: 390266)
Failed to process relocation: 6570:1865 (Invalid index: 390261)
Failed to process relocation: 6570:185d (Invalid index: 390253)
Failed to process relocation: 6570:1855 (Invalid index: 390245)
Failed to process relocation: 6570:1850 (Invalid index: 390240)
Failed to process relocation: 6570:1840 (Invalid index: 390224)
Failed to process relocation: 6570:183b (Invalid index: 390219)
Failed to process relocation: 6570:1832 (Invalid index: 390210)
Failed to process relocation: 6570:1828 (Invalid index: 390200)
Failed to process relocation: 6570:1823 (Invalid index: 390195)
Failed to process relocation: 6570:181a (Invalid index: 390186)
Failed to process relocation: 6570:1810 (Invalid index: 390176)
Failed to process relocation: 6570:180b (Invalid index: 390171)
Failed to process relocation: 6570:1802 (Invalid index: 390162)
Failed to process relocation: 6570:17f8 (Invalid index: 390152)
Failed to process relocation: 6570:17f3 (Invalid index: 390147)
Failed to process relocation: 6570:17ea (Invalid index: 390138)
Failed to process relocation: 6570:17db (Invalid index: 390123)
Failed to process relocation: 6570:17b2 (Invalid index: 390082)
Failed to process relocation: 6570:17aa (Invalid index: 390074)
Failed to process relocation: 6570:17a2 (Invalid index: 390066)
Failed to process relocation: 6570:1799 (Invalid index: 390057)
Failed to process relocation: 6570:1791 (Invalid index: 390049)
Failed to process relocation: 6570:1789 (Invalid index: 390041)
Failed to process relocation: 6570:1781 (Invalid index: 390033)
Failed to process relocation: 6570:1778 (Invalid index: 390024)
Failed to process relocation: 6570:1753 (Invalid index: 389987)
Failed to process relocation: 6570:174e (Invalid index: 389982)
Failed to process relocation: 6570:1749 (Invalid index: 389977)
Failed to process relocation: 6570:1741 (Invalid index: 389969)
Failed to process relocation: 6570:173c (Invalid index: 389964)
Failed to process relocation: 6570:172f (Invalid index: 389951)
Failed to process relocation: 6570:1727 (Invalid index: 389943)
Failed to process relocation: 6570:171a (Invalid index: 389930)
Failed to process relocation: 6570:170d (Invalid index: 389917)
Failed to process relocation: 6570:1705 (Invalid index: 389909)
Failed to process relocation: 6570:16f8 (Invalid index: 389896)
Failed to process relocation: 6570:16d1 (Invalid index: 389857)
Failed to process relocation: 6570:1d68 (Invalid index: 391544)
Failed to process relocation: 6570:1d63 (Invalid index: 391539)
Failed to process relocation: 6570:1d5a (Invalid index: 391530)
Failed to process relocation: 6570:1d4f (Invalid index: 391519)
Failed to process relocation: 6570:1d4a (Invalid index: 391514)
Failed to process relocation: 6570:1d41 (Invalid index: 391505)
Failed to process relocation: 6570:1cfa (Invalid index: 391434)
Failed to process relocation: 6570:1cf0 (Invalid index: 391424)
Failed to process relocation: 6570:1ce8 (Invalid index: 391416)
Failed to process relocation: 6570:1cde (Invalid index: 391406)
Failed to process relocation: 6570:1c05 (Invalid index: 391189)
Failed to process relocation: 6570:1c00 (Invalid index: 391184)
Failed to process relocation: 6570:1bfb (Invalid index: 391179)
Failed to process relocation: 6570:1bed (Invalid index: 391165)
Failed to process relocation: 6570:1be8 (Invalid index: 391160)
Failed to process relocation: 6570:1bdf (Invalid index: 391151)
Failed to process relocation: 6570:1bcc (Invalid index: 391132)
Failed to process relocation: 6570:1bab (Invalid index: 391099)
Failed to process relocation: 6570:1ba6 (Invalid index: 391094)
Failed to process relocation: 6570:1ba1 (Invalid index: 391089)
Failed to process relocation: 6570:1b99 (Invalid index: 391081)
Failed to process relocation: 6570:1b91 (Invalid index: 391073)
Failed to process relocation: 6570:1b8c (Invalid index: 391068)
Failed to process relocation: 6570:1b76 (Invalid index: 391046)
Failed to process relocation: 6570:1b71 (Invalid index: 391041)
Failed to process relocation: 6570:1b6c (Invalid index: 391036)
Failed to process relocation: 6570:1b64 (Invalid index: 391028)
Failed to process relocation: 6570:1b5c (Invalid index: 391020)
Failed to process relocation: 6570:1b57 (Invalid index: 391015)
Failed to process relocation: 6570:1b1f (Invalid index: 390959)
Failed to process relocation: 6570:1ac3 (Invalid index: 390867)
Failed to process relocation: 6570:1abe (Invalid index: 390862)
Failed to process relocation: 6570:1ab9 (Invalid index: 390857)
Failed to process relocation: 6570:1ab0 (Invalid index: 390848)
Failed to process relocation: 6570:1aa7 (Invalid index: 390839)
Failed to process relocation: 6570:1a9f (Invalid index: 390831)
Failed to process relocation: 6570:1a96 (Invalid index: 390822)
Failed to process relocation: 6570:1a91 (Invalid index: 390817)
Failed to process relocation: 6570:1a84 (Invalid index: 390804)
Failed to process relocation: 6570:1a7b (Invalid index: 390795)
Failed to process relocation: 6570:1a72 (Invalid index: 390786)
Failed to process relocation: 6570:1a6a (Invalid index: 390778)
Failed to process relocation: 6570:1a61 (Invalid index: 390769)
Failed to process relocation: 6570:1a54 (Invalid index: 390756)
Failed to process relocation: 6570:1a4c (Invalid index: 390748)
Failed to process relocation: 6570:1a43 (Invalid index: 390739)
Failed to process relocation: 6570:1a3a (Invalid index: 390730)
Failed to process relocation: 6570:1a2d (Invalid index: 390717)
Failed to process relocation: 6570:1a28 (Invalid index: 390712)
Failed to process relocation: 6570:1a20 (Invalid index: 390704)
Failed to process relocation: 6570:1a15 (Invalid index: 390693)
Failed to process relocation: 6570:1a10 (Invalid index: 390688)
Failed to process relocation: 6570:1a08 (Invalid index: 390680)
Failed to process relocation: 6570:19e2 (Invalid index: 390642)
Failed to process relocation: 6570:19da (Invalid index: 390634)
Failed to process relocation: 6570:19d5 (Invalid index: 390629)
Failed to process relocation: 6570:19d0 (Invalid index: 390624)
Failed to process relocation: 6570:19c6 (Invalid index: 390614)
Failed to process relocation: 6570:1ee8 (Invalid index: 391928)
Failed to process relocation: 6570:1ede (Invalid index: 391918)
Failed to process relocation: 6570:1ed9 (Invalid index: 391913)
Failed to process relocation: 6570:1ed1 (Invalid index: 391905)
Failed to process relocation: 6570:1ec7 (Invalid index: 391895)
Failed to process relocation: 6570:1ec2 (Invalid index: 391890)
Failed to process relocation: 6570:1eba (Invalid index: 391882)
Failed to process relocation: 6570:1eb0 (Invalid index: 391872)
Failed to process relocation: 6570:1eab (Invalid index: 391867)
Failed to process relocation: 6570:1ea3 (Invalid index: 391859)
Failed to process relocation: 6570:1e99 (Invalid index: 391849)
Failed to process relocation: 6570:1e94 (Invalid index: 391844)
Failed to process relocation: 6570:1e84 (Invalid index: 391828)
Failed to process relocation: 6570:1e7f (Invalid index: 391823)
Failed to process relocation: 6570:1e7a (Invalid index: 391818)
Failed to process relocation: 6570:1e67 (Invalid index: 391799)
Failed to process relocation: 6570:1e5c (Invalid index: 391788)
Failed to process relocation: 6570:1e57 (Invalid index: 391783)
Failed to process relocation: 6570:1e52 (Invalid index: 391778)
Failed to process relocation: 6570:1e3f (Invalid index: 391759)
Failed to process relocation: 6570:1e03 (Invalid index: 391699)
Failed to process relocation: 6570:1d9d (Invalid index: 391597)
Failed to process relocation: 6570:1d98 (Invalid index: 391592)
Failed to process relocation: 6570:1d8f (Invalid index: 391583)
Failed to process relocation: 6570:1d81 (Invalid index: 391569)
Failed to process relocation: 6570:1d7c (Invalid index: 391564)
Failed to process relocation: 6570:1d73 (Invalid index: 391555)
Failed to process relocation: 6570:2470 (Invalid index: 393344)
Failed to process relocation: 6570:2466 (Invalid index: 393334)
Failed to process relocation: 6570:245e (Invalid index: 393326)
Failed to process relocation: 6570:2454 (Invalid index: 393316)
 (ProgramLoader)  
INFO  IMPORTING: Loaded 0 additional files (HeadlessAnalyzer)  
INFO  REPORT: Execute script: MarkOverlayThunks 'pre' '3ab8'  (HeadlessAnalyzer)  
INFO  SCRIPT: C:\prog\jwcad\ghidra_scripts\MarkOverlayThunks.java (HeadlessAnalyzer)  
INFO  MarkOverlayThunks.java> cd 3f sites: 97 (GhidraScript)  
INFO  MarkOverlayThunks.java> overlay trap operands marked as data: 97 of 97 (GhidraScript)  
INFO  ANALYZING all memory and code: file:///C:/prog/jwcad/ovl/jw34.exe (HeadlessAnalyzer)  
ERROR Failed to create function at 28b3:0f86 since its body contains referring thunk at 28b3:0ee9 (CreateFunctionCmd)  
ERROR Failed to create function at 28b3:1140 since its body contains referring thunk at 28b3:112c (CreateFunctionCmd)  
WARN  Decompiling 1000:0a81, pcode error at 1000:0a6f: Unable to resolve constructor at 1000:0a6f (DecompileCallback)  
WARN  Decompiling 1000:0a81, pcode error at 1000:0a4b: Unable to resolve constructor at 1000:0a4b (DecompileCallback)  
WARN  Decompiling 1000:0a81, pcode error at 1000:0818: Unable to resolve constructor at 1000:0818 (DecompileCallback)  
WARN  Decompiling 32b2:0d40, pcode error at 3000:5054: Unable to resolve constructor at 3000:5054 (DecompileCallback)  
WARN  Decompiling 32b2:0d40, pcode error at 4000:f16f: Disassembly not permitted within uninitialized memory block (DecompileCallback)  
WARN  Decompiling 32b2:1528: Unable to read bytes at ram:0000:7be2 (DecompileCallback)  
WARN  Decompiling 12c1:097e, pcode error at 1000:5097: Unable to resolve constructor at 1000:5097 (DecompileCallback)  
WARN  Decompiling 21f2:246e, pcode error at 2000:3158: Unable to resolve constructor at 2000:3158 (DecompileCallback)  
WARN  Decompiling 21f2:246e, pcode error at 2000:7191: Unable to resolve constructor at 2000:7191 (DecompileCallback)  
INFO  Packed database cache: C:\Users\yomei\AppData\Local\ghidra\packed-db-cache (PackedDatabaseCache)  
INFO  Applied data type archive: generic_clib (ApplyDataArchiveAnalyzer)  
INFO  -----------------------------------------------------
    ASCII Strings                              0.344 secs
    Apply Data Archives                        0.720 secs
    Call Convention ID                         0.003 secs
    Call-Fixup Installer                       0.019 secs
    Create Function                            0.518 secs
    Data Reference                             0.030 secs
    Decompiler Switch Analysis                28.153 secs
    Demangler GNU                              0.043 secs
    Disassemble                                2.165 secs
    Disassemble Entry Points                   0.151 secs
    Embedded Media                             0.016 secs
    External Entry References                  0.000 secs
    Function ID                                0.119 secs
    Function Start Search                      0.020 secs
    Non-Returning Functions - Discovered       0.660 secs
    Reference                                  0.046 secs
    Segmented X86 Calling Conventions          0.002 secs
    Shared Return Calls                        0.199 secs
    Stack                                      2.552 secs
    Subroutine References                      0.116 secs
    Subroutine References - One Time           0.001 secs
    X86 Function Callee Purge                  0.138 secs
    x86 Constant Reference Analyzer            1.836 secs
-----------------------------------------------------
     Total Time   37 secs
-----------------------------------------------------
 (AutoAnalysisManager)  
INFO  REPORT: Analysis succeeded for file: file:///C:/prog/jwcad/ovl/jw34.exe (HeadlessAnalyzer)  
INFO  REPORT: Execute script: MarkOverlayThunks 'post' '3ab8' 'C:\prog\jwcad\entries\34.txt' '34'  (HeadlessAnalyzer)  
INFO  SCRIPT: C:\prog\jwcad\ghidra_scripts\MarkOverlayThunks.java (HeadlessAnalyzer)  
INFO  MarkOverlayThunks.java> cd 3f sites: 97 (GhidraScript)  
INFO  MarkOverlayThunks.java> overlay traps given a fall-through: 97, references added: 0 (GhidraScript)  
INFO  MarkOverlayThunks.java> overlay entry points seeded: 3 (GhidraScript)  
INFO  MarkOverlayThunks.java> overlay hole cleared: 0 stray functions (GhidraScript)  
INFO  REPORT: Execute script: DecompileAll 'C:\prog\jwcad\out\ovl34' '3ab8' '4375'  (HeadlessAnalyzer)  
INFO  SCRIPT: C:\prog\jwcad\ghidra_scripts\DecompileAll.java (HeadlessAnalyzer)  
WARN  Decompiling 3ab8:4451, pcode error at 4000:f16f: Disassembly not permitted within uninitialized memory block (DecompileCallback)  
WARN  Decompiling 3ab8:4c91, pcode error at 4000:f16f: Disassembly not permitted within uninitialized memory block (DecompileCallback)  
WARN  Decompiling 3ab8:522f, pcode error at 4000:f16f: Disassembly not permitted within uninitialized memory block (DecompileCallback)  
INFO  DecompileAll.java> decompiled 28 functions, 0 failed (GhidraScript)  
INFO  ANALYZING changes made by post scripts: file:///C:/prog/jwcad/ovl/jw34.exe (HeadlessAnalyzer)  
INFO  REPORT: Post-analysis succeeded for file: file:///C:/prog/jwcad/ovl/jw34.exe (HeadlessAnalyzer)  
INFO  /jw34.exe: file created (yomei) (LocalFileSystem)  
INFO  REPORT: Save succeeded for: /jw34.exe (ovl34:/jw34.exe) (HeadlessAnalyzer)  
INFO  REPORT: Import succeeded (HeadlessAnalyzer)  
