INFO  Using log config file: jar:file:/C:/prog/ghidra/ghidra_12.1.3_PUBLIC/Ghidra/Framework/Generic/lib/Generic.jar!/generic.log4j.xml (LoggingInitialization)  
INFO  Using log file: C:\Users\yomei\AppData\Roaming\ghidra\ghidra_12.1.3_PUBLIC\application.log (LoggingInitialization)  
INFO  Loading user preferences: C:\Users\yomei\AppData\Roaming\ghidra\ghidra_12.1.3_PUBLIC\preferences (Preferences)  
INFO  Searching for classes... (ClassSearcher)  
INFO  Class search complete (1065 ms) (ClassSearcher)  
INFO  Initializing SSL Context (DefaultSSLContextInitializer)  
INFO  Initializing Random Number Generator... (SecureRandomFactory)  
INFO  Random Number Generator initialization complete: SHA1PRNG (SecureRandomFactory)  
INFO  Trust manager disabled, cacerts have not been set (DefaultTrustManagerFactory)  
INFO  Headless startup complete (10240 ms) (AnalyzeHeadless)  
INFO  Class searcher loaded 59 extension points (20 false positives) (ClassSearcher)  
INFO  HEADLESS Script Paths:
    C:\prog\ghidra\ghidra_12.1.3_PUBLIC\Ghidra\Debug\Debugger-rmi-trace\ghidra_scripts
    C:\prog\ghidra\ghidra_12.1.3_PUBLIC\Ghidra\Features\FileFormats\ghidra_scripts
    C:\prog\ghidra\ghidra_12.1.3_PUBLIC\Ghidra\Features\GnuDemangler\ghidra_scripts
    C:\prog\ghidra\ghidra_12.1.3_PUBLIC\Ghidra\Features\VersionTracking\ghidra_scripts
    C:\prog\ghidra\ghidra_12.1.3_PUBLIC\Ghidra\Debug\Debugger\ghidra_scripts
    C:\prog\ghidra\ghidra_12.1.3_PUBLIC\Ghidra\Processors\8051\ghidra_scripts
    C:\prog\ghidra\ghidra_12.1.3_PUBLIC\Ghidra\Features\BSim\ghidra_scripts
    C:\prog\ghidra\ghidra_12.1.3_PUBLIC\Ghidra\Features\WildcardAssembler\ghidra_scripts
    C:\prog\ghidra\ghidra_12.1.3_PUBLIC\Ghidra\Features\FunctionID\ghidra_scripts
    C:\prog\ghidra\ghidra_12.1.3_PUBLIC\Ghidra\Features\SystemEmulation\ghidra_scripts
    C:\prog\ghidra\ghidra_12.1.3_PUBLIC\Ghidra\Processors\PIC\ghidra_scripts
    C:\prog\ghidra\ghidra_12.1.3_PUBLIC\Ghidra\Features\PDB\ghidra_scripts
    C:\prog\ghidra\ghidra_12.1.3_PUBLIC\Ghidra\Features\DecompilerDependent\ghidra_scripts
    C:\prog\ghidra\ghidra_12.1.3_PUBLIC\Ghidra\Features\SwiftDemangler\ghidra_scripts
    C:\prog\ghidra\ghidra_12.1.3_PUBLIC\Ghidra\Features\MicrosoftCodeAnalyzer\ghidra_scripts
    C:\prog\ghidra\ghidra_12.1.3_PUBLIC\Ghidra\Processors\DATA\ghidra_scripts
    C:\prog\ghidra\ghidra_12.1.3_PUBLIC\Ghidra\Features\Decompiler\ghidra_scripts
    C:\prog\ghidra\ghidra_12.1.3_PUBLIC\Ghidra\Features\BytePatterns\ghidra_scripts
    C:\prog\ghidra\ghidra_12.1.3_PUBLIC\Ghidra\Features\PyGhidra\ghidra_scripts
    C:\prog\ghidra\ghidra_12.1.3_PUBLIC\Ghidra\Processors\Atmel\ghidra_scripts
    C:\prog\ghidra\ghidra_12.1.3_PUBLIC\Ghidra\Features\Base\ghidra_scripts
    C:\prog\jwcad\ghidra_scripts
    C:\prog\ghidra\ghidra_12.1.3_PUBLIC\Ghidra\Processors\JVM\ghidra_scripts (HeadlessAnalyzer)  
INFO  HEADLESS: execution starts (HeadlessAnalyzer)  
INFO  Creating temporary project: C:\prog\jwcad\proj\ovl31 (HeadlessAnalyzer)  
INFO  Creating project: C:\prog\jwcad\proj\ovl31 (DefaultProject)  
INFO  REPORT: Processing input files:  (HeadlessAnalyzer)  
INFO       project: C:\prog\jwcad\proj\ovl31 (HeadlessAnalyzer)  
INFO  IMPORTING: file:///C:/prog/jwcad/ovl/jw31.exe (HeadlessAnalyzer)  
INFO  Using Loader: Old-style DOS Executable (MZ) (ProgramLoader)  
INFO  Using Language/Compiler: x86:LE:16:Real Mode:default (ProgramLoader)  
INFO  Using Library Search Path: [., C:\Windows\SysWOW64, C:\prog\ghidra\jdk21\bin, C:\Windows\Sun\Java\bin, C:\Windows\system32, C:\Windows, C:\Program Files\Python312\Scripts\, C:\Program Files\Python312\, C:\Windows\System32\Wbem, C:\Windows\System32\WindowsPowerShell\v1.0\, C:\Windows\System32\OpenSSH\, C:\Program Files\Amazon\AWSCLIV2\, C:\ProgramData\chocolatey\bin, C:\ffmpeg, C:\Users\yomei\AppData\Local\Microsoft\WindowsApps] (ProgramLoader)  
INFO  Additional info:
There were too many messages to display.
1179 messages have been truncated.

Loading file:///C:/prog/jwcad/ovl/jw31.exe?MD5=957a818b1d8e219f927da6fb0a781043...
Failed to process relocation: 6570:0384 (Invalid index: 385668)
Failed to process relocation: 6570:0366 (Invalid index: 385638)
Failed to process relocation: 6570:0351 (Invalid index: 385617)
Failed to process relocation: 6570:033f (Invalid index: 385599)
Failed to process relocation: 6570:0333 (Invalid index: 385587)
Failed to process relocation: 6570:02ea (Invalid index: 385514)
Failed to process relocation: 6570:02b9 (Invalid index: 385465)
Failed to process relocation: 6570:027e (Invalid index: 385406)
Failed to process relocation: 6570:0268 (Invalid index: 385384)
Failed to process relocation: 6570:025d (Invalid index: 385373)
Failed to process relocation: 6570:023d (Invalid index: 385341)
Failed to process relocation: 6570:0226 (Invalid index: 385318)
Failed to process relocation: 6570:0217 (Invalid index: 385303)
Failed to process relocation: 6570:01fa (Invalid index: 385274)
Failed to process relocation: 6570:01a1 (Invalid index: 385185)
Failed to process relocation: 6570:0173 (Invalid index: 385139)
Failed to process relocation: 6570:0160 (Invalid index: 385120)
Failed to process relocation: 6570:014f (Invalid index: 385103)
Failed to process relocation: 6570:013b (Invalid index: 385083)
Failed to process relocation: 6570:012a (Invalid index: 385066)
Failed to process relocation: 6570:0116 (Invalid index: 385046)
Failed to process relocation: 6570:0104 (Invalid index: 385028)
Failed to process relocation: 6570:00fd (Invalid index: 385021)
Failed to process relocation: 6570:00ec (Invalid index: 385004)
Failed to process relocation: 6570:00dc (Invalid index: 384988)
Failed to process relocation: 6570:00cc (Invalid index: 384972)
Failed to process relocation: 6570:00b3 (Invalid index: 384947)
Failed to process relocation: 6570:0099 (Invalid index: 384921)
Failed to process relocation: 6570:008f (Invalid index: 384911)
Failed to process relocation: 6570:007a (Invalid index: 384890)
Failed to process relocation: 6570:0065 (Invalid index: 384869)
Failed to process relocation: 6570:0050 (Invalid index: 384848)
Failed to process relocation: 6570:003a (Invalid index: 384826)
Failed to process relocation: 6570:0020 (Invalid index: 384800)
Failed to process relocation: 6570:0009 (Invalid index: 384777)
Failed to process relocation: 6570:075e (Invalid index: 386654)
Failed to process relocation: 6570:074f (Invalid index: 386639)
Failed to process relocation: 6570:0743 (Invalid index: 386627)
Failed to process relocation: 6570:0700 (Invalid index: 386560)
Failed to process relocation: 6570:06e2 (Invalid index: 386530)
Failed to process relocation: 6570:06ce (Invalid index: 386510)
Failed to process relocation: 6570:06c3 (Invalid index: 386499)
Failed to process relocation: 6570:06a1 (Invalid index: 386465)
Failed to process relocation: 6570:067c (Invalid index: 386428)
Failed to process relocation: 6570:0661 (Invalid index: 386401)
Failed to process relocation: 6570:0648 (Invalid index: 386376)
Failed to process relocation: 6570:061e (Invalid index: 386334)
Failed to process relocation: 6570:05e7 (Invalid index: 386279)
Failed to process relocation: 6570:05a9 (Invalid index: 386217)
Failed to process relocation: 6570:0597 (Invalid index: 386199)
Failed to process relocation: 6570:057e (Invalid index: 386174)
Failed to process relocation: 6570:056e (Invalid index: 386158)
Failed to process relocation: 6570:0536 (Invalid index: 386102)
Failed to process relocation: 6570:0526 (Invalid index: 386086)
Failed to process relocation: 6570:0510 (Invalid index: 386064)
Failed to process relocation: 6570:0505 (Invalid index: 386053)
Failed to process relocation: 6570:04fa (Invalid index: 386042)
Failed to process relocation: 6570:04c4 (Invalid index: 385988)
Failed to process relocation: 6570:04b1 (Invalid index: 385969)
Failed to process relocation: 6570:04a4 (Invalid index: 385956)
Failed to process relocation: 6570:049e (Invalid index: 385950)
Failed to process relocation: 6570:0493 (Invalid index: 385939)
Failed to process relocation: 6570:0489 (Invalid index: 385929)
Failed to process relocation: 6570:0484 (Invalid index: 385924)
Failed to process relocation: 6570:047c (Invalid index: 385916)
Failed to process relocation: 6570:0455 (Invalid index: 385877)
Failed to process relocation: 6570:0446 (Invalid index: 385862)
Failed to process relocation: 6570:0433 (Invalid index: 385843)
Failed to process relocation: 6570:0415 (Invalid index: 385813)
Failed to process relocation: 6570:03f4 (Invalid index: 385780)
Failed to process relocation: 6570:03e3 (Invalid index: 385763)
Failed to process relocation: 6570:0ae5 (Invalid index: 387557)
Failed to process relocation: 6570:0ac2 (Invalid index: 387522)
Failed to process relocation: 6570:0aa6 (Invalid index: 387494)
Failed to process relocation: 6570:0a90 (Invalid index: 387472)
Failed to process relocation: 6570:0a67 (Invalid index: 387431)
Failed to process relocation: 6570:0a50 (Invalid index: 387408)
Failed to process relocation: 6570:0a3c (Invalid index: 387388)
Failed to process relocation: 6570:0a23 (Invalid index: 387363)
Failed to process relocation: 6570:09f1 (Invalid index: 387313)
Failed to process relocation: 6570:09d5 (Invalid index: 387285)
Failed to process relocation: 6570:09b1 (Invalid index: 387249)
Failed to process relocation: 6570:09a5 (Invalid index: 387237)
Failed to process relocation: 6570:0982 (Invalid index: 387202)
Failed to process relocation: 6570:0969 (Invalid index: 387177)
Failed to process relocation: 6570:0959 (Invalid index: 387161)
Failed to process relocation: 6570:0949 (Invalid index: 387145)
Failed to process relocation: 6570:0931 (Invalid index: 387121)
Failed to process relocation: 6570:090d (Invalid index: 387085)
Failed to process relocation: 6570:08e6 (Invalid index: 387046)
Failed to process relocation: 6570:08df (Invalid index: 387039)
Failed to process relocation: 6570:08c9 (Invalid index: 387017)
Failed to process relocation: 6570:08ad (Invalid index: 386989)
Failed to process relocation: 6570:08a6 (Invalid index: 386982)
Failed to process relocation: 6570:0899 (Invalid index: 386969)
Failed to process relocation: 6570:0891 (Invalid index: 386961)
Failed to process relocation: 6570:0878 (Invalid index: 386936)
Failed to process relocation: 6570:0873 (Invalid index: 386931)
Failed to process relocation: 6570:086e (Invalid index: 386926)
Failed to process relocation: 6570:0866 (Invalid index: 386918)
Failed to process relocation: 6570:0835 (Invalid index: 386869)
Failed to process relocation: 6570:0830 (Invalid index: 386864)
Failed to process relocation: 6570:0824 (Invalid index: 386852)
Failed to process relocation: 6570:07ff (Invalid index: 386815)
Failed to process relocation: 6570:07ef (Invalid index: 386799)
Failed to process relocation: 6570:07d7 (Invalid index: 386775)
Failed to process relocation: 6570:07d1 (Invalid index: 386769)
Failed to process relocation: 6570:07b1 (Invalid index: 386737)
Failed to process relocation: 6570:079d (Invalid index: 386717)
Failed to process relocation: 6570:0784 (Invalid index: 386692)
Failed to process relocation: 6570:0772 (Invalid index: 386674)
Failed to process relocation: 6570:0eb5 (Invalid index: 388533)
Failed to process relocation: 6570:0e7a (Invalid index: 388474)
Failed to process relocation: 6570:0e73 (Invalid index: 388467)
Failed to process relocation: 6570:0e5d (Invalid index: 388445)
Failed to process relocation: 6570:0e41 (Invalid index: 388417)
Failed to process relocation: 6570:0e3a (Invalid index: 388410)
Failed to process relocation: 6570:0e2d (Invalid index: 388397)
Failed to process relocation: 6570:0e28 (Invalid index: 388392)
Failed to process relocation: 6570:0e23 (Invalid index: 388387)
Failed to process relocation: 6570:0e1b (Invalid index: 388379)
Failed to process relocation: 6570:0dea (Invalid index: 388330)
Failed to process relocation: 6570:0de5 (Invalid index: 388325)
Failed to process relocation: 6570:0dd9 (Invalid index: 388313)
Failed to process relocation: 6570:0dd0 (Invalid index: 388304)
Failed to process relocation: 6570:0db9 (Invalid index: 388281)
Failed to process relocation: 6570:0daa (Invalid index: 388266)
Failed to process relocation: 6570:0d9d (Invalid index: 388253)
Failed to process relocation: 6570:0d96 (Invalid index: 388246)
Failed to process relocation: 6570:0cd5 (Invalid index: 388053)
Failed to process relocation: 6570:0cae (Invalid index: 388014)
Failed to process relocation: 6570:0c9e (Invalid index: 387998)
Failed to process relocation: 6570:0c87 (Invalid index: 387975)
Failed to process relocation: 6570:0c7a (Invalid index: 387962)
Failed to process relocation: 6570:0c75 (Invalid index: 387957)
Failed to process relocation: 6570:0c6d (Invalid index: 387949)
Failed to process relocation: 6570:0c3c (Invalid index: 387900)
Failed to process relocation: 6570:0bd2 (Invalid index: 387794)
Failed to process relocation: 6570:0b36 (Invalid index: 387638)
Failed to process relocation: 6570:1266 (Invalid index: 389478)
Failed to process relocation: 6570:1243 (Invalid index: 389443)
Failed to process relocation: 6570:1214 (Invalid index: 389396)
Failed to process relocation: 6570:1203 (Invalid index: 389379)
Failed to process relocation: 6570:11d8 (Invalid index: 389336)
Failed to process relocation: 6570:11b9 (Invalid index: 389305)
Failed to process relocation: 6570:119d (Invalid index: 389277)
Failed to process relocation: 6570:117a (Invalid index: 389242)
Failed to process relocation: 6570:1143 (Invalid index: 389187)
Failed to process relocation: 6570:1132 (Invalid index: 389170)
Failed to process relocation: 6570:1110 (Invalid index: 389136)
Failed to process relocation: 6570:10fc (Invalid index: 389116)
Failed to process relocation: 6570:10e8 (Invalid index: 389096)
Failed to process relocation: 6570:10d6 (Invalid index: 389078)
Failed to process relocation: 6570:1069 (Invalid index: 388969)
Failed to process relocation: 6570:1042 (Invalid index: 388930)
Failed to process relocation: 6570:1032 (Invalid index: 388914)
Failed to process relocation: 6570:0fe1 (Invalid index: 388833)
Failed to process relocation: 6570:0fa2 (Invalid index: 388770)
Failed to process relocation: 6570:0f7d (Invalid index: 388733)
Failed to process relocation: 6570:0f53 (Invalid index: 388691)
Failed to process relocation: 6570:0f40 (Invalid index: 388672)
Failed to process relocation: 6570:0f31 (Invalid index: 388657)
Failed to process relocation: 6570:0f22 (Invalid index: 388642)
Failed to process relocation: 6570:0eff (Invalid index: 388607)
Failed to process relocation: 6570:0ee9 (Invalid index: 388585)
Failed to process relocation: 6570:15a7 (Invalid index: 390311)
Failed to process relocation: 6570:159f (Invalid index: 390303)
Failed to process relocation: 6570:157e (Invalid index: 390270)
Failed to process relocation: 6570:154d (Invalid index: 390221)
Failed to process relocation: 6570:14df (Invalid index: 390111)
Failed to process relocation: 6570:14b6 (Invalid index: 390070)
Failed to process relocation: 6570:149b (Invalid index: 390043)
Failed to process relocation: 6570:1481 (Invalid index: 390017)
Failed to process relocation: 6570:1466 (Invalid index: 389990)
Failed to process relocation: 6570:1457 (Invalid index: 389975)
Failed to process relocation: 6570:1436 (Invalid index: 389942)
Failed to process relocation: 6570:141a (Invalid index: 389914)
Failed to process relocation: 6570:13ff (Invalid index: 389887)
Failed to process relocation: 6570:13f8 (Invalid index: 389880)
Failed to process relocation: 6570:12ba (Invalid index: 389562)
Failed to process relocation: 6570:1871 (Invalid index: 391025)
Failed to process relocation: 6570:1869 (Invalid index: 391017)
Failed to process relocation: 6570:183a (Invalid index: 390970)
Failed to process relocation: 6570:17cc (Invalid index: 390860)
Failed to process relocation: 6570:17a3 (Invalid index: 390819)
Failed to process relocation: 6570:178d (Invalid index: 390797)
Failed to process relocation: 6570:175c (Invalid index: 390748)
Failed to process relocation: 6570:1704 (Invalid index: 390660)
Failed to process relocation: 6570:16b8 (Invalid index: 390584)
Failed to process relocation: 6570:16b1 (Invalid index: 390577)
Failed to process relocation: 6570:16a2 (Invalid index: 390562)
Failed to process relocation: 6570:168f (Invalid index: 390543)
Failed to process relocation: 6570:167b (Invalid index: 390523)
Failed to process relocation: 6570:166c (Invalid index: 390508)
Failed to process relocation: 6570:165d (Invalid index: 390493)
Failed to process relocation: 6570:1643 (Invalid index: 390467)
Failed to process relocation: 6570:1d64 (Invalid index: 392292)
Failed to process relocation: 6570:1d5f (Invalid index: 392287)
Failed to process relocation: 6570:1d5a (Invalid index: 392282)
Failed to process relocation: 6570:1d55 (Invalid index: 392277)
Failed to process relocation: 6570:1d4c (Invalid index: 392268)
Failed to process relocation: 6570:1d43 (Invalid index: 392259)
Failed to process relocation: 6570:1d3b (Invalid index: 392251)
Failed to process relocation: 6570:1d2d (Invalid index: 392237)
Failed to process relocation: 6570:1d28 (Invalid index: 392232)
Failed to process relocation: 6570:1d23 (Invalid index: 392227)
Failed to process relocation: 6570:1d1e (Invalid index: 392222)
Failed to process relocation: 6570:1d15 (Invalid index: 392213)
Failed to process relocation: 6570:1d0c (Invalid index: 392204)
Failed to process relocation: 6570:1d03 (Invalid index: 392195)
Failed to process relocation: 6570:1cdd (Invalid index: 392157)
Failed to process relocation: 6570:1cc0 (Invalid index: 392128)
Failed to process relocation: 6570:1ca5 (Invalid index: 392101)
Failed to process relocation: 6570:1c73 (Invalid index: 392051)
Failed to process relocation: 6570:1c49 (Invalid index: 392009)
Failed to process relocation: 6570:1c30 (Invalid index: 391984)
Failed to process relocation: 6570:1c03 (Invalid index: 391939)
Failed to process relocation: 6570:1bef (Invalid index: 391919)
Failed to process relocation: 6570:1bab (Invalid index: 391851)
Failed to process relocation: 6570:1b86 (Invalid index: 391814)
Failed to process relocation: 6570:1b72 (Invalid index: 391794)
Failed to process relocation: 6570:1b64 (Invalid index: 391780)
Failed to process relocation: 6570:1b52 (Invalid index: 391762)
Failed to process relocation: 6570:1b3e (Invalid index: 391742)
Failed to process relocation: 6570:1b2f (Invalid index: 391727)
Failed to process relocation: 6570:1b21 (Invalid index: 391713)
Failed to process relocation: 6570:1b07 (Invalid index: 391687)
Failed to process relocation: 6570:1af5 (Invalid index: 391669)
Failed to process relocation: 6570:1aed (Invalid index: 391661)
Failed to process relocation: 6570:1ad0 (Invalid index: 391632)
Failed to process relocation: 6570:1ac1 (Invalid index: 391617)
Failed to process relocation: 6570:1aa9 (Invalid index: 391593)
Failed to process relocation: 6570:1a9a (Invalid index: 391578)
Failed to process relocation: 6570:1a3f (Invalid index: 391487)
Failed to process relocation: 6570:1a29 (Invalid index: 391465)
Failed to process relocation: 6570:1a0f (Invalid index: 391439)
Failed to process relocation: 6570:1a09 (Invalid index: 391433)
Failed to process relocation: 6570:1a00 (Invalid index: 391424)
Failed to process relocation: 6570:2132 (Invalid index: 393266)
Failed to process relocation: 6570:210b (Invalid index: 393227)
Failed to process relocation: 6570:20f9 (Invalid index: 393209)
Failed to process relocation: 6570:20d2 (Invalid index: 393170)
Failed to process relocation: 6570:20b6 (Invalid index: 393142)
Failed to process relocation: 6570:208f (Invalid index: 393103)
Failed to process relocation: 6570:2079 (Invalid index: 393081)
Failed to process relocation: 6570:2046 (Invalid index: 393030)
Failed to process relocation: 6570:201b (Invalid index: 392987)
Failed to process relocation: 6570:1fee (Invalid index: 392942)
Failed to process relocation: 6570:1fd8 (Invalid index: 392920)
Failed to process relocation: 6570:1ee1 (Invalid index: 392673)
Failed to process relocation: 6570:1eab (Invalid index: 392619)
Failed to process relocation: 6570:1e84 (Invalid index: 392580)
Failed to process relocation: 6570:1e5d (Invalid index: 392541)
Failed to process relocation: 6570:1e22 (Invalid index: 392482)
Failed to process relocation: 6570:1e06 (Invalid index: 392454)
Failed to process relocation: 6570:1ded (Invalid index: 392429)
Failed to process relocation: 6570:22ce (Invalid index: 393678)
Failed to process relocation: 6570:22be (Invalid index: 393662)
Failed to process relocation: 6570:22ae (Invalid index: 393646)
Failed to process relocation: 6570:229e (Invalid index: 393630)
Failed to process relocation: 6570:2275 (Invalid index: 393589)
Failed to process relocation: 6570:224d (Invalid index: 393549)
Failed to process relocation: 6570:221e (Invalid index: 393502)
Failed to process relocation: 6570:220a (Invalid index: 393482)
Failed to process relocation: 6570:21e1 (Invalid index: 393441)
Failed to process relocation: 6570:21ca (Invalid index: 393418)
Failed to process relocation: 6570:21a3 (Invalid index: 393379)
Failed to process relocation: 6570:218c (Invalid index: 393356)
Failed to process relocation: 6570:2165 (Invalid index: 393317)
Failed to process relocation: 6570:2148 (Invalid index: 393288)
Failed to process relocation: 6570:2687 (Invalid index: 394631)
Failed to process relocation: 6570:2682 (Invalid index: 394626)
Failed to process relocation: 6570:267a (Invalid index: 394618)
Failed to process relocation: 6570:2672 (Invalid index: 394610)
Failed to process relocation: 6570:266d (Invalid index: 394605)
Failed to process relocation: 6570:2665 (Invalid index: 394597)
Failed to process relocation: 6570:265c (Invalid index: 394588)
Failed to process relocation: 6570:2654 (Invalid index: 394580)
Failed to process relocation: 6570:264a (Invalid index: 394570)
Failed to process relocation: 6570:2645 (Invalid index: 394565)
Failed to process relocation: 6570:263d (Invalid index: 394557)
Failed to process relocation: 6570:2635 (Invalid index: 394549)
Failed to process relocation: 6570:2630 (Invalid index: 394544)
Failed to process relocation: 6570:2628 (Invalid index: 394536)
Failed to process relocation: 6570:261f (Invalid index: 394527)
Failed to process relocation: 6570:2617 (Invalid index: 394519)
Failed to process relocation: 6570:260d (Invalid index: 394509)
Failed to process relocation: 6570:2608 (Invalid index: 394504)
Failed to process relocation: 6570:2602 (Invalid index: 394498)
Failed to process relocation: 6570:25f9 (Invalid index: 394489)
Failed to process relocation: 6570:25ba (Invalid index: 394426)
Failed to process relocation: 6570:2579 (Invalid index: 394361)
Failed to process relocation: 6570:2535 (Invalid index: 394293)
Failed to process relocation: 6570:252a (Invalid index: 394282)
Failed to process relocation: 6570:2524 (Invalid index: 394276)
Failed to process relocation: 6570:251f (Invalid index: 394271)
Failed to process relocation: 6570:251a (Invalid index: 394266)
Failed to process relocation: 6570:2512 (Invalid index: 394258)
Failed to process relocation: 6570:250a (Invalid index: 394250)
Failed to process relocation: 6570:2505 (Invalid index: 394245)
Failed to process relocation: 6570:24fd (Invalid index: 394237)
Failed to process relocation: 6570:24f4 (Invalid index: 394228)
Failed to process relocation: 6570:24eb (Invalid index: 394219)
Failed to process relocation: 6570:24e6 (Invalid index: 394214)
Failed to process relocation: 6570:24e1 (Invalid index: 394209)
Failed to process relocation: 6570:24d9 (Invalid index: 394201)
Failed to process relocation: 6570:24d1 (Invalid index: 394193)
Failed to process relocation: 6570:24cc (Invalid index: 394188)
Failed to process relocation: 6570:24c4 (Invalid index: 394180)
Failed to process relocation: 6570:24bb (Invalid index: 394171)
Failed to process relocation: 6570:24b2 (Invalid index: 394162)
Failed to process relocation: 6570:24ad (Invalid index: 394157)
Failed to process relocation: 6570:24a8 (Invalid index: 394152)
Failed to process relocation: 6570:24a0 (Invalid index: 394144)
Failed to process relocation: 6570:2498 (Invalid index: 394136)
Failed to process relocation: 6570:2493 (Invalid index: 394131)
Failed to process relocation: 6570:248b (Invalid index: 394123)
Failed to process relocation: 6570:2482 (Invalid index: 394114)
Failed to process relocation: 6570:2479 (Invalid index: 394105)
Failed to process relocation: 6570:2474 (Invalid index: 394100)
Failed to process relocation: 6570:246f (Invalid index: 394095)
Failed to process relocation: 6570:2467 (Invalid index: 394087)
Failed to process relocation: 6570:245f (Invalid index: 394079)
Failed to process relocation: 6570:245a (Invalid index: 394074)
Failed to process relocation: 6570:2452 (Invalid index: 394066)
Failed to process relocation: 6570:2449 (Invalid index: 394057)
Failed to process relocation: 6570:2419 (Invalid index: 394009)
Failed to process relocation: 6570:23d8 (Invalid index: 393944)
Failed to process relocation: 6570:2389 (Invalid index: 393865)
Failed to process relocation: 6570:2384 (Invalid index: 393860)
Failed to process relocation: 6570:237e (Invalid index: 393854)
Failed to process relocation: 6570:2375 (Invalid index: 393845)
Failed to process relocation: 6570:236d (Invalid index: 393837)
Failed to process relocation: 6570:2367 (Invalid index: 393831)
Failed to process relocation: 6570:235e (Invalid index: 393822)
Failed to process relocation: 6570:2356 (Invalid index: 393814)
Failed to process relocation: 6570:2350 (Invalid index: 393808)
Failed to process relocation: 6570:2346 (Invalid index: 393798)
Failed to process relocation: 6570:233e (Invalid index: 393790)
Failed to process relocation: 6570:2335 (Invalid index: 393781)
Failed to process relocation: 6570:2330 (Invalid index: 393776)
Failed to process relocation: 6570:22e2 (Invalid index: 393698)
Failed to process relocation: 6570:2a2f (Invalid index: 395567)
Failed to process relocation: 6570:2a0b (Invalid index: 395531)
Failed to process relocation: 6570:2a06 (Invalid index: 395526)
Failed to process relocation: 6570:2a01 (Invalid index: 395521)
Failed to process relocation: 6570:29f8 (Invalid index: 395512)
Failed to process relocation: 6570:29f0 (Invalid index: 395504)
Failed to process relocation: 6570:29e7 (Invalid index: 395495)
Failed to process relocation: 6570:29cf (Invalid index: 395471)
Failed to process relocation: 6570:29ca (Invalid index: 395466)
Failed to process relocation: 6570:29c5 (Invalid index: 395461)
Failed to process relocation: 6570:29bc (Invalid index: 395452)
Failed to process relocation: 6570:29b4 (Invalid index: 395444)
Failed to process relocation: 6570:29ab (Invalid index: 395435)
Failed to process relocation: 6570:2993 (Invalid index: 395411)
Failed to process relocation: 6570:298e (Invalid index: 395406)
Failed to process relocation: 6570:2989 (Invalid index: 395401)
Failed to process relocation: 6570:2980 (Invalid index: 395392)
Failed to process relocation: 6570:2978 (Invalid index: 395384)
Failed to process relocation: 6570:296f (Invalid index: 395375)
Failed to process relocation: 6570:294f (Invalid index: 395343)
Failed to process relocation: 6570:2946 (Invalid index: 395334)
Failed to process relocation: 6570:2941 (Invalid index: 395329)
Failed to process relocation: 6570:2938 (Invalid index: 395320)
Failed to process relocation: 6570:2930 (Invalid index: 395312)
Failed to process relocation: 6570:292b (Invalid index: 395307)
Failed to process relocation: 6570:2923 (Invalid index: 395299)
Failed to process relocation: 6570:291a (Invalid index: 395290)
Failed to process relocation: 6570:2911 (Invalid index: 395281)
Failed to process relocation: 6570:2908 (Invalid index: 395272)
Failed to process relocation: 6570:2900 (Invalid index: 395264)
Failed to process relocation: 6570:28fb (Invalid index: 395259)
Failed to process relocation: 6570:28f3 (Invalid index: 395251)
Failed to process relocation: 6570:28ee (Invalid index: 395246)
Failed to process relocation: 6570:28e5 (Invalid index: 395237)
Failed to process relocation: 6570:28dc (Invalid index: 395228)
Failed to process relocation: 6570:28d3 (Invalid index: 395219)
Failed to process relocation: 6570:28ca (Invalid index: 395210)
Failed to process relocation: 6570:28c5 (Invalid index: 395205)
Failed to process relocation: 6570:28bc (Invalid index: 395196)
Failed to process relocation: 6570:28b4 (Invalid index: 395188)
Failed to process relocation: 6570:28af (Invalid index: 395183)
Failed to process relocation: 6570:28a7 (Invalid index: 395175)
Failed to process relocation: 6570:289e (Invalid index: 395166)
Failed to process relocation: 6570:2895 (Invalid index: 395157)
Failed to process relocation: 6570:288c (Invalid index: 395148)
Failed to process relocation: 6570:2884 (Invalid index: 395140)
Failed to process relocation: 6570:287f (Invalid index: 395135)
Failed to process relocation: 6570:2877 (Invalid index: 395127)
Failed to process relocation: 6570:2872 (Invalid index: 395122)
Failed to process relocation: 6570:2869 (Invalid index: 395113)
Failed to process relocation: 6570:2860 (Invalid index: 395104)
Failed to process relocation: 6570:284c (Invalid index: 395084)
Failed to process relocation: 6570:2813 (Invalid index: 395027)
Failed to process relocation: 6570:27e9 (Invalid index: 394985)
Failed to process relocation: 6570:27e4 (Invalid index: 394980)
Failed to process relocation: 6570:27da (Invalid index: 394970)
Failed to process relocation: 6570:27d5 (Invalid index: 394965)
Failed to process relocation: 6570:27cd (Invalid index: 394957)
Failed to process relocation: 6570:27c5 (Invalid index: 394949)
Failed to process relocation: 6570:27c0 (Invalid index: 394944)
Failed to process relocation: 6570:27b8 (Invalid index: 394936)
Failed to process relocation: 6570:27af (Invalid index: 394927)
Failed to process relocation: 6570:27a7 (Invalid index: 394919)
Failed to process relocation: 6570:279d (Invalid index: 394909)
Failed to process relocation: 6570:2798 (Invalid index: 394904)
Failed to process relocation: 6570:2739 (Invalid index: 394809)
Failed to process relocation: 6570:2731 (Invalid index: 394801)
Failed to process relocation: 6570:2728 (Invalid index: 394792)
Failed to process relocation: 6570:2720 (Invalid index: 394784)
Failed to process relocation: 6570:271b (Invalid index: 394779)
Failed to process relocation: 6570:2713 (Invalid index: 394771)
Failed to process relocation: 6570:270a (Invalid index: 394762)
Failed to process relocation: 6570:26f7 (Invalid index: 394743)
Failed to process relocation: 6570:26c0 (Invalid index: 394688)
Failed to process relocation: 6570:2696 (Invalid index: 394646)
Failed to process relocation: 6570:2691 (Invalid index: 394641)
Failed to process relocation: 6570:2d2b (Invalid index: 396331)
Failed to process relocation: 6570:2cff (Invalid index: 396287)
Failed to process relocation: 6570:2ca7 (Invalid index: 396199)
Failed to process relocation: 6570:2c78 (Invalid index: 396152)
Failed to process relocation: 6570:2c28 (Invalid index: 396072)
Failed to process relocation: 6570:2bef (Invalid index: 396015)
Failed to process relocation: 6570:2be0 (Invalid index: 396000)
Failed to process relocation: 6570:2bd7 (Invalid index: 395991)
Failed to process relocation: 6570:2bcd (Invalid index: 395981)
Failed to process relocation: 6570:2bc8 (Invalid index: 395976)
Failed to process relocation: 6570:2bc3 (Invalid index: 395971)
Failed to process relocation: 6570:2bba (Invalid index: 395962)
Failed to process relocation: 6570:2bb2 (Invalid index: 395954)
Failed to process relocation: 6570:2ba9 (Invalid index: 395945)
Failed to process relocation: 6570:2b9f (Invalid index: 395935)
Failed to process relocation: 6570:2b9a (Invalid index: 395930)
Failed to process relocation: 6570:2b95 (Invalid index: 395925)
Failed to process relocation: 6570:2b8c (Invalid index: 395916)
Failed to process relocation: 6570:2b84 (Invalid index: 395908)
Failed to process relocation: 6570:2b7b (Invalid index: 395899)
Failed to process relocation: 6570:2b71 (Invalid index: 395889)
Failed to process relocation: 6570:2b6c (Invalid index: 395884)
Failed to process relocation: 6570:2b67 (Invalid index: 395879)
Failed to process relocation: 6570:2b5e (Invalid index: 395870)
Failed to process relocation: 6570:2b56 (Invalid index: 395862)
Failed to process relocation: 6570:2b4d (Invalid index: 395853)
Failed to process relocation: 6570:2b43 (Invalid index: 395843)
Failed to process relocation: 6570:2b3e (Invalid index: 395838)
Failed to process relocation: 6570:2b39 (Invalid index: 395833)
Failed to process relocation: 6570:2b30 (Invalid index: 395824)
Failed to process relocation: 6570:2b28 (Invalid index: 395816)
Failed to process relocation: 6570:2b0a (Invalid index: 395786)
Failed to process relocation: 6570:2af5 (Invalid index: 395765)
Failed to process relocation: 6570:2af0 (Invalid index: 395760)
Failed to process relocation: 6570:2ae6 (Invalid index: 395750)
Failed to process relocation: 6570:2ae1 (Invalid index: 395745)
Failed to process relocation: 6570:2ad9 (Invalid index: 395737)
Failed to process relocation: 6570:2ad1 (Invalid index: 395729)
Failed to process relocation: 6570:2ac7 (Invalid index: 395719)
Failed to process relocation: 6570:2ac2 (Invalid index: 395714)
Failed to process relocation: 6570:2aba (Invalid index: 395706)
Failed to process relocation: 6570:2f45 (Invalid index: 396869)
Failed to process relocation: 6570:2f40 (Invalid index: 396864)
Failed to process relocation: 6570:2f3b (Invalid index: 396859)
Failed to process relocation: 6570:2f36 (Invalid index: 396854)
Failed to process relocation: 6570:2f2e (Invalid index: 396846)
Failed to process relocation: 6570:2f26 (Invalid index: 396838)
Failed to process relocation: 6570:2f1e (Invalid index: 396830)
Failed to process relocation: 6570:2f16 (Invalid index: 396822)
Failed to process relocation: 6570:2f11 (Invalid index: 396817)
Failed to process relocation: 6570:2f09 (Invalid index: 396809)
Failed to process relocation: 6570:2f01 (Invalid index: 396801)
Failed to process relocation: 6570:2ef9 (Invalid index: 396793)
Failed to process relocation: 6570:2ef1 (Invalid index: 396785)
Failed to process relocation: 6570:2ede (Invalid index: 396766)
Failed to process relocation: 6570:2eae (Invalid index: 396718)
Failed to process relocation: 6570:2def (Invalid index: 396527)
Failed to process relocation: 6570:3312 (Invalid index: 397842)
Failed to process relocation: 6570:3302 (Invalid index: 397826)
Failed to process relocation: 6570:32f9 (Invalid index: 397817)
Failed to process relocation: 6570:32f1 (Invalid index: 397809)
Failed to process relocation: 6570:32eb (Invalid index: 397803)
Failed to process relocation: 6570:32cf (Invalid index: 397775)
Failed to process relocation: 6570:32b1 (Invalid index: 397745)
Failed to process relocation: 6570:327e (Invalid index: 397694)
Failed to process relocation: 6570:3265 (Invalid index: 397669)
Failed to process relocation: 6570:325c (Invalid index: 397660)
Failed to process relocation: 6570:3254 (Invalid index: 397652)
Failed to process relocation: 6570:324e (Invalid index: 397646)
Failed to process relocation: 6570:323b (Invalid index: 397627)
Failed to process relocation: 6570:3232 (Invalid index: 397618)
Failed to process relocation: 6570:322a (Invalid index: 397610)
Failed to process relocation: 6570:3224 (Invalid index: 397604)
Failed to process relocation: 6570:3172 (Invalid index: 397426)
Failed to process relocation: 6570:3169 (Invalid index: 397417)
Failed to process relocation: 6570:3161 (Invalid index: 397409)
Failed to process relocation: 6570:315b (Invalid index: 397403)
Failed to process relocation: 6570:3107 (Invalid index: 397319)
Failed to process relocation: 6570:309b (Invalid index: 397211)
Failed to process relocation: 6570:3094 (Invalid index: 397204)
Failed to process relocation: 6570:3084 (Invalid index: 397188)
 (ProgramLoader)  
INFO  IMPORTING: Loaded 0 additional files (HeadlessAnalyzer)  
INFO  REPORT: Execute script: MarkOverlayThunks 'pre' '3ab8'  (HeadlessAnalyzer)  
INFO  SCRIPT: C:\prog\jwcad\ghidra_scripts\MarkOverlayThunks.java (HeadlessAnalyzer)  
INFO  MarkOverlayThunks.java> cd 3f sites: 117 (GhidraScript)  
INFO  MarkOverlayThunks.java> overlay trap operands marked as data: 117 of 117 (GhidraScript)  
INFO  ANALYZING all memory and code: file:///C:/prog/jwcad/ovl/jw31.exe (HeadlessAnalyzer)  
ERROR Failed to create function at 1885:07c4 since its body contains referring thunk at 1885:0344 (CreateFunctionCmd)  
ERROR Failed to create function at 28b3:0f86 since its body contains referring thunk at 28b3:0ee9 (CreateFunctionCmd)  
ERROR Failed to create function at 1885:07c4 since its body contains referring thunk at 1885:0344 (CreateFunctionCmd)  
WARN  WARNING! Repairing body of function at 28b3:0ee9 (ClearFlowAndRepairCmd)  
ERROR ... function body repair failed due to overlap with another function: 28b3:0ee9 (ClearFlowAndRepairCmd)  
WARN  WARNING! Repairing body of function at 28b3:1177 (ClearFlowAndRepairCmd)  
ERROR ... function body repair failed due to overlap with another function: 28b3:1177 (ClearFlowAndRepairCmd)  
WARN  WARNING! Repairing body of function at 28b3:1181 (ClearFlowAndRepairCmd)  
ERROR ... function body repair failed due to overlap with another function: 28b3:1181 (ClearFlowAndRepairCmd)  
WARN  WARNING! Repairing body of function at 3ab8:518e (ClearFlowAndRepairCmd)  
WARN  WARNING! Repairing body of function at 32b2:701d (ClearFlowAndRepairCmd)  
ERROR ... function body repair failed due to overlap with another function: 32b2:701d (ClearFlowAndRepairCmd)  
WARN  WARNING! Repairing body of function at 32b2:7046 (ClearFlowAndRepairCmd)  
ERROR ... function body repair failed due to overlap with another function: 32b2:7046 (ClearFlowAndRepairCmd)  
WARN  WARNING! Repairing body of function at 32b2:704d (ClearFlowAndRepairCmd)  
ERROR ... function body repair failed due to overlap with another function: 32b2:704d (ClearFlowAndRepairCmd)  
WARN  WARNING! Repairing body of function at 32b2:7065 (ClearFlowAndRepairCmd)  
ERROR ... function body repair failed due to overlap with another function: 32b2:7065 (ClearFlowAndRepairCmd)  
WARN  WARNING! Repairing body of function at 32b2:70dc (ClearFlowAndRepairCmd)  
ERROR ... function body repair failed due to overlap with another function: 32b2:70dc (ClearFlowAndRepairCmd)  
WARN  WARNING! Repairing body of function at 32b2:70f4 (ClearFlowAndRepairCmd)  
ERROR ... function body repair failed due to overlap with another function: 32b2:70f4 (ClearFlowAndRepairCmd)  
WARN  WARNING! Repairing body of function at 32b2:710c (ClearFlowAndRepairCmd)  
ERROR ... function body repair failed due to overlap with another function: 32b2:710c (ClearFlowAndRepairCmd)  
WARN  WARNING! Repairing body of function at 32b2:7154 (ClearFlowAndRepairCmd)  
ERROR ... function body repair failed due to overlap with another function: 32b2:7154 (ClearFlowAndRepairCmd)  
INFO  Packed database cache: C:\Users\yomei\AppData\Local\ghidra\packed-db-cache (PackedDatabaseCache)  
INFO  Applied data type archive: generic_clib (ApplyDataArchiveAnalyzer)  
INFO  -----------------------------------------------------
    ASCII Strings                              0.385 secs
    Apply Data Archives                        0.670 secs
    Call Convention ID                         0.001 secs
    Call-Fixup Installer                       0.137 secs
    Create Function                            0.223 secs
    Data Reference                             0.016 secs
    Decompiler Switch Analysis                 1.125 secs
    Demangler GNU                              0.040 secs
    Disassemble                                2.263 secs
    Disassemble Entry Points                   0.147 secs
    Embedded Media                             0.018 secs
    External Entry References                  0.001 secs
    Function ID                                0.118 secs
    Function Start Search                      0.028 secs
    Non-Returning Functions - Discovered       3.270 secs
    Reference                                  0.018 secs
    Segmented X86 Calling Conventions          0.002 secs
    Shared Return Calls                        0.077 secs
    Stack                                      0.972 secs
    Subroutine References                      0.108 secs
    Subroutine References - One Time           0.000 secs
    X86 Function Callee Purge                  0.100 secs
    x86 Constant Reference Analyzer            0.878 secs
-----------------------------------------------------
     Total Time   10 secs
-----------------------------------------------------
 (AutoAnalysisManager)  
INFO  REPORT: Analysis succeeded for file: file:///C:/prog/jwcad/ovl/jw31.exe (HeadlessAnalyzer)  
INFO  REPORT: Execute script: MarkOverlayThunks 'post' '3ab8' 'C:\prog\jwcad\entries\31.txt' '31'  (HeadlessAnalyzer)  
INFO  SCRIPT: C:\prog\jwcad\ghidra_scripts\MarkOverlayThunks.java (HeadlessAnalyzer)  
INFO  MarkOverlayThunks.java> cd 3f sites: 117 (GhidraScript)  
INFO  MarkOverlayThunks.java> overlay traps given a fall-through: 117, references added: 1 (GhidraScript)  
INFO  MarkOverlayThunks.java> overlay entry points seeded: 3 (GhidraScript)  
WARN  WARNING! Removing function with bad body at 21f2:59a5 (ClearFlowAndRepairCmd)  
WARN  WARNING! Removing function with bad body at 21f2:5da4 (ClearFlowAndRepairCmd)  
WARN  WARNING! Repairing body of function at 21f2:5962 (ClearFlowAndRepairCmd)  
ERROR ... function body repair failed due to overlap with another function: 21f2:5962 (ClearFlowAndRepairCmd)  
WARN  WARNING! Repairing body of function at 21f2:5d84 (ClearFlowAndRepairCmd)  
INFO  MarkOverlayThunks.java> overlay hole cleared: 0 stray functions (GhidraScript)  
INFO  REPORT: Execute script: DecompileAll 'C:\prog\jwcad\out\ovl31' '3ab8' '4375'  (HeadlessAnalyzer)  
INFO  SCRIPT: C:\prog\jwcad\ghidra_scripts\DecompileAll.java (HeadlessAnalyzer)  
WARN  Decompiling 3ab8:518e, pcode error at 4000:fe8e: Disassembly not permitted within uninitialized memory block (DecompileCallback)  
INFO  DecompileAll.java> decompiled 34 functions, 0 failed (GhidraScript)  
INFO  ANALYZING changes made by post scripts: file:///C:/prog/jwcad/ovl/jw31.exe (HeadlessAnalyzer)  
INFO  REPORT: Post-analysis succeeded for file: file:///C:/prog/jwcad/ovl/jw31.exe (HeadlessAnalyzer)  
INFO  /jw31.exe: file created (yomei) (LocalFileSystem)  
INFO  REPORT: Save succeeded for: /jw31.exe (ovl31:/jw31.exe) (HeadlessAnalyzer)  
INFO  REPORT: Import succeeded (HeadlessAnalyzer)  
