INFO  Using log config file: jar:file:/C:/prog/ghidra/ghidra_12.1.3_PUBLIC/Ghidra/Framework/Generic/lib/Generic.jar!/generic.log4j.xml (LoggingInitialization)  
INFO  Using log file: C:\Users\yomei\AppData\Roaming\ghidra\ghidra_12.1.3_PUBLIC\application.log (LoggingInitialization)  
INFO  Loading user preferences: C:\Users\yomei\AppData\Roaming\ghidra\ghidra_12.1.3_PUBLIC\preferences (Preferences)  
INFO  Searching for classes... (ClassSearcher)  
INFO  Class search complete (1090 ms) (ClassSearcher)  
INFO  Initializing SSL Context (DefaultSSLContextInitializer)  
INFO  Initializing Random Number Generator... (SecureRandomFactory)  
INFO  Random Number Generator initialization complete: SHA1PRNG (SecureRandomFactory)  
INFO  Trust manager disabled, cacerts have not been set (DefaultTrustManagerFactory)  
INFO  Headless startup complete (10905 ms) (AnalyzeHeadless)  
INFO  Class searcher loaded 59 extension points (20 false positives) (ClassSearcher)  
INFO  HEADLESS Script Paths:
    C:\prog\ghidra\ghidra_12.1.3_PUBLIC\Ghidra\Debug\Debugger-rmi-trace\ghidra_scripts
    C:\prog\ghidra\ghidra_12.1.3_PUBLIC\Ghidra\Features\FileFormats\ghidra_scripts
    C:\prog\ghidra\ghidra_12.1.3_PUBLIC\Ghidra\Features\GnuDemangler\ghidra_scripts
    C:\prog\ghidra\ghidra_12.1.3_PUBLIC\Ghidra\Features\VersionTracking\ghidra_scripts
    C:\prog\ghidra\ghidra_12.1.3_PUBLIC\Ghidra\Debug\Debugger\ghidra_scripts
    C:\prog\ghidra\ghidra_12.1.3_PUBLIC\Ghidra\Processors\8051\ghidra_scripts
    C:\prog\ghidra\ghidra_12.1.3_PUBLIC\Ghidra\Features\BSim\ghidra_scripts
    C:\prog\ghidra\ghidra_12.1.3_PUBLIC\Ghidra\Features\WildcardAssembler\ghidra_scripts
    C:\prog\ghidra\ghidra_12.1.3_PUBLIC\Ghidra\Features\FunctionID\ghidra_scripts
    C:\prog\ghidra\ghidra_12.1.3_PUBLIC\Ghidra\Features\SystemEmulation\ghidra_scripts
    C:\prog\ghidra\ghidra_12.1.3_PUBLIC\Ghidra\Processors\PIC\ghidra_scripts
    C:\prog\ghidra\ghidra_12.1.3_PUBLIC\Ghidra\Features\PDB\ghidra_scripts
    C:\prog\ghidra\ghidra_12.1.3_PUBLIC\Ghidra\Features\DecompilerDependent\ghidra_scripts
    C:\prog\ghidra\ghidra_12.1.3_PUBLIC\Ghidra\Features\SwiftDemangler\ghidra_scripts
    C:\prog\ghidra\ghidra_12.1.3_PUBLIC\Ghidra\Features\MicrosoftCodeAnalyzer\ghidra_scripts
    C:\prog\ghidra\ghidra_12.1.3_PUBLIC\Ghidra\Processors\DATA\ghidra_scripts
    C:\prog\ghidra\ghidra_12.1.3_PUBLIC\Ghidra\Features\Decompiler\ghidra_scripts
    C:\prog\ghidra\ghidra_12.1.3_PUBLIC\Ghidra\Features\BytePatterns\ghidra_scripts
    C:\prog\ghidra\ghidra_12.1.3_PUBLIC\Ghidra\Features\PyGhidra\ghidra_scripts
    C:\prog\ghidra\ghidra_12.1.3_PUBLIC\Ghidra\Processors\Atmel\ghidra_scripts
    C:\prog\ghidra\ghidra_12.1.3_PUBLIC\Ghidra\Features\Base\ghidra_scripts
    C:\prog\jwcad\ghidra_scripts
    C:\prog\ghidra\ghidra_12.1.3_PUBLIC\Ghidra\Processors\JVM\ghidra_scripts (HeadlessAnalyzer)  
INFO  HEADLESS: execution starts (HeadlessAnalyzer)  
INFO  Creating temporary project: C:\prog\jwcad\proj\ovl05 (HeadlessAnalyzer)  
INFO  Creating project: C:\prog\jwcad\proj\ovl05 (DefaultProject)  
INFO  REPORT: Processing input files:  (HeadlessAnalyzer)  
INFO       project: C:\prog\jwcad\proj\ovl05 (HeadlessAnalyzer)  
INFO  IMPORTING: file:///C:/prog/jwcad/ovl/jw05.exe (HeadlessAnalyzer)  
INFO  Using Loader: Old-style DOS Executable (MZ) (ProgramLoader)  
INFO  Using Language/Compiler: x86:LE:16:Real Mode:default (ProgramLoader)  
INFO  Using Library Search Path: [., C:\Windows\SysWOW64, C:\prog\ghidra\jdk21\bin, C:\Windows\Sun\Java\bin, C:\Windows\system32, C:\Windows, C:\Program Files\Python312\Scripts\, C:\Program Files\Python312\, C:\Windows\System32\Wbem, C:\Windows\System32\WindowsPowerShell\v1.0\, C:\Windows\System32\OpenSSH\, C:\Program Files\Amazon\AWSCLIV2\, C:\ProgramData\chocolatey\bin, C:\ffmpeg, C:\Users\yomei\AppData\Local\Microsoft\WindowsApps] (ProgramLoader)  
INFO  Additional info:
There were too many messages to display.
490 messages have been truncated.

Loading file:///C:/prog/jwcad/ovl/jw05.exe?MD5=c43caf917565ea3d04e0376f72540b38...
Failed to process relocation: 6570:0083 (Invalid index: 382147)
Failed to process relocation: 6570:007a (Invalid index: 382138)
Failed to process relocation: 6570:006c (Invalid index: 382124)
Failed to process relocation: 6570:005b (Invalid index: 382107)
Failed to process relocation: 6570:0051 (Invalid index: 382097)
Failed to process relocation: 6570:002b (Invalid index: 382059)
Failed to process relocation: 6570:0009 (Invalid index: 382025)
Failed to process relocation: 6570:0406 (Invalid index: 383046)
Failed to process relocation: 6570:039f (Invalid index: 382943)
Failed to process relocation: 6570:0354 (Invalid index: 382868)
Failed to process relocation: 6570:033b (Invalid index: 382843)
Failed to process relocation: 6570:030f (Invalid index: 382799)
Failed to process relocation: 6570:02f5 (Invalid index: 382773)
Failed to process relocation: 6570:02dc (Invalid index: 382748)
Failed to process relocation: 6570:02b6 (Invalid index: 382710)
Failed to process relocation: 6570:029d (Invalid index: 382685)
Failed to process relocation: 6570:027d (Invalid index: 382653)
Failed to process relocation: 6570:025b (Invalid index: 382619)
Failed to process relocation: 6570:0246 (Invalid index: 382598)
Failed to process relocation: 6570:0214 (Invalid index: 382548)
Failed to process relocation: 6570:01f0 (Invalid index: 382512)
Failed to process relocation: 6570:01d4 (Invalid index: 382484)
Failed to process relocation: 6570:0198 (Invalid index: 382424)
Failed to process relocation: 6570:0129 (Invalid index: 382313)
Failed to process relocation: 6570:0121 (Invalid index: 382305)
Failed to process relocation: 6570:011b (Invalid index: 382299)
Failed to process relocation: 6570:010a (Invalid index: 382282)
Failed to process relocation: 6570:0104 (Invalid index: 382276)
Failed to process relocation: 6570:00ee (Invalid index: 382254)
Failed to process relocation: 6570:00da (Invalid index: 382234)
Failed to process relocation: 6570:00d5 (Invalid index: 382229)
Failed to process relocation: 6570:00cb (Invalid index: 382219)
Failed to process relocation: 6570:00c6 (Invalid index: 382214)
Failed to process relocation: 6570:00be (Invalid index: 382206)
Failed to process relocation: 6570:00b4 (Invalid index: 382196)
Failed to process relocation: 6570:00af (Invalid index: 382191)
Failed to process relocation: 6570:00a6 (Invalid index: 382182)
Failed to process relocation: 6570:0093 (Invalid index: 382163)
Failed to process relocation: 6570:0765 (Invalid index: 383909)
Failed to process relocation: 6570:0690 (Invalid index: 383696)
Failed to process relocation: 6570:0688 (Invalid index: 383688)
Failed to process relocation: 6570:067f (Invalid index: 383679)
Failed to process relocation: 6570:067a (Invalid index: 383674)
Failed to process relocation: 6570:0672 (Invalid index: 383666)
Failed to process relocation: 6570:066a (Invalid index: 383658)
Failed to process relocation: 6570:0661 (Invalid index: 383649)
Failed to process relocation: 6570:065c (Invalid index: 383644)
Failed to process relocation: 6570:064f (Invalid index: 383631)
Failed to process relocation: 6570:0647 (Invalid index: 383623)
Failed to process relocation: 6570:063e (Invalid index: 383614)
Failed to process relocation: 6570:0639 (Invalid index: 383609)
Failed to process relocation: 6570:062f (Invalid index: 383599)
Failed to process relocation: 6570:062a (Invalid index: 383594)
Failed to process relocation: 6570:0622 (Invalid index: 383586)
Failed to process relocation: 6570:05d2 (Invalid index: 383506)
Failed to process relocation: 6570:05ca (Invalid index: 383498)
Failed to process relocation: 6570:05c1 (Invalid index: 383489)
Failed to process relocation: 6570:05bc (Invalid index: 383484)
Failed to process relocation: 6570:05b4 (Invalid index: 383476)
Failed to process relocation: 6570:05ac (Invalid index: 383468)
Failed to process relocation: 6570:05a3 (Invalid index: 383459)
Failed to process relocation: 6570:059e (Invalid index: 383454)
Failed to process relocation: 6570:0591 (Invalid index: 383441)
Failed to process relocation: 6570:0589 (Invalid index: 383433)
Failed to process relocation: 6570:0580 (Invalid index: 383424)
Failed to process relocation: 6570:057b (Invalid index: 383419)
Failed to process relocation: 6570:0571 (Invalid index: 383409)
Failed to process relocation: 6570:056c (Invalid index: 383404)
Failed to process relocation: 6570:0564 (Invalid index: 383396)
Failed to process relocation: 6570:0552 (Invalid index: 383378)
Failed to process relocation: 6570:054a (Invalid index: 383370)
Failed to process relocation: 6570:04fc (Invalid index: 383292)
Failed to process relocation: 6570:04c8 (Invalid index: 383240)
Failed to process relocation: 6570:04b3 (Invalid index: 383219)
Failed to process relocation: 6570:04a8 (Invalid index: 383208)
Failed to process relocation: 6570:046d (Invalid index: 383149)
Failed to process relocation: 6570:09a2 (Invalid index: 384482)
Failed to process relocation: 6570:099d (Invalid index: 384477)
Failed to process relocation: 6570:0998 (Invalid index: 384472)
Failed to process relocation: 6570:0993 (Invalid index: 384467)
Failed to process relocation: 6570:098b (Invalid index: 384459)
Failed to process relocation: 6570:0983 (Invalid index: 384451)
Failed to process relocation: 6570:0975 (Invalid index: 384437)
Failed to process relocation: 6570:0970 (Invalid index: 384432)
Failed to process relocation: 6570:096b (Invalid index: 384427)
Failed to process relocation: 6570:0966 (Invalid index: 384422)
Failed to process relocation: 6570:095e (Invalid index: 384414)
Failed to process relocation: 6570:0956 (Invalid index: 384406)
Failed to process relocation: 6570:0948 (Invalid index: 384392)
Failed to process relocation: 6570:0943 (Invalid index: 384387)
Failed to process relocation: 6570:093e (Invalid index: 384382)
Failed to process relocation: 6570:0939 (Invalid index: 384377)
Failed to process relocation: 6570:0931 (Invalid index: 384369)
Failed to process relocation: 6570:0929 (Invalid index: 384361)
Failed to process relocation: 6570:091e (Invalid index: 384350)
Failed to process relocation: 6570:0919 (Invalid index: 384345)
Failed to process relocation: 6570:0914 (Invalid index: 384340)
Failed to process relocation: 6570:090f (Invalid index: 384335)
Failed to process relocation: 6570:0907 (Invalid index: 384327)
Failed to process relocation: 6570:08ff (Invalid index: 384319)
Failed to process relocation: 6570:08f1 (Invalid index: 384305)
Failed to process relocation: 6570:08ec (Invalid index: 384300)
Failed to process relocation: 6570:08e7 (Invalid index: 384295)
Failed to process relocation: 6570:08e2 (Invalid index: 384290)
Failed to process relocation: 6570:08da (Invalid index: 384282)
Failed to process relocation: 6570:08d2 (Invalid index: 384274)
Failed to process relocation: 6570:08c7 (Invalid index: 384263)
Failed to process relocation: 6570:08c2 (Invalid index: 384258)
Failed to process relocation: 6570:08bd (Invalid index: 384253)
Failed to process relocation: 6570:08b8 (Invalid index: 384248)
Failed to process relocation: 6570:08b0 (Invalid index: 384240)
Failed to process relocation: 6570:08a8 (Invalid index: 384232)
Failed to process relocation: 6570:089a (Invalid index: 384218)
Failed to process relocation: 6570:0895 (Invalid index: 384213)
Failed to process relocation: 6570:0890 (Invalid index: 384208)
Failed to process relocation: 6570:088b (Invalid index: 384203)
Failed to process relocation: 6570:0883 (Invalid index: 384195)
Failed to process relocation: 6570:087b (Invalid index: 384187)
Failed to process relocation: 6570:0870 (Invalid index: 384176)
Failed to process relocation: 6570:086b (Invalid index: 384171)
Failed to process relocation: 6570:0866 (Invalid index: 384166)
Failed to process relocation: 6570:0861 (Invalid index: 384161)
Failed to process relocation: 6570:0859 (Invalid index: 384153)
Failed to process relocation: 6570:0851 (Invalid index: 384145)
Failed to process relocation: 6570:0d40 (Invalid index: 385408)
Failed to process relocation: 6570:0d1b (Invalid index: 385371)
Failed to process relocation: 6570:0d11 (Invalid index: 385361)
Failed to process relocation: 6570:0d0c (Invalid index: 385356)
Failed to process relocation: 6570:0d04 (Invalid index: 385348)
Failed to process relocation: 6570:0cff (Invalid index: 385343)
Failed to process relocation: 6570:0cf7 (Invalid index: 385335)
Failed to process relocation: 6570:0cef (Invalid index: 385327)
Failed to process relocation: 6570:0ce6 (Invalid index: 385318)
Failed to process relocation: 6570:0cdc (Invalid index: 385308)
Failed to process relocation: 6570:0cd7 (Invalid index: 385303)
Failed to process relocation: 6570:0ccf (Invalid index: 385295)
Failed to process relocation: 6570:0cc7 (Invalid index: 385287)
Failed to process relocation: 6570:0cbf (Invalid index: 385279)
Failed to process relocation: 6570:0cba (Invalid index: 385274)
Failed to process relocation: 6570:0cb2 (Invalid index: 385266)
Failed to process relocation: 6570:0caa (Invalid index: 385258)
Failed to process relocation: 6570:0c8b (Invalid index: 385227)
Failed to process relocation: 6570:0c83 (Invalid index: 385219)
Failed to process relocation: 6570:0c7b (Invalid index: 385211)
Failed to process relocation: 6570:0c71 (Invalid index: 385201)
Failed to process relocation: 6570:0c6c (Invalid index: 385196)
Failed to process relocation: 6570:0c62 (Invalid index: 385186)
Failed to process relocation: 6570:0c5a (Invalid index: 385178)
Failed to process relocation: 6570:0c52 (Invalid index: 385170)
Failed to process relocation: 6570:0c4a (Invalid index: 385162)
Failed to process relocation: 6570:0c40 (Invalid index: 385152)
Failed to process relocation: 6570:0c3b (Invalid index: 385147)
Failed to process relocation: 6570:0c31 (Invalid index: 385137)
Failed to process relocation: 6570:0c1d (Invalid index: 385117)
Failed to process relocation: 6570:0c15 (Invalid index: 385109)
Failed to process relocation: 6570:0c0d (Invalid index: 385101)
Failed to process relocation: 6570:0c08 (Invalid index: 385096)
Failed to process relocation: 6570:0c00 (Invalid index: 385088)
Failed to process relocation: 6570:0bf7 (Invalid index: 385079)
Failed to process relocation: 6570:0bef (Invalid index: 385071)
Failed to process relocation: 6570:0be6 (Invalid index: 385062)
Failed to process relocation: 6570:0bd6 (Invalid index: 385046)
Failed to process relocation: 6570:0bd1 (Invalid index: 385041)
Failed to process relocation: 6570:0bc9 (Invalid index: 385033)
Failed to process relocation: 6570:0bc0 (Invalid index: 385024)
Failed to process relocation: 6570:0bb8 (Invalid index: 385016)
Failed to process relocation: 6570:0baf (Invalid index: 385007)
Failed to process relocation: 6570:0ba7 (Invalid index: 384999)
Failed to process relocation: 6570:0b9e (Invalid index: 384990)
Failed to process relocation: 6570:0b96 (Invalid index: 384982)
Failed to process relocation: 6570:0b8c (Invalid index: 384972)
Failed to process relocation: 6570:0b84 (Invalid index: 384964)
Failed to process relocation: 6570:0b7b (Invalid index: 384955)
Failed to process relocation: 6570:0b73 (Invalid index: 384947)
Failed to process relocation: 6570:0b49 (Invalid index: 384905)
Failed to process relocation: 6570:0b41 (Invalid index: 384897)
Failed to process relocation: 6570:0b37 (Invalid index: 384887)
Failed to process relocation: 6570:0b32 (Invalid index: 384882)
Failed to process relocation: 6570:0b28 (Invalid index: 384872)
Failed to process relocation: 6570:0b20 (Invalid index: 384864)
Failed to process relocation: 6570:0b18 (Invalid index: 384856)
Failed to process relocation: 6570:0b0e (Invalid index: 384846)
Failed to process relocation: 6570:0b09 (Invalid index: 384841)
Failed to process relocation: 6570:0aff (Invalid index: 384831)
Failed to process relocation: 6570:0ac4 (Invalid index: 384772)
Failed to process relocation: 6570:0abc (Invalid index: 384764)
Failed to process relocation: 6570:0ab3 (Invalid index: 384755)
Failed to process relocation: 6570:0a90 (Invalid index: 384720)
Failed to process relocation: 6570:0a88 (Invalid index: 384712)
Failed to process relocation: 6570:0a7f (Invalid index: 384703)
Failed to process relocation: 6570:0a5c (Invalid index: 384668)
Failed to process relocation: 6570:0a54 (Invalid index: 384660)
Failed to process relocation: 6570:0a4f (Invalid index: 384655)
Failed to process relocation: 6570:0a2c (Invalid index: 384620)
Failed to process relocation: 6570:0a24 (Invalid index: 384612)
Failed to process relocation: 6570:0a14 (Invalid index: 384596)
Failed to process relocation: 6570:0a0f (Invalid index: 384591)
Failed to process relocation: 6570:0a0a (Invalid index: 384586)
Failed to process relocation: 6570:0a02 (Invalid index: 384578)
Failed to process relocation: 6570:09f9 (Invalid index: 384569)
Failed to process relocation: 6570:09f4 (Invalid index: 384564)
Failed to process relocation: 6570:09d6 (Invalid index: 384534)
Failed to process relocation: 6570:09cb (Invalid index: 384523)
Failed to process relocation: 6570:1122 (Invalid index: 386402)
Failed to process relocation: 6570:1114 (Invalid index: 386388)
Failed to process relocation: 6570:110f (Invalid index: 386383)
Failed to process relocation: 6570:110a (Invalid index: 386378)
Failed to process relocation: 6570:1102 (Invalid index: 386370)
Failed to process relocation: 6570:10fa (Invalid index: 386362)
Failed to process relocation: 6570:10f2 (Invalid index: 386354)
Failed to process relocation: 6570:10ea (Invalid index: 386346)
Failed to process relocation: 6570:10e5 (Invalid index: 386341)
Failed to process relocation: 6570:10dd (Invalid index: 386333)
Failed to process relocation: 6570:10d5 (Invalid index: 386325)
Failed to process relocation: 6570:10cd (Invalid index: 386317)
Failed to process relocation: 6570:10c5 (Invalid index: 386309)
Failed to process relocation: 6570:10bd (Invalid index: 386301)
Failed to process relocation: 6570:10b8 (Invalid index: 386296)
Failed to process relocation: 6570:10b0 (Invalid index: 386288)
Failed to process relocation: 6570:10a8 (Invalid index: 386280)
Failed to process relocation: 6570:10a3 (Invalid index: 386275)
Failed to process relocation: 6570:109a (Invalid index: 386266)
Failed to process relocation: 6570:1092 (Invalid index: 386258)
Failed to process relocation: 6570:108a (Invalid index: 386250)
Failed to process relocation: 6570:1082 (Invalid index: 386242)
Failed to process relocation: 6570:107a (Invalid index: 386234)
Failed to process relocation: 6570:1075 (Invalid index: 386229)
Failed to process relocation: 6570:105f (Invalid index: 386207)
Failed to process relocation: 6570:105a (Invalid index: 386202)
Failed to process relocation: 6570:1052 (Invalid index: 386194)
Failed to process relocation: 6570:104d (Invalid index: 386189)
Failed to process relocation: 6570:1045 (Invalid index: 386181)
Failed to process relocation: 6570:103d (Invalid index: 386173)
Failed to process relocation: 6570:1034 (Invalid index: 386164)
Failed to process relocation: 6570:102b (Invalid index: 386155)
Failed to process relocation: 6570:1023 (Invalid index: 386147)
Failed to process relocation: 6570:1014 (Invalid index: 386132)
Failed to process relocation: 6570:1005 (Invalid index: 386117)
Failed to process relocation: 6570:0ffd (Invalid index: 386109)
Failed to process relocation: 6570:0ff5 (Invalid index: 386101)
Failed to process relocation: 6570:0fed (Invalid index: 386093)
Failed to process relocation: 6570:0fe5 (Invalid index: 386085)
Failed to process relocation: 6570:0fdd (Invalid index: 386077)
Failed to process relocation: 6570:0fd4 (Invalid index: 386068)
Failed to process relocation: 6570:0fcc (Invalid index: 386060)
Failed to process relocation: 6570:0fc4 (Invalid index: 386052)
Failed to process relocation: 6570:0fba (Invalid index: 386042)
Failed to process relocation: 6570:0fb5 (Invalid index: 386037)
Failed to process relocation: 6570:0fab (Invalid index: 386027)
Failed to process relocation: 6570:0fa6 (Invalid index: 386022)
Failed to process relocation: 6570:0f99 (Invalid index: 386009)
Failed to process relocation: 6570:0f94 (Invalid index: 386004)
Failed to process relocation: 6570:0f8f (Invalid index: 385999)
Failed to process relocation: 6570:0f87 (Invalid index: 385991)
Failed to process relocation: 6570:0f82 (Invalid index: 385986)
Failed to process relocation: 6570:0f7a (Invalid index: 385978)
Failed to process relocation: 6570:0f72 (Invalid index: 385970)
Failed to process relocation: 6570:0f6a (Invalid index: 385962)
Failed to process relocation: 6570:0f62 (Invalid index: 385954)
Failed to process relocation: 6570:0f59 (Invalid index: 385945)
Failed to process relocation: 6570:0f50 (Invalid index: 385936)
Failed to process relocation: 6570:0f47 (Invalid index: 385927)
Failed to process relocation: 6570:0f3f (Invalid index: 385919)
Failed to process relocation: 6570:0f37 (Invalid index: 385911)
Failed to process relocation: 6570:0f2f (Invalid index: 385903)
Failed to process relocation: 6570:0e9f (Invalid index: 385759)
Failed to process relocation: 6570:0e7a (Invalid index: 385722)
Failed to process relocation: 6570:0e70 (Invalid index: 385712)
Failed to process relocation: 6570:0e6b (Invalid index: 385707)
Failed to process relocation: 6570:0e63 (Invalid index: 385699)
Failed to process relocation: 6570:0e5e (Invalid index: 385694)
Failed to process relocation: 6570:0e56 (Invalid index: 385686)
Failed to process relocation: 6570:0e4e (Invalid index: 385678)
Failed to process relocation: 6570:0e45 (Invalid index: 385669)
Failed to process relocation: 6570:0e3b (Invalid index: 385659)
Failed to process relocation: 6570:0e36 (Invalid index: 385654)
Failed to process relocation: 6570:0e2e (Invalid index: 385646)
Failed to process relocation: 6570:0e26 (Invalid index: 385638)
Failed to process relocation: 6570:0e1e (Invalid index: 385630)
Failed to process relocation: 6570:0e19 (Invalid index: 385625)
Failed to process relocation: 6570:0e11 (Invalid index: 385617)
Failed to process relocation: 6570:0e09 (Invalid index: 385609)
Failed to process relocation: 6570:0df5 (Invalid index: 385589)
Failed to process relocation: 6570:0df0 (Invalid index: 385584)
Failed to process relocation: 6570:0de8 (Invalid index: 385576)
Failed to process relocation: 6570:0ddb (Invalid index: 385563)
Failed to process relocation: 6570:0dd6 (Invalid index: 385558)
Failed to process relocation: 6570:0dce (Invalid index: 385550)
Failed to process relocation: 6570:0dc6 (Invalid index: 385542)
Failed to process relocation: 6570:0dbe (Invalid index: 385534)
Failed to process relocation: 6570:14ae (Invalid index: 387310)
Failed to process relocation: 6570:14a1 (Invalid index: 387297)
Failed to process relocation: 6570:1492 (Invalid index: 387282)
Failed to process relocation: 6570:148d (Invalid index: 387277)
Failed to process relocation: 6570:1483 (Invalid index: 387267)
Failed to process relocation: 6570:147e (Invalid index: 387262)
Failed to process relocation: 6570:1475 (Invalid index: 387253)
Failed to process relocation: 6570:146b (Invalid index: 387243)
Failed to process relocation: 6570:1466 (Invalid index: 387238)
Failed to process relocation: 6570:145d (Invalid index: 387229)
Failed to process relocation: 6570:1453 (Invalid index: 387219)
Failed to process relocation: 6570:144e (Invalid index: 387214)
Failed to process relocation: 6570:1445 (Invalid index: 387205)
Failed to process relocation: 6570:143b (Invalid index: 387195)
Failed to process relocation: 6570:1436 (Invalid index: 387190)
Failed to process relocation: 6570:142d (Invalid index: 387181)
Failed to process relocation: 6570:1423 (Invalid index: 387171)
Failed to process relocation: 6570:141e (Invalid index: 387166)
Failed to process relocation: 6570:1415 (Invalid index: 387157)
Failed to process relocation: 6570:140b (Invalid index: 387147)
Failed to process relocation: 6570:1406 (Invalid index: 387142)
Failed to process relocation: 6570:13fd (Invalid index: 387133)
Failed to process relocation: 6570:13f3 (Invalid index: 387123)
Failed to process relocation: 6570:13ee (Invalid index: 387118)
Failed to process relocation: 6570:13e5 (Invalid index: 387109)
Failed to process relocation: 6570:13db (Invalid index: 387099)
Failed to process relocation: 6570:13d6 (Invalid index: 387094)
Failed to process relocation: 6570:13c8 (Invalid index: 387080)
Failed to process relocation: 6570:1393 (Invalid index: 387027)
Failed to process relocation: 6570:138e (Invalid index: 387022)
Failed to process relocation: 6570:1366 (Invalid index: 386982)
Failed to process relocation: 6570:134c (Invalid index: 386956)
Failed to process relocation: 6570:1318 (Invalid index: 386904)
Failed to process relocation: 6570:12e4 (Invalid index: 386852)
Failed to process relocation: 6570:129e (Invalid index: 386782)
Failed to process relocation: 6570:125f (Invalid index: 386719)
Failed to process relocation: 6570:1227 (Invalid index: 386663)
Failed to process relocation: 6570:11fc (Invalid index: 386620)
Failed to process relocation: 6570:11cf (Invalid index: 386575)
Failed to process relocation: 6570:11ca (Invalid index: 386570)
Failed to process relocation: 6570:11c2 (Invalid index: 386562)
Failed to process relocation: 6570:11b5 (Invalid index: 386549)
Failed to process relocation: 6570:11b0 (Invalid index: 386544)
Failed to process relocation: 6570:11a8 (Invalid index: 386536)
Failed to process relocation: 6570:11a0 (Invalid index: 386528)
Failed to process relocation: 6570:1198 (Invalid index: 386520)
Failed to process relocation: 6570:1190 (Invalid index: 386512)
Failed to process relocation: 6570:1187 (Invalid index: 386503)
Failed to process relocation: 6570:117f (Invalid index: 386495)
Failed to process relocation: 6570:1175 (Invalid index: 386485)
Failed to process relocation: 6570:1170 (Invalid index: 386480)
Failed to process relocation: 6570:1166 (Invalid index: 386470)
Failed to process relocation: 6570:1161 (Invalid index: 386465)
Failed to process relocation: 6570:1154 (Invalid index: 386452)
Failed to process relocation: 6570:114f (Invalid index: 386447)
Failed to process relocation: 6570:1147 (Invalid index: 386439)
Failed to process relocation: 6570:1142 (Invalid index: 386434)
Failed to process relocation: 6570:113a (Invalid index: 386426)
Failed to process relocation: 6570:1132 (Invalid index: 386418)
Failed to process relocation: 6570:112a (Invalid index: 386410)
Failed to process relocation: 6570:1881 (Invalid index: 388289)
Failed to process relocation: 6570:1878 (Invalid index: 388280)
Failed to process relocation: 6570:1870 (Invalid index: 388272)
Failed to process relocation: 6570:1868 (Invalid index: 388264)
Failed to process relocation: 6570:185f (Invalid index: 388255)
Failed to process relocation: 6570:1857 (Invalid index: 388247)
Failed to process relocation: 6570:184f (Invalid index: 388239)
Failed to process relocation: 6570:1846 (Invalid index: 388230)
Failed to process relocation: 6570:183e (Invalid index: 388222)
Failed to process relocation: 6570:1836 (Invalid index: 388214)
Failed to process relocation: 6570:182d (Invalid index: 388205)
Failed to process relocation: 6570:1825 (Invalid index: 388197)
Failed to process relocation: 6570:181c (Invalid index: 388188)
Failed to process relocation: 6570:1813 (Invalid index: 388179)
Failed to process relocation: 6570:180b (Invalid index: 388171)
Failed to process relocation: 6570:1802 (Invalid index: 388162)
Failed to process relocation: 6570:17f6 (Invalid index: 388150)
Failed to process relocation: 6570:17bf (Invalid index: 388095)
Failed to process relocation: 6570:171f (Invalid index: 387935)
Failed to process relocation: 6570:1706 (Invalid index: 387910)
Failed to process relocation: 6570:1701 (Invalid index: 387905)
Failed to process relocation: 6570:16fc (Invalid index: 387900)
Failed to process relocation: 6570:16eb (Invalid index: 387883)
Failed to process relocation: 6570:16d2 (Invalid index: 387858)
Failed to process relocation: 6570:16cd (Invalid index: 387853)
Failed to process relocation: 6570:16c8 (Invalid index: 387848)
Failed to process relocation: 6570:16b7 (Invalid index: 387831)
Failed to process relocation: 6570:16ac (Invalid index: 387820)
Failed to process relocation: 6570:16a4 (Invalid index: 387812)
Failed to process relocation: 6570:1699 (Invalid index: 387801)
Failed to process relocation: 6570:1689 (Invalid index: 387785)
Failed to process relocation: 6570:167e (Invalid index: 387774)
Failed to process relocation: 6570:1676 (Invalid index: 387766)
Failed to process relocation: 6570:166b (Invalid index: 387755)
Failed to process relocation: 6570:1660 (Invalid index: 387744)
Failed to process relocation: 6570:161f (Invalid index: 387679)
Failed to process relocation: 6570:1614 (Invalid index: 387668)
Failed to process relocation: 6570:160c (Invalid index: 387660)
Failed to process relocation: 6570:1604 (Invalid index: 387652)
Failed to process relocation: 6570:15f9 (Invalid index: 387641)
Failed to process relocation: 6570:15f1 (Invalid index: 387633)
Failed to process relocation: 6570:15e1 (Invalid index: 387617)
Failed to process relocation: 6570:15d6 (Invalid index: 387606)
Failed to process relocation: 6570:15ce (Invalid index: 387598)
Failed to process relocation: 6570:15c6 (Invalid index: 387590)
Failed to process relocation: 6570:15bb (Invalid index: 387579)
Failed to process relocation: 6570:15b3 (Invalid index: 387571)
Failed to process relocation: 6570:15a3 (Invalid index: 387555)
Failed to process relocation: 6570:1598 (Invalid index: 387544)
Failed to process relocation: 6570:1590 (Invalid index: 387536)
Failed to process relocation: 6570:1588 (Invalid index: 387528)
Failed to process relocation: 6570:157d (Invalid index: 387517)
Failed to process relocation: 6570:1575 (Invalid index: 387509)
Failed to process relocation: 6570:1566 (Invalid index: 387494)
Failed to process relocation: 6570:155e (Invalid index: 387486)
Failed to process relocation: 6570:1556 (Invalid index: 387478)
Failed to process relocation: 6570:154e (Invalid index: 387470)
Failed to process relocation: 6570:1546 (Invalid index: 387462)
Failed to process relocation: 6570:153e (Invalid index: 387454)
Failed to process relocation: 6570:1536 (Invalid index: 387446)
Failed to process relocation: 6570:152e (Invalid index: 387438)
Failed to process relocation: 6570:1525 (Invalid index: 387429)
Failed to process relocation: 6570:151d (Invalid index: 387421)
Failed to process relocation: 6570:1514 (Invalid index: 387412)
Failed to process relocation: 6570:14fe (Invalid index: 387390)
Failed to process relocation: 6570:14f6 (Invalid index: 387382)
Failed to process relocation: 6570:14ed (Invalid index: 387373)
Failed to process relocation: 6570:14e8 (Invalid index: 387368)
Failed to process relocation: 6570:14e0 (Invalid index: 387360)
Failed to process relocation: 6570:1c26 (Invalid index: 389222)
Failed to process relocation: 6570:1c09 (Invalid index: 389193)
Failed to process relocation: 6570:1be5 (Invalid index: 389157)
Failed to process relocation: 6570:1be0 (Invalid index: 389152)
Failed to process relocation: 6570:1bd6 (Invalid index: 389142)
Failed to process relocation: 6570:1bd1 (Invalid index: 389137)
Failed to process relocation: 6570:1bc9 (Invalid index: 389129)
Failed to process relocation: 6570:1bbf (Invalid index: 389119)
Failed to process relocation: 6570:1bba (Invalid index: 389114)
Failed to process relocation: 6570:1b5d (Invalid index: 389021)
Failed to process relocation: 6570:1ad7 (Invalid index: 388887)
Failed to process relocation: 6570:1a91 (Invalid index: 388817)
Failed to process relocation: 6570:1a81 (Invalid index: 388801)
Failed to process relocation: 6570:1999 (Invalid index: 388569)
Failed to process relocation: 6570:1990 (Invalid index: 388560)
Failed to process relocation: 6570:198b (Invalid index: 388555)
Failed to process relocation: 6570:1986 (Invalid index: 388550)
Failed to process relocation: 6570:197e (Invalid index: 388542)
Failed to process relocation: 6570:1976 (Invalid index: 388534)
Failed to process relocation: 6570:1971 (Invalid index: 388529)
Failed to process relocation: 6570:1968 (Invalid index: 388520)
Failed to process relocation: 6570:1960 (Invalid index: 388512)
Failed to process relocation: 6570:1957 (Invalid index: 388503)
Failed to process relocation: 6570:1952 (Invalid index: 388498)
Failed to process relocation: 6570:194d (Invalid index: 388493)
Failed to process relocation: 6570:1944 (Invalid index: 388484)
Failed to process relocation: 6570:193b (Invalid index: 388475)
Failed to process relocation: 6570:1936 (Invalid index: 388470)
Failed to process relocation: 6570:192e (Invalid index: 388462)
Failed to process relocation: 6570:1926 (Invalid index: 388454)
Failed to process relocation: 6570:191d (Invalid index: 388445)
Failed to process relocation: 6570:1918 (Invalid index: 388440)
Failed to process relocation: 6570:1913 (Invalid index: 388435)
Failed to process relocation: 6570:190a (Invalid index: 388426)
Failed to process relocation: 6570:1902 (Invalid index: 388418)
Failed to process relocation: 6570:18fd (Invalid index: 388413)
Failed to process relocation: 6570:18f5 (Invalid index: 388405)
Failed to process relocation: 6570:18ed (Invalid index: 388397)
Failed to process relocation: 6570:18e4 (Invalid index: 388388)
Failed to process relocation: 6570:18df (Invalid index: 388383)
Failed to process relocation: 6570:18da (Invalid index: 388378)
Failed to process relocation: 6570:18d1 (Invalid index: 388369)
Failed to process relocation: 6570:18c8 (Invalid index: 388360)
Failed to process relocation: 6570:18bf (Invalid index: 388351)
Failed to process relocation: 6570:18ba (Invalid index: 388346)
Failed to process relocation: 6570:18b2 (Invalid index: 388338)
Failed to process relocation: 6570:18aa (Invalid index: 388330)
Failed to process relocation: 6570:18a2 (Invalid index: 388322)
Failed to process relocation: 6570:189a (Invalid index: 388314)
Failed to process relocation: 6570:1891 (Invalid index: 388305)
Failed to process relocation: 6570:1889 (Invalid index: 388297)
Failed to process relocation: 6570:1fa2 (Invalid index: 390114)
Failed to process relocation: 6570:1ee5 (Invalid index: 389925)
Failed to process relocation: 6570:1ee0 (Invalid index: 389920)
Failed to process relocation: 6570:1ed6 (Invalid index: 389910)
Failed to process relocation: 6570:1ed1 (Invalid index: 389905)
Failed to process relocation: 6570:1ec9 (Invalid index: 389897)
Failed to process relocation: 6570:1ebf (Invalid index: 389887)
Failed to process relocation: 6570:1eba (Invalid index: 389882)
Failed to process relocation: 6570:1eab (Invalid index: 389867)
Failed to process relocation: 6570:1ea6 (Invalid index: 389862)
Failed to process relocation: 6570:1e9c (Invalid index: 389852)
Failed to process relocation: 6570:1e97 (Invalid index: 389847)
Failed to process relocation: 6570:1e8f (Invalid index: 389839)
Failed to process relocation: 6570:1e85 (Invalid index: 389829)
Failed to process relocation: 6570:1e80 (Invalid index: 389824)
Failed to process relocation: 6570:1ded (Invalid index: 389677)
Failed to process relocation: 6570:1ce3 (Invalid index: 389411)
Failed to process relocation: 6570:1c9b (Invalid index: 389339)
Failed to process relocation: 6570:1c87 (Invalid index: 389319)
Failed to process relocation: 6570:22d3 (Invalid index: 390931)
Failed to process relocation: 6570:22ca (Invalid index: 390922)
Failed to process relocation: 6570:22c2 (Invalid index: 390914)
Failed to process relocation: 6570:22ba (Invalid index: 390906)
Failed to process relocation: 6570:22b1 (Invalid index: 390897)
Failed to process relocation: 6570:22a9 (Invalid index: 390889)
Failed to process relocation: 6570:228e (Invalid index: 390862)
Failed to process relocation: 6570:21c2 (Invalid index: 390658)
Failed to process relocation: 6570:21b9 (Invalid index: 390649)
Failed to process relocation: 6570:21b1 (Invalid index: 390641)
 (ProgramLoader)  
INFO  IMPORTING: Loaded 0 additional files (HeadlessAnalyzer)  
INFO  REPORT: Execute script: MarkOverlayThunks 'pre' '3ab8'  (HeadlessAnalyzer)  
INFO  SCRIPT: C:\prog\jwcad\ghidra_scripts\MarkOverlayThunks.java (HeadlessAnalyzer)  
INFO  MarkOverlayThunks.java> cd 3f sites: 97 (GhidraScript)  
INFO  MarkOverlayThunks.java> overlay trap operands marked as data: 97 of 97 (GhidraScript)  
INFO  ANALYZING all memory and code: file:///C:/prog/jwcad/ovl/jw05.exe (HeadlessAnalyzer)  
ERROR Failed to create function at 28b3:0f86 since its body contains referring thunk at 28b3:0ee9 (CreateFunctionCmd)  
WARN  Decompiling 1000:0a81, pcode error at 1000:0a6f: Unable to resolve constructor at 1000:0a6f (DecompileCallback)  
WARN  Decompiling 1000:0a81, pcode error at 1000:0a4b: Unable to resolve constructor at 1000:0a4b (DecompileCallback)  
WARN  Decompiling 1000:0a81, pcode error at 1000:0818: Unable to resolve constructor at 1000:0818 (DecompileCallback)  
WARN  Decompiling 32b2:1528: Unable to read bytes at ram:0000:7be2 (DecompileCallback)  
WARN  Decompiling 12c1:097e, pcode error at 1000:5097: Unable to resolve constructor at 1000:5097 (DecompileCallback)  
WARN  Decompiling 32b2:0d40, pcode error at 3000:5054: Unable to resolve constructor at 3000:5054 (DecompileCallback)  
WARN  Decompiling 21f2:246e, pcode error at 2000:3158: Unable to resolve constructor at 2000:3158 (DecompileCallback)  
WARN  Decompiling 21f2:246e, pcode error at 2000:7191: Unable to resolve constructor at 2000:7191 (DecompileCallback)  
INFO  Packed database cache: C:\Users\yomei\AppData\Local\ghidra\packed-db-cache (PackedDatabaseCache)  
INFO  Applied data type archive: generic_clib (ApplyDataArchiveAnalyzer)  
INFO  -----------------------------------------------------
    ASCII Strings                              0.379 secs
    Apply Data Archives                        0.652 secs
    Call Convention ID                         0.004 secs
    Call-Fixup Installer                       0.023 secs
    Create Function                            0.616 secs
    Data Reference                             0.037 secs
    Decompiler Switch Analysis                30.311 secs
    Demangler GNU                              0.044 secs
    Disassemble                                2.779 secs
    Disassemble Entry Points                   0.212 secs
    Embedded Media                             0.022 secs
    External Entry References                  0.000 secs
    Function ID                                0.129 secs
    Function Start Search                      0.029 secs
    Non-Returning Functions - Discovered       0.733 secs
    Reference                                  0.047 secs
    Segmented X86 Calling Conventions          0.002 secs
    Shared Return Calls                        0.259 secs
    Stack                                      2.989 secs
    Subroutine References                      0.151 secs
    Subroutine References - One Time           0.000 secs
    X86 Function Callee Purge                  0.152 secs
    x86 Constant Reference Analyzer            2.067 secs
-----------------------------------------------------
     Total Time   41 secs
-----------------------------------------------------
 (AutoAnalysisManager)  
INFO  REPORT: Analysis succeeded for file: file:///C:/prog/jwcad/ovl/jw05.exe (HeadlessAnalyzer)  
INFO  REPORT: Execute script: MarkOverlayThunks 'post' '3ab8' 'C:\prog\jwcad\entries\05.txt' '5'  (HeadlessAnalyzer)  
INFO  SCRIPT: C:\prog\jwcad\ghidra_scripts\MarkOverlayThunks.java (HeadlessAnalyzer)  
INFO  MarkOverlayThunks.java> cd 3f sites: 97 (GhidraScript)  
INFO  MarkOverlayThunks.java> overlay traps given a fall-through: 97, references added: 0 (GhidraScript)  
INFO  MarkOverlayThunks.java> overlay entry points seeded: 3 (GhidraScript)  
INFO  REPORT: Execute script: DecompileAll 'C:\prog\jwcad\out\ovl05' '3ab8' '4375'  (HeadlessAnalyzer)  
INFO  SCRIPT: C:\prog\jwcad\ghidra_scripts\DecompileAll.java (HeadlessAnalyzer)  
WARN  Decompiling 3ab8:51bd, pcode error at 4000:d7de: Unable to resolve constructor at 4000:d7de (DecompileCallback)  
WARN  Decompiling 3ab8:51bd, pcode error at 4000:d81e: Unable to resolve constructor at 4000:d81e (DecompileCallback)  
WARN  Decompiling 3ab8:51bd, pcode error at 4000:db0c: Unable to resolve constructor at 4000:db0c (DecompileCallback)  
WARN  Decompiling 3ab8:51bd, pcode error at 4000:d99a: Unable to resolve constructor at 4000:d99a (DecompileCallback)  
WARN  Decompiling 3ab8:51bd, pcode error at 4000:d860: Unable to resolve constructor at 4000:d860 (DecompileCallback)  
INFO  DecompileAll.java> decompiled 19 functions, 0 failed (GhidraScript)  
INFO  ANALYZING changes made by post scripts: file:///C:/prog/jwcad/ovl/jw05.exe (HeadlessAnalyzer)  
INFO  REPORT: Post-analysis succeeded for file: file:///C:/prog/jwcad/ovl/jw05.exe (HeadlessAnalyzer)  
INFO  /jw05.exe: file created (yomei) (LocalFileSystem)  
INFO  REPORT: Save succeeded for: /jw05.exe (ovl05:/jw05.exe) (HeadlessAnalyzer)  
INFO  REPORT: Import succeeded (HeadlessAnalyzer)  
