INFO  Using log config file: jar:file:/C:/prog/ghidra/ghidra_12.1.3_PUBLIC/Ghidra/Framework/Generic/lib/Generic.jar!/generic.log4j.xml (LoggingInitialization)  
INFO  Using log file: C:\Users\yomei\AppData\Roaming\ghidra\ghidra_12.1.3_PUBLIC\application.log (LoggingInitialization)  
INFO  Loading user preferences: C:\Users\yomei\AppData\Roaming\ghidra\ghidra_12.1.3_PUBLIC\preferences (Preferences)  
INFO  Searching for classes... (ClassSearcher)  
INFO  Class search complete (1013 ms) (ClassSearcher)  
INFO  Initializing SSL Context (DefaultSSLContextInitializer)  
INFO  Initializing Random Number Generator... (SecureRandomFactory)  
INFO  Random Number Generator initialization complete: SHA1PRNG (SecureRandomFactory)  
INFO  Trust manager disabled, cacerts have not been set (DefaultTrustManagerFactory)  
INFO  Headless startup complete (10113 ms) (AnalyzeHeadless)  
INFO  Class searcher loaded 59 extension points (20 false positives) (ClassSearcher)  
INFO  HEADLESS Script Paths:
    C:\prog\ghidra\ghidra_12.1.3_PUBLIC\Ghidra\Debug\Debugger-rmi-trace\ghidra_scripts
    C:\prog\ghidra\ghidra_12.1.3_PUBLIC\Ghidra\Features\FileFormats\ghidra_scripts
    C:\prog\ghidra\ghidra_12.1.3_PUBLIC\Ghidra\Features\GnuDemangler\ghidra_scripts
    C:\prog\ghidra\ghidra_12.1.3_PUBLIC\Ghidra\Features\VersionTracking\ghidra_scripts
    C:\prog\ghidra\ghidra_12.1.3_PUBLIC\Ghidra\Debug\Debugger\ghidra_scripts
    C:\prog\ghidra\ghidra_12.1.3_PUBLIC\Ghidra\Processors\8051\ghidra_scripts
    C:\prog\ghidra\ghidra_12.1.3_PUBLIC\Ghidra\Features\BSim\ghidra_scripts
    C:\prog\ghidra\ghidra_12.1.3_PUBLIC\Ghidra\Features\WildcardAssembler\ghidra_scripts
    C:\prog\ghidra\ghidra_12.1.3_PUBLIC\Ghidra\Features\FunctionID\ghidra_scripts
    C:\prog\ghidra\ghidra_12.1.3_PUBLIC\Ghidra\Features\SystemEmulation\ghidra_scripts
    C:\prog\ghidra\ghidra_12.1.3_PUBLIC\Ghidra\Processors\PIC\ghidra_scripts
    C:\prog\ghidra\ghidra_12.1.3_PUBLIC\Ghidra\Features\PDB\ghidra_scripts
    C:\prog\ghidra\ghidra_12.1.3_PUBLIC\Ghidra\Features\DecompilerDependent\ghidra_scripts
    C:\prog\ghidra\ghidra_12.1.3_PUBLIC\Ghidra\Features\SwiftDemangler\ghidra_scripts
    C:\prog\ghidra\ghidra_12.1.3_PUBLIC\Ghidra\Features\MicrosoftCodeAnalyzer\ghidra_scripts
    C:\prog\ghidra\ghidra_12.1.3_PUBLIC\Ghidra\Processors\DATA\ghidra_scripts
    C:\prog\ghidra\ghidra_12.1.3_PUBLIC\Ghidra\Features\Decompiler\ghidra_scripts
    C:\prog\ghidra\ghidra_12.1.3_PUBLIC\Ghidra\Features\BytePatterns\ghidra_scripts
    C:\prog\ghidra\ghidra_12.1.3_PUBLIC\Ghidra\Features\PyGhidra\ghidra_scripts
    C:\prog\ghidra\ghidra_12.1.3_PUBLIC\Ghidra\Processors\Atmel\ghidra_scripts
    C:\prog\ghidra\ghidra_12.1.3_PUBLIC\Ghidra\Features\Base\ghidra_scripts
    C:\prog\jwcad\ghidra_scripts
    C:\prog\ghidra\ghidra_12.1.3_PUBLIC\Ghidra\Processors\JVM\ghidra_scripts (HeadlessAnalyzer)  
INFO  HEADLESS: execution starts (HeadlessAnalyzer)  
INFO  Creating temporary project: C:\prog\jwcad\proj\ovl36 (HeadlessAnalyzer)  
INFO  Creating project: C:\prog\jwcad\proj\ovl36 (DefaultProject)  
INFO  REPORT: Processing input files:  (HeadlessAnalyzer)  
INFO       project: C:\prog\jwcad\proj\ovl36 (HeadlessAnalyzer)  
INFO  IMPORTING: file:///C:/prog/jwcad/ovl/jw36.exe (HeadlessAnalyzer)  
INFO  Using Loader: Old-style DOS Executable (MZ) (ProgramLoader)  
INFO  Using Language/Compiler: x86:LE:16:Real Mode:default (ProgramLoader)  
INFO  Using Library Search Path: [., C:\Windows\SysWOW64, C:\prog\ghidra\jdk21\bin, C:\Windows\Sun\Java\bin, C:\Windows\system32, C:\Windows, C:\Program Files\Python312\Scripts\, C:\Program Files\Python312\, C:\Windows\System32\Wbem, C:\Windows\System32\WindowsPowerShell\v1.0\, C:\Windows\System32\OpenSSH\, C:\Program Files\Amazon\AWSCLIV2\, C:\ProgramData\chocolatey\bin, C:\ffmpeg, C:\Users\yomei\AppData\Local\Microsoft\WindowsApps] (ProgramLoader)  
INFO  Additional info:
There were too many messages to display.
610 messages have been truncated.

Loading file:///C:/prog/jwcad/ovl/jw36.exe?MD5=2d5cd1604af938dbc673d77c41b21fe7...
Failed to process relocation: 6570:03a3 (Invalid index: 383427)
Failed to process relocation: 6570:037f (Invalid index: 383391)
Failed to process relocation: 6570:0365 (Invalid index: 383365)
Failed to process relocation: 6570:033f (Invalid index: 383327)
Failed to process relocation: 6570:0327 (Invalid index: 383303)
Failed to process relocation: 6570:0194 (Invalid index: 382900)
Failed to process relocation: 6570:0177 (Invalid index: 382871)
Failed to process relocation: 6570:0163 (Invalid index: 382851)
Failed to process relocation: 6570:015c (Invalid index: 382844)
Failed to process relocation: 6570:00ac (Invalid index: 382668)
Failed to process relocation: 6570:00a0 (Invalid index: 382656)
Failed to process relocation: 6570:0077 (Invalid index: 382615)
Failed to process relocation: 6570:0058 (Invalid index: 382584)
Failed to process relocation: 6570:0033 (Invalid index: 382547)
Failed to process relocation: 6570:0009 (Invalid index: 382505)
Failed to process relocation: 6570:075d (Invalid index: 384381)
Failed to process relocation: 6570:0756 (Invalid index: 384374)
Failed to process relocation: 6570:074e (Invalid index: 384366)
Failed to process relocation: 6570:0746 (Invalid index: 384358)
Failed to process relocation: 6570:073b (Invalid index: 384347)
Failed to process relocation: 6570:0734 (Invalid index: 384340)
Failed to process relocation: 6570:072c (Invalid index: 384332)
Failed to process relocation: 6570:0724 (Invalid index: 384324)
Failed to process relocation: 6570:06e9 (Invalid index: 384265)
Failed to process relocation: 6570:06e1 (Invalid index: 384257)
Failed to process relocation: 6570:06d9 (Invalid index: 384249)
Failed to process relocation: 6570:06d1 (Invalid index: 384241)
Failed to process relocation: 6570:06c9 (Invalid index: 384233)
Failed to process relocation: 6570:06c1 (Invalid index: 384225)
Failed to process relocation: 6570:06b9 (Invalid index: 384217)
Failed to process relocation: 6570:06b1 (Invalid index: 384209)
Failed to process relocation: 6570:06a9 (Invalid index: 384201)
Failed to process relocation: 6570:0690 (Invalid index: 384176)
Failed to process relocation: 6570:0661 (Invalid index: 384129)
Failed to process relocation: 6570:0659 (Invalid index: 384121)
Failed to process relocation: 6570:0651 (Invalid index: 384113)
Failed to process relocation: 6570:064c (Invalid index: 384108)
Failed to process relocation: 6570:0644 (Invalid index: 384100)
Failed to process relocation: 6570:063c (Invalid index: 384092)
Failed to process relocation: 6570:0634 (Invalid index: 384084)
Failed to process relocation: 6570:062c (Invalid index: 384076)
Failed to process relocation: 6570:0624 (Invalid index: 384068)
Failed to process relocation: 6570:061c (Invalid index: 384060)
Failed to process relocation: 6570:0614 (Invalid index: 384052)
Failed to process relocation: 6570:060f (Invalid index: 384047)
Failed to process relocation: 6570:0607 (Invalid index: 384039)
Failed to process relocation: 6570:05ff (Invalid index: 384031)
Failed to process relocation: 6570:05f7 (Invalid index: 384023)
Failed to process relocation: 6570:05ef (Invalid index: 384015)
Failed to process relocation: 6570:05e7 (Invalid index: 384007)
Failed to process relocation: 6570:05df (Invalid index: 383999)
Failed to process relocation: 6570:05d7 (Invalid index: 383991)
Failed to process relocation: 6570:05cf (Invalid index: 383983)
Failed to process relocation: 6570:05c7 (Invalid index: 383975)
Failed to process relocation: 6570:05bf (Invalid index: 383967)
Failed to process relocation: 6570:05b7 (Invalid index: 383959)
Failed to process relocation: 6570:059e (Invalid index: 383934)
Failed to process relocation: 6570:0578 (Invalid index: 383896)
Failed to process relocation: 6570:056d (Invalid index: 383885)
Failed to process relocation: 6570:0567 (Invalid index: 383879)
Failed to process relocation: 6570:055e (Invalid index: 383870)
Failed to process relocation: 6570:0556 (Invalid index: 383862)
Failed to process relocation: 6570:054e (Invalid index: 383854)
Failed to process relocation: 6570:0546 (Invalid index: 383846)
Failed to process relocation: 6570:053e (Invalid index: 383838)
Failed to process relocation: 6570:0536 (Invalid index: 383830)
Failed to process relocation: 6570:052e (Invalid index: 383822)
Failed to process relocation: 6570:0526 (Invalid index: 383814)
Failed to process relocation: 6570:051e (Invalid index: 383806)
Failed to process relocation: 6570:0504 (Invalid index: 383780)
Failed to process relocation: 6570:04b9 (Invalid index: 383705)
Failed to process relocation: 6570:04aa (Invalid index: 383690)
Failed to process relocation: 6570:04a2 (Invalid index: 383682)
Failed to process relocation: 6570:049a (Invalid index: 383674)
Failed to process relocation: 6570:0492 (Invalid index: 383666)
Failed to process relocation: 6570:048a (Invalid index: 383658)
Failed to process relocation: 6570:0482 (Invalid index: 383650)
Failed to process relocation: 6570:047a (Invalid index: 383642)
Failed to process relocation: 6570:0472 (Invalid index: 383634)
Failed to process relocation: 6570:046a (Invalid index: 383626)
Failed to process relocation: 6570:0462 (Invalid index: 383618)
Failed to process relocation: 6570:045a (Invalid index: 383610)
Failed to process relocation: 6570:0452 (Invalid index: 383602)
Failed to process relocation: 6570:044a (Invalid index: 383594)
Failed to process relocation: 6570:0442 (Invalid index: 383586)
Failed to process relocation: 6570:043a (Invalid index: 383578)
Failed to process relocation: 6570:0432 (Invalid index: 383570)
Failed to process relocation: 6570:0418 (Invalid index: 383544)
Failed to process relocation: 6570:03e1 (Invalid index: 383489)
Failed to process relocation: 6570:03bc (Invalid index: 383452)
Failed to process relocation: 6570:08ed (Invalid index: 384781)
Failed to process relocation: 6570:08e2 (Invalid index: 384770)
Failed to process relocation: 6570:08b2 (Invalid index: 384722)
Failed to process relocation: 6570:08a3 (Invalid index: 384707)
Failed to process relocation: 6570:0886 (Invalid index: 384678)
Failed to process relocation: 6570:082d (Invalid index: 384589)
Failed to process relocation: 6570:0800 (Invalid index: 384544)
Failed to process relocation: 6570:07ed (Invalid index: 384525)
Failed to process relocation: 6570:07b1 (Invalid index: 384465)
Failed to process relocation: 6570:077a (Invalid index: 384410)
Failed to process relocation: 6570:0ab0 (Invalid index: 385232)
Failed to process relocation: 6570:0a9f (Invalid index: 385215)
Failed to process relocation: 6570:0a9a (Invalid index: 385210)
Failed to process relocation: 6570:0a90 (Invalid index: 385200)
Failed to process relocation: 6570:0a8b (Invalid index: 385195)
Failed to process relocation: 6570:0a83 (Invalid index: 385187)
Failed to process relocation: 6570:0a79 (Invalid index: 385177)
Failed to process relocation: 6570:0a74 (Invalid index: 385172)
Failed to process relocation: 6570:0a1e (Invalid index: 385086)
Failed to process relocation: 6570:0a19 (Invalid index: 385081)
Failed to process relocation: 6570:0a09 (Invalid index: 385065)
Failed to process relocation: 6570:09fc (Invalid index: 385052)
Failed to process relocation: 6570:09f7 (Invalid index: 385047)
Failed to process relocation: 6570:09e7 (Invalid index: 385031)
Failed to process relocation: 6570:09da (Invalid index: 385018)
Failed to process relocation: 6570:09d5 (Invalid index: 385013)
Failed to process relocation: 6570:09cd (Invalid index: 385005)
Failed to process relocation: 6570:09b8 (Invalid index: 384984)
Failed to process relocation: 6570:09b3 (Invalid index: 384979)
Failed to process relocation: 6570:09ab (Invalid index: 384971)
Failed to process relocation: 6570:09a6 (Invalid index: 384966)
Failed to process relocation: 6570:099d (Invalid index: 384957)
Failed to process relocation: 6570:0994 (Invalid index: 384948)
Failed to process relocation: 6570:098b (Invalid index: 384939)
Failed to process relocation: 6570:0983 (Invalid index: 384931)
Failed to process relocation: 6570:0973 (Invalid index: 384915)
Failed to process relocation: 6570:096b (Invalid index: 384907)
Failed to process relocation: 6570:0966 (Invalid index: 384902)
Failed to process relocation: 6570:095d (Invalid index: 384893)
Failed to process relocation: 6570:0954 (Invalid index: 384884)
Failed to process relocation: 6570:094b (Invalid index: 384875)
Failed to process relocation: 6570:0943 (Invalid index: 384867)
Failed to process relocation: 6570:0e61 (Invalid index: 386177)
Failed to process relocation: 6570:0e08 (Invalid index: 386088)
Failed to process relocation: 6570:0deb (Invalid index: 386059)
Failed to process relocation: 6570:0db1 (Invalid index: 386001)
Failed to process relocation: 6570:0d86 (Invalid index: 385958)
Failed to process relocation: 6570:0d59 (Invalid index: 385913)
Failed to process relocation: 6570:0d43 (Invalid index: 385891)
Failed to process relocation: 6570:0cad (Invalid index: 385741)
Failed to process relocation: 6570:0c6e (Invalid index: 385678)
Failed to process relocation: 6570:0c46 (Invalid index: 385638)
Failed to process relocation: 6570:0c1e (Invalid index: 385598)
Failed to process relocation: 6570:0be8 (Invalid index: 385544)
Failed to process relocation: 6570:0bd0 (Invalid index: 385520)
Failed to process relocation: 6570:0bbb (Invalid index: 385499)
Failed to process relocation: 6570:0bab (Invalid index: 385483)
Failed to process relocation: 6570:1191 (Invalid index: 386993)
Failed to process relocation: 6570:1130 (Invalid index: 386896)
Failed to process relocation: 6570:112b (Invalid index: 386891)
Failed to process relocation: 6570:1126 (Invalid index: 386886)
Failed to process relocation: 6570:111e (Invalid index: 386878)
Failed to process relocation: 6570:1116 (Invalid index: 386870)
Failed to process relocation: 6570:110d (Invalid index: 386861)
Failed to process relocation: 6570:10dd (Invalid index: 386813)
Failed to process relocation: 6570:10d8 (Invalid index: 386808)
Failed to process relocation: 6570:10d3 (Invalid index: 386803)
Failed to process relocation: 6570:10cb (Invalid index: 386795)
Failed to process relocation: 6570:10c3 (Invalid index: 386787)
Failed to process relocation: 6570:10ba (Invalid index: 386778)
Failed to process relocation: 6570:1059 (Invalid index: 386681)
Failed to process relocation: 6570:1053 (Invalid index: 386675)
Failed to process relocation: 6570:104a (Invalid index: 386666)
Failed to process relocation: 6570:1042 (Invalid index: 386658)
Failed to process relocation: 6570:103c (Invalid index: 386652)
Failed to process relocation: 6570:1033 (Invalid index: 386643)
Failed to process relocation: 6570:102b (Invalid index: 386635)
Failed to process relocation: 6570:1025 (Invalid index: 386629)
Failed to process relocation: 6570:101c (Invalid index: 386620)
Failed to process relocation: 6570:1014 (Invalid index: 386612)
Failed to process relocation: 6570:100b (Invalid index: 386603)
Failed to process relocation: 6570:1006 (Invalid index: 386598)
Failed to process relocation: 6570:0fea (Invalid index: 386570)
Failed to process relocation: 6570:0fd5 (Invalid index: 386549)
Failed to process relocation: 6570:0fc4 (Invalid index: 386532)
Failed to process relocation: 6570:0f9b (Invalid index: 386491)
Failed to process relocation: 6570:0f6c (Invalid index: 386444)
Failed to process relocation: 6570:1508 (Invalid index: 387880)
Failed to process relocation: 6570:14fb (Invalid index: 387867)
Failed to process relocation: 6570:1449 (Invalid index: 387689)
Failed to process relocation: 6570:1429 (Invalid index: 387657)
Failed to process relocation: 6570:1367 (Invalid index: 387463)
Failed to process relocation: 6570:1352 (Invalid index: 387442)
Failed to process relocation: 6570:1346 (Invalid index: 387430)
Failed to process relocation: 6570:133a (Invalid index: 387418)
Failed to process relocation: 6570:130d (Invalid index: 387373)
Failed to process relocation: 6570:12b9 (Invalid index: 387289)
Failed to process relocation: 6570:126d (Invalid index: 387213)
Failed to process relocation: 6570:1246 (Invalid index: 387174)
Failed to process relocation: 6570:1236 (Invalid index: 387158)
Failed to process relocation: 6570:122f (Invalid index: 387151)
Failed to process relocation: 6570:121a (Invalid index: 387130)
Failed to process relocation: 6570:1207 (Invalid index: 387111)
Failed to process relocation: 6570:11ef (Invalid index: 387087)
Failed to process relocation: 6570:11e4 (Invalid index: 387076)
Failed to process relocation: 6570:11ab (Invalid index: 387019)
Failed to process relocation: 6570:18e7 (Invalid index: 388871)
Failed to process relocation: 6570:18d6 (Invalid index: 388854)
Failed to process relocation: 6570:17c3 (Invalid index: 388579)
Failed to process relocation: 6570:16d7 (Invalid index: 388343)
Failed to process relocation: 6570:1645 (Invalid index: 388197)
Failed to process relocation: 6570:163c (Invalid index: 388188)
Failed to process relocation: 6570:1633 (Invalid index: 388179)
Failed to process relocation: 6570:161f (Invalid index: 388159)
Failed to process relocation: 6570:1616 (Invalid index: 388150)
Failed to process relocation: 6570:160d (Invalid index: 388141)
Failed to process relocation: 6570:1604 (Invalid index: 388132)
Failed to process relocation: 6570:1c24 (Invalid index: 389700)
Failed to process relocation: 6570:1bff (Invalid index: 389663)
Failed to process relocation: 6570:1ba5 (Invalid index: 389573)
Failed to process relocation: 6570:1b81 (Invalid index: 389537)
Failed to process relocation: 6570:1af8 (Invalid index: 389400)
Failed to process relocation: 6570:1a9d (Invalid index: 389309)
Failed to process relocation: 6570:1a86 (Invalid index: 389286)
Failed to process relocation: 6570:1a6f (Invalid index: 389263)
Failed to process relocation: 6570:1a58 (Invalid index: 389240)
Failed to process relocation: 6570:1a41 (Invalid index: 389217)
Failed to process relocation: 6570:1a2a (Invalid index: 389194)
Failed to process relocation: 6570:1a13 (Invalid index: 389171)
Failed to process relocation: 6570:19fc (Invalid index: 389148)
Failed to process relocation: 6570:196a (Invalid index: 389002)
Failed to process relocation: 6570:205a (Invalid index: 390778)
Failed to process relocation: 6570:2045 (Invalid index: 390757)
Failed to process relocation: 6570:2036 (Invalid index: 390742)
Failed to process relocation: 6570:202c (Invalid index: 390732)
Failed to process relocation: 6570:2027 (Invalid index: 390727)
Failed to process relocation: 6570:201f (Invalid index: 390719)
Failed to process relocation: 6570:1fef (Invalid index: 390671)
Failed to process relocation: 6570:1fe1 (Invalid index: 390657)
Failed to process relocation: 6570:1f4a (Invalid index: 390506)
Failed to process relocation: 6570:1f3c (Invalid index: 390492)
Failed to process relocation: 6570:1f30 (Invalid index: 390480)
Failed to process relocation: 6570:1f0d (Invalid index: 390445)
Failed to process relocation: 6570:1ec4 (Invalid index: 390372)
Failed to process relocation: 6570:1e9d (Invalid index: 390333)
Failed to process relocation: 6570:1e71 (Invalid index: 390289)
Failed to process relocation: 6570:1e58 (Invalid index: 390264)
Failed to process relocation: 6570:1e4f (Invalid index: 390255)
Failed to process relocation: 6570:1e46 (Invalid index: 390246)
Failed to process relocation: 6570:1e31 (Invalid index: 390225)
Failed to process relocation: 6570:1e29 (Invalid index: 390217)
Failed to process relocation: 6570:1e1f (Invalid index: 390207)
Failed to process relocation: 6570:1df4 (Invalid index: 390164)
Failed to process relocation: 6570:1dec (Invalid index: 390156)
Failed to process relocation: 6570:1de2 (Invalid index: 390146)
Failed to process relocation: 6570:1dc2 (Invalid index: 390114)
Failed to process relocation: 6570:1dbd (Invalid index: 390109)
Failed to process relocation: 6570:1db3 (Invalid index: 390099)
Failed to process relocation: 6570:1dae (Invalid index: 390094)
Failed to process relocation: 6570:1da5 (Invalid index: 390085)
Failed to process relocation: 6570:1d9b (Invalid index: 390075)
Failed to process relocation: 6570:1d96 (Invalid index: 390070)
Failed to process relocation: 6570:1d8d (Invalid index: 390061)
Failed to process relocation: 6570:1d83 (Invalid index: 390051)
Failed to process relocation: 6570:1d7e (Invalid index: 390046)
Failed to process relocation: 6570:1d75 (Invalid index: 390037)
Failed to process relocation: 6570:1d6b (Invalid index: 390027)
Failed to process relocation: 6570:1d66 (Invalid index: 390022)
Failed to process relocation: 6570:1d48 (Invalid index: 389992)
Failed to process relocation: 6570:1d43 (Invalid index: 389987)
Failed to process relocation: 6570:1d3a (Invalid index: 389978)
Failed to process relocation: 6570:1d30 (Invalid index: 389968)
Failed to process relocation: 6570:1d1c (Invalid index: 389948)
Failed to process relocation: 6570:1cfb (Invalid index: 389915)
Failed to process relocation: 6570:23ea (Invalid index: 391690)
Failed to process relocation: 6570:23d0 (Invalid index: 391664)
Failed to process relocation: 6570:23bb (Invalid index: 391643)
Failed to process relocation: 6570:238e (Invalid index: 391598)
Failed to process relocation: 6570:2371 (Invalid index: 391569)
Failed to process relocation: 6570:2355 (Invalid index: 391541)
Failed to process relocation: 6570:2340 (Invalid index: 391520)
Failed to process relocation: 6570:2338 (Invalid index: 391512)
Failed to process relocation: 6570:232f (Invalid index: 391503)
Failed to process relocation: 6570:2326 (Invalid index: 391494)
Failed to process relocation: 6570:231d (Invalid index: 391485)
Failed to process relocation: 6570:22ff (Invalid index: 391455)
Failed to process relocation: 6570:22f6 (Invalid index: 391446)
Failed to process relocation: 6570:22f1 (Invalid index: 391441)
Failed to process relocation: 6570:22e8 (Invalid index: 391432)
Failed to process relocation: 6570:22df (Invalid index: 391423)
Failed to process relocation: 6570:22da (Invalid index: 391418)
Failed to process relocation: 6570:22c6 (Invalid index: 391398)
Failed to process relocation: 6570:22b3 (Invalid index: 391379)
Failed to process relocation: 6570:22aa (Invalid index: 391370)
Failed to process relocation: 6570:2282 (Invalid index: 391330)
Failed to process relocation: 6570:223e (Invalid index: 391262)
Failed to process relocation: 6570:221c (Invalid index: 391228)
Failed to process relocation: 6570:2207 (Invalid index: 391207)
Failed to process relocation: 6570:21f4 (Invalid index: 391188)
Failed to process relocation: 6570:21dc (Invalid index: 391164)
Failed to process relocation: 6570:21d1 (Invalid index: 391153)
Failed to process relocation: 6570:21b9 (Invalid index: 391129)
Failed to process relocation: 6570:2189 (Invalid index: 391081)
Failed to process relocation: 6570:216b (Invalid index: 391051)
Failed to process relocation: 6570:2146 (Invalid index: 391014)
Failed to process relocation: 6570:2122 (Invalid index: 390978)
Failed to process relocation: 6570:2118 (Invalid index: 390968)
Failed to process relocation: 6570:2111 (Invalid index: 390961)
Failed to process relocation: 6570:20f8 (Invalid index: 390936)
Failed to process relocation: 6570:20f1 (Invalid index: 390929)
Failed to process relocation: 6570:20db (Invalid index: 390907)
Failed to process relocation: 6570:20c0 (Invalid index: 390880)
Failed to process relocation: 6570:20ab (Invalid index: 390859)
Failed to process relocation: 6570:27c4 (Invalid index: 392676)
Failed to process relocation: 6570:27b1 (Invalid index: 392657)
Failed to process relocation: 6570:2799 (Invalid index: 392633)
Failed to process relocation: 6570:278e (Invalid index: 392622)
Failed to process relocation: 6570:2776 (Invalid index: 392598)
Failed to process relocation: 6570:2741 (Invalid index: 392545)
Failed to process relocation: 6570:2724 (Invalid index: 392516)
Failed to process relocation: 6570:271c (Invalid index: 392508)
Failed to process relocation: 6570:26c5 (Invalid index: 392421)
Failed to process relocation: 6570:26b5 (Invalid index: 392405)
Failed to process relocation: 6570:267e (Invalid index: 392350)
Failed to process relocation: 6570:2665 (Invalid index: 392325)
Failed to process relocation: 6570:265d (Invalid index: 392317)
Failed to process relocation: 6570:2648 (Invalid index: 392296)
Failed to process relocation: 6570:25c2 (Invalid index: 392162)
Failed to process relocation: 6570:2588 (Invalid index: 392104)
Failed to process relocation: 6570:2580 (Invalid index: 392096)
Failed to process relocation: 6570:256b (Invalid index: 392075)
Failed to process relocation: 6570:2517 (Invalid index: 391991)
Failed to process relocation: 6570:24fa (Invalid index: 391962)
Failed to process relocation: 6570:24ca (Invalid index: 391914)
Failed to process relocation: 6570:2473 (Invalid index: 391827)
Failed to process relocation: 6570:2463 (Invalid index: 391811)
Failed to process relocation: 6570:2b7a (Invalid index: 393626)
Failed to process relocation: 6570:2b58 (Invalid index: 393592)
Failed to process relocation: 6570:2af7 (Invalid index: 393495)
Failed to process relocation: 6570:2aa3 (Invalid index: 393411)
Failed to process relocation: 6570:2a8b (Invalid index: 393387)
Failed to process relocation: 6570:2a71 (Invalid index: 393361)
Failed to process relocation: 6570:2a67 (Invalid index: 393351)
Failed to process relocation: 6570:2a60 (Invalid index: 393344)
Failed to process relocation: 6570:2a56 (Invalid index: 393334)
Failed to process relocation: 6570:29fe (Invalid index: 393246)
Failed to process relocation: 6570:29f6 (Invalid index: 393238)
Failed to process relocation: 6570:29e1 (Invalid index: 393217)
Failed to process relocation: 6570:29bd (Invalid index: 393181)
Failed to process relocation: 6570:29a3 (Invalid index: 393155)
Failed to process relocation: 6570:298e (Invalid index: 393134)
Failed to process relocation: 6570:295d (Invalid index: 393085)
Failed to process relocation: 6570:2940 (Invalid index: 393056)
Failed to process relocation: 6570:2924 (Invalid index: 393028)
Failed to process relocation: 6570:290f (Invalid index: 393007)
Failed to process relocation: 6570:2907 (Invalid index: 392999)
Failed to process relocation: 6570:28fe (Invalid index: 392990)
Failed to process relocation: 6570:28f5 (Invalid index: 392981)
Failed to process relocation: 6570:28ed (Invalid index: 392973)
Failed to process relocation: 6570:28cf (Invalid index: 392943)
Failed to process relocation: 6570:28c6 (Invalid index: 392934)
Failed to process relocation: 6570:28bd (Invalid index: 392925)
Failed to process relocation: 6570:28b5 (Invalid index: 392917)
Failed to process relocation: 6570:2899 (Invalid index: 392889)
Failed to process relocation: 6570:2890 (Invalid index: 392880)
Failed to process relocation: 6570:287c (Invalid index: 392860)
Failed to process relocation: 6570:2877 (Invalid index: 392855)
Failed to process relocation: 6570:2863 (Invalid index: 392835)
Failed to process relocation: 6570:283d (Invalid index: 392797)
Failed to process relocation: 6570:27fb (Invalid index: 392731)
Failed to process relocation: 6570:27d9 (Invalid index: 392697)
Failed to process relocation: 6570:2ec2 (Invalid index: 394466)
Failed to process relocation: 6570:2eaa (Invalid index: 394442)
Failed to process relocation: 6570:2e91 (Invalid index: 394417)
Failed to process relocation: 6570:2e83 (Invalid index: 394403)
Failed to process relocation: 6570:2e74 (Invalid index: 394388)
Failed to process relocation: 6570:2e6a (Invalid index: 394378)
Failed to process relocation: 6570:2e54 (Invalid index: 394356)
Failed to process relocation: 6570:2e47 (Invalid index: 394343)
Failed to process relocation: 6570:2e24 (Invalid index: 394308)
Failed to process relocation: 6570:2e16 (Invalid index: 394294)
Failed to process relocation: 6570:2df6 (Invalid index: 394262)
Failed to process relocation: 6570:2ddf (Invalid index: 394239)
Failed to process relocation: 6570:2dc4 (Invalid index: 394212)
Failed to process relocation: 6570:2da7 (Invalid index: 394183)
Failed to process relocation: 6570:2cfa (Invalid index: 394010)
Failed to process relocation: 6570:2c6c (Invalid index: 393868)
Failed to process relocation: 6570:2c54 (Invalid index: 393844)
Failed to process relocation: 6570:2c44 (Invalid index: 393828)
Failed to process relocation: 6570:2c2d (Invalid index: 393805)
Failed to process relocation: 6570:2c0a (Invalid index: 393770)
Failed to process relocation: 6570:2c01 (Invalid index: 393761)
Failed to process relocation: 6570:2bdf (Invalid index: 393727)
Failed to process relocation: 6570:2bc8 (Invalid index: 393704)
Failed to process relocation: 6570:2b96 (Invalid index: 393654)
Failed to process relocation: 6570:30fe (Invalid index: 395038)
Failed to process relocation: 6570:30cb (Invalid index: 394987)
Failed to process relocation: 6570:3088 (Invalid index: 394920)
Failed to process relocation: 6570:307c (Invalid index: 394908)
Failed to process relocation: 6570:305e (Invalid index: 394878)
Failed to process relocation: 6570:304a (Invalid index: 394858)
Failed to process relocation: 6570:3030 (Invalid index: 394832)
Failed to process relocation: 6570:301b (Invalid index: 394811)
Failed to process relocation: 6570:3011 (Invalid index: 394801)
Failed to process relocation: 6570:300a (Invalid index: 394794)
Failed to process relocation: 6570:2fff (Invalid index: 394783)
Failed to process relocation: 6570:2ff3 (Invalid index: 394771)
Failed to process relocation: 6570:2fcd (Invalid index: 394733)
Failed to process relocation: 6570:2fbf (Invalid index: 394719)
Failed to process relocation: 6570:2f88 (Invalid index: 394664)
Failed to process relocation: 6570:2f50 (Invalid index: 394608)
Failed to process relocation: 6570:2f2f (Invalid index: 394575)
Failed to process relocation: 6570:3588 (Invalid index: 396200)
Failed to process relocation: 6570:3577 (Invalid index: 396183)
Failed to process relocation: 6570:355c (Invalid index: 396156)
Failed to process relocation: 6570:354b (Invalid index: 396139)
Failed to process relocation: 6570:353a (Invalid index: 396122)
Failed to process relocation: 6570:3529 (Invalid index: 396105)
Failed to process relocation: 6570:3518 (Invalid index: 396088)
Failed to process relocation: 6570:3508 (Invalid index: 396072)
Failed to process relocation: 6570:34f7 (Invalid index: 396055)
Failed to process relocation: 6570:34e7 (Invalid index: 396039)
Failed to process relocation: 6570:34d6 (Invalid index: 396022)
Failed to process relocation: 6570:34c5 (Invalid index: 396005)
Failed to process relocation: 6570:34ae (Invalid index: 395982)
Failed to process relocation: 6570:349e (Invalid index: 395966)
Failed to process relocation: 6570:3468 (Invalid index: 395912)
Failed to process relocation: 6570:3453 (Invalid index: 395891)
Failed to process relocation: 6570:3383 (Invalid index: 395683)
Failed to process relocation: 6570:337e (Invalid index: 395678)
Failed to process relocation: 6570:3379 (Invalid index: 395673)
Failed to process relocation: 6570:3374 (Invalid index: 395668)
Failed to process relocation: 6570:3353 (Invalid index: 395635)
Failed to process relocation: 6570:334e (Invalid index: 395630)
Failed to process relocation: 6570:3335 (Invalid index: 395605)
Failed to process relocation: 6570:332c (Invalid index: 395596)
Failed to process relocation: 6570:3327 (Invalid index: 395591)
Failed to process relocation: 6570:3313 (Invalid index: 395571)
Failed to process relocation: 6570:32b6 (Invalid index: 395478)
Failed to process relocation: 6570:32ad (Invalid index: 395469)
Failed to process relocation: 6570:329b (Invalid index: 395451)
Failed to process relocation: 6570:321f (Invalid index: 395327)
Failed to process relocation: 6570:31e8 (Invalid index: 395272)
Failed to process relocation: 6570:3931 (Invalid index: 397137)
Failed to process relocation: 6570:391e (Invalid index: 397118)
Failed to process relocation: 6570:3904 (Invalid index: 397092)
Failed to process relocation: 6570:38f9 (Invalid index: 397081)
Failed to process relocation: 6570:38eb (Invalid index: 397067)
Failed to process relocation: 6570:38e0 (Invalid index: 397056)
Failed to process relocation: 6570:38d6 (Invalid index: 397046)
Failed to process relocation: 6570:38cf (Invalid index: 397039)
Failed to process relocation: 6570:38c0 (Invalid index: 397024)
Failed to process relocation: 6570:3886 (Invalid index: 396966)
Failed to process relocation: 6570:37fc (Invalid index: 396828)
Failed to process relocation: 6570:37ea (Invalid index: 396810)
Failed to process relocation: 6570:37cd (Invalid index: 396781)
Failed to process relocation: 6570:37bb (Invalid index: 396763)
Failed to process relocation: 6570:378a (Invalid index: 396714)
Failed to process relocation: 6570:377a (Invalid index: 396698)
Failed to process relocation: 6570:376a (Invalid index: 396682)
Failed to process relocation: 6570:375a (Invalid index: 396666)
Failed to process relocation: 6570:374a (Invalid index: 396650)
Failed to process relocation: 6570:373a (Invalid index: 396634)
Failed to process relocation: 6570:372a (Invalid index: 396618)
Failed to process relocation: 6570:371a (Invalid index: 396602)
Failed to process relocation: 6570:370a (Invalid index: 396586)
Failed to process relocation: 6570:36e4 (Invalid index: 396548)
Failed to process relocation: 6570:36d4 (Invalid index: 396532)
Failed to process relocation: 6570:36ab (Invalid index: 396491)
Failed to process relocation: 6570:369d (Invalid index: 396477)
Failed to process relocation: 6570:3695 (Invalid index: 396469)
Failed to process relocation: 6570:3677 (Invalid index: 396439)
Failed to process relocation: 6570:3669 (Invalid index: 396425)
Failed to process relocation: 6570:365c (Invalid index: 396412)
Failed to process relocation: 6570:3640 (Invalid index: 396384)
Failed to process relocation: 6570:3606 (Invalid index: 396326)
Failed to process relocation: 6570:35fd (Invalid index: 396317)
Failed to process relocation: 6570:35f3 (Invalid index: 396307)
Failed to process relocation: 6570:35ee (Invalid index: 396302)
Failed to process relocation: 6570:35de (Invalid index: 396286)
Failed to process relocation: 6570:35a8 (Invalid index: 396232)
Failed to process relocation: 6570:3598 (Invalid index: 396216)
Failed to process relocation: 6570:3c15 (Invalid index: 397877)
Failed to process relocation: 6570:3b72 (Invalid index: 397714)
Failed to process relocation: 6570:3b6d (Invalid index: 397709)
Failed to process relocation: 6570:3b68 (Invalid index: 397704)
Failed to process relocation: 6570:3b63 (Invalid index: 397699)
Failed to process relocation: 6570:3b5a (Invalid index: 397690)
Failed to process relocation: 6570:3b51 (Invalid index: 397681)
Failed to process relocation: 6570:3b48 (Invalid index: 397672)
Failed to process relocation: 6570:3b3c (Invalid index: 397660)
Failed to process relocation: 6570:3b37 (Invalid index: 397655)
Failed to process relocation: 6570:3b32 (Invalid index: 397650)
Failed to process relocation: 6570:3b2d (Invalid index: 397645)
Failed to process relocation: 6570:3b24 (Invalid index: 397636)
Failed to process relocation: 6570:3b1b (Invalid index: 397627)
Failed to process relocation: 6570:3b12 (Invalid index: 397618)
Failed to process relocation: 6570:3abe (Invalid index: 397534)
Failed to process relocation: 6570:3a7e (Invalid index: 397470)
Failed to process relocation: 6570:3a5e (Invalid index: 397438)
Failed to process relocation: 6570:3a1d (Invalid index: 397373)
Failed to process relocation: 6570:398a (Invalid index: 397226)
Failed to process relocation: 6570:40a0 (Invalid index: 399040)
Failed to process relocation: 6570:407e (Invalid index: 399006)
Failed to process relocation: 6570:4071 (Invalid index: 398993)
Failed to process relocation: 6570:4069 (Invalid index: 398985)
Failed to process relocation: 6570:405a (Invalid index: 398970)
Failed to process relocation: 6570:4054 (Invalid index: 398964)
Failed to process relocation: 6570:403b (Invalid index: 398939)
 (ProgramLoader)  
INFO  IMPORTING: Loaded 0 additional files (HeadlessAnalyzer)  
INFO  REPORT: Execute script: MarkOverlayThunks 'pre' '3ab8'  (HeadlessAnalyzer)  
INFO  SCRIPT: C:\prog\jwcad\ghidra_scripts\MarkOverlayThunks.java (HeadlessAnalyzer)  
INFO  MarkOverlayThunks.java> cd 3f sites: 108 (GhidraScript)  
INFO  MarkOverlayThunks.java> overlay trap operands marked as data: 108 of 108 (GhidraScript)  
INFO  ANALYZING all memory and code: file:///C:/prog/jwcad/ovl/jw36.exe (HeadlessAnalyzer)  
ERROR Failed to create function at 28b3:0f86 since its body contains referring thunk at 28b3:0ee9 (CreateFunctionCmd)  
WARN  Decompiling 12c1:097e, pcode error at 1000:5097: Unable to resolve constructor at 1000:5097 (DecompileCallback)  
WARN  Decompiling 32b2:0d40, pcode error at 3000:5054: Unable to resolve constructor at 3000:5054 (DecompileCallback)  
WARN  Decompiling 1000:0a81, pcode error at 1000:0a6f: Unable to resolve constructor at 1000:0a6f (DecompileCallback)  
WARN  Decompiling 1000:0a81, pcode error at 1000:0a4b: Unable to resolve constructor at 1000:0a4b (DecompileCallback)  
WARN  Decompiling 1000:0a81, pcode error at 1000:0818: Unable to resolve constructor at 1000:0818 (DecompileCallback)  
WARN  Decompiling 32b2:1528: Unable to read bytes at ram:0000:7be2 (DecompileCallback)  
WARN  Decompiling 21f2:246e, pcode error at 2000:3158: Unable to resolve constructor at 2000:3158 (DecompileCallback)  
WARN  Decompiling 21f2:246e, pcode error at 2000:7191: Unable to resolve constructor at 2000:7191 (DecompileCallback)  
INFO  Packed database cache: C:\Users\yomei\AppData\Local\ghidra\packed-db-cache (PackedDatabaseCache)  
INFO  Applied data type archive: generic_clib (ApplyDataArchiveAnalyzer)  
INFO  -----------------------------------------------------
    ASCII Strings                              0.348 secs
    Apply Data Archives                        0.525 secs
    Call Convention ID                         0.003 secs
    Call-Fixup Installer                       0.017 secs
    Create Function                            0.454 secs
    Data Reference                             0.029 secs
    Decompiler Switch Analysis                17.734 secs
    Demangler GNU                              0.043 secs
    Disassemble                                2.066 secs
    Disassemble Entry Points                   0.178 secs
    Embedded Media                             0.015 secs
    External Entry References                  0.000 secs
    Function ID                                0.114 secs
    Function Start Search                      0.025 secs
    Non-Returning Functions - Discovered       0.563 secs
    Reference                                  0.044 secs
    Segmented X86 Calling Conventions          0.002 secs
    Shared Return Calls                        0.187 secs
    Stack                                      2.396 secs
    Subroutine References                      0.120 secs
    Subroutine References - One Time           0.000 secs
    X86 Function Callee Purge                  0.125 secs
    x86 Constant Reference Analyzer            1.650 secs
-----------------------------------------------------
     Total Time   26 secs
-----------------------------------------------------
 (AutoAnalysisManager)  
INFO  REPORT: Analysis succeeded for file: file:///C:/prog/jwcad/ovl/jw36.exe (HeadlessAnalyzer)  
INFO  REPORT: Execute script: MarkOverlayThunks 'post' '3ab8' 'C:\prog\jwcad\entries\36.txt' '36'  (HeadlessAnalyzer)  
INFO  SCRIPT: C:\prog\jwcad\ghidra_scripts\MarkOverlayThunks.java (HeadlessAnalyzer)  
INFO  MarkOverlayThunks.java> cd 3f sites: 108 (GhidraScript)  
INFO  MarkOverlayThunks.java> overlay traps given a fall-through: 108, references added: 0 (GhidraScript)  
INFO  MarkOverlayThunks.java> overlay entry points seeded: 2 (GhidraScript)  
ERROR Failed to create function at 1885:07c4 since its body contains referring thunk at 1885:0344 (CreateFunctionCmd)  
INFO  MarkOverlayThunks.java> overlay hole cleared: 0 stray functions (GhidraScript)  
INFO  REPORT: Execute script: DecompileAll 'C:\prog\jwcad\out\ovl36' '3ab8' '4375'  (HeadlessAnalyzer)  
INFO  SCRIPT: C:\prog\jwcad\ghidra_scripts\DecompileAll.java (HeadlessAnalyzer)  
INFO  DecompileAll.java> decompiled 21 functions, 0 failed (GhidraScript)  
INFO  ANALYZING changes made by post scripts: file:///C:/prog/jwcad/ovl/jw36.exe (HeadlessAnalyzer)  
INFO  REPORT: Post-analysis succeeded for file: file:///C:/prog/jwcad/ovl/jw36.exe (HeadlessAnalyzer)  
INFO  /jw36.exe: file created (yomei) (LocalFileSystem)  
INFO  REPORT: Save succeeded for: /jw36.exe (ovl36:/jw36.exe) (HeadlessAnalyzer)  
INFO  REPORT: Import succeeded (HeadlessAnalyzer)  
