INFO  Using log config file: jar:file:/C:/prog/ghidra/ghidra_12.1.3_PUBLIC/Ghidra/Framework/Generic/lib/Generic.jar!/generic.log4j.xml (LoggingInitialization)  
INFO  Using log file: C:\Users\yomei\AppData\Roaming\ghidra\ghidra_12.1.3_PUBLIC\application.log (LoggingInitialization)  
INFO  Loading user preferences: C:\Users\yomei\AppData\Roaming\ghidra\ghidra_12.1.3_PUBLIC\preferences (Preferences)  
INFO  Searching for classes... (ClassSearcher)  
INFO  Class search complete (1167 ms) (ClassSearcher)  
INFO  Initializing SSL Context (DefaultSSLContextInitializer)  
INFO  Initializing Random Number Generator... (SecureRandomFactory)  
INFO  Random Number Generator initialization complete: SHA1PRNG (SecureRandomFactory)  
INFO  Trust manager disabled, cacerts have not been set (DefaultTrustManagerFactory)  
INFO  Headless startup complete (10404 ms) (AnalyzeHeadless)  
INFO  Class searcher loaded 59 extension points (20 false positives) (ClassSearcher)  
INFO  HEADLESS Script Paths:
    C:\prog\ghidra\ghidra_12.1.3_PUBLIC\Ghidra\Debug\Debugger-rmi-trace\ghidra_scripts
    C:\prog\ghidra\ghidra_12.1.3_PUBLIC\Ghidra\Features\FileFormats\ghidra_scripts
    C:\prog\ghidra\ghidra_12.1.3_PUBLIC\Ghidra\Features\GnuDemangler\ghidra_scripts
    C:\prog\ghidra\ghidra_12.1.3_PUBLIC\Ghidra\Features\VersionTracking\ghidra_scripts
    C:\prog\ghidra\ghidra_12.1.3_PUBLIC\Ghidra\Debug\Debugger\ghidra_scripts
    C:\prog\ghidra\ghidra_12.1.3_PUBLIC\Ghidra\Processors\8051\ghidra_scripts
    C:\prog\ghidra\ghidra_12.1.3_PUBLIC\Ghidra\Features\BSim\ghidra_scripts
    C:\prog\ghidra\ghidra_12.1.3_PUBLIC\Ghidra\Features\WildcardAssembler\ghidra_scripts
    C:\prog\ghidra\ghidra_12.1.3_PUBLIC\Ghidra\Features\FunctionID\ghidra_scripts
    C:\prog\ghidra\ghidra_12.1.3_PUBLIC\Ghidra\Features\SystemEmulation\ghidra_scripts
    C:\prog\ghidra\ghidra_12.1.3_PUBLIC\Ghidra\Processors\PIC\ghidra_scripts
    C:\prog\ghidra\ghidra_12.1.3_PUBLIC\Ghidra\Features\PDB\ghidra_scripts
    C:\prog\ghidra\ghidra_12.1.3_PUBLIC\Ghidra\Features\DecompilerDependent\ghidra_scripts
    C:\prog\ghidra\ghidra_12.1.3_PUBLIC\Ghidra\Features\SwiftDemangler\ghidra_scripts
    C:\prog\ghidra\ghidra_12.1.3_PUBLIC\Ghidra\Features\MicrosoftCodeAnalyzer\ghidra_scripts
    C:\prog\ghidra\ghidra_12.1.3_PUBLIC\Ghidra\Processors\DATA\ghidra_scripts
    C:\prog\ghidra\ghidra_12.1.3_PUBLIC\Ghidra\Features\Decompiler\ghidra_scripts
    C:\prog\ghidra\ghidra_12.1.3_PUBLIC\Ghidra\Features\BytePatterns\ghidra_scripts
    C:\prog\ghidra\ghidra_12.1.3_PUBLIC\Ghidra\Features\PyGhidra\ghidra_scripts
    C:\prog\ghidra\ghidra_12.1.3_PUBLIC\Ghidra\Processors\Atmel\ghidra_scripts
    C:\prog\ghidra\ghidra_12.1.3_PUBLIC\Ghidra\Features\Base\ghidra_scripts
    C:\prog\jwcad\ghidra_scripts
    C:\prog\ghidra\ghidra_12.1.3_PUBLIC\Ghidra\Processors\JVM\ghidra_scripts (HeadlessAnalyzer)  
INFO  HEADLESS: execution starts (HeadlessAnalyzer)  
INFO  Creating temporary project: C:\prog\jwcad\proj\ovl20 (HeadlessAnalyzer)  
INFO  Creating project: C:\prog\jwcad\proj\ovl20 (DefaultProject)  
INFO  REPORT: Processing input files:  (HeadlessAnalyzer)  
INFO       project: C:\prog\jwcad\proj\ovl20 (HeadlessAnalyzer)  
INFO  IMPORTING: file:///C:/prog/jwcad/ovl/jw20.exe (HeadlessAnalyzer)  
INFO  Using Loader: Old-style DOS Executable (MZ) (ProgramLoader)  
INFO  Using Language/Compiler: x86:LE:16:Real Mode:default (ProgramLoader)  
INFO  Using Library Search Path: [., C:\Windows\SysWOW64, C:\prog\ghidra\jdk21\bin, C:\Windows\Sun\Java\bin, C:\Windows\system32, C:\Windows, C:\Program Files\Python312\Scripts\, C:\Program Files\Python312\, C:\Windows\System32\Wbem, C:\Windows\System32\WindowsPowerShell\v1.0\, C:\Windows\System32\OpenSSH\, C:\Program Files\Amazon\AWSCLIV2\, C:\ProgramData\chocolatey\bin, C:\ffmpeg, C:\Users\yomei\AppData\Local\Microsoft\WindowsApps] (ProgramLoader)  
INFO  Additional info:
There were too many messages to display.
1774 messages have been truncated.

Loading file:///C:/prog/jwcad/ovl/jw20.exe?MD5=0f2a6c64f92285d479cd77ad4616eb13...
Failed to process relocation: 6570:01ef (Invalid index: 387647)
Failed to process relocation: 6570:01bf (Invalid index: 387599)
Failed to process relocation: 6570:01b0 (Invalid index: 387584)
Failed to process relocation: 6570:01a1 (Invalid index: 387569)
Failed to process relocation: 6570:0180 (Invalid index: 387536)
Failed to process relocation: 6570:016a (Invalid index: 387514)
Failed to process relocation: 6570:0154 (Invalid index: 387492)
Failed to process relocation: 6570:013e (Invalid index: 387470)
Failed to process relocation: 6570:0128 (Invalid index: 387448)
Failed to process relocation: 6570:0113 (Invalid index: 387427)
Failed to process relocation: 6570:00ea (Invalid index: 387386)
Failed to process relocation: 6570:00e0 (Invalid index: 387376)
Failed to process relocation: 6570:00d6 (Invalid index: 387366)
Failed to process relocation: 6570:00cc (Invalid index: 387356)
Failed to process relocation: 6570:00c2 (Invalid index: 387346)
Failed to process relocation: 6570:00b7 (Invalid index: 387335)
Failed to process relocation: 6570:009e (Invalid index: 387310)
Failed to process relocation: 6570:0095 (Invalid index: 387301)
Failed to process relocation: 6570:008b (Invalid index: 387291)
Failed to process relocation: 6570:0086 (Invalid index: 387286)
Failed to process relocation: 6570:0079 (Invalid index: 387273)
Failed to process relocation: 6570:0066 (Invalid index: 387254)
Failed to process relocation: 6570:005b (Invalid index: 387243)
Failed to process relocation: 6570:004d (Invalid index: 387229)
Failed to process relocation: 6570:0043 (Invalid index: 387219)
Failed to process relocation: 6570:002e (Invalid index: 387198)
Failed to process relocation: 6570:0025 (Invalid index: 387189)
Failed to process relocation: 6570:0009 (Invalid index: 387161)
Failed to process relocation: 6570:05a0 (Invalid index: 388592)
Failed to process relocation: 6570:0565 (Invalid index: 388533)
Failed to process relocation: 6570:055a (Invalid index: 388522)
Failed to process relocation: 6570:052c (Invalid index: 388476)
Failed to process relocation: 6570:0527 (Invalid index: 388471)
Failed to process relocation: 6570:051d (Invalid index: 388461)
Failed to process relocation: 6570:0518 (Invalid index: 388456)
Failed to process relocation: 6570:0510 (Invalid index: 388448)
Failed to process relocation: 6570:0506 (Invalid index: 388438)
Failed to process relocation: 6570:0501 (Invalid index: 388433)
Failed to process relocation: 6570:04f9 (Invalid index: 388425)
Failed to process relocation: 6570:04ef (Invalid index: 388415)
Failed to process relocation: 6570:04ea (Invalid index: 388410)
Failed to process relocation: 6570:04e2 (Invalid index: 388402)
Failed to process relocation: 6570:04d8 (Invalid index: 388392)
Failed to process relocation: 6570:04d3 (Invalid index: 388387)
Failed to process relocation: 6570:04b9 (Invalid index: 388361)
Failed to process relocation: 6570:04a2 (Invalid index: 388338)
Failed to process relocation: 6570:0481 (Invalid index: 388305)
Failed to process relocation: 6570:047c (Invalid index: 388300)
Failed to process relocation: 6570:0472 (Invalid index: 388290)
Failed to process relocation: 6570:046d (Invalid index: 388285)
Failed to process relocation: 6570:0465 (Invalid index: 388277)
Failed to process relocation: 6570:045b (Invalid index: 388267)
Failed to process relocation: 6570:0456 (Invalid index: 388262)
Failed to process relocation: 6570:042b (Invalid index: 388219)
Failed to process relocation: 6570:041c (Invalid index: 388204)
Failed to process relocation: 6570:03f7 (Invalid index: 388167)
Failed to process relocation: 6570:03db (Invalid index: 388139)
Failed to process relocation: 6570:03cb (Invalid index: 388123)
Failed to process relocation: 6570:03bb (Invalid index: 388107)
Failed to process relocation: 6570:03ab (Invalid index: 388091)
Failed to process relocation: 6570:0382 (Invalid index: 388050)
Failed to process relocation: 6570:037d (Invalid index: 388045)
Failed to process relocation: 6570:0373 (Invalid index: 388035)
Failed to process relocation: 6570:036e (Invalid index: 388030)
Failed to process relocation: 6570:0365 (Invalid index: 388021)
Failed to process relocation: 6570:035b (Invalid index: 388011)
Failed to process relocation: 6570:0356 (Invalid index: 388006)
Failed to process relocation: 6570:033e (Invalid index: 387982)
Failed to process relocation: 6570:0330 (Invalid index: 387968)
Failed to process relocation: 6570:031e (Invalid index: 387950)
Failed to process relocation: 6570:02fb (Invalid index: 387915)
Failed to process relocation: 6570:02cf (Invalid index: 387871)
Failed to process relocation: 6570:02ae (Invalid index: 387838)
Failed to process relocation: 6570:02a3 (Invalid index: 387827)
Failed to process relocation: 6570:0293 (Invalid index: 387811)
Failed to process relocation: 6570:0271 (Invalid index: 387777)
Failed to process relocation: 6570:0261 (Invalid index: 387761)
Failed to process relocation: 6570:0252 (Invalid index: 387746)
Failed to process relocation: 6570:0242 (Invalid index: 387730)
Failed to process relocation: 6570:0232 (Invalid index: 387714)
Failed to process relocation: 6570:0222 (Invalid index: 387698)
Failed to process relocation: 6570:020d (Invalid index: 387677)
Failed to process relocation: 6570:01fe (Invalid index: 387662)
Failed to process relocation: 6570:092b (Invalid index: 389499)
Failed to process relocation: 6570:08f6 (Invalid index: 389446)
Failed to process relocation: 6570:08e9 (Invalid index: 389433)
Failed to process relocation: 6570:08de (Invalid index: 389422)
Failed to process relocation: 6570:08d6 (Invalid index: 389414)
Failed to process relocation: 6570:08cd (Invalid index: 389405)
Failed to process relocation: 6570:089c (Invalid index: 389356)
Failed to process relocation: 6570:0897 (Invalid index: 389351)
Failed to process relocation: 6570:088e (Invalid index: 389342)
Failed to process relocation: 6570:0884 (Invalid index: 389332)
Failed to process relocation: 6570:087f (Invalid index: 389327)
Failed to process relocation: 6570:0876 (Invalid index: 389318)
Failed to process relocation: 6570:07f3 (Invalid index: 389187)
Failed to process relocation: 6570:078c (Invalid index: 389084)
Failed to process relocation: 6570:0784 (Invalid index: 389076)
Failed to process relocation: 6570:076e (Invalid index: 389054)
Failed to process relocation: 6570:0765 (Invalid index: 389045)
Failed to process relocation: 6570:075c (Invalid index: 389036)
Failed to process relocation: 6570:0757 (Invalid index: 389031)
Failed to process relocation: 6570:0752 (Invalid index: 389026)
Failed to process relocation: 6570:074d (Invalid index: 389021)
Failed to process relocation: 6570:0745 (Invalid index: 389013)
Failed to process relocation: 6570:0740 (Invalid index: 389008)
Failed to process relocation: 6570:0730 (Invalid index: 388992)
Failed to process relocation: 6570:072b (Invalid index: 388987)
Failed to process relocation: 6570:0726 (Invalid index: 388982)
Failed to process relocation: 6570:0721 (Invalid index: 388977)
Failed to process relocation: 6570:0718 (Invalid index: 388968)
Failed to process relocation: 6570:0710 (Invalid index: 388960)
Failed to process relocation: 6570:0708 (Invalid index: 388952)
Failed to process relocation: 6570:06e5 (Invalid index: 388917)
Failed to process relocation: 6570:06e0 (Invalid index: 388912)
Failed to process relocation: 6570:06db (Invalid index: 388907)
Failed to process relocation: 6570:06d6 (Invalid index: 388902)
Failed to process relocation: 6570:06ce (Invalid index: 388894)
Failed to process relocation: 6570:06c3 (Invalid index: 388883)
Failed to process relocation: 6570:06be (Invalid index: 388878)
Failed to process relocation: 6570:06b9 (Invalid index: 388873)
Failed to process relocation: 6570:06b4 (Invalid index: 388868)
Failed to process relocation: 6570:06ac (Invalid index: 388860)
Failed to process relocation: 6570:0693 (Invalid index: 388835)
Failed to process relocation: 6570:068a (Invalid index: 388826)
Failed to process relocation: 6570:0680 (Invalid index: 388816)
Failed to process relocation: 6570:067b (Invalid index: 388811)
Failed to process relocation: 6570:0673 (Invalid index: 388803)
Failed to process relocation: 6570:0669 (Invalid index: 388793)
Failed to process relocation: 6570:0664 (Invalid index: 388788)
Failed to process relocation: 6570:064c (Invalid index: 388764)
Failed to process relocation: 6570:0643 (Invalid index: 388755)
Failed to process relocation: 6570:0639 (Invalid index: 388745)
Failed to process relocation: 6570:0634 (Invalid index: 388740)
Failed to process relocation: 6570:062c (Invalid index: 388732)
Failed to process relocation: 6570:0622 (Invalid index: 388722)
Failed to process relocation: 6570:061d (Invalid index: 388717)
Failed to process relocation: 6570:0603 (Invalid index: 388691)
Failed to process relocation: 6570:05fb (Invalid index: 388683)
Failed to process relocation: 6570:05f3 (Invalid index: 388675)
Failed to process relocation: 6570:05d7 (Invalid index: 388647)
Failed to process relocation: 6570:05af (Invalid index: 388607)
Failed to process relocation: 6570:0d05 (Invalid index: 390485)
Failed to process relocation: 6570:0cfb (Invalid index: 390475)
Failed to process relocation: 6570:0cf6 (Invalid index: 390470)
Failed to process relocation: 6570:0cee (Invalid index: 390462)
Failed to process relocation: 6570:0ce4 (Invalid index: 390452)
Failed to process relocation: 6570:0cdf (Invalid index: 390447)
Failed to process relocation: 6570:0cd7 (Invalid index: 390439)
Failed to process relocation: 6570:0ccd (Invalid index: 390429)
Failed to process relocation: 6570:0cc8 (Invalid index: 390424)
Failed to process relocation: 6570:0cc0 (Invalid index: 390416)
Failed to process relocation: 6570:0cb6 (Invalid index: 390406)
Failed to process relocation: 6570:0cb1 (Invalid index: 390401)
Failed to process relocation: 6570:0c9c (Invalid index: 390380)
Failed to process relocation: 6570:0c44 (Invalid index: 390292)
Failed to process relocation: 6570:0c02 (Invalid index: 390226)
Failed to process relocation: 6570:0bf9 (Invalid index: 390217)
Failed to process relocation: 6570:0bf0 (Invalid index: 390208)
Failed to process relocation: 6570:0be7 (Invalid index: 390199)
Failed to process relocation: 6570:0bde (Invalid index: 390190)
Failed to process relocation: 6570:0bce (Invalid index: 390174)
Failed to process relocation: 6570:0bc5 (Invalid index: 390165)
Failed to process relocation: 6570:0bac (Invalid index: 390140)
Failed to process relocation: 6570:0ba7 (Invalid index: 390135)
Failed to process relocation: 6570:0b9f (Invalid index: 390127)
Failed to process relocation: 6570:0b90 (Invalid index: 390112)
Failed to process relocation: 6570:0b88 (Invalid index: 390104)
Failed to process relocation: 6570:0b7e (Invalid index: 390094)
Failed to process relocation: 6570:0b79 (Invalid index: 390089)
Failed to process relocation: 6570:0b74 (Invalid index: 390084)
Failed to process relocation: 6570:0b6c (Invalid index: 390076)
Failed to process relocation: 6570:0b63 (Invalid index: 390067)
Failed to process relocation: 6570:0b5b (Invalid index: 390059)
Failed to process relocation: 6570:0b36 (Invalid index: 390022)
Failed to process relocation: 6570:0b31 (Invalid index: 390017)
Failed to process relocation: 6570:0b2c (Invalid index: 390012)
Failed to process relocation: 6570:0b24 (Invalid index: 390004)
Failed to process relocation: 6570:0b1b (Invalid index: 389995)
Failed to process relocation: 6570:0b13 (Invalid index: 389987)
Failed to process relocation: 6570:0b0b (Invalid index: 389979)
Failed to process relocation: 6570:0b03 (Invalid index: 389971)
Failed to process relocation: 6570:0aec (Invalid index: 389948)
Failed to process relocation: 6570:0ae7 (Invalid index: 389943)
Failed to process relocation: 6570:0ae2 (Invalid index: 389938)
Failed to process relocation: 6570:0ad7 (Invalid index: 389927)
Failed to process relocation: 6570:0ac9 (Invalid index: 389913)
Failed to process relocation: 6570:0ac4 (Invalid index: 389908)
Failed to process relocation: 6570:0abb (Invalid index: 389899)
Failed to process relocation: 6570:0ab6 (Invalid index: 389894)
Failed to process relocation: 6570:0aa7 (Invalid index: 389879)
Failed to process relocation: 6570:0a9f (Invalid index: 389871)
Failed to process relocation: 6570:0a97 (Invalid index: 389863)
Failed to process relocation: 6570:0a8e (Invalid index: 389854)
Failed to process relocation: 6570:0a85 (Invalid index: 389845)
Failed to process relocation: 6570:0a7c (Invalid index: 389836)
Failed to process relocation: 6570:0a39 (Invalid index: 389769)
Failed to process relocation: 6570:0a34 (Invalid index: 389764)
Failed to process relocation: 6570:0a2b (Invalid index: 389755)
Failed to process relocation: 6570:0a21 (Invalid index: 389745)
Failed to process relocation: 6570:0a1c (Invalid index: 389740)
Failed to process relocation: 6570:0a17 (Invalid index: 389735)
Failed to process relocation: 6570:0a0f (Invalid index: 389727)
Failed to process relocation: 6570:09f2 (Invalid index: 389698)
Failed to process relocation: 6570:09ed (Invalid index: 389693)
Failed to process relocation: 6570:09e4 (Invalid index: 389684)
Failed to process relocation: 6570:09da (Invalid index: 389674)
Failed to process relocation: 6570:09d5 (Invalid index: 389669)
Failed to process relocation: 6570:09d0 (Invalid index: 389664)
Failed to process relocation: 6570:09c8 (Invalid index: 389656)
Failed to process relocation: 6570:09b6 (Invalid index: 389638)
Failed to process relocation: 6570:09b1 (Invalid index: 389633)
Failed to process relocation: 6570:09a9 (Invalid index: 389625)
Failed to process relocation: 6570:0991 (Invalid index: 389601)
Failed to process relocation: 6570:098c (Invalid index: 389596)
Failed to process relocation: 6570:0983 (Invalid index: 389587)
Failed to process relocation: 6570:097e (Invalid index: 389582)
Failed to process relocation: 6570:0964 (Invalid index: 389556)
Failed to process relocation: 6570:10b5 (Invalid index: 391429)
Failed to process relocation: 6570:10ad (Invalid index: 391421)
Failed to process relocation: 6570:10a5 (Invalid index: 391413)
Failed to process relocation: 6570:109c (Invalid index: 391404)
Failed to process relocation: 6570:1093 (Invalid index: 391395)
Failed to process relocation: 6570:108b (Invalid index: 391387)
Failed to process relocation: 6570:107e (Invalid index: 391374)
Failed to process relocation: 6570:1079 (Invalid index: 391369)
Failed to process relocation: 6570:1071 (Invalid index: 391361)
Failed to process relocation: 6570:1066 (Invalid index: 391350)
Failed to process relocation: 6570:1061 (Invalid index: 391345)
Failed to process relocation: 6570:1059 (Invalid index: 391337)
Failed to process relocation: 6570:104e (Invalid index: 391326)
Failed to process relocation: 6570:1049 (Invalid index: 391321)
Failed to process relocation: 6570:1041 (Invalid index: 391313)
Failed to process relocation: 6570:0fe6 (Invalid index: 391222)
Failed to process relocation: 6570:0fe1 (Invalid index: 391217)
Failed to process relocation: 6570:0fd7 (Invalid index: 391207)
Failed to process relocation: 6570:0fce (Invalid index: 391198)
Failed to process relocation: 6570:0fc4 (Invalid index: 391188)
Failed to process relocation: 6570:0fbf (Invalid index: 391183)
Failed to process relocation: 6570:0fb7 (Invalid index: 391175)
Failed to process relocation: 6570:0fad (Invalid index: 391165)
Failed to process relocation: 6570:0fa8 (Invalid index: 391160)
Failed to process relocation: 6570:0fa0 (Invalid index: 391152)
Failed to process relocation: 6570:0f96 (Invalid index: 391142)
Failed to process relocation: 6570:0f8d (Invalid index: 391133)
Failed to process relocation: 6570:0f83 (Invalid index: 391123)
Failed to process relocation: 6570:0f7e (Invalid index: 391118)
Failed to process relocation: 6570:0f76 (Invalid index: 391110)
Failed to process relocation: 6570:0f6c (Invalid index: 391100)
Failed to process relocation: 6570:0f67 (Invalid index: 391095)
Failed to process relocation: 6570:0f55 (Invalid index: 391077)
Failed to process relocation: 6570:0f50 (Invalid index: 391072)
Failed to process relocation: 6570:0f46 (Invalid index: 391062)
Failed to process relocation: 6570:0f41 (Invalid index: 391057)
Failed to process relocation: 6570:0f39 (Invalid index: 391049)
Failed to process relocation: 6570:0f2f (Invalid index: 391039)
Failed to process relocation: 6570:0f2a (Invalid index: 391034)
Failed to process relocation: 6570:0f22 (Invalid index: 391026)
Failed to process relocation: 6570:0f18 (Invalid index: 391016)
Failed to process relocation: 6570:0f13 (Invalid index: 391011)
Failed to process relocation: 6570:0f0b (Invalid index: 391003)
Failed to process relocation: 6570:0f01 (Invalid index: 390993)
Failed to process relocation: 6570:0efc (Invalid index: 390988)
Failed to process relocation: 6570:0ea2 (Invalid index: 390898)
Failed to process relocation: 6570:0e9d (Invalid index: 390893)
Failed to process relocation: 6570:0e93 (Invalid index: 390883)
Failed to process relocation: 6570:0e8a (Invalid index: 390874)
Failed to process relocation: 6570:0e80 (Invalid index: 390864)
Failed to process relocation: 6570:0e7b (Invalid index: 390859)
Failed to process relocation: 6570:0e73 (Invalid index: 390851)
Failed to process relocation: 6570:0e69 (Invalid index: 390841)
Failed to process relocation: 6570:0e64 (Invalid index: 390836)
Failed to process relocation: 6570:0e5c (Invalid index: 390828)
Failed to process relocation: 6570:0e52 (Invalid index: 390818)
Failed to process relocation: 6570:0e49 (Invalid index: 390809)
Failed to process relocation: 6570:0e3f (Invalid index: 390799)
Failed to process relocation: 6570:0e3a (Invalid index: 390794)
Failed to process relocation: 6570:0e31 (Invalid index: 390785)
Failed to process relocation: 6570:0e27 (Invalid index: 390775)
Failed to process relocation: 6570:0e22 (Invalid index: 390770)
Failed to process relocation: 6570:0e10 (Invalid index: 390752)
Failed to process relocation: 6570:0e0b (Invalid index: 390747)
Failed to process relocation: 6570:0e01 (Invalid index: 390737)
Failed to process relocation: 6570:0dfc (Invalid index: 390732)
Failed to process relocation: 6570:0df4 (Invalid index: 390724)
Failed to process relocation: 6570:0dea (Invalid index: 390714)
Failed to process relocation: 6570:0de5 (Invalid index: 390709)
Failed to process relocation: 6570:0ddd (Invalid index: 390701)
Failed to process relocation: 6570:0dd3 (Invalid index: 390691)
Failed to process relocation: 6570:0dce (Invalid index: 390686)
Failed to process relocation: 6570:0dc6 (Invalid index: 390678)
Failed to process relocation: 6570:0dbc (Invalid index: 390668)
Failed to process relocation: 6570:0db7 (Invalid index: 390663)
Failed to process relocation: 6570:0dac (Invalid index: 390652)
Failed to process relocation: 6570:0da4 (Invalid index: 390644)
Failed to process relocation: 6570:0d9a (Invalid index: 390634)
Failed to process relocation: 6570:0d91 (Invalid index: 390625)
Failed to process relocation: 6570:0d87 (Invalid index: 390615)
Failed to process relocation: 6570:0d82 (Invalid index: 390610)
Failed to process relocation: 6570:0d7a (Invalid index: 390602)
Failed to process relocation: 6570:0d70 (Invalid index: 390592)
Failed to process relocation: 6570:0d6b (Invalid index: 390587)
Failed to process relocation: 6570:0d63 (Invalid index: 390579)
Failed to process relocation: 6570:0d4b (Invalid index: 390555)
Failed to process relocation: 6570:0d42 (Invalid index: 390546)
Failed to process relocation: 6570:0d38 (Invalid index: 390536)
Failed to process relocation: 6570:0d33 (Invalid index: 390531)
Failed to process relocation: 6570:0d2b (Invalid index: 390523)
Failed to process relocation: 6570:0d21 (Invalid index: 390513)
Failed to process relocation: 6570:0d1c (Invalid index: 390508)
Failed to process relocation: 6570:0d0a (Invalid index: 390490)
Failed to process relocation: 6570:1461 (Invalid index: 392369)
Failed to process relocation: 6570:1459 (Invalid index: 392361)
Failed to process relocation: 6570:1451 (Invalid index: 392353)
Failed to process relocation: 6570:1448 (Invalid index: 392344)
Failed to process relocation: 6570:1440 (Invalid index: 392336)
Failed to process relocation: 6570:1438 (Invalid index: 392328)
Failed to process relocation: 6570:13e2 (Invalid index: 392242)
Failed to process relocation: 6570:13ce (Invalid index: 392222)
Failed to process relocation: 6570:13c8 (Invalid index: 392216)
Failed to process relocation: 6570:13bf (Invalid index: 392207)
Failed to process relocation: 6570:13b6 (Invalid index: 392198)
Failed to process relocation: 6570:13ad (Invalid index: 392189)
Failed to process relocation: 6570:13a7 (Invalid index: 392183)
Failed to process relocation: 6570:139e (Invalid index: 392174)
Failed to process relocation: 6570:1395 (Invalid index: 392165)
Failed to process relocation: 6570:138c (Invalid index: 392156)
Failed to process relocation: 6570:1386 (Invalid index: 392150)
Failed to process relocation: 6570:137d (Invalid index: 392141)
Failed to process relocation: 6570:1374 (Invalid index: 392132)
Failed to process relocation: 6570:136b (Invalid index: 392123)
Failed to process relocation: 6570:1365 (Invalid index: 392117)
Failed to process relocation: 6570:135c (Invalid index: 392108)
Failed to process relocation: 6570:1353 (Invalid index: 392099)
Failed to process relocation: 6570:134a (Invalid index: 392090)
Failed to process relocation: 6570:1340 (Invalid index: 392080)
Failed to process relocation: 6570:133b (Invalid index: 392075)
Failed to process relocation: 6570:1331 (Invalid index: 392065)
Failed to process relocation: 6570:132c (Invalid index: 392060)
Failed to process relocation: 6570:1324 (Invalid index: 392052)
Failed to process relocation: 6570:131a (Invalid index: 392042)
Failed to process relocation: 6570:1301 (Invalid index: 392017)
Failed to process relocation: 6570:12f8 (Invalid index: 392008)
Failed to process relocation: 6570:12ef (Invalid index: 391999)
Failed to process relocation: 6570:12e7 (Invalid index: 391991)
Failed to process relocation: 6570:12df (Invalid index: 391983)
Failed to process relocation: 6570:12d6 (Invalid index: 391974)
Failed to process relocation: 6570:12cd (Invalid index: 391965)
Failed to process relocation: 6570:12c5 (Invalid index: 391957)
Failed to process relocation: 6570:12bd (Invalid index: 391949)
Failed to process relocation: 6570:12b4 (Invalid index: 391940)
Failed to process relocation: 6570:12ab (Invalid index: 391931)
Failed to process relocation: 6570:12a3 (Invalid index: 391923)
Failed to process relocation: 6570:129b (Invalid index: 391915)
Failed to process relocation: 6570:1292 (Invalid index: 391906)
Failed to process relocation: 6570:128d (Invalid index: 391901)
Failed to process relocation: 6570:1285 (Invalid index: 391893)
Failed to process relocation: 6570:127d (Invalid index: 391885)
Failed to process relocation: 6570:1274 (Invalid index: 391876)
Failed to process relocation: 6570:126f (Invalid index: 391871)
Failed to process relocation: 6570:1266 (Invalid index: 391862)
Failed to process relocation: 6570:125c (Invalid index: 391852)
Failed to process relocation: 6570:1257 (Invalid index: 391847)
Failed to process relocation: 6570:124d (Invalid index: 391837)
Failed to process relocation: 6570:1248 (Invalid index: 391832)
Failed to process relocation: 6570:1240 (Invalid index: 391824)
Failed to process relocation: 6570:1236 (Invalid index: 391814)
Failed to process relocation: 6570:122e (Invalid index: 391806)
Failed to process relocation: 6570:1229 (Invalid index: 391801)
Failed to process relocation: 6570:1221 (Invalid index: 391793)
Failed to process relocation: 6570:1208 (Invalid index: 391768)
Failed to process relocation: 6570:11f4 (Invalid index: 391748)
Failed to process relocation: 6570:11ec (Invalid index: 391740)
Failed to process relocation: 6570:11e4 (Invalid index: 391732)
Failed to process relocation: 6570:11db (Invalid index: 391723)
Failed to process relocation: 6570:11c6 (Invalid index: 391702)
Failed to process relocation: 6570:11be (Invalid index: 391694)
Failed to process relocation: 6570:11b6 (Invalid index: 391686)
Failed to process relocation: 6570:11ad (Invalid index: 391677)
Failed to process relocation: 6570:1198 (Invalid index: 391656)
Failed to process relocation: 6570:1190 (Invalid index: 391648)
Failed to process relocation: 6570:1188 (Invalid index: 391640)
Failed to process relocation: 6570:117f (Invalid index: 391631)
Failed to process relocation: 6570:116a (Invalid index: 391610)
Failed to process relocation: 6570:1162 (Invalid index: 391602)
Failed to process relocation: 6570:115a (Invalid index: 391594)
Failed to process relocation: 6570:1151 (Invalid index: 391585)
Failed to process relocation: 6570:110b (Invalid index: 391515)
Failed to process relocation: 6570:1102 (Invalid index: 391506)
Failed to process relocation: 6570:10f9 (Invalid index: 391497)
Failed to process relocation: 6570:10f1 (Invalid index: 391489)
Failed to process relocation: 6570:10e9 (Invalid index: 391481)
Failed to process relocation: 6570:10e0 (Invalid index: 391472)
Failed to process relocation: 6570:10d7 (Invalid index: 391463)
Failed to process relocation: 6570:10cf (Invalid index: 391455)
Failed to process relocation: 6570:10c7 (Invalid index: 391447)
Failed to process relocation: 6570:10be (Invalid index: 391438)
Failed to process relocation: 6570:1496 (Invalid index: 392422)
Failed to process relocation: 6570:148b (Invalid index: 392411)
Failed to process relocation: 6570:1483 (Invalid index: 392403)
Failed to process relocation: 6570:147a (Invalid index: 392394)
Failed to process relocation: 6570:1472 (Invalid index: 392386)
Failed to process relocation: 6570:146a (Invalid index: 392378)
Failed to process relocation: 6570:1844 (Invalid index: 393364)
Failed to process relocation: 6570:1834 (Invalid index: 393348)
Failed to process relocation: 6570:1824 (Invalid index: 393332)
Failed to process relocation: 6570:17f6 (Invalid index: 393286)
Failed to process relocation: 6570:17d6 (Invalid index: 393254)
Failed to process relocation: 6570:17d1 (Invalid index: 393249)
Failed to process relocation: 6570:17c7 (Invalid index: 393239)
Failed to process relocation: 6570:17c2 (Invalid index: 393234)
Failed to process relocation: 6570:17b9 (Invalid index: 393225)
Failed to process relocation: 6570:17af (Invalid index: 393215)
Failed to process relocation: 6570:17aa (Invalid index: 393210)
Failed to process relocation: 6570:1791 (Invalid index: 393185)
Failed to process relocation: 6570:175c (Invalid index: 393132)
Failed to process relocation: 6570:172c (Invalid index: 393084)
Failed to process relocation: 6570:1708 (Invalid index: 393048)
Failed to process relocation: 6570:16f8 (Invalid index: 393032)
Failed to process relocation: 6570:16e8 (Invalid index: 393016)
Failed to process relocation: 6570:16d8 (Invalid index: 393000)
Failed to process relocation: 6570:16c8 (Invalid index: 392984)
Failed to process relocation: 6570:16b9 (Invalid index: 392969)
Failed to process relocation: 6570:1692 (Invalid index: 392930)
Failed to process relocation: 6570:1675 (Invalid index: 392901)
Failed to process relocation: 6570:166c (Invalid index: 392892)
Failed to process relocation: 6570:165d (Invalid index: 392877)
Failed to process relocation: 6570:162f (Invalid index: 392831)
Failed to process relocation: 6570:15f0 (Invalid index: 392768)
Failed to process relocation: 6570:15c9 (Invalid index: 392729)
Failed to process relocation: 6570:15b9 (Invalid index: 392713)
Failed to process relocation: 6570:15a9 (Invalid index: 392697)
Failed to process relocation: 6570:1599 (Invalid index: 392681)
Failed to process relocation: 6570:1589 (Invalid index: 392665)
Failed to process relocation: 6570:157a (Invalid index: 392650)
Failed to process relocation: 6570:1562 (Invalid index: 392626)
Failed to process relocation: 6570:1557 (Invalid index: 392615)
Failed to process relocation: 6570:1548 (Invalid index: 392600)
Failed to process relocation: 6570:151e (Invalid index: 392558)
Failed to process relocation: 6570:150e (Invalid index: 392542)
Failed to process relocation: 6570:14f6 (Invalid index: 392518)
Failed to process relocation: 6570:14aa (Invalid index: 392442)
Failed to process relocation: 6570:1c02 (Invalid index: 394322)
Failed to process relocation: 6570:1bfd (Invalid index: 394317)
Failed to process relocation: 6570:1bf4 (Invalid index: 394308)
Failed to process relocation: 6570:1bef (Invalid index: 394303)
Failed to process relocation: 6570:1bd7 (Invalid index: 394279)
Failed to process relocation: 6570:1bce (Invalid index: 394270)
Failed to process relocation: 6570:1bc5 (Invalid index: 394261)
Failed to process relocation: 6570:1bbc (Invalid index: 394252)
Failed to process relocation: 6570:1bb3 (Invalid index: 394243)
Failed to process relocation: 6570:1baa (Invalid index: 394234)
Failed to process relocation: 6570:1ba1 (Invalid index: 394225)
Failed to process relocation: 6570:1b98 (Invalid index: 394216)
Failed to process relocation: 6570:1b8f (Invalid index: 394207)
Failed to process relocation: 6570:1b86 (Invalid index: 394198)
Failed to process relocation: 6570:1b61 (Invalid index: 394161)
Failed to process relocation: 6570:1b4e (Invalid index: 394142)
Failed to process relocation: 6570:1b49 (Invalid index: 394137)
Failed to process relocation: 6570:1b41 (Invalid index: 394129)
Failed to process relocation: 6570:1b33 (Invalid index: 394115)
Failed to process relocation: 6570:1b2e (Invalid index: 394110)
Failed to process relocation: 6570:1b25 (Invalid index: 394101)
Failed to process relocation: 6570:1ab2 (Invalid index: 393986)
Failed to process relocation: 6570:1a53 (Invalid index: 393891)
Failed to process relocation: 6570:1a4a (Invalid index: 393882)
Failed to process relocation: 6570:1a1c (Invalid index: 393836)
Failed to process relocation: 6570:1a17 (Invalid index: 393831)
Failed to process relocation: 6570:1a0e (Invalid index: 393822)
Failed to process relocation: 6570:1a03 (Invalid index: 393811)
Failed to process relocation: 6570:19fe (Invalid index: 393806)
Failed to process relocation: 6570:19f5 (Invalid index: 393797)
Failed to process relocation: 6570:19d1 (Invalid index: 393761)
Failed to process relocation: 6570:197c (Invalid index: 393676)
Failed to process relocation: 6570:195a (Invalid index: 393642)
Failed to process relocation: 6570:194a (Invalid index: 393626)
Failed to process relocation: 6570:193a (Invalid index: 393610)
Failed to process relocation: 6570:18fd (Invalid index: 393549)
Failed to process relocation: 6570:18d7 (Invalid index: 393511)
Failed to process relocation: 6570:18b9 (Invalid index: 393481)
Failed to process relocation: 6570:18a5 (Invalid index: 393461)
Failed to process relocation: 6570:1886 (Invalid index: 393430)
Failed to process relocation: 6570:1864 (Invalid index: 393396)
Failed to process relocation: 6570:1854 (Invalid index: 393380)
Failed to process relocation: 6570:1fb2 (Invalid index: 395266)
Failed to process relocation: 6570:1fa9 (Invalid index: 395257)
Failed to process relocation: 6570:1f93 (Invalid index: 395235)
Failed to process relocation: 6570:1f8a (Invalid index: 395226)
Failed to process relocation: 6570:1f81 (Invalid index: 395217)
Failed to process relocation: 6570:1f78 (Invalid index: 395208)
Failed to process relocation: 6570:1f3c (Invalid index: 395148)
Failed to process relocation: 6570:1f37 (Invalid index: 395143)
Failed to process relocation: 6570:1f2d (Invalid index: 395133)
Failed to process relocation: 6570:1f28 (Invalid index: 395128)
Failed to process relocation: 6570:1f1f (Invalid index: 395119)
Failed to process relocation: 6570:1f15 (Invalid index: 395109)
Failed to process relocation: 6570:1f10 (Invalid index: 395104)
Failed to process relocation: 6570:1f01 (Invalid index: 395089)
Failed to process relocation: 6570:1ebe (Invalid index: 395022)
 (ProgramLoader)  
INFO  IMPORTING: Loaded 0 additional files (HeadlessAnalyzer)  
INFO  REPORT: Execute script: MarkOverlayThunks 'pre' '3ab8'  (HeadlessAnalyzer)  
INFO  SCRIPT: C:\prog\jwcad\ghidra_scripts\MarkOverlayThunks.java (HeadlessAnalyzer)  
INFO  MarkOverlayThunks.java> cd 3f sites: 116 (GhidraScript)  
INFO  MarkOverlayThunks.java> overlay trap operands marked as data: 116 of 116 (GhidraScript)  
INFO  ANALYZING all memory and code: file:///C:/prog/jwcad/ovl/jw20.exe (HeadlessAnalyzer)  
ERROR Failed to create function at 28b3:0f86 since its body contains referring thunk at 28b3:0ee9 (CreateFunctionCmd)  
WARN  Decompiling 32b2:0d40, pcode error at 3000:5054: Unable to resolve constructor at 3000:5054 (DecompileCallback)  
WARN  Decompiling 32b2:0d40, pcode error at 3000:b9da: Unable to resolve constructor at 3000:b9da (DecompileCallback)  
WARN  Decompiling 12c1:097e, pcode error at 1000:5097: Unable to resolve constructor at 1000:5097 (DecompileCallback)  
WARN  Decompiling 1000:0a81, pcode error at 1000:0a6f: Unable to resolve constructor at 1000:0a6f (DecompileCallback)  
WARN  Decompiling 1000:0a81, pcode error at 1000:0a4b: Unable to resolve constructor at 1000:0a4b (DecompileCallback)  
WARN  Decompiling 1000:0a81, pcode error at 1000:0818: Unable to resolve constructor at 1000:0818 (DecompileCallback)  
WARN  Decompiling 32b2:1528: Unable to read bytes at ram:0000:7be2 (DecompileCallback)  
WARN  Decompiling 21f2:246e, pcode error at 2000:3158: Unable to resolve constructor at 2000:3158 (DecompileCallback)  
WARN  Decompiling 21f2:246e, pcode error at 2000:7191: Unable to resolve constructor at 2000:7191 (DecompileCallback)  
INFO  Packed database cache: C:\Users\yomei\AppData\Local\ghidra\packed-db-cache (PackedDatabaseCache)  
INFO  Applied data type archive: generic_clib (ApplyDataArchiveAnalyzer)  
INFO  -----------------------------------------------------
    ASCII Strings                              0.331 secs
    Apply Data Archives                        0.562 secs
    Call Convention ID                         0.002 secs
    Call-Fixup Installer                       0.020 secs
    Create Function                            0.422 secs
    Data Reference                             0.039 secs
    Decompiler Switch Analysis                19.126 secs
    Demangler GNU                              0.046 secs
    Disassemble                                2.045 secs
    Disassemble Entry Points                   0.180 secs
    Embedded Media                             0.020 secs
    External Entry References                  0.000 secs
    Function ID                                0.121 secs
    Function Start Search                      0.018 secs
    Non-Returning Functions - Discovered       0.491 secs
    Reference                                  0.052 secs
    Segmented X86 Calling Conventions          0.002 secs
    Shared Return Calls                        0.164 secs
    Stack                                      2.737 secs
    Subroutine References                      0.110 secs
    Subroutine References - One Time           0.000 secs
    X86 Function Callee Purge                  0.136 secs
    x86 Constant Reference Analyzer            1.835 secs
-----------------------------------------------------
     Total Time   28 secs
-----------------------------------------------------
 (AutoAnalysisManager)  
INFO  REPORT: Analysis succeeded for file: file:///C:/prog/jwcad/ovl/jw20.exe (HeadlessAnalyzer)  
INFO  REPORT: Execute script: MarkOverlayThunks 'post' '3ab8' 'C:\prog\jwcad\entries\20.txt' '20'  (HeadlessAnalyzer)  
INFO  SCRIPT: C:\prog\jwcad\ghidra_scripts\MarkOverlayThunks.java (HeadlessAnalyzer)  
INFO  MarkOverlayThunks.java> cd 3f sites: 116 (GhidraScript)  
INFO  MarkOverlayThunks.java> overlay traps given a fall-through: 116, references added: 3 (GhidraScript)  
INFO  MarkOverlayThunks.java> overlay entry points seeded: 5 (GhidraScript)  
INFO  MarkOverlayThunks.java> overlay hole cleared: 0 stray functions (GhidraScript)  
INFO  REPORT: Execute script: DecompileAll 'C:\prog\jwcad\out\ovl20' '3ab8' '4375'  (HeadlessAnalyzer)  
INFO  SCRIPT: C:\prog\jwcad\ghidra_scripts\DecompileAll.java (HeadlessAnalyzer)  
INFO  DecompileAll.java> decompiled 20 functions, 0 failed (GhidraScript)  
INFO  ANALYZING changes made by post scripts: file:///C:/prog/jwcad/ovl/jw20.exe (HeadlessAnalyzer)  
INFO  REPORT: Post-analysis succeeded for file: file:///C:/prog/jwcad/ovl/jw20.exe (HeadlessAnalyzer)  
INFO  /jw20.exe: file created (yomei) (LocalFileSystem)  
INFO  REPORT: Save succeeded for: /jw20.exe (ovl20:/jw20.exe) (HeadlessAnalyzer)  
INFO  REPORT: Import succeeded (HeadlessAnalyzer)  
