INFO  Using log config file: jar:file:/C:/prog/ghidra/ghidra_12.1.3_PUBLIC/Ghidra/Framework/Generic/lib/Generic.jar!/generic.log4j.xml (LoggingInitialization)  
INFO  Using log file: C:\Users\yomei\AppData\Roaming\ghidra\ghidra_12.1.3_PUBLIC\application.log (LoggingInitialization)  
INFO  Loading user preferences: C:\Users\yomei\AppData\Roaming\ghidra\ghidra_12.1.3_PUBLIC\preferences (Preferences)  
INFO  Searching for classes... (ClassSearcher)  
INFO  Class search complete (1033 ms) (ClassSearcher)  
INFO  Initializing SSL Context (DefaultSSLContextInitializer)  
INFO  Initializing Random Number Generator... (SecureRandomFactory)  
INFO  Random Number Generator initialization complete: SHA1PRNG (SecureRandomFactory)  
INFO  Trust manager disabled, cacerts have not been set (DefaultTrustManagerFactory)  
INFO  Headless startup complete (10056 ms) (AnalyzeHeadless)  
INFO  Class searcher loaded 59 extension points (20 false positives) (ClassSearcher)  
INFO  HEADLESS Script Paths:
    C:\prog\ghidra\ghidra_12.1.3_PUBLIC\Ghidra\Debug\Debugger-rmi-trace\ghidra_scripts
    C:\prog\ghidra\ghidra_12.1.3_PUBLIC\Ghidra\Features\FileFormats\ghidra_scripts
    C:\prog\ghidra\ghidra_12.1.3_PUBLIC\Ghidra\Features\GnuDemangler\ghidra_scripts
    C:\prog\ghidra\ghidra_12.1.3_PUBLIC\Ghidra\Features\VersionTracking\ghidra_scripts
    C:\prog\ghidra\ghidra_12.1.3_PUBLIC\Ghidra\Debug\Debugger\ghidra_scripts
    C:\prog\ghidra\ghidra_12.1.3_PUBLIC\Ghidra\Processors\8051\ghidra_scripts
    C:\prog\ghidra\ghidra_12.1.3_PUBLIC\Ghidra\Features\BSim\ghidra_scripts
    C:\prog\ghidra\ghidra_12.1.3_PUBLIC\Ghidra\Features\WildcardAssembler\ghidra_scripts
    C:\prog\ghidra\ghidra_12.1.3_PUBLIC\Ghidra\Features\FunctionID\ghidra_scripts
    C:\prog\ghidra\ghidra_12.1.3_PUBLIC\Ghidra\Features\SystemEmulation\ghidra_scripts
    C:\prog\ghidra\ghidra_12.1.3_PUBLIC\Ghidra\Processors\PIC\ghidra_scripts
    C:\prog\ghidra\ghidra_12.1.3_PUBLIC\Ghidra\Features\PDB\ghidra_scripts
    C:\prog\ghidra\ghidra_12.1.3_PUBLIC\Ghidra\Features\DecompilerDependent\ghidra_scripts
    C:\prog\ghidra\ghidra_12.1.3_PUBLIC\Ghidra\Features\SwiftDemangler\ghidra_scripts
    C:\prog\ghidra\ghidra_12.1.3_PUBLIC\Ghidra\Features\MicrosoftCodeAnalyzer\ghidra_scripts
    C:\prog\ghidra\ghidra_12.1.3_PUBLIC\Ghidra\Processors\DATA\ghidra_scripts
    C:\prog\ghidra\ghidra_12.1.3_PUBLIC\Ghidra\Features\Decompiler\ghidra_scripts
    C:\prog\ghidra\ghidra_12.1.3_PUBLIC\Ghidra\Features\BytePatterns\ghidra_scripts
    C:\prog\ghidra\ghidra_12.1.3_PUBLIC\Ghidra\Features\PyGhidra\ghidra_scripts
    C:\prog\ghidra\ghidra_12.1.3_PUBLIC\Ghidra\Processors\Atmel\ghidra_scripts
    C:\prog\ghidra\ghidra_12.1.3_PUBLIC\Ghidra\Features\Base\ghidra_scripts
    C:\prog\jwcad\ghidra_scripts
    C:\prog\ghidra\ghidra_12.1.3_PUBLIC\Ghidra\Processors\JVM\ghidra_scripts (HeadlessAnalyzer)  
INFO  HEADLESS: execution starts (HeadlessAnalyzer)  
INFO  Creating temporary project: C:\prog\jwcad\proj\ovl09 (HeadlessAnalyzer)  
INFO  Creating project: C:\prog\jwcad\proj\ovl09 (DefaultProject)  
INFO  REPORT: Processing input files:  (HeadlessAnalyzer)  
INFO       project: C:\prog\jwcad\proj\ovl09 (HeadlessAnalyzer)  
INFO  IMPORTING: file:///C:/prog/jwcad/ovl/jw09.exe (HeadlessAnalyzer)  
INFO  Using Loader: Old-style DOS Executable (MZ) (ProgramLoader)  
INFO  Using Language/Compiler: x86:LE:16:Real Mode:default (ProgramLoader)  
INFO  Using Library Search Path: [., C:\Windows\SysWOW64, C:\prog\ghidra\jdk21\bin, C:\Windows\Sun\Java\bin, C:\Windows\system32, C:\Windows, C:\Program Files\Python312\Scripts\, C:\Program Files\Python312\, C:\Windows\System32\Wbem, C:\Windows\System32\WindowsPowerShell\v1.0\, C:\Windows\System32\OpenSSH\, C:\Program Files\Amazon\AWSCLIV2\, C:\ProgramData\chocolatey\bin, C:\ffmpeg, C:\Users\yomei\AppData\Local\Microsoft\WindowsApps] (ProgramLoader)  
INFO  Additional info:
There were too many messages to display.
1010 messages have been truncated.

Loading file:///C:/prog/jwcad/ovl/jw09.exe?MD5=69060f4a612ed58a1f3b8f5a8f636043...
Failed to process relocation: 6570:0074 (Invalid index: 384212)
Failed to process relocation: 6570:004a (Invalid index: 384170)
Failed to process relocation: 6570:003b (Invalid index: 384155)
Failed to process relocation: 6570:0025 (Invalid index: 384133)
Failed to process relocation: 6570:0017 (Invalid index: 384119)
Failed to process relocation: 6570:0008 (Invalid index: 384104)
Failed to process relocation: 6570:0431 (Invalid index: 385169)
Failed to process relocation: 6570:0417 (Invalid index: 385143)
Failed to process relocation: 6570:03fd (Invalid index: 385117)
Failed to process relocation: 6570:0365 (Invalid index: 384965)
Failed to process relocation: 6570:034b (Invalid index: 384939)
Failed to process relocation: 6570:0331 (Invalid index: 384913)
Failed to process relocation: 6570:02ab (Invalid index: 384779)
Failed to process relocation: 6570:027b (Invalid index: 384731)
Failed to process relocation: 6570:0271 (Invalid index: 384721)
Failed to process relocation: 6570:026c (Invalid index: 384716)
Failed to process relocation: 6570:0263 (Invalid index: 384707)
Failed to process relocation: 6570:0259 (Invalid index: 384697)
Failed to process relocation: 6570:0254 (Invalid index: 384692)
Failed to process relocation: 6570:024b (Invalid index: 384683)
Failed to process relocation: 6570:01f8 (Invalid index: 384600)
Failed to process relocation: 6570:0181 (Invalid index: 384481)
Failed to process relocation: 6570:016e (Invalid index: 384462)
Failed to process relocation: 6570:0159 (Invalid index: 384441)
Failed to process relocation: 6570:013b (Invalid index: 384411)
Failed to process relocation: 6570:011e (Invalid index: 384382)
Failed to process relocation: 6570:010e (Invalid index: 384366)
Failed to process relocation: 6570:00fe (Invalid index: 384350)
Failed to process relocation: 6570:00ee (Invalid index: 384334)
Failed to process relocation: 6570:00d2 (Invalid index: 384306)
Failed to process relocation: 6570:008a (Invalid index: 384234)
Failed to process relocation: 6570:07d5 (Invalid index: 386101)
Failed to process relocation: 6570:0791 (Invalid index: 386033)
Failed to process relocation: 6570:077e (Invalid index: 386014)
Failed to process relocation: 6570:0769 (Invalid index: 385993)
Failed to process relocation: 6570:0743 (Invalid index: 385955)
Failed to process relocation: 6570:0733 (Invalid index: 385939)
Failed to process relocation: 6570:0723 (Invalid index: 385923)
Failed to process relocation: 6570:06ff (Invalid index: 385887)
Failed to process relocation: 6570:06ef (Invalid index: 385871)
Failed to process relocation: 6570:06de (Invalid index: 385854)
Failed to process relocation: 6570:06d3 (Invalid index: 385843)
Failed to process relocation: 6570:06c5 (Invalid index: 385829)
Failed to process relocation: 6570:0668 (Invalid index: 385736)
Failed to process relocation: 6570:0663 (Invalid index: 385731)
Failed to process relocation: 6570:0659 (Invalid index: 385721)
Failed to process relocation: 6570:0654 (Invalid index: 385716)
Failed to process relocation: 6570:064b (Invalid index: 385707)
Failed to process relocation: 6570:0641 (Invalid index: 385697)
Failed to process relocation: 6570:063c (Invalid index: 385692)
Failed to process relocation: 6570:060e (Invalid index: 385646)
Failed to process relocation: 6570:0542 (Invalid index: 385442)
Failed to process relocation: 6570:04eb (Invalid index: 385355)
Failed to process relocation: 6570:0b92 (Invalid index: 387058)
Failed to process relocation: 6570:0b8d (Invalid index: 387053)
Failed to process relocation: 6570:0b84 (Invalid index: 387044)
Failed to process relocation: 6570:0b79 (Invalid index: 387033)
Failed to process relocation: 6570:0b74 (Invalid index: 387028)
Failed to process relocation: 6570:0b6b (Invalid index: 387019)
Failed to process relocation: 6570:0b60 (Invalid index: 387008)
Failed to process relocation: 6570:0b5b (Invalid index: 387003)
Failed to process relocation: 6570:0b49 (Invalid index: 386985)
Failed to process relocation: 6570:0b32 (Invalid index: 386962)
Failed to process relocation: 6570:0b2d (Invalid index: 386957)
Failed to process relocation: 6570:0b24 (Invalid index: 386948)
Failed to process relocation: 6570:0af9 (Invalid index: 386905)
Failed to process relocation: 6570:0af4 (Invalid index: 386900)
Failed to process relocation: 6570:0aeb (Invalid index: 386891)
Failed to process relocation: 6570:0ac0 (Invalid index: 386848)
Failed to process relocation: 6570:0abb (Invalid index: 386843)
Failed to process relocation: 6570:0ab2 (Invalid index: 386834)
Failed to process relocation: 6570:0aad (Invalid index: 386829)
Failed to process relocation: 6570:0aa4 (Invalid index: 386820)
Failed to process relocation: 6570:0a9b (Invalid index: 386811)
Failed to process relocation: 6570:0a92 (Invalid index: 386802)
Failed to process relocation: 6570:0a89 (Invalid index: 386793)
Failed to process relocation: 6570:0a80 (Invalid index: 386784)
Failed to process relocation: 6570:0a77 (Invalid index: 386775)
Failed to process relocation: 6570:0a4c (Invalid index: 386732)
Failed to process relocation: 6570:0a47 (Invalid index: 386727)
Failed to process relocation: 6570:0a3e (Invalid index: 386718)
Failed to process relocation: 6570:0a13 (Invalid index: 386675)
Failed to process relocation: 6570:0a0e (Invalid index: 386670)
Failed to process relocation: 6570:0a05 (Invalid index: 386661)
Failed to process relocation: 6570:09fc (Invalid index: 386652)
Failed to process relocation: 6570:09f4 (Invalid index: 386644)
Failed to process relocation: 6570:09eb (Invalid index: 386635)
Failed to process relocation: 6570:09e6 (Invalid index: 386630)
Failed to process relocation: 6570:09dd (Invalid index: 386621)
Failed to process relocation: 6570:09d4 (Invalid index: 386612)
Failed to process relocation: 6570:09cb (Invalid index: 386603)
Failed to process relocation: 6570:09c2 (Invalid index: 386594)
Failed to process relocation: 6570:09b9 (Invalid index: 386585)
Failed to process relocation: 6570:09b0 (Invalid index: 386576)
Failed to process relocation: 6570:09a8 (Invalid index: 386568)
Failed to process relocation: 6570:099f (Invalid index: 386559)
Failed to process relocation: 6570:0996 (Invalid index: 386550)
Failed to process relocation: 6570:098d (Invalid index: 386541)
Failed to process relocation: 6570:0985 (Invalid index: 386533)
Failed to process relocation: 6570:097c (Invalid index: 386524)
Failed to process relocation: 6570:0973 (Invalid index: 386515)
Failed to process relocation: 6570:0942 (Invalid index: 386466)
Failed to process relocation: 6570:091c (Invalid index: 386428)
Failed to process relocation: 6570:08ff (Invalid index: 386399)
Failed to process relocation: 6570:08d1 (Invalid index: 386353)
Failed to process relocation: 6570:08ca (Invalid index: 386346)
Failed to process relocation: 6570:08b7 (Invalid index: 386327)
Failed to process relocation: 6570:08a2 (Invalid index: 386306)
Failed to process relocation: 6570:0893 (Invalid index: 386291)
Failed to process relocation: 6570:0886 (Invalid index: 386278)
Failed to process relocation: 6570:0881 (Invalid index: 386273)
Failed to process relocation: 6570:0ef4 (Invalid index: 387924)
Failed to process relocation: 6570:0eef (Invalid index: 387919)
Failed to process relocation: 6570:0ee5 (Invalid index: 387909)
Failed to process relocation: 6570:0ee0 (Invalid index: 387904)
Failed to process relocation: 6570:0ed7 (Invalid index: 387895)
Failed to process relocation: 6570:0ecd (Invalid index: 387885)
Failed to process relocation: 6570:0ec8 (Invalid index: 387880)
Failed to process relocation: 6570:0d46 (Invalid index: 387494)
Failed to process relocation: 6570:0d41 (Invalid index: 387489)
Failed to process relocation: 6570:0d38 (Invalid index: 387480)
Failed to process relocation: 6570:0d33 (Invalid index: 387475)
Failed to process relocation: 6570:0d29 (Invalid index: 387465)
Failed to process relocation: 6570:0d20 (Invalid index: 387456)
Failed to process relocation: 6570:0d16 (Invalid index: 387446)
Failed to process relocation: 6570:0d11 (Invalid index: 387441)
Failed to process relocation: 6570:0d08 (Invalid index: 387432)
Failed to process relocation: 6570:0cfe (Invalid index: 387422)
Failed to process relocation: 6570:0cf9 (Invalid index: 387417)
Failed to process relocation: 6570:0cf0 (Invalid index: 387408)
Failed to process relocation: 6570:0ceb (Invalid index: 387403)
Failed to process relocation: 6570:0ce1 (Invalid index: 387393)
Failed to process relocation: 6570:0cd8 (Invalid index: 387384)
Failed to process relocation: 6570:0cce (Invalid index: 387374)
Failed to process relocation: 6570:0cc9 (Invalid index: 387369)
Failed to process relocation: 6570:0cc0 (Invalid index: 387360)
Failed to process relocation: 6570:0cb6 (Invalid index: 387350)
Failed to process relocation: 6570:0cb1 (Invalid index: 387345)
Failed to process relocation: 6570:0c9e (Invalid index: 387326)
Failed to process relocation: 6570:0c99 (Invalid index: 387321)
Failed to process relocation: 6570:0c8f (Invalid index: 387311)
Failed to process relocation: 6570:0c8a (Invalid index: 387306)
Failed to process relocation: 6570:0c81 (Invalid index: 387297)
Failed to process relocation: 6570:0c77 (Invalid index: 387287)
Failed to process relocation: 6570:0c72 (Invalid index: 387282)
Failed to process relocation: 6570:0c69 (Invalid index: 387273)
Failed to process relocation: 6570:0c5f (Invalid index: 387263)
Failed to process relocation: 6570:0c5a (Invalid index: 387258)
Failed to process relocation: 6570:0c51 (Invalid index: 387249)
Failed to process relocation: 6570:0c47 (Invalid index: 387239)
Failed to process relocation: 6570:0c42 (Invalid index: 387234)
Failed to process relocation: 6570:0c26 (Invalid index: 387206)
Failed to process relocation: 6570:0bd9 (Invalid index: 387129)
Failed to process relocation: 6570:0bca (Invalid index: 387114)
Failed to process relocation: 6570:0bbc (Invalid index: 387100)
Failed to process relocation: 6570:0bab (Invalid index: 387083)
Failed to process relocation: 6570:0ba6 (Invalid index: 387078)
Failed to process relocation: 6570:0b9d (Invalid index: 387069)
Failed to process relocation: 6570:12f2 (Invalid index: 388946)
Failed to process relocation: 6570:12e8 (Invalid index: 388936)
Failed to process relocation: 6570:12e3 (Invalid index: 388931)
Failed to process relocation: 6570:12da (Invalid index: 388922)
Failed to process relocation: 6570:12d0 (Invalid index: 388912)
Failed to process relocation: 6570:12cb (Invalid index: 388907)
Failed to process relocation: 6570:12c2 (Invalid index: 388898)
Failed to process relocation: 6570:12b8 (Invalid index: 388888)
Failed to process relocation: 6570:12b3 (Invalid index: 388883)
Failed to process relocation: 6570:12aa (Invalid index: 388874)
Failed to process relocation: 6570:12a0 (Invalid index: 388864)
Failed to process relocation: 6570:129b (Invalid index: 388859)
Failed to process relocation: 6570:127b (Invalid index: 388827)
Failed to process relocation: 6570:1236 (Invalid index: 388758)
Failed to process relocation: 6570:1231 (Invalid index: 388753)
Failed to process relocation: 6570:122c (Invalid index: 388748)
Failed to process relocation: 6570:1223 (Invalid index: 388739)
Failed to process relocation: 6570:121a (Invalid index: 388730)
Failed to process relocation: 6570:1211 (Invalid index: 388721)
Failed to process relocation: 6570:1208 (Invalid index: 388712)
Failed to process relocation: 6570:11ff (Invalid index: 388703)
Failed to process relocation: 6570:11f6 (Invalid index: 388694)
Failed to process relocation: 6570:11ed (Invalid index: 388685)
Failed to process relocation: 6570:11e4 (Invalid index: 388676)
Failed to process relocation: 6570:11df (Invalid index: 388671)
Failed to process relocation: 6570:11d6 (Invalid index: 388662)
Failed to process relocation: 6570:11cd (Invalid index: 388653)
Failed to process relocation: 6570:11c4 (Invalid index: 388644)
Failed to process relocation: 6570:11bb (Invalid index: 388635)
Failed to process relocation: 6570:11b2 (Invalid index: 388626)
Failed to process relocation: 6570:11a9 (Invalid index: 388617)
Failed to process relocation: 6570:11a0 (Invalid index: 388608)
Failed to process relocation: 6570:118f (Invalid index: 388591)
Failed to process relocation: 6570:1181 (Invalid index: 388577)
Failed to process relocation: 6570:1162 (Invalid index: 388546)
Failed to process relocation: 6570:111a (Invalid index: 388474)
Failed to process relocation: 6570:10ae (Invalid index: 388366)
Failed to process relocation: 6570:106d (Invalid index: 388301)
Failed to process relocation: 6570:1068 (Invalid index: 388296)
Failed to process relocation: 6570:105e (Invalid index: 388286)
Failed to process relocation: 6570:1055 (Invalid index: 388277)
Failed to process relocation: 6570:104b (Invalid index: 388267)
Failed to process relocation: 6570:1046 (Invalid index: 388262)
Failed to process relocation: 6570:103d (Invalid index: 388253)
Failed to process relocation: 6570:1033 (Invalid index: 388243)
Failed to process relocation: 6570:102e (Invalid index: 388238)
Failed to process relocation: 6570:1025 (Invalid index: 388229)
Failed to process relocation: 6570:1015 (Invalid index: 388213)
Failed to process relocation: 6570:1010 (Invalid index: 388208)
Failed to process relocation: 6570:1006 (Invalid index: 388198)
Failed to process relocation: 6570:1001 (Invalid index: 388193)
Failed to process relocation: 6570:0ff8 (Invalid index: 388184)
Failed to process relocation: 6570:0fee (Invalid index: 388174)
Failed to process relocation: 6570:0fe9 (Invalid index: 388169)
Failed to process relocation: 6570:0fe0 (Invalid index: 388160)
Failed to process relocation: 6570:0fd6 (Invalid index: 388150)
Failed to process relocation: 6570:0fd1 (Invalid index: 388145)
Failed to process relocation: 6570:0fc8 (Invalid index: 388136)
Failed to process relocation: 6570:0fbe (Invalid index: 388126)
Failed to process relocation: 6570:0fb9 (Invalid index: 388121)
Failed to process relocation: 6570:0fa6 (Invalid index: 388102)
Failed to process relocation: 6570:16a5 (Invalid index: 389893)
Failed to process relocation: 6570:1662 (Invalid index: 389826)
Failed to process relocation: 6570:1654 (Invalid index: 389812)
Failed to process relocation: 6570:161e (Invalid index: 389758)
Failed to process relocation: 6570:15ec (Invalid index: 389708)
Failed to process relocation: 6570:15de (Invalid index: 389694)
Failed to process relocation: 6570:1518 (Invalid index: 389496)
Failed to process relocation: 6570:150f (Invalid index: 389487)
Failed to process relocation: 6570:1505 (Invalid index: 389477)
Failed to process relocation: 6570:1500 (Invalid index: 389472)
Failed to process relocation: 6570:14f7 (Invalid index: 389463)
Failed to process relocation: 6570:14ed (Invalid index: 389453)
Failed to process relocation: 6570:14e8 (Invalid index: 389448)
Failed to process relocation: 6570:14a4 (Invalid index: 389380)
Failed to process relocation: 6570:1488 (Invalid index: 389352)
Failed to process relocation: 6570:1416 (Invalid index: 389238)
Failed to process relocation: 6570:1406 (Invalid index: 389222)
Failed to process relocation: 6570:13fc (Invalid index: 389212)
Failed to process relocation: 6570:13f7 (Invalid index: 389207)
Failed to process relocation: 6570:13ee (Invalid index: 389198)
Failed to process relocation: 6570:13e4 (Invalid index: 389188)
Failed to process relocation: 6570:13df (Invalid index: 389183)
Failed to process relocation: 6570:13d6 (Invalid index: 389174)
Failed to process relocation: 6570:13cc (Invalid index: 389164)
Failed to process relocation: 6570:13c7 (Invalid index: 389159)
Failed to process relocation: 6570:13be (Invalid index: 389150)
Failed to process relocation: 6570:13b4 (Invalid index: 389140)
Failed to process relocation: 6570:13af (Invalid index: 389135)
Failed to process relocation: 6570:138f (Invalid index: 389103)
Failed to process relocation: 6570:1373 (Invalid index: 389075)
Failed to process relocation: 6570:133d (Invalid index: 389021)
Failed to process relocation: 6570:1302 (Invalid index: 388962)
Failed to process relocation: 6570:19ea (Invalid index: 390730)
Failed to process relocation: 6570:19e1 (Invalid index: 390721)
Failed to process relocation: 6570:19d7 (Invalid index: 390711)
Failed to process relocation: 6570:19d2 (Invalid index: 390706)
Failed to process relocation: 6570:19c9 (Invalid index: 390697)
Failed to process relocation: 6570:19bf (Invalid index: 390687)
Failed to process relocation: 6570:19ba (Invalid index: 390682)
Failed to process relocation: 6570:1961 (Invalid index: 390593)
Failed to process relocation: 6570:1951 (Invalid index: 390577)
Failed to process relocation: 6570:1947 (Invalid index: 390567)
Failed to process relocation: 6570:1942 (Invalid index: 390562)
Failed to process relocation: 6570:1939 (Invalid index: 390553)
Failed to process relocation: 6570:192f (Invalid index: 390543)
Failed to process relocation: 6570:192a (Invalid index: 390538)
Failed to process relocation: 6570:1921 (Invalid index: 390529)
Failed to process relocation: 6570:1917 (Invalid index: 390519)
Failed to process relocation: 6570:1912 (Invalid index: 390514)
Failed to process relocation: 6570:1909 (Invalid index: 390505)
Failed to process relocation: 6570:18ff (Invalid index: 390495)
Failed to process relocation: 6570:18fa (Invalid index: 390490)
Failed to process relocation: 6570:18da (Invalid index: 390458)
Failed to process relocation: 6570:18be (Invalid index: 390430)
Failed to process relocation: 6570:1888 (Invalid index: 390376)
Failed to process relocation: 6570:1878 (Invalid index: 390360)
Failed to process relocation: 6570:1873 (Invalid index: 390355)
Failed to process relocation: 6570:186e (Invalid index: 390350)
Failed to process relocation: 6570:1865 (Invalid index: 390341)
Failed to process relocation: 6570:185c (Invalid index: 390332)
Failed to process relocation: 6570:1853 (Invalid index: 390323)
Failed to process relocation: 6570:184a (Invalid index: 390314)
Failed to process relocation: 6570:1841 (Invalid index: 390305)
Failed to process relocation: 6570:1838 (Invalid index: 390296)
Failed to process relocation: 6570:182f (Invalid index: 390287)
Failed to process relocation: 6570:1826 (Invalid index: 390278)
Failed to process relocation: 6570:1821 (Invalid index: 390273)
Failed to process relocation: 6570:1818 (Invalid index: 390264)
Failed to process relocation: 6570:180f (Invalid index: 390255)
Failed to process relocation: 6570:1806 (Invalid index: 390246)
Failed to process relocation: 6570:17fd (Invalid index: 390237)
Failed to process relocation: 6570:17f4 (Invalid index: 390228)
Failed to process relocation: 6570:17eb (Invalid index: 390219)
Failed to process relocation: 6570:17e2 (Invalid index: 390210)
Failed to process relocation: 6570:17d6 (Invalid index: 390198)
Failed to process relocation: 6570:179c (Invalid index: 390140)
Failed to process relocation: 6570:1757 (Invalid index: 390071)
Failed to process relocation: 6570:1752 (Invalid index: 390066)
Failed to process relocation: 6570:174d (Invalid index: 390061)
Failed to process relocation: 6570:1744 (Invalid index: 390052)
Failed to process relocation: 6570:173b (Invalid index: 390043)
Failed to process relocation: 6570:1732 (Invalid index: 390034)
Failed to process relocation: 6570:1729 (Invalid index: 390025)
Failed to process relocation: 6570:1720 (Invalid index: 390016)
Failed to process relocation: 6570:1717 (Invalid index: 390007)
Failed to process relocation: 6570:170e (Invalid index: 389998)
Failed to process relocation: 6570:1705 (Invalid index: 389989)
Failed to process relocation: 6570:1700 (Invalid index: 389984)
Failed to process relocation: 6570:16f7 (Invalid index: 389975)
Failed to process relocation: 6570:16ee (Invalid index: 389966)
Failed to process relocation: 6570:16e5 (Invalid index: 389957)
Failed to process relocation: 6570:16dc (Invalid index: 389948)
Failed to process relocation: 6570:16d3 (Invalid index: 389939)
Failed to process relocation: 6570:16ca (Invalid index: 389930)
Failed to process relocation: 6570:16c1 (Invalid index: 389921)
Failed to process relocation: 6570:1d64 (Invalid index: 391620)
Failed to process relocation: 6570:1d5b (Invalid index: 391611)
Failed to process relocation: 6570:1d51 (Invalid index: 391601)
Failed to process relocation: 6570:1d4c (Invalid index: 391596)
Failed to process relocation: 6570:1d43 (Invalid index: 391587)
Failed to process relocation: 6570:1d39 (Invalid index: 391577)
Failed to process relocation: 6570:1d34 (Invalid index: 391572)
Failed to process relocation: 6570:1cf0 (Invalid index: 391504)
Failed to process relocation: 6570:1c93 (Invalid index: 391411)
Failed to process relocation: 6570:1c8e (Invalid index: 391406)
Failed to process relocation: 6570:1c89 (Invalid index: 391401)
Failed to process relocation: 6570:1c80 (Invalid index: 391392)
Failed to process relocation: 6570:1c77 (Invalid index: 391383)
Failed to process relocation: 6570:1c6e (Invalid index: 391374)
Failed to process relocation: 6570:1c65 (Invalid index: 391365)
Failed to process relocation: 6570:1c5c (Invalid index: 391356)
Failed to process relocation: 6570:1c53 (Invalid index: 391347)
Failed to process relocation: 6570:1c4a (Invalid index: 391338)
Failed to process relocation: 6570:1c41 (Invalid index: 391329)
Failed to process relocation: 6570:1c3c (Invalid index: 391324)
Failed to process relocation: 6570:1c33 (Invalid index: 391315)
Failed to process relocation: 6570:1c2a (Invalid index: 391306)
Failed to process relocation: 6570:1c21 (Invalid index: 391297)
Failed to process relocation: 6570:1c18 (Invalid index: 391288)
Failed to process relocation: 6570:1c0f (Invalid index: 391279)
Failed to process relocation: 6570:1c06 (Invalid index: 391270)
Failed to process relocation: 6570:1bfd (Invalid index: 391261)
Failed to process relocation: 6570:1be1 (Invalid index: 391233)
Failed to process relocation: 6570:1b3c (Invalid index: 391068)
Failed to process relocation: 6570:1aca (Invalid index: 390954)
Failed to process relocation: 6570:1abc (Invalid index: 390940)
Failed to process relocation: 6570:1a6e (Invalid index: 390862)
Failed to process relocation: 6570:1eee (Invalid index: 392014)
Failed to process relocation: 6570:1ed0 (Invalid index: 391984)
Failed to process relocation: 6570:1e9a (Invalid index: 391930)
Failed to process relocation: 6570:1e90 (Invalid index: 391920)
Failed to process relocation: 6570:1e85 (Invalid index: 391909)
Failed to process relocation: 6570:1e77 (Invalid index: 391895)
Failed to process relocation: 6570:1e45 (Invalid index: 391845)
Failed to process relocation: 6570:1e38 (Invalid index: 391832)
Failed to process relocation: 6570:2351 (Invalid index: 393137)
Failed to process relocation: 6570:234c (Invalid index: 393132)
Failed to process relocation: 6570:2344 (Invalid index: 393124)
Failed to process relocation: 6570:2336 (Invalid index: 393110)
Failed to process relocation: 6570:2331 (Invalid index: 393105)
Failed to process relocation: 6570:2329 (Invalid index: 393097)
Failed to process relocation: 6570:231e (Invalid index: 393086)
Failed to process relocation: 6570:2319 (Invalid index: 393081)
Failed to process relocation: 6570:2311 (Invalid index: 393073)
Failed to process relocation: 6570:2303 (Invalid index: 393059)
Failed to process relocation: 6570:22fe (Invalid index: 393054)
Failed to process relocation: 6570:22f6 (Invalid index: 393046)
Failed to process relocation: 6570:22eb (Invalid index: 393035)
Failed to process relocation: 6570:22e6 (Invalid index: 393030)
Failed to process relocation: 6570:22de (Invalid index: 393022)
Failed to process relocation: 6570:22a6 (Invalid index: 392966)
Failed to process relocation: 6570:227f (Invalid index: 392927)
Failed to process relocation: 6570:2244 (Invalid index: 392868)
Failed to process relocation: 6570:220d (Invalid index: 392813)
Failed to process relocation: 6570:2205 (Invalid index: 392805)
Failed to process relocation: 6570:21fd (Invalid index: 392797)
Failed to process relocation: 6570:21f5 (Invalid index: 392789)
Failed to process relocation: 6570:21ec (Invalid index: 392780)
Failed to process relocation: 6570:21e4 (Invalid index: 392772)
Failed to process relocation: 6570:21db (Invalid index: 392763)
Failed to process relocation: 6570:21d3 (Invalid index: 392755)
Failed to process relocation: 6570:21ca (Invalid index: 392746)
Failed to process relocation: 6570:21c2 (Invalid index: 392738)
Failed to process relocation: 6570:21b9 (Invalid index: 392729)
Failed to process relocation: 6570:21b0 (Invalid index: 392720)
Failed to process relocation: 6570:21a8 (Invalid index: 392712)
Failed to process relocation: 6570:219e (Invalid index: 392702)
Failed to process relocation: 6570:2195 (Invalid index: 392693)
Failed to process relocation: 6570:218b (Invalid index: 392683)
Failed to process relocation: 6570:2186 (Invalid index: 392678)
Failed to process relocation: 6570:217e (Invalid index: 392670)
Failed to process relocation: 6570:2174 (Invalid index: 392660)
Failed to process relocation: 6570:216f (Invalid index: 392655)
Failed to process relocation: 6570:2160 (Invalid index: 392640)
Failed to process relocation: 6570:215b (Invalid index: 392635)
Failed to process relocation: 6570:2151 (Invalid index: 392625)
Failed to process relocation: 6570:214c (Invalid index: 392620)
Failed to process relocation: 6570:2144 (Invalid index: 392612)
Failed to process relocation: 6570:213a (Invalid index: 392602)
Failed to process relocation: 6570:2135 (Invalid index: 392597)
Failed to process relocation: 6570:212d (Invalid index: 392589)
Failed to process relocation: 6570:2123 (Invalid index: 392579)
Failed to process relocation: 6570:211e (Invalid index: 392574)
Failed to process relocation: 6570:2116 (Invalid index: 392566)
Failed to process relocation: 6570:210c (Invalid index: 392556)
Failed to process relocation: 6570:2107 (Invalid index: 392551)
Failed to process relocation: 6570:20e9 (Invalid index: 392521)
Failed to process relocation: 6570:20e1 (Invalid index: 392513)
Failed to process relocation: 6570:20d9 (Invalid index: 392505)
Failed to process relocation: 6570:20d1 (Invalid index: 392497)
Failed to process relocation: 6570:20c9 (Invalid index: 392489)
Failed to process relocation: 6570:20c1 (Invalid index: 392481)
Failed to process relocation: 6570:20b9 (Invalid index: 392473)
Failed to process relocation: 6570:20b0 (Invalid index: 392464)
Failed to process relocation: 6570:20a8 (Invalid index: 392456)
Failed to process relocation: 6570:209f (Invalid index: 392447)
Failed to process relocation: 6570:2096 (Invalid index: 392438)
Failed to process relocation: 6570:208d (Invalid index: 392429)
Failed to process relocation: 6570:2080 (Invalid index: 392416)
Failed to process relocation: 6570:2077 (Invalid index: 392407)
Failed to process relocation: 6570:206e (Invalid index: 392398)
Failed to process relocation: 6570:2065 (Invalid index: 392389)
Failed to process relocation: 6570:205b (Invalid index: 392379)
Failed to process relocation: 6570:2056 (Invalid index: 392374)
Failed to process relocation: 6570:204e (Invalid index: 392366)
Failed to process relocation: 6570:2046 (Invalid index: 392358)
Failed to process relocation: 6570:203d (Invalid index: 392349)
Failed to process relocation: 6570:2035 (Invalid index: 392341)
Failed to process relocation: 6570:202c (Invalid index: 392332)
Failed to process relocation: 6570:2023 (Invalid index: 392323)
Failed to process relocation: 6570:201a (Invalid index: 392314)
Failed to process relocation: 6570:200d (Invalid index: 392301)
Failed to process relocation: 6570:2004 (Invalid index: 392292)
Failed to process relocation: 6570:1ffb (Invalid index: 392283)
Failed to process relocation: 6570:1ff2 (Invalid index: 392274)
Failed to process relocation: 6570:1fe8 (Invalid index: 392264)
Failed to process relocation: 6570:1fe3 (Invalid index: 392259)
Failed to process relocation: 6570:1fdb (Invalid index: 392251)
Failed to process relocation: 6570:1fac (Invalid index: 392204)
Failed to process relocation: 6570:2701 (Invalid index: 394081)
Failed to process relocation: 6570:26f7 (Invalid index: 394071)
Failed to process relocation: 6570:26f2 (Invalid index: 394066)
Failed to process relocation: 6570:26e9 (Invalid index: 394057)
Failed to process relocation: 6570:26de (Invalid index: 394046)
Failed to process relocation: 6570:26d9 (Invalid index: 394041)
Failed to process relocation: 6570:26d0 (Invalid index: 394032)
Failed to process relocation: 6570:26c2 (Invalid index: 394018)
Failed to process relocation: 6570:26bd (Invalid index: 394013)
Failed to process relocation: 6570:26b5 (Invalid index: 394005)
Failed to process relocation: 6570:26ab (Invalid index: 393995)
Failed to process relocation: 6570:26a6 (Invalid index: 393990)
Failed to process relocation: 6570:269e (Invalid index: 393982)
Failed to process relocation: 6570:2694 (Invalid index: 393972)
Failed to process relocation: 6570:268b (Invalid index: 393963)
Failed to process relocation: 6570:2681 (Invalid index: 393953)
Failed to process relocation: 6570:267c (Invalid index: 393948)
Failed to process relocation: 6570:2674 (Invalid index: 393940)
Failed to process relocation: 6570:266a (Invalid index: 393930)
Failed to process relocation: 6570:2665 (Invalid index: 393925)
Failed to process relocation: 6570:265d (Invalid index: 393917)
Failed to process relocation: 6570:262a (Invalid index: 393866)
Failed to process relocation: 6570:2625 (Invalid index: 393861)
Failed to process relocation: 6570:261d (Invalid index: 393853)
Failed to process relocation: 6570:2610 (Invalid index: 393840)
Failed to process relocation: 6570:260b (Invalid index: 393835)
Failed to process relocation: 6570:2603 (Invalid index: 393827)
Failed to process relocation: 6570:25d7 (Invalid index: 393783)
Failed to process relocation: 6570:25d2 (Invalid index: 393778)
Failed to process relocation: 6570:25ca (Invalid index: 393770)
Failed to process relocation: 6570:25bf (Invalid index: 393759)
Failed to process relocation: 6570:25ba (Invalid index: 393754)
Failed to process relocation: 6570:25b2 (Invalid index: 393746)
Failed to process relocation: 6570:2598 (Invalid index: 393720)
Failed to process relocation: 6570:258f (Invalid index: 393711)
Failed to process relocation: 6570:2585 (Invalid index: 393701)
Failed to process relocation: 6570:2580 (Invalid index: 393696)
Failed to process relocation: 6570:2578 (Invalid index: 393688)
Failed to process relocation: 6570:256e (Invalid index: 393678)
Failed to process relocation: 6570:2569 (Invalid index: 393673)
Failed to process relocation: 6570:2551 (Invalid index: 393649)
Failed to process relocation: 6570:2548 (Invalid index: 393640)
Failed to process relocation: 6570:253e (Invalid index: 393630)
Failed to process relocation: 6570:2539 (Invalid index: 393625)
Failed to process relocation: 6570:2531 (Invalid index: 393617)
Failed to process relocation: 6570:2527 (Invalid index: 393607)
Failed to process relocation: 6570:2522 (Invalid index: 393602)
Failed to process relocation: 6570:2515 (Invalid index: 393589)
Failed to process relocation: 6570:2510 (Invalid index: 393584)
Failed to process relocation: 6570:2507 (Invalid index: 393575)
Failed to process relocation: 6570:24fc (Invalid index: 393564)
Failed to process relocation: 6570:24f7 (Invalid index: 393559)
Failed to process relocation: 6570:24ee (Invalid index: 393550)
Failed to process relocation: 6570:24e0 (Invalid index: 393536)
Failed to process relocation: 6570:24db (Invalid index: 393531)
Failed to process relocation: 6570:24d2 (Invalid index: 393522)
Failed to process relocation: 6570:24c7 (Invalid index: 393511)
Failed to process relocation: 6570:24c2 (Invalid index: 393506)
Failed to process relocation: 6570:24b9 (Invalid index: 393497)
Failed to process relocation: 6570:24ab (Invalid index: 393483)
Failed to process relocation: 6570:24a6 (Invalid index: 393478)
 (ProgramLoader)  
INFO  IMPORTING: Loaded 0 additional files (HeadlessAnalyzer)  
INFO  REPORT: Execute script: MarkOverlayThunks 'pre' '3ab8'  (HeadlessAnalyzer)  
INFO  SCRIPT: C:\prog\jwcad\ghidra_scripts\MarkOverlayThunks.java (HeadlessAnalyzer)  
INFO  MarkOverlayThunks.java> cd 3f sites: 101 (GhidraScript)  
INFO  MarkOverlayThunks.java> overlay trap operands marked as data: 101 of 101 (GhidraScript)  
INFO  ANALYZING all memory and code: file:///C:/prog/jwcad/ovl/jw09.exe (HeadlessAnalyzer)  
ERROR Failed to create function at 28b3:0f86 since its body contains referring thunk at 28b3:0ee9 (CreateFunctionCmd)  
WARN  Decompiling 12c1:097e, pcode error at 1000:5097: Unable to resolve constructor at 1000:5097 (DecompileCallback)  
WARN  Decompiling 1000:0a81, pcode error at 1000:0a6f: Unable to resolve constructor at 1000:0a6f (DecompileCallback)  
WARN  Decompiling 1000:0a81, pcode error at 1000:0a4b: Unable to resolve constructor at 1000:0a4b (DecompileCallback)  
WARN  Decompiling 1000:0a81, pcode error at 1000:0818: Unable to resolve constructor at 1000:0818 (DecompileCallback)  
WARN  Decompiling 32b2:0d40, pcode error at 3000:5054: Unable to resolve constructor at 3000:5054 (DecompileCallback)  
WARN  Decompiling 32b2:1528: Unable to read bytes at ram:0000:7be2 (DecompileCallback)  
WARN  Decompiling 21f2:246e, pcode error at 2000:3158: Unable to resolve constructor at 2000:3158 (DecompileCallback)  
WARN  Decompiling 21f2:246e, pcode error at 2000:7191: Unable to resolve constructor at 2000:7191 (DecompileCallback)  
INFO  Packed database cache: C:\Users\yomei\AppData\Local\ghidra\packed-db-cache (PackedDatabaseCache)  
INFO  Applied data type archive: generic_clib (ApplyDataArchiveAnalyzer)  
INFO  -----------------------------------------------------
    ASCII Strings                              0.467 secs
    Apply Data Archives                        0.677 secs
    Call Convention ID                         0.004 secs
    Call-Fixup Installer                       0.044 secs
    Create Function                            0.717 secs
    Data Reference                             0.030 secs
    Decompiler Switch Analysis                37.649 secs
    Demangler GNU                              0.047 secs
    Disassemble                                2.694 secs
    Disassemble Entry Points                   0.182 secs
    Embedded Media                             0.017 secs
    External Entry References                  0.001 secs
    Function ID                                0.123 secs
    Function Start Search                      0.046 secs
    Non-Returning Functions - Discovered       0.548 secs
    Reference                                  0.046 secs
    Segmented X86 Calling Conventions          0.002 secs
    Shared Return Calls                        0.208 secs
    Stack                                      3.259 secs
    Subroutine References                      0.162 secs
    Subroutine References - One Time           0.000 secs
    X86 Function Callee Purge                  0.171 secs
    x86 Constant Reference Analyzer            2.203 secs
-----------------------------------------------------
     Total Time   49 secs
-----------------------------------------------------
 (AutoAnalysisManager)  
INFO  REPORT: Analysis succeeded for file: file:///C:/prog/jwcad/ovl/jw09.exe (HeadlessAnalyzer)  
INFO  REPORT: Execute script: MarkOverlayThunks 'post' '3ab8' 'C:\prog\jwcad\entries\09.txt' '9'  (HeadlessAnalyzer)  
INFO  SCRIPT: C:\prog\jwcad\ghidra_scripts\MarkOverlayThunks.java (HeadlessAnalyzer)  
INFO  MarkOverlayThunks.java> cd 3f sites: 101 (GhidraScript)  
INFO  MarkOverlayThunks.java> overlay traps given a fall-through: 101, references added: 1 (GhidraScript)  
INFO  MarkOverlayThunks.java> overlay entry points seeded: 1 (GhidraScript)  
INFO  REPORT: Execute script: DecompileAll 'C:\prog\jwcad\out\ovl09' '3ab8' '4375'  (HeadlessAnalyzer)  
INFO  SCRIPT: C:\prog\jwcad\ghidra_scripts\DecompileAll.java (HeadlessAnalyzer)  
WARN  Decompiling 3ab8:4db4, pcode error at 4000:fcb6: Disassembly not permitted within uninitialized memory block (DecompileCallback)  
WARN  Decompiling 3ab8:4fbd, pcode error at 4000:fcb6: Disassembly not permitted within uninitialized memory block (DecompileCallback)  
WARN  Decompiling 3ab8:5089, pcode error at 4000:fcb6: Disassembly not permitted within uninitialized memory block (DecompileCallback)  
WARN  Decompiling 3ab8:517f, pcode error at 4000:fcb6: Disassembly not permitted within uninitialized memory block (DecompileCallback)  
INFO  DecompileAll.java> decompiled 18 functions, 0 failed (GhidraScript)  
INFO  ANALYZING changes made by post scripts: file:///C:/prog/jwcad/ovl/jw09.exe (HeadlessAnalyzer)  
INFO  REPORT: Post-analysis succeeded for file: file:///C:/prog/jwcad/ovl/jw09.exe (HeadlessAnalyzer)  
INFO  /jw09.exe: file created (yomei) (LocalFileSystem)  
INFO  REPORT: Save succeeded for: /jw09.exe (ovl09:/jw09.exe) (HeadlessAnalyzer)  
INFO  REPORT: Import succeeded (HeadlessAnalyzer)  
