INFO  Using log config file: jar:file:/C:/prog/ghidra/ghidra_12.1.3_PUBLIC/Ghidra/Framework/Generic/lib/Generic.jar!/generic.log4j.xml (LoggingInitialization)  
INFO  Using log file: C:\Users\yomei\AppData\Roaming\ghidra\ghidra_12.1.3_PUBLIC\application.log (LoggingInitialization)  
INFO  Loading user preferences: C:\Users\yomei\AppData\Roaming\ghidra\ghidra_12.1.3_PUBLIC\preferences (Preferences)  
INFO  Searching for classes... (ClassSearcher)  
INFO  Class search complete (1063 ms) (ClassSearcher)  
INFO  Initializing SSL Context (DefaultSSLContextInitializer)  
INFO  Initializing Random Number Generator... (SecureRandomFactory)  
INFO  Random Number Generator initialization complete: SHA1PRNG (SecureRandomFactory)  
INFO  Trust manager disabled, cacerts have not been set (DefaultTrustManagerFactory)  
INFO  Headless startup complete (10184 ms) (AnalyzeHeadless)  
INFO  Class searcher loaded 59 extension points (20 false positives) (ClassSearcher)  
INFO  HEADLESS Script Paths:
    C:\prog\ghidra\ghidra_12.1.3_PUBLIC\Ghidra\Debug\Debugger-rmi-trace\ghidra_scripts
    C:\prog\ghidra\ghidra_12.1.3_PUBLIC\Ghidra\Features\FileFormats\ghidra_scripts
    C:\prog\ghidra\ghidra_12.1.3_PUBLIC\Ghidra\Features\GnuDemangler\ghidra_scripts
    C:\prog\ghidra\ghidra_12.1.3_PUBLIC\Ghidra\Features\VersionTracking\ghidra_scripts
    C:\prog\ghidra\ghidra_12.1.3_PUBLIC\Ghidra\Debug\Debugger\ghidra_scripts
    C:\prog\ghidra\ghidra_12.1.3_PUBLIC\Ghidra\Processors\8051\ghidra_scripts
    C:\prog\ghidra\ghidra_12.1.3_PUBLIC\Ghidra\Features\BSim\ghidra_scripts
    C:\prog\ghidra\ghidra_12.1.3_PUBLIC\Ghidra\Features\WildcardAssembler\ghidra_scripts
    C:\prog\ghidra\ghidra_12.1.3_PUBLIC\Ghidra\Features\FunctionID\ghidra_scripts
    C:\prog\ghidra\ghidra_12.1.3_PUBLIC\Ghidra\Features\SystemEmulation\ghidra_scripts
    C:\prog\ghidra\ghidra_12.1.3_PUBLIC\Ghidra\Processors\PIC\ghidra_scripts
    C:\prog\ghidra\ghidra_12.1.3_PUBLIC\Ghidra\Features\PDB\ghidra_scripts
    C:\prog\ghidra\ghidra_12.1.3_PUBLIC\Ghidra\Features\DecompilerDependent\ghidra_scripts
    C:\prog\ghidra\ghidra_12.1.3_PUBLIC\Ghidra\Features\SwiftDemangler\ghidra_scripts
    C:\prog\ghidra\ghidra_12.1.3_PUBLIC\Ghidra\Features\MicrosoftCodeAnalyzer\ghidra_scripts
    C:\prog\ghidra\ghidra_12.1.3_PUBLIC\Ghidra\Processors\DATA\ghidra_scripts
    C:\prog\ghidra\ghidra_12.1.3_PUBLIC\Ghidra\Features\Decompiler\ghidra_scripts
    C:\prog\ghidra\ghidra_12.1.3_PUBLIC\Ghidra\Features\BytePatterns\ghidra_scripts
    C:\prog\ghidra\ghidra_12.1.3_PUBLIC\Ghidra\Features\PyGhidra\ghidra_scripts
    C:\prog\ghidra\ghidra_12.1.3_PUBLIC\Ghidra\Processors\Atmel\ghidra_scripts
    C:\prog\ghidra\ghidra_12.1.3_PUBLIC\Ghidra\Features\Base\ghidra_scripts
    C:\prog\jwcad\ghidra_scripts
    C:\prog\ghidra\ghidra_12.1.3_PUBLIC\Ghidra\Processors\JVM\ghidra_scripts (HeadlessAnalyzer)  
INFO  HEADLESS: execution starts (HeadlessAnalyzer)  
INFO  Creating temporary project: C:\prog\jwcad\proj\ovl14 (HeadlessAnalyzer)  
INFO  Creating project: C:\prog\jwcad\proj\ovl14 (DefaultProject)  
INFO  REPORT: Processing input files:  (HeadlessAnalyzer)  
INFO       project: C:\prog\jwcad\proj\ovl14 (HeadlessAnalyzer)  
INFO  IMPORTING: file:///C:/prog/jwcad/ovl/jw14.exe (HeadlessAnalyzer)  
INFO  Using Loader: Old-style DOS Executable (MZ) (ProgramLoader)  
INFO  Using Language/Compiler: x86:LE:16:Real Mode:default (ProgramLoader)  
INFO  Using Library Search Path: [., C:\Windows\SysWOW64, C:\prog\ghidra\jdk21\bin, C:\Windows\Sun\Java\bin, C:\Windows\system32, C:\Windows, C:\Program Files\Python312\Scripts\, C:\Program Files\Python312\, C:\Windows\System32\Wbem, C:\Windows\System32\WindowsPowerShell\v1.0\, C:\Windows\System32\OpenSSH\, C:\Program Files\Amazon\AWSCLIV2\, C:\ProgramData\chocolatey\bin, C:\ffmpeg, C:\Users\yomei\AppData\Local\Microsoft\WindowsApps] (ProgramLoader)  
INFO  Additional info:
There were too many messages to display.
354 messages have been truncated.

Loading file:///C:/prog/jwcad/ovl/jw14.exe?MD5=d9d3f649ef169d43f806d42e904d156d...
Failed to process relocation: 6570:0379 (Invalid index: 382361)
Failed to process relocation: 6570:035a (Invalid index: 382330)
Failed to process relocation: 6570:02f9 (Invalid index: 382233)
Failed to process relocation: 6570:02e1 (Invalid index: 382209)
Failed to process relocation: 6570:02c4 (Invalid index: 382180)
Failed to process relocation: 6570:0294 (Invalid index: 382132)
Failed to process relocation: 6570:022a (Invalid index: 382026)
Failed to process relocation: 6570:0225 (Invalid index: 382021)
Failed to process relocation: 6570:021b (Invalid index: 382011)
Failed to process relocation: 6570:0216 (Invalid index: 382006)
Failed to process relocation: 6570:020d (Invalid index: 381997)
Failed to process relocation: 6570:0203 (Invalid index: 381987)
Failed to process relocation: 6570:01fe (Invalid index: 381982)
Failed to process relocation: 6570:01c2 (Invalid index: 381922)
Failed to process relocation: 6570:0185 (Invalid index: 381861)
Failed to process relocation: 6570:016e (Invalid index: 381838)
Failed to process relocation: 6570:015e (Invalid index: 381822)
Failed to process relocation: 6570:014e (Invalid index: 381806)
Failed to process relocation: 6570:013e (Invalid index: 381790)
Failed to process relocation: 6570:012e (Invalid index: 381774)
Failed to process relocation: 6570:011e (Invalid index: 381758)
Failed to process relocation: 6570:010e (Invalid index: 381742)
Failed to process relocation: 6570:00fd (Invalid index: 381725)
Failed to process relocation: 6570:00ed (Invalid index: 381709)
Failed to process relocation: 6570:00dd (Invalid index: 381693)
Failed to process relocation: 6570:00cd (Invalid index: 381677)
Failed to process relocation: 6570:0086 (Invalid index: 381606)
Failed to process relocation: 6570:007d (Invalid index: 381597)
Failed to process relocation: 6570:0075 (Invalid index: 381589)
Failed to process relocation: 6570:006c (Invalid index: 381580)
Failed to process relocation: 6570:004e (Invalid index: 381550)
Failed to process relocation: 6570:0039 (Invalid index: 381529)
Failed to process relocation: 6570:0029 (Invalid index: 381513)
Failed to process relocation: 6570:0019 (Invalid index: 381497)
Failed to process relocation: 6570:0009 (Invalid index: 381481)
Failed to process relocation: 6570:0739 (Invalid index: 383321)
Failed to process relocation: 6570:070a (Invalid index: 383274)
Failed to process relocation: 6570:0705 (Invalid index: 383269)
Failed to process relocation: 6570:06fb (Invalid index: 383259)
Failed to process relocation: 6570:06f6 (Invalid index: 383254)
Failed to process relocation: 6570:06ed (Invalid index: 383245)
Failed to process relocation: 6570:06e3 (Invalid index: 383235)
Failed to process relocation: 6570:06de (Invalid index: 383230)
Failed to process relocation: 6570:06a6 (Invalid index: 383174)
Failed to process relocation: 6570:0697 (Invalid index: 383159)
Failed to process relocation: 6570:068e (Invalid index: 383150)
Failed to process relocation: 6570:0689 (Invalid index: 383145)
Failed to process relocation: 6570:0680 (Invalid index: 383136)
Failed to process relocation: 6570:0677 (Invalid index: 383127)
Failed to process relocation: 6570:0672 (Invalid index: 383122)
Failed to process relocation: 6570:061c (Invalid index: 383036)
Failed to process relocation: 6570:0616 (Invalid index: 383030)
Failed to process relocation: 6570:0606 (Invalid index: 383014)
Failed to process relocation: 6570:05ea (Invalid index: 382986)
Failed to process relocation: 6570:05d4 (Invalid index: 382964)
Failed to process relocation: 6570:05b4 (Invalid index: 382932)
Failed to process relocation: 6570:058e (Invalid index: 382894)
Failed to process relocation: 6570:055c (Invalid index: 382844)
Failed to process relocation: 6570:053d (Invalid index: 382813)
Failed to process relocation: 6570:0519 (Invalid index: 382777)
Failed to process relocation: 6570:04e9 (Invalid index: 382729)
Failed to process relocation: 6570:04de (Invalid index: 382718)
Failed to process relocation: 6570:04cc (Invalid index: 382700)
Failed to process relocation: 6570:04ac (Invalid index: 382668)
Failed to process relocation: 6570:0475 (Invalid index: 382613)
Failed to process relocation: 6570:044f (Invalid index: 382575)
Failed to process relocation: 6570:0438 (Invalid index: 382552)
Failed to process relocation: 6570:0426 (Invalid index: 382534)
Failed to process relocation: 6570:0410 (Invalid index: 382512)
Failed to process relocation: 6570:03da (Invalid index: 382458)
Failed to process relocation: 6570:03ba (Invalid index: 382426)
Failed to process relocation: 6570:0b0d (Invalid index: 384301)
Failed to process relocation: 6570:0b04 (Invalid index: 384292)
Failed to process relocation: 6570:0afc (Invalid index: 384284)
Failed to process relocation: 6570:0af4 (Invalid index: 384276)
Failed to process relocation: 6570:0aeb (Invalid index: 384267)
Failed to process relocation: 6570:0ae3 (Invalid index: 384259)
Failed to process relocation: 6570:0adb (Invalid index: 384251)
Failed to process relocation: 6570:0ad2 (Invalid index: 384242)
Failed to process relocation: 6570:0ac9 (Invalid index: 384233)
Failed to process relocation: 6570:0ac0 (Invalid index: 384224)
Failed to process relocation: 6570:0ab8 (Invalid index: 384216)
Failed to process relocation: 6570:0aaf (Invalid index: 384207)
Failed to process relocation: 6570:0aa7 (Invalid index: 384199)
Failed to process relocation: 6570:0a9f (Invalid index: 384191)
Failed to process relocation: 6570:0a96 (Invalid index: 384182)
Failed to process relocation: 6570:0a7c (Invalid index: 384156)
Failed to process relocation: 6570:0a44 (Invalid index: 384100)
Failed to process relocation: 6570:0a24 (Invalid index: 384068)
Failed to process relocation: 6570:09a8 (Invalid index: 383944)
Failed to process relocation: 6570:098a (Invalid index: 383914)
Failed to process relocation: 6570:092d (Invalid index: 383821)
Failed to process relocation: 6570:0903 (Invalid index: 383779)
Failed to process relocation: 6570:08b8 (Invalid index: 383704)
Failed to process relocation: 6570:08ad (Invalid index: 383693)
Failed to process relocation: 6570:0899 (Invalid index: 383673)
Failed to process relocation: 6570:083d (Invalid index: 383581)
Failed to process relocation: 6570:07ec (Invalid index: 383500)
Failed to process relocation: 6570:07ad (Invalid index: 383437)
Failed to process relocation: 6570:0798 (Invalid index: 383416)
Failed to process relocation: 6570:076c (Invalid index: 383372)
Failed to process relocation: 6570:0e9c (Invalid index: 385212)
Failed to process relocation: 6570:0e97 (Invalid index: 385207)
Failed to process relocation: 6570:0e8d (Invalid index: 385197)
Failed to process relocation: 6570:0e88 (Invalid index: 385192)
Failed to process relocation: 6570:0e7f (Invalid index: 385183)
Failed to process relocation: 6570:0e75 (Invalid index: 385173)
Failed to process relocation: 6570:0e70 (Invalid index: 385168)
Failed to process relocation: 6570:0e4d (Invalid index: 385133)
Failed to process relocation: 6570:0e44 (Invalid index: 385124)
Failed to process relocation: 6570:0e3f (Invalid index: 385119)
Failed to process relocation: 6570:0e36 (Invalid index: 385110)
Failed to process relocation: 6570:0e2d (Invalid index: 385101)
Failed to process relocation: 6570:0e24 (Invalid index: 385092)
Failed to process relocation: 6570:0e1b (Invalid index: 385083)
Failed to process relocation: 6570:0e12 (Invalid index: 385074)
Failed to process relocation: 6570:0e09 (Invalid index: 385065)
Failed to process relocation: 6570:0e00 (Invalid index: 385056)
Failed to process relocation: 6570:0df8 (Invalid index: 385048)
Failed to process relocation: 6570:0def (Invalid index: 385039)
Failed to process relocation: 6570:0ddc (Invalid index: 385020)
Failed to process relocation: 6570:0d97 (Invalid index: 384951)
Failed to process relocation: 6570:0d72 (Invalid index: 384914)
Failed to process relocation: 6570:0d52 (Invalid index: 384882)
Failed to process relocation: 6570:0d31 (Invalid index: 384849)
Failed to process relocation: 6570:0d21 (Invalid index: 384833)
Failed to process relocation: 6570:0d0f (Invalid index: 384815)
Failed to process relocation: 6570:0d01 (Invalid index: 384801)
Failed to process relocation: 6570:0cf7 (Invalid index: 384791)
Failed to process relocation: 6570:0cf2 (Invalid index: 384786)
Failed to process relocation: 6570:0ce7 (Invalid index: 384775)
Failed to process relocation: 6570:0cd7 (Invalid index: 384759)
Failed to process relocation: 6570:0cc7 (Invalid index: 384743)
Failed to process relocation: 6570:0cb6 (Invalid index: 384726)
Failed to process relocation: 6570:0c9b (Invalid index: 384699)
Failed to process relocation: 6570:0c8b (Invalid index: 384683)
Failed to process relocation: 6570:0c7b (Invalid index: 384667)
Failed to process relocation: 6570:0c6b (Invalid index: 384651)
Failed to process relocation: 6570:0c5a (Invalid index: 384634)
Failed to process relocation: 6570:0c0c (Invalid index: 384556)
Failed to process relocation: 6570:0c03 (Invalid index: 384547)
Failed to process relocation: 6570:0bfa (Invalid index: 384538)
Failed to process relocation: 6570:0bf1 (Invalid index: 384529)
Failed to process relocation: 6570:0be8 (Invalid index: 384520)
Failed to process relocation: 6570:0bdf (Invalid index: 384511)
Failed to process relocation: 6570:0bbd (Invalid index: 384477)
Failed to process relocation: 6570:0bae (Invalid index: 384462)
Failed to process relocation: 6570:0ba9 (Invalid index: 384457)
Failed to process relocation: 6570:0ba4 (Invalid index: 384452)
Failed to process relocation: 6570:0b9b (Invalid index: 384443)
Failed to process relocation: 6570:0b91 (Invalid index: 384433)
Failed to process relocation: 6570:0b8c (Invalid index: 384428)
Failed to process relocation: 6570:0b82 (Invalid index: 384418)
Failed to process relocation: 6570:0b7d (Invalid index: 384413)
Failed to process relocation: 6570:0b78 (Invalid index: 384408)
Failed to process relocation: 6570:0b6f (Invalid index: 384399)
Failed to process relocation: 6570:0b66 (Invalid index: 384390)
Failed to process relocation: 6570:0b5d (Invalid index: 384381)
Failed to process relocation: 6570:0b54 (Invalid index: 384372)
Failed to process relocation: 6570:0b38 (Invalid index: 384344)
Failed to process relocation: 6570:0b30 (Invalid index: 384336)
Failed to process relocation: 6570:0b27 (Invalid index: 384327)
Failed to process relocation: 6570:0b1e (Invalid index: 384318)
Failed to process relocation: 6570:0b15 (Invalid index: 384309)
Failed to process relocation: 6570:126b (Invalid index: 386187)
Failed to process relocation: 6570:125b (Invalid index: 386171)
Failed to process relocation: 6570:124b (Invalid index: 386155)
Failed to process relocation: 6570:123b (Invalid index: 386139)
Failed to process relocation: 6570:122f (Invalid index: 386127)
Failed to process relocation: 6570:121b (Invalid index: 386107)
Failed to process relocation: 6570:11ec (Invalid index: 386060)
Failed to process relocation: 6570:119c (Invalid index: 385980)
Failed to process relocation: 6570:1197 (Invalid index: 385975)
Failed to process relocation: 6570:118d (Invalid index: 385965)
Failed to process relocation: 6570:1188 (Invalid index: 385960)
Failed to process relocation: 6570:117f (Invalid index: 385951)
Failed to process relocation: 6570:1175 (Invalid index: 385941)
Failed to process relocation: 6570:1170 (Invalid index: 385936)
Failed to process relocation: 6570:115c (Invalid index: 385916)
Failed to process relocation: 6570:1153 (Invalid index: 385907)
Failed to process relocation: 6570:114a (Invalid index: 385898)
Failed to process relocation: 6570:1141 (Invalid index: 385889)
Failed to process relocation: 6570:113c (Invalid index: 385884)
Failed to process relocation: 6570:1128 (Invalid index: 385864)
Failed to process relocation: 6570:1106 (Invalid index: 385830)
Failed to process relocation: 6570:1101 (Invalid index: 385825)
Failed to process relocation: 6570:10f8 (Invalid index: 385816)
Failed to process relocation: 6570:10ed (Invalid index: 385805)
Failed to process relocation: 6570:10e8 (Invalid index: 385800)
Failed to process relocation: 6570:10df (Invalid index: 385791)
Failed to process relocation: 6570:10bf (Invalid index: 385759)
Failed to process relocation: 6570:10b6 (Invalid index: 385750)
Failed to process relocation: 6570:10b1 (Invalid index: 385745)
Failed to process relocation: 6570:10a8 (Invalid index: 385736)
Failed to process relocation: 6570:109f (Invalid index: 385727)
Failed to process relocation: 6570:1096 (Invalid index: 385718)
Failed to process relocation: 6570:108d (Invalid index: 385709)
Failed to process relocation: 6570:1084 (Invalid index: 385700)
Failed to process relocation: 6570:107b (Invalid index: 385691)
Failed to process relocation: 6570:1072 (Invalid index: 385682)
Failed to process relocation: 6570:106a (Invalid index: 385674)
Failed to process relocation: 6570:1061 (Invalid index: 385665)
Failed to process relocation: 6570:104e (Invalid index: 385646)
Failed to process relocation: 6570:1026 (Invalid index: 385606)
Failed to process relocation: 6570:101a (Invalid index: 385594)
Failed to process relocation: 6570:1006 (Invalid index: 385574)
Failed to process relocation: 6570:0fd3 (Invalid index: 385523)
Failed to process relocation: 6570:0f8f (Invalid index: 385455)
Failed to process relocation: 6570:0f8a (Invalid index: 385450)
Failed to process relocation: 6570:0f81 (Invalid index: 385441)
Failed to process relocation: 6570:0f76 (Invalid index: 385430)
Failed to process relocation: 6570:0f71 (Invalid index: 385425)
Failed to process relocation: 6570:0f68 (Invalid index: 385416)
Failed to process relocation: 6570:0f40 (Invalid index: 385376)
Failed to process relocation: 6570:0f1e (Invalid index: 385342)
Failed to process relocation: 6570:0f13 (Invalid index: 385331)
Failed to process relocation: 6570:0f05 (Invalid index: 385317)
Failed to process relocation: 6570:0efb (Invalid index: 385307)
Failed to process relocation: 6570:0ef0 (Invalid index: 385296)
Failed to process relocation: 6570:0ee7 (Invalid index: 385287)
Failed to process relocation: 6570:0ee2 (Invalid index: 385282)
Failed to process relocation: 6570:0edd (Invalid index: 385277)
Failed to process relocation: 6570:0ed4 (Invalid index: 385268)
Failed to process relocation: 6570:0ecb (Invalid index: 385259)
Failed to process relocation: 6570:1628 (Invalid index: 387144)
Failed to process relocation: 6570:1620 (Invalid index: 387136)
Failed to process relocation: 6570:161b (Invalid index: 387131)
Failed to process relocation: 6570:1613 (Invalid index: 387123)
Failed to process relocation: 6570:160a (Invalid index: 387114)
Failed to process relocation: 6570:1601 (Invalid index: 387105)
Failed to process relocation: 6570:15e5 (Invalid index: 387077)
Failed to process relocation: 6570:15e0 (Invalid index: 387072)
Failed to process relocation: 6570:15d7 (Invalid index: 387063)
Failed to process relocation: 6570:15c9 (Invalid index: 387049)
Failed to process relocation: 6570:15c4 (Invalid index: 387044)
Failed to process relocation: 6570:15bb (Invalid index: 387035)
Failed to process relocation: 6570:15af (Invalid index: 387023)
Failed to process relocation: 6570:1580 (Invalid index: 386976)
Failed to process relocation: 6570:153d (Invalid index: 386909)
Failed to process relocation: 6570:1535 (Invalid index: 386901)
Failed to process relocation: 6570:152c (Invalid index: 386892)
Failed to process relocation: 6570:1523 (Invalid index: 386883)
Failed to process relocation: 6570:151a (Invalid index: 386874)
Failed to process relocation: 6570:1512 (Invalid index: 386866)
Failed to process relocation: 6570:1509 (Invalid index: 386857)
Failed to process relocation: 6570:1500 (Invalid index: 386848)
Failed to process relocation: 6570:14f2 (Invalid index: 386834)
Failed to process relocation: 6570:14ed (Invalid index: 386829)
Failed to process relocation: 6570:14e4 (Invalid index: 386820)
Failed to process relocation: 6570:14d6 (Invalid index: 386806)
Failed to process relocation: 6570:14d1 (Invalid index: 386801)
Failed to process relocation: 6570:14c8 (Invalid index: 386792)
Failed to process relocation: 6570:148d (Invalid index: 386733)
Failed to process relocation: 6570:1488 (Invalid index: 386728)
Failed to process relocation: 6570:147f (Invalid index: 386719)
Failed to process relocation: 6570:1468 (Invalid index: 386696)
Failed to process relocation: 6570:145b (Invalid index: 386683)
Failed to process relocation: 6570:1455 (Invalid index: 386677)
Failed to process relocation: 6570:143e (Invalid index: 386654)
Failed to process relocation: 6570:1439 (Invalid index: 386649)
Failed to process relocation: 6570:1430 (Invalid index: 386640)
Failed to process relocation: 6570:1425 (Invalid index: 386629)
Failed to process relocation: 6570:1420 (Invalid index: 386624)
Failed to process relocation: 6570:1417 (Invalid index: 386615)
Failed to process relocation: 6570:140c (Invalid index: 386604)
Failed to process relocation: 6570:1407 (Invalid index: 386599)
Failed to process relocation: 6570:13fe (Invalid index: 386590)
Failed to process relocation: 6570:13f3 (Invalid index: 386579)
Failed to process relocation: 6570:13ee (Invalid index: 386574)
Failed to process relocation: 6570:13e8 (Invalid index: 386568)
Failed to process relocation: 6570:13de (Invalid index: 386558)
Failed to process relocation: 6570:13d5 (Invalid index: 386549)
Failed to process relocation: 6570:13cc (Invalid index: 386540)
Failed to process relocation: 6570:13c6 (Invalid index: 386534)
Failed to process relocation: 6570:13bc (Invalid index: 386524)
Failed to process relocation: 6570:1381 (Invalid index: 386465)
Failed to process relocation: 6570:137c (Invalid index: 386460)
Failed to process relocation: 6570:1373 (Invalid index: 386451)
Failed to process relocation: 6570:1332 (Invalid index: 386386)
Failed to process relocation: 6570:130d (Invalid index: 386349)
Failed to process relocation: 6570:12ed (Invalid index: 386317)
Failed to process relocation: 6570:12cc (Invalid index: 386284)
Failed to process relocation: 6570:12bc (Invalid index: 386268)
Failed to process relocation: 6570:12ac (Invalid index: 386252)
Failed to process relocation: 6570:129c (Invalid index: 386236)
Failed to process relocation: 6570:128b (Invalid index: 386219)
Failed to process relocation: 6570:127b (Invalid index: 386203)
Failed to process relocation: 6570:19dc (Invalid index: 388092)
Failed to process relocation: 6570:19d3 (Invalid index: 388083)
Failed to process relocation: 6570:19c9 (Invalid index: 388073)
Failed to process relocation: 6570:19c4 (Invalid index: 388068)
Failed to process relocation: 6570:19bb (Invalid index: 388059)
Failed to process relocation: 6570:19b1 (Invalid index: 388049)
Failed to process relocation: 6570:19a8 (Invalid index: 388040)
Failed to process relocation: 6570:199e (Invalid index: 388030)
Failed to process relocation: 6570:1996 (Invalid index: 388022)
Failed to process relocation: 6570:198c (Invalid index: 388012)
Failed to process relocation: 6570:1981 (Invalid index: 388001)
Failed to process relocation: 6570:197c (Invalid index: 387996)
Failed to process relocation: 6570:1972 (Invalid index: 387986)
Failed to process relocation: 6570:196d (Invalid index: 387981)
Failed to process relocation: 6570:1965 (Invalid index: 387973)
Failed to process relocation: 6570:195b (Invalid index: 387963)
Failed to process relocation: 6570:1956 (Invalid index: 387958)
Failed to process relocation: 6570:194e (Invalid index: 387950)
Failed to process relocation: 6570:1944 (Invalid index: 387940)
Failed to process relocation: 6570:193c (Invalid index: 387932)
Failed to process relocation: 6570:1932 (Invalid index: 387922)
Failed to process relocation: 6570:1918 (Invalid index: 387896)
Failed to process relocation: 6570:1861 (Invalid index: 387713)
Failed to process relocation: 6570:185b (Invalid index: 387707)
Failed to process relocation: 6570:184d (Invalid index: 387693)
Failed to process relocation: 6570:181d (Invalid index: 387645)
Failed to process relocation: 6570:17da (Invalid index: 387578)
Failed to process relocation: 6570:17d2 (Invalid index: 387570)
Failed to process relocation: 6570:17c9 (Invalid index: 387561)
Failed to process relocation: 6570:17c0 (Invalid index: 387552)
Failed to process relocation: 6570:17b7 (Invalid index: 387543)
Failed to process relocation: 6570:17af (Invalid index: 387535)
Failed to process relocation: 6570:17a6 (Invalid index: 387526)
Failed to process relocation: 6570:179d (Invalid index: 387517)
Failed to process relocation: 6570:1791 (Invalid index: 387505)
Failed to process relocation: 6570:1764 (Invalid index: 387460)
Failed to process relocation: 6570:173d (Invalid index: 387421)
Failed to process relocation: 6570:1735 (Invalid index: 387413)
Failed to process relocation: 6570:172c (Invalid index: 387404)
Failed to process relocation: 6570:1723 (Invalid index: 387395)
Failed to process relocation: 6570:171a (Invalid index: 387386)
Failed to process relocation: 6570:1712 (Invalid index: 387378)
Failed to process relocation: 6570:170d (Invalid index: 387373)
Failed to process relocation: 6570:1705 (Invalid index: 387365)
Failed to process relocation: 6570:16fc (Invalid index: 387356)
Failed to process relocation: 6570:16f3 (Invalid index: 387347)
Failed to process relocation: 6570:16d7 (Invalid index: 387319)
Failed to process relocation: 6570:16d2 (Invalid index: 387314)
Failed to process relocation: 6570:16c9 (Invalid index: 387305)
Failed to process relocation: 6570:16bb (Invalid index: 387291)
Failed to process relocation: 6570:16b6 (Invalid index: 387286)
Failed to process relocation: 6570:16ad (Invalid index: 387277)
Failed to process relocation: 6570:16a1 (Invalid index: 387265)
Failed to process relocation: 6570:1672 (Invalid index: 387218)
Failed to process relocation: 6570:164b (Invalid index: 387179)
Failed to process relocation: 6570:1643 (Invalid index: 387171)
Failed to process relocation: 6570:163a (Invalid index: 387162)
Failed to process relocation: 6570:1631 (Invalid index: 387153)
Failed to process relocation: 6570:1d90 (Invalid index: 389040)
Failed to process relocation: 6570:1d87 (Invalid index: 389031)
Failed to process relocation: 6570:1d7d (Invalid index: 389021)
Failed to process relocation: 6570:1d78 (Invalid index: 389016)
Failed to process relocation: 6570:1d6f (Invalid index: 389007)
Failed to process relocation: 6570:1d65 (Invalid index: 388997)
Failed to process relocation: 6570:1d60 (Invalid index: 388992)
Failed to process relocation: 6570:1ce5 (Invalid index: 388869)
Failed to process relocation: 6570:1ce0 (Invalid index: 388864)
Failed to process relocation: 6570:1cd6 (Invalid index: 388854)
Failed to process relocation: 6570:1ccd (Invalid index: 388845)
Failed to process relocation: 6570:1cc3 (Invalid index: 388835)
Failed to process relocation: 6570:1cbe (Invalid index: 388830)
Failed to process relocation: 6570:1cb5 (Invalid index: 388821)
Failed to process relocation: 6570:1cab (Invalid index: 388811)
Failed to process relocation: 6570:1ca6 (Invalid index: 388806)
Failed to process relocation: 6570:1c9d (Invalid index: 388797)
Failed to process relocation: 6570:1c93 (Invalid index: 388787)
Failed to process relocation: 6570:1c8a (Invalid index: 388778)
Failed to process relocation: 6570:1c80 (Invalid index: 388768)
Failed to process relocation: 6570:1c7b (Invalid index: 388763)
Failed to process relocation: 6570:1c72 (Invalid index: 388754)
Failed to process relocation: 6570:1c68 (Invalid index: 388744)
Failed to process relocation: 6570:1c63 (Invalid index: 388739)
Failed to process relocation: 6570:1c57 (Invalid index: 388727)
Failed to process relocation: 6570:1c52 (Invalid index: 388722)
Failed to process relocation: 6570:1c48 (Invalid index: 388712)
Failed to process relocation: 6570:1c43 (Invalid index: 388707)
Failed to process relocation: 6570:1c3b (Invalid index: 388699)
Failed to process relocation: 6570:1c31 (Invalid index: 388689)
Failed to process relocation: 6570:1c2c (Invalid index: 388684)
Failed to process relocation: 6570:1c24 (Invalid index: 388676)
Failed to process relocation: 6570:1c1a (Invalid index: 388666)
Failed to process relocation: 6570:1c15 (Invalid index: 388661)
Failed to process relocation: 6570:1c0d (Invalid index: 388653)
Failed to process relocation: 6570:1c03 (Invalid index: 388643)
Failed to process relocation: 6570:1bfe (Invalid index: 388638)
Failed to process relocation: 6570:1b3e (Invalid index: 388446)
Failed to process relocation: 6570:1b39 (Invalid index: 388441)
Failed to process relocation: 6570:1b2f (Invalid index: 388431)
Failed to process relocation: 6570:1b26 (Invalid index: 388422)
Failed to process relocation: 6570:1b1c (Invalid index: 388412)
Failed to process relocation: 6570:1b17 (Invalid index: 388407)
Failed to process relocation: 6570:1b0e (Invalid index: 388398)
Failed to process relocation: 6570:1b04 (Invalid index: 388388)
Failed to process relocation: 6570:1aff (Invalid index: 388383)
Failed to process relocation: 6570:1af6 (Invalid index: 388374)
Failed to process relocation: 6570:1aec (Invalid index: 388364)
Failed to process relocation: 6570:1ae3 (Invalid index: 388355)
Failed to process relocation: 6570:1ad9 (Invalid index: 388345)
Failed to process relocation: 6570:1ad1 (Invalid index: 388337)
Failed to process relocation: 6570:1ac7 (Invalid index: 388327)
Failed to process relocation: 6570:1abc (Invalid index: 388316)
Failed to process relocation: 6570:1ab7 (Invalid index: 388311)
Failed to process relocation: 6570:1aad (Invalid index: 388301)
Failed to process relocation: 6570:1aa5 (Invalid index: 388293)
Failed to process relocation: 6570:1a9b (Invalid index: 388283)
Failed to process relocation: 6570:1a93 (Invalid index: 388275)
Failed to process relocation: 6570:1a89 (Invalid index: 388265)
Failed to process relocation: 6570:1a84 (Invalid index: 388260)
Failed to process relocation: 6570:1a7c (Invalid index: 388252)
Failed to process relocation: 6570:1a72 (Invalid index: 388242)
Failed to process relocation: 6570:1a6d (Invalid index: 388237)
Failed to process relocation: 6570:1a53 (Invalid index: 388211)
Failed to process relocation: 6570:1a03 (Invalid index: 388131)
Failed to process relocation: 6570:19fe (Invalid index: 388126)
Failed to process relocation: 6570:19f4 (Invalid index: 388116)
Failed to process relocation: 6570:19eb (Invalid index: 388107)
Failed to process relocation: 6570:19e1 (Invalid index: 388097)
Failed to process relocation: 6570:2136 (Invalid index: 389974)
Failed to process relocation: 6570:20da (Invalid index: 389882)
Failed to process relocation: 6570:20d1 (Invalid index: 389873)
Failed to process relocation: 6570:20c7 (Invalid index: 389863)
Failed to process relocation: 6570:20c2 (Invalid index: 389858)
Failed to process relocation: 6570:20b8 (Invalid index: 389848)
Failed to process relocation: 6570:20af (Invalid index: 389839)
Failed to process relocation: 6570:20a6 (Invalid index: 389830)
Failed to process relocation: 6570:209c (Invalid index: 389820)
Failed to process relocation: 6570:2097 (Invalid index: 389815)
Failed to process relocation: 6570:208d (Invalid index: 389805)
Failed to process relocation: 6570:2084 (Invalid index: 389796)
Failed to process relocation: 6570:207b (Invalid index: 389787)
Failed to process relocation: 6570:2043 (Invalid index: 389731)
Failed to process relocation: 6570:2023 (Invalid index: 389699)
Failed to process relocation: 6570:2013 (Invalid index: 389683)
Failed to process relocation: 6570:1fd4 (Invalid index: 389620)
Failed to process relocation: 6570:1f89 (Invalid index: 389545)
Failed to process relocation: 6570:1f59 (Invalid index: 389497)
Failed to process relocation: 6570:1f31 (Invalid index: 389457)
Failed to process relocation: 6570:1eb9 (Invalid index: 389337)
Failed to process relocation: 6570:1eb1 (Invalid index: 389329)
Failed to process relocation: 6570:1ea7 (Invalid index: 389319)
Failed to process relocation: 6570:1e7c (Invalid index: 389276)
Failed to process relocation: 6570:1e74 (Invalid index: 389268)
Failed to process relocation: 6570:1e6a (Invalid index: 389258)
Failed to process relocation: 6570:1e65 (Invalid index: 389253)
Failed to process relocation: 6570:1e5c (Invalid index: 389244)
Failed to process relocation: 6570:1e52 (Invalid index: 389234)
Failed to process relocation: 6570:1e49 (Invalid index: 389225)
Failed to process relocation: 6570:1e3f (Invalid index: 389215)
Failed to process relocation: 6570:1e3a (Invalid index: 389210)
Failed to process relocation: 6570:1e31 (Invalid index: 389201)
Failed to process relocation: 6570:1e27 (Invalid index: 389191)
Failed to process relocation: 6570:1e22 (Invalid index: 389186)
Failed to process relocation: 6570:1df7 (Invalid index: 389143)
Failed to process relocation: 6570:1def (Invalid index: 389135)
Failed to process relocation: 6570:1de5 (Invalid index: 389125)
Failed to process relocation: 6570:1dba (Invalid index: 389082)
Failed to process relocation: 6570:1db2 (Invalid index: 389074)
Failed to process relocation: 6570:1da8 (Invalid index: 389064)
Failed to process relocation: 6570:1da3 (Invalid index: 389059)
Failed to process relocation: 6570:1d9a (Invalid index: 389050)
Failed to process relocation: 6570:24bd (Invalid index: 390877)
Failed to process relocation: 6570:2487 (Invalid index: 390823)
Failed to process relocation: 6570:245f (Invalid index: 390783)
Failed to process relocation: 6570:241e (Invalid index: 390718)
Failed to process relocation: 6570:2419 (Invalid index: 390713)
Failed to process relocation: 6570:240f (Invalid index: 390703)
Failed to process relocation: 6570:2406 (Invalid index: 390694)
Failed to process relocation: 6570:23fc (Invalid index: 390684)
Failed to process relocation: 6570:23f7 (Invalid index: 390679)
Failed to process relocation: 6570:23eb (Invalid index: 390667)
Failed to process relocation: 6570:23e1 (Invalid index: 390657)
Failed to process relocation: 6570:23dc (Invalid index: 390652)
Failed to process relocation: 6570:23d0 (Invalid index: 390640)
Failed to process relocation: 6570:23bd (Invalid index: 390621)
Failed to process relocation: 6570:23a0 (Invalid index: 390592)
Failed to process relocation: 6570:2397 (Invalid index: 390583)
Failed to process relocation: 6570:238d (Invalid index: 390573)
Failed to process relocation: 6570:2388 (Invalid index: 390568)
Failed to process relocation: 6570:237f (Invalid index: 390559)
Failed to process relocation: 6570:2375 (Invalid index: 390549)
Failed to process relocation: 6570:2370 (Invalid index: 390544)
Failed to process relocation: 6570:231b (Invalid index: 390459)
Failed to process relocation: 6570:22d8 (Invalid index: 390392)
Failed to process relocation: 6570:22a0 (Invalid index: 390336)
Failed to process relocation: 6570:2278 (Invalid index: 390296)
Failed to process relocation: 6570:2237 (Invalid index: 390231)
Failed to process relocation: 6570:2232 (Invalid index: 390226)
Failed to process relocation: 6570:2229 (Invalid index: 390217)
Failed to process relocation: 6570:221f (Invalid index: 390207)
Failed to process relocation: 6570:2216 (Invalid index: 390198)
Failed to process relocation: 6570:220c (Invalid index: 390188)
Failed to process relocation: 6570:2207 (Invalid index: 390183)
Failed to process relocation: 6570:21fe (Invalid index: 390174)
Failed to process relocation: 6570:21f4 (Invalid index: 390164)
Failed to process relocation: 6570:21ef (Invalid index: 390159)
Failed to process relocation: 6570:21e6 (Invalid index: 390150)
Failed to process relocation: 6570:21a1 (Invalid index: 390081)
Failed to process relocation: 6570:2187 (Invalid index: 390055)
Failed to process relocation: 6570:2168 (Invalid index: 390024)
Failed to process relocation: 6570:2158 (Invalid index: 390008)
Failed to process relocation: 6570:2148 (Invalid index: 389992)
Failed to process relocation: 6570:28a2 (Invalid index: 391874)
 (ProgramLoader)  
INFO  IMPORTING: Loaded 0 additional files (HeadlessAnalyzer)  
INFO  REPORT: Execute script: MarkOverlayThunks 'pre' '3ab8'  (HeadlessAnalyzer)  
INFO  SCRIPT: C:\prog\jwcad\ghidra_scripts\MarkOverlayThunks.java (HeadlessAnalyzer)  
INFO  MarkOverlayThunks.java> cd 3f sites: 98 (GhidraScript)  
INFO  MarkOverlayThunks.java> overlay trap operands marked as data: 98 of 98 (GhidraScript)  
INFO  ANALYZING all memory and code: file:///C:/prog/jwcad/ovl/jw14.exe (HeadlessAnalyzer)  
ERROR Failed to create function at 1885:07c4 since its body contains referring thunk at 1885:0344 (CreateFunctionCmd)  
ERROR Failed to create function at 28b3:0f7f since its body contains referring thunk at 28b3:1177 (CreateFunctionCmd)  
WARN  Decompiling 32b2:0d40, pcode error at 3000:5054: Unable to resolve constructor at 3000:5054 (DecompileCallback)  
WARN  Decompiling 12c1:097e, pcode error at 1000:5097: Unable to resolve constructor at 1000:5097 (DecompileCallback)  
WARN  Decompiling 32b2:1528: Unable to read bytes at ram:0000:7be2 (DecompileCallback)  
WARN  Decompiling 1000:0a81, pcode error at 1000:0a6f: Unable to resolve constructor at 1000:0a6f (DecompileCallback)  
WARN  Decompiling 1000:0a81, pcode error at 1000:0a4b: Unable to resolve constructor at 1000:0a4b (DecompileCallback)  
WARN  Decompiling 1000:0a81, pcode error at 1000:0818: Unable to resolve constructor at 1000:0818 (DecompileCallback)  
WARN  Decompiling 21f2:246e, pcode error at 2000:3158: Unable to resolve constructor at 2000:3158 (DecompileCallback)  
WARN  Decompiling 21f2:246e, pcode error at 2000:7191: Unable to resolve constructor at 2000:7191 (DecompileCallback)  
ERROR Failed to create function at 28b3:0f86 since its body contains referring thunk at 28b3:0ee9 (CreateFunctionCmd)  
INFO  Packed database cache: C:\Users\yomei\AppData\Local\ghidra\packed-db-cache (PackedDatabaseCache)  
INFO  Applied data type archive: generic_clib (ApplyDataArchiveAnalyzer)  
INFO  -----------------------------------------------------
    ASCII Strings                              0.338 secs
    Apply Data Archives                        0.533 secs
    Call Convention ID                         0.004 secs
    Call-Fixup Installer                       0.018 secs
    Create Function                            0.494 secs
    Data Reference                             0.055 secs
    Decompiler Switch Analysis                37.108 secs
    Demangler GNU                              0.042 secs
    Disassemble                                1.731 secs
    Disassemble Entry Points                   0.162 secs
    Embedded Media                             0.015 secs
    External Entry References                  0.000 secs
    Function ID                                0.113 secs
    Function Start Search                      0.021 secs
    Non-Returning Functions - Discovered       0.461 secs
    Reference                                  0.046 secs
    Segmented X86 Calling Conventions          0.001 secs
    Shared Return Calls                        0.186 secs
    Stack                                      2.451 secs
    Subroutine References                      0.122 secs
    Subroutine References - One Time           0.000 secs
    X86 Function Callee Purge                  0.144 secs
    x86 Constant Reference Analyzer            1.742 secs
-----------------------------------------------------
     Total Time   45 secs
-----------------------------------------------------
 (AutoAnalysisManager)  
INFO  REPORT: Analysis succeeded for file: file:///C:/prog/jwcad/ovl/jw14.exe (HeadlessAnalyzer)  
INFO  REPORT: Execute script: MarkOverlayThunks 'post' '3ab8' 'C:\prog\jwcad\entries\14.txt' '14'  (HeadlessAnalyzer)  
INFO  SCRIPT: C:\prog\jwcad\ghidra_scripts\MarkOverlayThunks.java (HeadlessAnalyzer)  
INFO  MarkOverlayThunks.java> cd 3f sites: 98 (GhidraScript)  
INFO  MarkOverlayThunks.java> overlay traps given a fall-through: 98, references added: 3 (GhidraScript)  
INFO  MarkOverlayThunks.java> overlay entry points seeded: 2 (GhidraScript)  
INFO  MarkOverlayThunks.java> overlay hole cleared: 5 stray functions (GhidraScript)  
INFO  REPORT: Execute script: DecompileAll 'C:\prog\jwcad\out\ovl14' '3ab8' '4375'  (HeadlessAnalyzer)  
INFO  SCRIPT: C:\prog\jwcad\ghidra_scripts\DecompileAll.java (HeadlessAnalyzer)  
INFO  DecompileAll.java> decompiled 9 functions, 0 failed (GhidraScript)  
INFO  ANALYZING changes made by post scripts: file:///C:/prog/jwcad/ovl/jw14.exe (HeadlessAnalyzer)  
INFO  REPORT: Post-analysis succeeded for file: file:///C:/prog/jwcad/ovl/jw14.exe (HeadlessAnalyzer)  
INFO  /jw14.exe: file created (yomei) (LocalFileSystem)  
INFO  REPORT: Save succeeded for: /jw14.exe (ovl14:/jw14.exe) (HeadlessAnalyzer)  
INFO  REPORT: Import succeeded (HeadlessAnalyzer)  
