INFO  Using log config file: jar:file:/C:/prog/ghidra/ghidra_12.1.3_PUBLIC/Ghidra/Framework/Generic/lib/Generic.jar!/generic.log4j.xml (LoggingInitialization)  
INFO  Using log file: C:\Users\yomei\AppData\Roaming\ghidra\ghidra_12.1.3_PUBLIC\application.log (LoggingInitialization)  
INFO  Loading user preferences: C:\Users\yomei\AppData\Roaming\ghidra\ghidra_12.1.3_PUBLIC\preferences (Preferences)  
INFO  Searching for classes... (ClassSearcher)  
INFO  Class search complete (1035 ms) (ClassSearcher)  
INFO  Initializing SSL Context (DefaultSSLContextInitializer)  
INFO  Initializing Random Number Generator... (SecureRandomFactory)  
INFO  Random Number Generator initialization complete: SHA1PRNG (SecureRandomFactory)  
INFO  Trust manager disabled, cacerts have not been set (DefaultTrustManagerFactory)  
INFO  Headless startup complete (10073 ms) (AnalyzeHeadless)  
INFO  Class searcher loaded 59 extension points (20 false positives) (ClassSearcher)  
INFO  HEADLESS Script Paths:
    C:\prog\ghidra\ghidra_12.1.3_PUBLIC\Ghidra\Debug\Debugger-rmi-trace\ghidra_scripts
    C:\prog\ghidra\ghidra_12.1.3_PUBLIC\Ghidra\Features\FileFormats\ghidra_scripts
    C:\prog\ghidra\ghidra_12.1.3_PUBLIC\Ghidra\Features\GnuDemangler\ghidra_scripts
    C:\prog\ghidra\ghidra_12.1.3_PUBLIC\Ghidra\Features\VersionTracking\ghidra_scripts
    C:\prog\ghidra\ghidra_12.1.3_PUBLIC\Ghidra\Debug\Debugger\ghidra_scripts
    C:\prog\ghidra\ghidra_12.1.3_PUBLIC\Ghidra\Processors\8051\ghidra_scripts
    C:\prog\ghidra\ghidra_12.1.3_PUBLIC\Ghidra\Features\BSim\ghidra_scripts
    C:\prog\ghidra\ghidra_12.1.3_PUBLIC\Ghidra\Features\WildcardAssembler\ghidra_scripts
    C:\prog\ghidra\ghidra_12.1.3_PUBLIC\Ghidra\Features\FunctionID\ghidra_scripts
    C:\prog\ghidra\ghidra_12.1.3_PUBLIC\Ghidra\Features\SystemEmulation\ghidra_scripts
    C:\prog\ghidra\ghidra_12.1.3_PUBLIC\Ghidra\Processors\PIC\ghidra_scripts
    C:\prog\ghidra\ghidra_12.1.3_PUBLIC\Ghidra\Features\PDB\ghidra_scripts
    C:\prog\ghidra\ghidra_12.1.3_PUBLIC\Ghidra\Features\DecompilerDependent\ghidra_scripts
    C:\prog\ghidra\ghidra_12.1.3_PUBLIC\Ghidra\Features\SwiftDemangler\ghidra_scripts
    C:\prog\ghidra\ghidra_12.1.3_PUBLIC\Ghidra\Features\MicrosoftCodeAnalyzer\ghidra_scripts
    C:\prog\ghidra\ghidra_12.1.3_PUBLIC\Ghidra\Processors\DATA\ghidra_scripts
    C:\prog\ghidra\ghidra_12.1.3_PUBLIC\Ghidra\Features\Decompiler\ghidra_scripts
    C:\prog\ghidra\ghidra_12.1.3_PUBLIC\Ghidra\Features\BytePatterns\ghidra_scripts
    C:\prog\ghidra\ghidra_12.1.3_PUBLIC\Ghidra\Features\PyGhidra\ghidra_scripts
    C:\prog\ghidra\ghidra_12.1.3_PUBLIC\Ghidra\Processors\Atmel\ghidra_scripts
    C:\prog\ghidra\ghidra_12.1.3_PUBLIC\Ghidra\Features\Base\ghidra_scripts
    C:\prog\jwcad\ghidra_scripts
    C:\prog\ghidra\ghidra_12.1.3_PUBLIC\Ghidra\Processors\JVM\ghidra_scripts (HeadlessAnalyzer)  
INFO  HEADLESS: execution starts (HeadlessAnalyzer)  
INFO  Creating temporary project: C:\prog\jwcad\proj\ovl18 (HeadlessAnalyzer)  
INFO  Creating project: C:\prog\jwcad\proj\ovl18 (DefaultProject)  
INFO  REPORT: Processing input files:  (HeadlessAnalyzer)  
INFO       project: C:\prog\jwcad\proj\ovl18 (HeadlessAnalyzer)  
INFO  IMPORTING: file:///C:/prog/jwcad/ovl/jw18.exe (HeadlessAnalyzer)  
INFO  Using Loader: Old-style DOS Executable (MZ) (ProgramLoader)  
INFO  Using Language/Compiler: x86:LE:16:Real Mode:default (ProgramLoader)  
INFO  Using Library Search Path: [., C:\Windows\SysWOW64, C:\prog\ghidra\jdk21\bin, C:\Windows\Sun\Java\bin, C:\Windows\system32, C:\Windows, C:\Program Files\Python312\Scripts\, C:\Program Files\Python312\, C:\Windows\System32\Wbem, C:\Windows\System32\WindowsPowerShell\v1.0\, C:\Windows\System32\OpenSSH\, C:\Program Files\Amazon\AWSCLIV2\, C:\ProgramData\chocolatey\bin, C:\ffmpeg, C:\Users\yomei\AppData\Local\Microsoft\WindowsApps] (ProgramLoader)  
INFO  Additional info:
There were too many messages to display.
1734 messages have been truncated.

Loading file:///C:/prog/jwcad/ovl/jw18.exe?MD5=ffa6c8b755db1ad7c8228542b01a8347...
Failed to process relocation: 6570:03ac (Invalid index: 387932)
Failed to process relocation: 6570:0383 (Invalid index: 387891)
Failed to process relocation: 6570:035c (Invalid index: 387852)
Failed to process relocation: 6570:0349 (Invalid index: 387833)
Failed to process relocation: 6570:032e (Invalid index: 387806)
Failed to process relocation: 6570:0319 (Invalid index: 387785)
Failed to process relocation: 6570:02f8 (Invalid index: 387752)
Failed to process relocation: 6570:02e3 (Invalid index: 387731)
Failed to process relocation: 6570:02c8 (Invalid index: 387704)
Failed to process relocation: 6570:02a6 (Invalid index: 387670)
Failed to process relocation: 6570:026b (Invalid index: 387611)
Failed to process relocation: 6570:0221 (Invalid index: 387537)
Failed to process relocation: 6570:020e (Invalid index: 387518)
Failed to process relocation: 6570:01ff (Invalid index: 387503)
Failed to process relocation: 6570:01eb (Invalid index: 387483)
Failed to process relocation: 6570:01d5 (Invalid index: 387461)
Failed to process relocation: 6570:01b2 (Invalid index: 387426)
Failed to process relocation: 6570:0197 (Invalid index: 387399)
Failed to process relocation: 6570:017e (Invalid index: 387374)
Failed to process relocation: 6570:016c (Invalid index: 387356)
Failed to process relocation: 6570:015a (Invalid index: 387338)
Failed to process relocation: 6570:00df (Invalid index: 387215)
Failed to process relocation: 6570:00ce (Invalid index: 387198)
Failed to process relocation: 6570:009f (Invalid index: 387151)
Failed to process relocation: 6570:003d (Invalid index: 387053)
Failed to process relocation: 6570:0011 (Invalid index: 387009)
Failed to process relocation: 6570:0009 (Invalid index: 387001)
Failed to process relocation: 6570:053f (Invalid index: 388335)
Failed to process relocation: 6570:0525 (Invalid index: 388309)
Failed to process relocation: 6570:04f6 (Invalid index: 388262)
Failed to process relocation: 6570:04da (Invalid index: 388234)
Failed to process relocation: 6570:04b3 (Invalid index: 388195)
Failed to process relocation: 6570:049d (Invalid index: 388173)
Failed to process relocation: 6570:0478 (Invalid index: 388136)
Failed to process relocation: 6570:0453 (Invalid index: 388099)
Failed to process relocation: 6570:041f (Invalid index: 388047)
Failed to process relocation: 6570:040e (Invalid index: 388030)
Failed to process relocation: 6570:03e9 (Invalid index: 387993)
Failed to process relocation: 6570:03de (Invalid index: 387982)
Failed to process relocation: 6570:03b3 (Invalid index: 387939)
Failed to process relocation: 6570:093b (Invalid index: 389355)
Failed to process relocation: 6570:0932 (Invalid index: 389346)
Failed to process relocation: 6570:0913 (Invalid index: 389315)
Failed to process relocation: 6570:08e7 (Invalid index: 389271)
Failed to process relocation: 6570:08ab (Invalid index: 389211)
Failed to process relocation: 6570:0886 (Invalid index: 389174)
Failed to process relocation: 6570:0869 (Invalid index: 389145)
Failed to process relocation: 6570:07c9 (Invalid index: 388985)
Failed to process relocation: 6570:07a7 (Invalid index: 388951)
Failed to process relocation: 6570:0771 (Invalid index: 388897)
Failed to process relocation: 6570:074e (Invalid index: 388862)
Failed to process relocation: 6570:06e5 (Invalid index: 388757)
Failed to process relocation: 6570:06d4 (Invalid index: 388740)
Failed to process relocation: 6570:06bf (Invalid index: 388719)
Failed to process relocation: 6570:06ba (Invalid index: 388714)
Failed to process relocation: 6570:06b5 (Invalid index: 388709)
Failed to process relocation: 6570:06a6 (Invalid index: 388694)
Failed to process relocation: 6570:0696 (Invalid index: 388678)
Failed to process relocation: 6570:0685 (Invalid index: 388661)
Failed to process relocation: 6570:0670 (Invalid index: 388640)
Failed to process relocation: 6570:066b (Invalid index: 388635)
Failed to process relocation: 6570:0666 (Invalid index: 388630)
Failed to process relocation: 6570:0657 (Invalid index: 388615)
Failed to process relocation: 6570:0647 (Invalid index: 388599)
Failed to process relocation: 6570:062e (Invalid index: 388574)
Failed to process relocation: 6570:061b (Invalid index: 388555)
Failed to process relocation: 6570:0616 (Invalid index: 388550)
Failed to process relocation: 6570:060e (Invalid index: 388542)
Failed to process relocation: 6570:05fe (Invalid index: 388526)
Failed to process relocation: 6570:05f9 (Invalid index: 388521)
Failed to process relocation: 6570:05f1 (Invalid index: 388513)
Failed to process relocation: 6570:05df (Invalid index: 388495)
Failed to process relocation: 6570:05d1 (Invalid index: 388481)
Failed to process relocation: 6570:05cc (Invalid index: 388476)
Failed to process relocation: 6570:05c4 (Invalid index: 388468)
Failed to process relocation: 6570:05b4 (Invalid index: 388452)
Failed to process relocation: 6570:05af (Invalid index: 388447)
Failed to process relocation: 6570:05a7 (Invalid index: 388439)
Failed to process relocation: 6570:059e (Invalid index: 388430)
Failed to process relocation: 6570:0ad5 (Invalid index: 389765)
Failed to process relocation: 6570:0ab1 (Invalid index: 389729)
Failed to process relocation: 6570:0a91 (Invalid index: 389697)
Failed to process relocation: 6570:0a7b (Invalid index: 389675)
Failed to process relocation: 6570:0a58 (Invalid index: 389640)
Failed to process relocation: 6570:0a44 (Invalid index: 389620)
Failed to process relocation: 6570:0a26 (Invalid index: 389590)
Failed to process relocation: 6570:0a21 (Invalid index: 389585)
Failed to process relocation: 6570:0a1c (Invalid index: 389580)
Failed to process relocation: 6570:0a0d (Invalid index: 389565)
Failed to process relocation: 6570:09ed (Invalid index: 389533)
Failed to process relocation: 6570:09c7 (Invalid index: 389495)
Failed to process relocation: 6570:09b5 (Invalid index: 389477)
Failed to process relocation: 6570:0998 (Invalid index: 389448)
Failed to process relocation: 6570:0993 (Invalid index: 389443)
Failed to process relocation: 6570:098e (Invalid index: 389438)
Failed to process relocation: 6570:097f (Invalid index: 389423)
Failed to process relocation: 6570:0961 (Invalid index: 389393)
Failed to process relocation: 6570:0ebb (Invalid index: 390763)
Failed to process relocation: 6570:0e9e (Invalid index: 390734)
Failed to process relocation: 6570:0e8e (Invalid index: 390718)
Failed to process relocation: 6570:0e84 (Invalid index: 390708)
Failed to process relocation: 6570:0e7f (Invalid index: 390703)
Failed to process relocation: 6570:0e77 (Invalid index: 390695)
Failed to process relocation: 6570:0e6d (Invalid index: 390685)
Failed to process relocation: 6570:0e68 (Invalid index: 390680)
Failed to process relocation: 6570:0e60 (Invalid index: 390672)
Failed to process relocation: 6570:0e56 (Invalid index: 390662)
Failed to process relocation: 6570:0e51 (Invalid index: 390657)
Failed to process relocation: 6570:0e49 (Invalid index: 390649)
Failed to process relocation: 6570:0e3f (Invalid index: 390639)
Failed to process relocation: 6570:0e3a (Invalid index: 390634)
Failed to process relocation: 6570:0e1f (Invalid index: 390607)
Failed to process relocation: 6570:0e15 (Invalid index: 390597)
Failed to process relocation: 6570:0e10 (Invalid index: 390592)
Failed to process relocation: 6570:0e08 (Invalid index: 390584)
Failed to process relocation: 6570:0dfe (Invalid index: 390574)
Failed to process relocation: 6570:0df9 (Invalid index: 390569)
Failed to process relocation: 6570:0df1 (Invalid index: 390561)
Failed to process relocation: 6570:0de7 (Invalid index: 390551)
Failed to process relocation: 6570:0de2 (Invalid index: 390546)
Failed to process relocation: 6570:0dda (Invalid index: 390538)
Failed to process relocation: 6570:0dd0 (Invalid index: 390528)
Failed to process relocation: 6570:0dcb (Invalid index: 390523)
Failed to process relocation: 6570:0dc3 (Invalid index: 390515)
Failed to process relocation: 6570:0db9 (Invalid index: 390505)
Failed to process relocation: 6570:0db4 (Invalid index: 390500)
Failed to process relocation: 6570:0dac (Invalid index: 390492)
Failed to process relocation: 6570:0da2 (Invalid index: 390482)
Failed to process relocation: 6570:0d9d (Invalid index: 390477)
Failed to process relocation: 6570:0d88 (Invalid index: 390456)
Failed to process relocation: 6570:0d80 (Invalid index: 390448)
Failed to process relocation: 6570:0d78 (Invalid index: 390440)
Failed to process relocation: 6570:0d70 (Invalid index: 390432)
Failed to process relocation: 6570:0d68 (Invalid index: 390424)
Failed to process relocation: 6570:0d60 (Invalid index: 390416)
Failed to process relocation: 6570:0d5b (Invalid index: 390411)
Failed to process relocation: 6570:0d53 (Invalid index: 390403)
Failed to process relocation: 6570:0d4b (Invalid index: 390395)
Failed to process relocation: 6570:0d43 (Invalid index: 390387)
Failed to process relocation: 6570:0d3e (Invalid index: 390382)
Failed to process relocation: 6570:0d36 (Invalid index: 390374)
Failed to process relocation: 6570:0d2e (Invalid index: 390366)
Failed to process relocation: 6570:0d26 (Invalid index: 390358)
Failed to process relocation: 6570:0d1e (Invalid index: 390350)
Failed to process relocation: 6570:0d0a (Invalid index: 390330)
Failed to process relocation: 6570:0d05 (Invalid index: 390325)
Failed to process relocation: 6570:0cfc (Invalid index: 390316)
Failed to process relocation: 6570:0ce8 (Invalid index: 390296)
Failed to process relocation: 6570:0ce3 (Invalid index: 390291)
Failed to process relocation: 6570:0cda (Invalid index: 390282)
Failed to process relocation: 6570:0cc8 (Invalid index: 390264)
Failed to process relocation: 6570:0cc3 (Invalid index: 390259)
Failed to process relocation: 6570:0cba (Invalid index: 390250)
Failed to process relocation: 6570:0cb5 (Invalid index: 390245)
Failed to process relocation: 6570:0cad (Invalid index: 390237)
Failed to process relocation: 6570:0ca8 (Invalid index: 390232)
Failed to process relocation: 6570:0c94 (Invalid index: 390212)
Failed to process relocation: 6570:0c8f (Invalid index: 390207)
Failed to process relocation: 6570:0c86 (Invalid index: 390198)
Failed to process relocation: 6570:0c7e (Invalid index: 390190)
Failed to process relocation: 6570:0c74 (Invalid index: 390180)
Failed to process relocation: 6570:0c6f (Invalid index: 390175)
Failed to process relocation: 6570:0c67 (Invalid index: 390167)
Failed to process relocation: 6570:0c62 (Invalid index: 390162)
Failed to process relocation: 6570:0c5a (Invalid index: 390154)
Failed to process relocation: 6570:0c52 (Invalid index: 390146)
Failed to process relocation: 6570:0c4d (Invalid index: 390141)
Failed to process relocation: 6570:0c02 (Invalid index: 390066)
Failed to process relocation: 6570:0bfd (Invalid index: 390061)
Failed to process relocation: 6570:0bf8 (Invalid index: 390056)
Failed to process relocation: 6570:0bea (Invalid index: 390042)
Failed to process relocation: 6570:0be5 (Invalid index: 390037)
Failed to process relocation: 6570:0be0 (Invalid index: 390032)
Failed to process relocation: 6570:0bd2 (Invalid index: 390018)
Failed to process relocation: 6570:0bcd (Invalid index: 390013)
Failed to process relocation: 6570:0bc8 (Invalid index: 390008)
Failed to process relocation: 6570:0bba (Invalid index: 389994)
Failed to process relocation: 6570:0bb5 (Invalid index: 389989)
Failed to process relocation: 6570:0bb0 (Invalid index: 389984)
Failed to process relocation: 6570:0b93 (Invalid index: 389955)
Failed to process relocation: 6570:0b8b (Invalid index: 389947)
Failed to process relocation: 6570:0b83 (Invalid index: 389939)
Failed to process relocation: 6570:0b7b (Invalid index: 389931)
Failed to process relocation: 6570:0b73 (Invalid index: 389923)
Failed to process relocation: 6570:0b6b (Invalid index: 389915)
Failed to process relocation: 6570:0b63 (Invalid index: 389907)
Failed to process relocation: 6570:0b5b (Invalid index: 389899)
Failed to process relocation: 6570:0b53 (Invalid index: 389891)
Failed to process relocation: 6570:0b4b (Invalid index: 389883)
Failed to process relocation: 6570:0b43 (Invalid index: 389875)
Failed to process relocation: 6570:0b3b (Invalid index: 389867)
Failed to process relocation: 6570:0b33 (Invalid index: 389859)
Failed to process relocation: 6570:0b2b (Invalid index: 389851)
Failed to process relocation: 6570:0b23 (Invalid index: 389843)
Failed to process relocation: 6570:0b1b (Invalid index: 389835)
Failed to process relocation: 6570:0b13 (Invalid index: 389827)
Failed to process relocation: 6570:1236 (Invalid index: 391654)
Failed to process relocation: 6570:122c (Invalid index: 391644)
Failed to process relocation: 6570:1227 (Invalid index: 391639)
Failed to process relocation: 6570:1217 (Invalid index: 391623)
Failed to process relocation: 6570:120d (Invalid index: 391613)
Failed to process relocation: 6570:1208 (Invalid index: 391608)
Failed to process relocation: 6570:11f8 (Invalid index: 391592)
Failed to process relocation: 6570:11ee (Invalid index: 391582)
Failed to process relocation: 6570:11e9 (Invalid index: 391577)
Failed to process relocation: 6570:11d9 (Invalid index: 391561)
Failed to process relocation: 6570:11cf (Invalid index: 391551)
Failed to process relocation: 6570:11ca (Invalid index: 391546)
Failed to process relocation: 6570:11ba (Invalid index: 391530)
Failed to process relocation: 6570:11b0 (Invalid index: 391520)
Failed to process relocation: 6570:11ab (Invalid index: 391515)
Failed to process relocation: 6570:119a (Invalid index: 391498)
Failed to process relocation: 6570:1190 (Invalid index: 391488)
Failed to process relocation: 6570:118b (Invalid index: 391483)
Failed to process relocation: 6570:116e (Invalid index: 391454)
Failed to process relocation: 6570:1160 (Invalid index: 391440)
Failed to process relocation: 6570:1153 (Invalid index: 391427)
Failed to process relocation: 6570:1137 (Invalid index: 391399)
Failed to process relocation: 6570:1121 (Invalid index: 391377)
Failed to process relocation: 6570:1117 (Invalid index: 391367)
Failed to process relocation: 6570:1112 (Invalid index: 391362)
Failed to process relocation: 6570:110a (Invalid index: 391354)
Failed to process relocation: 6570:1101 (Invalid index: 391345)
Failed to process relocation: 6570:10f7 (Invalid index: 391335)
Failed to process relocation: 6570:10f2 (Invalid index: 391330)
Failed to process relocation: 6570:10ea (Invalid index: 391322)
Failed to process relocation: 6570:10e1 (Invalid index: 391313)
Failed to process relocation: 6570:10d7 (Invalid index: 391303)
Failed to process relocation: 6570:10d2 (Invalid index: 391298)
Failed to process relocation: 6570:10ca (Invalid index: 391290)
Failed to process relocation: 6570:10c1 (Invalid index: 391281)
Failed to process relocation: 6570:10b7 (Invalid index: 391271)
Failed to process relocation: 6570:10b2 (Invalid index: 391266)
Failed to process relocation: 6570:10aa (Invalid index: 391258)
Failed to process relocation: 6570:10a1 (Invalid index: 391249)
Failed to process relocation: 6570:1097 (Invalid index: 391239)
Failed to process relocation: 6570:1092 (Invalid index: 391234)
Failed to process relocation: 6570:108a (Invalid index: 391226)
Failed to process relocation: 6570:1081 (Invalid index: 391217)
Failed to process relocation: 6570:1077 (Invalid index: 391207)
Failed to process relocation: 6570:1072 (Invalid index: 391202)
Failed to process relocation: 6570:106a (Invalid index: 391194)
Failed to process relocation: 6570:1038 (Invalid index: 391144)
Failed to process relocation: 6570:102e (Invalid index: 391134)
Failed to process relocation: 6570:1029 (Invalid index: 391129)
Failed to process relocation: 6570:1021 (Invalid index: 391121)
Failed to process relocation: 6570:1018 (Invalid index: 391112)
Failed to process relocation: 6570:100e (Invalid index: 391102)
Failed to process relocation: 6570:1009 (Invalid index: 391097)
Failed to process relocation: 6570:1001 (Invalid index: 391089)
Failed to process relocation: 6570:0ff8 (Invalid index: 391080)
Failed to process relocation: 6570:0fee (Invalid index: 391070)
Failed to process relocation: 6570:0fe9 (Invalid index: 391065)
Failed to process relocation: 6570:0fe1 (Invalid index: 391057)
Failed to process relocation: 6570:0fd8 (Invalid index: 391048)
Failed to process relocation: 6570:0fce (Invalid index: 391038)
Failed to process relocation: 6570:0fc9 (Invalid index: 391033)
Failed to process relocation: 6570:0fc1 (Invalid index: 391025)
Failed to process relocation: 6570:0fb8 (Invalid index: 391016)
Failed to process relocation: 6570:0fae (Invalid index: 391006)
Failed to process relocation: 6570:0fa9 (Invalid index: 391001)
Failed to process relocation: 6570:0fa1 (Invalid index: 390993)
Failed to process relocation: 6570:0f98 (Invalid index: 390984)
Failed to process relocation: 6570:0f8e (Invalid index: 390974)
Failed to process relocation: 6570:0f89 (Invalid index: 390969)
Failed to process relocation: 6570:0f81 (Invalid index: 390961)
Failed to process relocation: 6570:0f5e (Invalid index: 390926)
Failed to process relocation: 6570:0f44 (Invalid index: 390900)
Failed to process relocation: 6570:0f34 (Invalid index: 390884)
Failed to process relocation: 6570:0f2a (Invalid index: 390874)
Failed to process relocation: 6570:0f25 (Invalid index: 390869)
Failed to process relocation: 6570:0f1d (Invalid index: 390861)
Failed to process relocation: 6570:0f13 (Invalid index: 390851)
Failed to process relocation: 6570:0f0e (Invalid index: 390846)
Failed to process relocation: 6570:0ef3 (Invalid index: 390819)
Failed to process relocation: 6570:0ee9 (Invalid index: 390809)
Failed to process relocation: 6570:0ee4 (Invalid index: 390804)
Failed to process relocation: 6570:0edc (Invalid index: 390796)
Failed to process relocation: 6570:0ed2 (Invalid index: 390786)
Failed to process relocation: 6570:0ecd (Invalid index: 390781)
Failed to process relocation: 6570:1278 (Invalid index: 391720)
Failed to process relocation: 6570:12ec (Invalid index: 391836)
Failed to process relocation: 6570:12d5 (Invalid index: 391813)
Failed to process relocation: 6570:1633 (Invalid index: 392675)
Failed to process relocation: 6570:162d (Invalid index: 392669)
Failed to process relocation: 6570:1624 (Invalid index: 392660)
Failed to process relocation: 6570:1618 (Invalid index: 392648)
Failed to process relocation: 6570:1613 (Invalid index: 392643)
Failed to process relocation: 6570:160b (Invalid index: 392635)
Failed to process relocation: 6570:1603 (Invalid index: 392627)
Failed to process relocation: 6570:15fb (Invalid index: 392619)
Failed to process relocation: 6570:15f3 (Invalid index: 392611)
Failed to process relocation: 6570:15ed (Invalid index: 392605)
Failed to process relocation: 6570:15e4 (Invalid index: 392596)
Failed to process relocation: 6570:15d8 (Invalid index: 392584)
Failed to process relocation: 6570:15d3 (Invalid index: 392579)
Failed to process relocation: 6570:15cb (Invalid index: 392571)
Failed to process relocation: 6570:15c3 (Invalid index: 392563)
Failed to process relocation: 6570:15bb (Invalid index: 392555)
Failed to process relocation: 6570:15b5 (Invalid index: 392549)
Failed to process relocation: 6570:15ac (Invalid index: 392540)
Failed to process relocation: 6570:15a4 (Invalid index: 392532)
Failed to process relocation: 6570:1580 (Invalid index: 392496)
Failed to process relocation: 6570:1578 (Invalid index: 392488)
Failed to process relocation: 6570:156f (Invalid index: 392479)
Failed to process relocation: 6570:1560 (Invalid index: 392464)
Failed to process relocation: 6570:1558 (Invalid index: 392456)
Failed to process relocation: 6570:154f (Invalid index: 392447)
Failed to process relocation: 6570:1520 (Invalid index: 392400)
Failed to process relocation: 6570:151a (Invalid index: 392394)
Failed to process relocation: 6570:1511 (Invalid index: 392385)
Failed to process relocation: 6570:1509 (Invalid index: 392377)
Failed to process relocation: 6570:1501 (Invalid index: 392369)
Failed to process relocation: 6570:14f5 (Invalid index: 392357)
Failed to process relocation: 6570:14ef (Invalid index: 392351)
Failed to process relocation: 6570:14e6 (Invalid index: 392342)
Failed to process relocation: 6570:14de (Invalid index: 392334)
Failed to process relocation: 6570:14d2 (Invalid index: 392322)
Failed to process relocation: 6570:14cc (Invalid index: 392316)
Failed to process relocation: 6570:14c3 (Invalid index: 392307)
Failed to process relocation: 6570:1466 (Invalid index: 392214)
Failed to process relocation: 6570:1457 (Invalid index: 392199)
Failed to process relocation: 6570:1451 (Invalid index: 392193)
Failed to process relocation: 6570:1447 (Invalid index: 392183)
Failed to process relocation: 6570:143b (Invalid index: 392171)
Failed to process relocation: 6570:1436 (Invalid index: 392166)
Failed to process relocation: 6570:142e (Invalid index: 392158)
Failed to process relocation: 6570:1426 (Invalid index: 392150)
Failed to process relocation: 6570:141e (Invalid index: 392142)
Failed to process relocation: 6570:1416 (Invalid index: 392134)
Failed to process relocation: 6570:1410 (Invalid index: 392128)
Failed to process relocation: 6570:1406 (Invalid index: 392118)
Failed to process relocation: 6570:13fa (Invalid index: 392106)
Failed to process relocation: 6570:13f5 (Invalid index: 392101)
Failed to process relocation: 6570:13ed (Invalid index: 392093)
Failed to process relocation: 6570:13e5 (Invalid index: 392085)
Failed to process relocation: 6570:13dd (Invalid index: 392077)
Failed to process relocation: 6570:13d7 (Invalid index: 392071)
Failed to process relocation: 6570:13ce (Invalid index: 392062)
Failed to process relocation: 6570:13c6 (Invalid index: 392054)
Failed to process relocation: 6570:13ab (Invalid index: 392027)
Failed to process relocation: 6570:13a3 (Invalid index: 392019)
Failed to process relocation: 6570:139a (Invalid index: 392010)
Failed to process relocation: 6570:138b (Invalid index: 391995)
Failed to process relocation: 6570:1383 (Invalid index: 391987)
Failed to process relocation: 6570:137a (Invalid index: 391978)
Failed to process relocation: 6570:1346 (Invalid index: 391926)
Failed to process relocation: 6570:19eb (Invalid index: 393627)
Failed to process relocation: 6570:19e2 (Invalid index: 393618)
Failed to process relocation: 6570:19d9 (Invalid index: 393609)
Failed to process relocation: 6570:19d0 (Invalid index: 393600)
Failed to process relocation: 6570:19c4 (Invalid index: 393588)
Failed to process relocation: 6570:199f (Invalid index: 393551)
Failed to process relocation: 6570:1995 (Invalid index: 393541)
Failed to process relocation: 6570:1990 (Invalid index: 393536)
Failed to process relocation: 6570:1987 (Invalid index: 393527)
Failed to process relocation: 6570:197f (Invalid index: 393519)
Failed to process relocation: 6570:1977 (Invalid index: 393511)
Failed to process relocation: 6570:196d (Invalid index: 393501)
Failed to process relocation: 6570:1968 (Invalid index: 393496)
Failed to process relocation: 6570:195f (Invalid index: 393487)
Failed to process relocation: 6570:1957 (Invalid index: 393479)
Failed to process relocation: 6570:194e (Invalid index: 393470)
Failed to process relocation: 6570:192e (Invalid index: 393438)
Failed to process relocation: 6570:1929 (Invalid index: 393433)
Failed to process relocation: 6570:191f (Invalid index: 393423)
Failed to process relocation: 6570:191a (Invalid index: 393418)
Failed to process relocation: 6570:1912 (Invalid index: 393410)
Failed to process relocation: 6570:1908 (Invalid index: 393400)
Failed to process relocation: 6570:1903 (Invalid index: 393395)
Failed to process relocation: 6570:18fb (Invalid index: 393387)
Failed to process relocation: 6570:18f1 (Invalid index: 393377)
Failed to process relocation: 6570:18ec (Invalid index: 393372)
Failed to process relocation: 6570:18e4 (Invalid index: 393364)
Failed to process relocation: 6570:18da (Invalid index: 393354)
Failed to process relocation: 6570:18d5 (Invalid index: 393349)
Failed to process relocation: 6570:18cd (Invalid index: 393341)
Failed to process relocation: 6570:18c5 (Invalid index: 393333)
Failed to process relocation: 6570:18bc (Invalid index: 393324)
Failed to process relocation: 6570:18b4 (Invalid index: 393316)
Failed to process relocation: 6570:18ac (Invalid index: 393308)
Failed to process relocation: 6570:18a6 (Invalid index: 393302)
Failed to process relocation: 6570:189d (Invalid index: 393293)
Failed to process relocation: 6570:1894 (Invalid index: 393284)
Failed to process relocation: 6570:188e (Invalid index: 393278)
Failed to process relocation: 6570:1885 (Invalid index: 393269)
Failed to process relocation: 6570:1877 (Invalid index: 393255)
Failed to process relocation: 6570:186a (Invalid index: 393242)
Failed to process relocation: 6570:1861 (Invalid index: 393233)
Failed to process relocation: 6570:1857 (Invalid index: 393223)
Failed to process relocation: 6570:1845 (Invalid index: 393205)
Failed to process relocation: 6570:183b (Invalid index: 393195)
Failed to process relocation: 6570:1814 (Invalid index: 393156)
Failed to process relocation: 6570:1803 (Invalid index: 393139)
Failed to process relocation: 6570:17e4 (Invalid index: 393108)
Failed to process relocation: 6570:17dc (Invalid index: 393100)
Failed to process relocation: 6570:17d3 (Invalid index: 393091)
Failed to process relocation: 6570:17ca (Invalid index: 393082)
Failed to process relocation: 6570:17c2 (Invalid index: 393074)
Failed to process relocation: 6570:17b9 (Invalid index: 393065)
Failed to process relocation: 6570:17b0 (Invalid index: 393056)
Failed to process relocation: 6570:17a8 (Invalid index: 393048)
Failed to process relocation: 6570:179f (Invalid index: 393039)
Failed to process relocation: 6570:1780 (Invalid index: 393008)
Failed to process relocation: 6570:176f (Invalid index: 392991)
Failed to process relocation: 6570:174c (Invalid index: 392956)
Failed to process relocation: 6570:172b (Invalid index: 392923)
Failed to process relocation: 6570:16f5 (Invalid index: 392869)
Failed to process relocation: 6570:16c2 (Invalid index: 392818)
Failed to process relocation: 6570:16b7 (Invalid index: 392807)
Failed to process relocation: 6570:167b (Invalid index: 392747)
Failed to process relocation: 6570:1670 (Invalid index: 392736)
Failed to process relocation: 6570:1642 (Invalid index: 392690)
Failed to process relocation: 6570:1d2a (Invalid index: 394458)
Failed to process relocation: 6570:1d21 (Invalid index: 394449)
Failed to process relocation: 6570:1d18 (Invalid index: 394440)
Failed to process relocation: 6570:1d0f (Invalid index: 394431)
Failed to process relocation: 6570:1d06 (Invalid index: 394422)
Failed to process relocation: 6570:1cfe (Invalid index: 394414)
Failed to process relocation: 6570:1cf5 (Invalid index: 394405)
Failed to process relocation: 6570:1cec (Invalid index: 394396)
Failed to process relocation: 6570:1ce3 (Invalid index: 394387)
Failed to process relocation: 6570:1cdb (Invalid index: 394379)
Failed to process relocation: 6570:1cd2 (Invalid index: 394370)
Failed to process relocation: 6570:1cb8 (Invalid index: 394344)
Failed to process relocation: 6570:1caf (Invalid index: 394335)
Failed to process relocation: 6570:1caa (Invalid index: 394330)
Failed to process relocation: 6570:1c84 (Invalid index: 394292)
Failed to process relocation: 6570:1c7e (Invalid index: 394286)
Failed to process relocation: 6570:1c74 (Invalid index: 394276)
Failed to process relocation: 6570:1c6c (Invalid index: 394268)
Failed to process relocation: 6570:1c63 (Invalid index: 394259)
Failed to process relocation: 6570:1c5d (Invalid index: 394253)
Failed to process relocation: 6570:1c53 (Invalid index: 394243)
Failed to process relocation: 6570:1c4b (Invalid index: 394235)
Failed to process relocation: 6570:1c43 (Invalid index: 394227)
Failed to process relocation: 6570:1c3a (Invalid index: 394218)
Failed to process relocation: 6570:1c31 (Invalid index: 394209)
Failed to process relocation: 6570:1c29 (Invalid index: 394201)
Failed to process relocation: 6570:1c23 (Invalid index: 394195)
Failed to process relocation: 6570:1c1a (Invalid index: 394186)
Failed to process relocation: 6570:1c0f (Invalid index: 394175)
Failed to process relocation: 6570:1bea (Invalid index: 394138)
Failed to process relocation: 6570:1be0 (Invalid index: 394128)
Failed to process relocation: 6570:1bdb (Invalid index: 394123)
Failed to process relocation: 6570:1bd6 (Invalid index: 394118)
Failed to process relocation: 6570:1bcd (Invalid index: 394109)
Failed to process relocation: 6570:1bc3 (Invalid index: 394099)
Failed to process relocation: 6570:1bbe (Invalid index: 394094)
Failed to process relocation: 6570:1bb3 (Invalid index: 394083)
Failed to process relocation: 6570:1bae (Invalid index: 394078)
Failed to process relocation: 6570:1ba2 (Invalid index: 394066)
Failed to process relocation: 6570:1b97 (Invalid index: 394055)
Failed to process relocation: 6570:1b92 (Invalid index: 394050)
Failed to process relocation: 6570:1b86 (Invalid index: 394038)
Failed to process relocation: 6570:1b76 (Invalid index: 394022)
Failed to process relocation: 6570:1b6d (Invalid index: 394013)
Failed to process relocation: 6570:1b65 (Invalid index: 394005)
Failed to process relocation: 6570:1b5f (Invalid index: 393999)
Failed to process relocation: 6570:1b56 (Invalid index: 393990)
Failed to process relocation: 6570:1b4b (Invalid index: 393979)
Failed to process relocation: 6570:1b26 (Invalid index: 393942)
Failed to process relocation: 6570:1b1c (Invalid index: 393932)
Failed to process relocation: 6570:1b17 (Invalid index: 393927)
Failed to process relocation: 6570:1b0e (Invalid index: 393918)
Failed to process relocation: 6570:1b04 (Invalid index: 393908)
Failed to process relocation: 6570:1aff (Invalid index: 393903)
Failed to process relocation: 6570:1afa (Invalid index: 393898)
Failed to process relocation: 6570:1aef (Invalid index: 393887)
Failed to process relocation: 6570:1aea (Invalid index: 393882)
Failed to process relocation: 6570:1ade (Invalid index: 393870)
Failed to process relocation: 6570:1ad3 (Invalid index: 393859)
Failed to process relocation: 6570:1ace (Invalid index: 393854)
Failed to process relocation: 6570:1ac2 (Invalid index: 393842)
Failed to process relocation: 6570:1ab0 (Invalid index: 393824)
Failed to process relocation: 6570:1aa7 (Invalid index: 393815)
Failed to process relocation: 6570:1a9f (Invalid index: 393807)
Failed to process relocation: 6570:1a96 (Invalid index: 393798)
Failed to process relocation: 6570:1a8d (Invalid index: 393789)
Failed to process relocation: 6570:1a85 (Invalid index: 393781)
Failed to process relocation: 6570:1a5e (Invalid index: 393742)
Failed to process relocation: 6570:1a56 (Invalid index: 393734)
Failed to process relocation: 6570:1a4e (Invalid index: 393726)
Failed to process relocation: 6570:1a45 (Invalid index: 393717)
Failed to process relocation: 6570:1a3c (Invalid index: 393708)
Failed to process relocation: 6570:1a34 (Invalid index: 393700)
Failed to process relocation: 6570:1a29 (Invalid index: 393689)
Failed to process relocation: 6570:1a24 (Invalid index: 393684)
Failed to process relocation: 6570:1a1f (Invalid index: 393679)
Failed to process relocation: 6570:1a17 (Invalid index: 393671)
Failed to process relocation: 6570:1a0d (Invalid index: 393661)
Failed to process relocation: 6570:1a08 (Invalid index: 393656)
Failed to process relocation: 6570:19fe (Invalid index: 393646)
Failed to process relocation: 6570:19f9 (Invalid index: 393641)
Failed to process relocation: 6570:19f4 (Invalid index: 393636)
Failed to process relocation: 6570:2134 (Invalid index: 395492)
Failed to process relocation: 6570:212c (Invalid index: 395484)
Failed to process relocation: 6570:2123 (Invalid index: 395475)
Failed to process relocation: 6570:211b (Invalid index: 395467)
 (ProgramLoader)  
INFO  IMPORTING: Loaded 0 additional files (HeadlessAnalyzer)  
INFO  REPORT: Execute script: MarkOverlayThunks 'pre' '3ab8'  (HeadlessAnalyzer)  
INFO  SCRIPT: C:\prog\jwcad\ghidra_scripts\MarkOverlayThunks.java (HeadlessAnalyzer)  
INFO  MarkOverlayThunks.java> cd 3f sites: 99 (GhidraScript)  
INFO  MarkOverlayThunks.java> overlay trap operands marked as data: 99 of 99 (GhidraScript)  
INFO  ANALYZING all memory and code: file:///C:/prog/jwcad/ovl/jw18.exe (HeadlessAnalyzer)  
ERROR Failed to create function at 1885:07c4 since its body contains referring thunk at 1885:0344 (CreateFunctionCmd)  
ERROR Failed to create function at 28b3:0f86 since its body contains referring thunk at 28b3:0ee9 (CreateFunctionCmd)  
ERROR Failed to create function at 28b3:1140 since its body contains referring thunk at 28b3:112c (CreateFunctionCmd)  
WARN  Decompiling 12c1:097e, pcode error at 1000:5097: Unable to resolve constructor at 1000:5097 (DecompileCallback)  
WARN  Decompiling 32b2:1528: Unable to read bytes at ram:0000:7be2 (DecompileCallback)  
WARN  Decompiling 1000:0a81, pcode error at 1000:0a6f: Unable to resolve constructor at 1000:0a6f (DecompileCallback)  
WARN  Decompiling 1000:0a81, pcode error at 1000:0a4b: Unable to resolve constructor at 1000:0a4b (DecompileCallback)  
WARN  Decompiling 1000:0a81, pcode error at 1000:0818: Unable to resolve constructor at 1000:0818 (DecompileCallback)  
WARN  Decompiling 32b2:0d40, pcode error at 3000:5054: Unable to resolve constructor at 3000:5054 (DecompileCallback)  
WARN  Decompiling 32b2:0d40, pcode error at 3000:daf7: Unable to resolve constructor at 3000:daf7 (DecompileCallback)  
WARN  Decompiling 3ab8:0000, pcode error at 4000:fdaf: Disassembly not permitted within uninitialized memory block (DecompileCallback)  
WARN  Decompiling 3ab8:0000, pcode error at 3000:9aa2: Unable to resolve constructor at 3000:9aa2 (DecompileCallback)  
WARN  Decompiling 21f2:246e, pcode error at 2000:3158: Unable to resolve constructor at 2000:3158 (DecompileCallback)  
WARN  Decompiling 21f2:246e, pcode error at 2000:7191: Unable to resolve constructor at 2000:7191 (DecompileCallback)  
WARN  Decompiling 3ab8:0000, pcode error at 4000:fdaf: Disassembly not permitted within uninitialized memory block (DecompileCallback)  
WARN  Decompiling 3ab8:0000, pcode error at 3000:9aa2: Unable to resolve constructor at 3000:9aa2 (DecompileCallback)  
INFO  Packed database cache: C:\Users\yomei\AppData\Local\ghidra\packed-db-cache (PackedDatabaseCache)  
INFO  Applied data type archive: generic_clib (ApplyDataArchiveAnalyzer)  
INFO  -----------------------------------------------------
    ASCII Strings                              0.374 secs
    Apply Data Archives                        0.674 secs
    Call Convention ID                         0.004 secs
    Call-Fixup Installer                       0.017 secs
    Create Function                            0.602 secs
    Data Reference                             0.031 secs
    Decompiler Switch Analysis                42.561 secs
    Demangler GNU                              0.047 secs
    Disassemble                                2.042 secs
    Disassemble Entry Points                   0.143 secs
    Embedded Media                             0.014 secs
    External Entry References                  0.001 secs
    Function ID                                0.117 secs
    Function Start Search                      0.019 secs
    Non-Returning Functions - Discovered       0.647 secs
    Reference                                  0.050 secs
    Segmented X86 Calling Conventions          0.002 secs
    Shared Return Calls                        0.244 secs
    Stack                                      2.441 secs
    Subroutine References                      0.117 secs
    Subroutine References - One Time           0.000 secs
    X86 Function Callee Purge                  0.168 secs
    x86 Constant Reference Analyzer            2.050 secs
-----------------------------------------------------
     Total Time   52 secs
-----------------------------------------------------
 (AutoAnalysisManager)  
INFO  REPORT: Analysis succeeded for file: file:///C:/prog/jwcad/ovl/jw18.exe (HeadlessAnalyzer)  
INFO  REPORT: Execute script: MarkOverlayThunks 'post' '3ab8' 'C:\prog\jwcad\entries\18.txt' '18'  (HeadlessAnalyzer)  
INFO  SCRIPT: C:\prog\jwcad\ghidra_scripts\MarkOverlayThunks.java (HeadlessAnalyzer)  
INFO  MarkOverlayThunks.java> cd 3f sites: 99 (GhidraScript)  
INFO  MarkOverlayThunks.java> overlay traps given a fall-through: 99, references added: 0 (GhidraScript)  
INFO  MarkOverlayThunks.java> overlay entry points seeded: 3 (GhidraScript)  
INFO  MarkOverlayThunks.java> overlay hole cleared: 0 stray functions (GhidraScript)  
INFO  REPORT: Execute script: DecompileAll 'C:\prog\jwcad\out\ovl18' '3ab8' '4375'  (HeadlessAnalyzer)  
INFO  SCRIPT: C:\prog\jwcad\ghidra_scripts\DecompileAll.java (HeadlessAnalyzer)  
WARN  Decompiling 3ab8:0000, pcode error at 4000:fdaf: Disassembly not permitted within uninitialized memory block (DecompileCallback)  
WARN  Decompiling 3ab8:0000, pcode error at 3000:9aa2: Unable to resolve constructor at 3000:9aa2 (DecompileCallback)  
WARN  Decompiling 3ab8:52e1, pcode error at 4000:fdaf: Disassembly not permitted within uninitialized memory block (DecompileCallback)  
INFO  DecompileAll.java> decompiled 43 functions, 0 failed (GhidraScript)  
INFO  ANALYZING changes made by post scripts: file:///C:/prog/jwcad/ovl/jw18.exe (HeadlessAnalyzer)  
INFO  REPORT: Post-analysis succeeded for file: file:///C:/prog/jwcad/ovl/jw18.exe (HeadlessAnalyzer)  
INFO  /jw18.exe: file created (yomei) (LocalFileSystem)  
INFO  REPORT: Save succeeded for: /jw18.exe (ovl18:/jw18.exe) (HeadlessAnalyzer)  
INFO  REPORT: Import succeeded (HeadlessAnalyzer)  
