INFO  Using log config file: jar:file:/C:/prog/ghidra/ghidra_12.1.3_PUBLIC/Ghidra/Framework/Generic/lib/Generic.jar!/generic.log4j.xml (LoggingInitialization)  
INFO  Using log file: C:\Users\yomei\AppData\Roaming\ghidra\ghidra_12.1.3_PUBLIC\application.log (LoggingInitialization)  
INFO  Loading user preferences: C:\Users\yomei\AppData\Roaming\ghidra\ghidra_12.1.3_PUBLIC\preferences (Preferences)  
INFO  Searching for classes... (ClassSearcher)  
INFO  Class search complete (1008 ms) (ClassSearcher)  
INFO  Initializing SSL Context (DefaultSSLContextInitializer)  
INFO  Initializing Random Number Generator... (SecureRandomFactory)  
INFO  Random Number Generator initialization complete: SHA1PRNG (SecureRandomFactory)  
INFO  Trust manager disabled, cacerts have not been set (DefaultTrustManagerFactory)  
INFO  Headless startup complete (9784 ms) (AnalyzeHeadless)  
INFO  Class searcher loaded 59 extension points (20 false positives) (ClassSearcher)  
INFO  HEADLESS Script Paths:
    C:\prog\ghidra\ghidra_12.1.3_PUBLIC\Ghidra\Debug\Debugger-rmi-trace\ghidra_scripts
    C:\prog\ghidra\ghidra_12.1.3_PUBLIC\Ghidra\Features\FileFormats\ghidra_scripts
    C:\prog\ghidra\ghidra_12.1.3_PUBLIC\Ghidra\Features\GnuDemangler\ghidra_scripts
    C:\prog\ghidra\ghidra_12.1.3_PUBLIC\Ghidra\Features\VersionTracking\ghidra_scripts
    C:\prog\ghidra\ghidra_12.1.3_PUBLIC\Ghidra\Debug\Debugger\ghidra_scripts
    C:\prog\ghidra\ghidra_12.1.3_PUBLIC\Ghidra\Processors\8051\ghidra_scripts
    C:\prog\ghidra\ghidra_12.1.3_PUBLIC\Ghidra\Features\BSim\ghidra_scripts
    C:\prog\ghidra\ghidra_12.1.3_PUBLIC\Ghidra\Features\WildcardAssembler\ghidra_scripts
    C:\prog\ghidra\ghidra_12.1.3_PUBLIC\Ghidra\Features\FunctionID\ghidra_scripts
    C:\prog\ghidra\ghidra_12.1.3_PUBLIC\Ghidra\Features\SystemEmulation\ghidra_scripts
    C:\prog\ghidra\ghidra_12.1.3_PUBLIC\Ghidra\Processors\PIC\ghidra_scripts
    C:\prog\ghidra\ghidra_12.1.3_PUBLIC\Ghidra\Features\PDB\ghidra_scripts
    C:\prog\ghidra\ghidra_12.1.3_PUBLIC\Ghidra\Features\DecompilerDependent\ghidra_scripts
    C:\prog\ghidra\ghidra_12.1.3_PUBLIC\Ghidra\Features\SwiftDemangler\ghidra_scripts
    C:\prog\ghidra\ghidra_12.1.3_PUBLIC\Ghidra\Features\MicrosoftCodeAnalyzer\ghidra_scripts
    C:\prog\ghidra\ghidra_12.1.3_PUBLIC\Ghidra\Processors\DATA\ghidra_scripts
    C:\prog\ghidra\ghidra_12.1.3_PUBLIC\Ghidra\Features\Decompiler\ghidra_scripts
    C:\prog\ghidra\ghidra_12.1.3_PUBLIC\Ghidra\Features\BytePatterns\ghidra_scripts
    C:\prog\ghidra\ghidra_12.1.3_PUBLIC\Ghidra\Features\PyGhidra\ghidra_scripts
    C:\prog\ghidra\ghidra_12.1.3_PUBLIC\Ghidra\Processors\Atmel\ghidra_scripts
    C:\prog\ghidra\ghidra_12.1.3_PUBLIC\Ghidra\Features\Base\ghidra_scripts
    C:\prog\jwcad\ghidra_scripts
    C:\prog\ghidra\ghidra_12.1.3_PUBLIC\Ghidra\Processors\JVM\ghidra_scripts (HeadlessAnalyzer)  
INFO  HEADLESS: execution starts (HeadlessAnalyzer)  
INFO  Creating temporary project: C:\prog\jwcad\proj\ovl12 (HeadlessAnalyzer)  
INFO  Creating project: C:\prog\jwcad\proj\ovl12 (DefaultProject)  
INFO  REPORT: Processing input files:  (HeadlessAnalyzer)  
INFO       project: C:\prog\jwcad\proj\ovl12 (HeadlessAnalyzer)  
INFO  IMPORTING: file:///C:/prog/jwcad/ovl/jw12.exe (HeadlessAnalyzer)  
INFO  Using Loader: Old-style DOS Executable (MZ) (ProgramLoader)  
INFO  Using Language/Compiler: x86:LE:16:Real Mode:default (ProgramLoader)  
INFO  Using Library Search Path: [., C:\Windows\SysWOW64, C:\prog\ghidra\jdk21\bin, C:\Windows\Sun\Java\bin, C:\Windows\system32, C:\Windows, C:\Program Files\Python312\Scripts\, C:\Program Files\Python312\, C:\Windows\System32\Wbem, C:\Windows\System32\WindowsPowerShell\v1.0\, C:\Windows\System32\OpenSSH\, C:\Program Files\Amazon\AWSCLIV2\, C:\ProgramData\chocolatey\bin, C:\ffmpeg, C:\Users\yomei\AppData\Local\Microsoft\WindowsApps] (ProgramLoader)  
INFO  Additional info:
Loading file:///C:/prog/jwcad/ovl/jw12.exe?MD5=d06f6bd98b8f7595c71a33ace4b37dc2...
Failed to process relocation: 6570:03af (Invalid index: 380655)
Failed to process relocation: 6570:03aa (Invalid index: 380650)
Failed to process relocation: 6570:03a1 (Invalid index: 380641)
Failed to process relocation: 6570:0397 (Invalid index: 380631)
Failed to process relocation: 6570:0392 (Invalid index: 380626)
Failed to process relocation: 6570:034d (Invalid index: 380557)
Failed to process relocation: 6570:0333 (Invalid index: 380531)
Failed to process relocation: 6570:0312 (Invalid index: 380498)
Failed to process relocation: 6570:02f6 (Invalid index: 380470)
Failed to process relocation: 6570:02e0 (Invalid index: 380448)
Failed to process relocation: 6570:02bf (Invalid index: 380415)
Failed to process relocation: 6570:028a (Invalid index: 380362)
Failed to process relocation: 6570:0253 (Invalid index: 380307)
Failed to process relocation: 6570:0236 (Invalid index: 380278)
Failed to process relocation: 6570:022d (Invalid index: 380269)
Failed to process relocation: 6570:0224 (Invalid index: 380260)
Failed to process relocation: 6570:021f (Invalid index: 380255)
Failed to process relocation: 6570:0213 (Invalid index: 380243)
Failed to process relocation: 6570:020e (Invalid index: 380238)
Failed to process relocation: 6570:0204 (Invalid index: 380228)
Failed to process relocation: 6570:01ff (Invalid index: 380223)
Failed to process relocation: 6570:01f6 (Invalid index: 380214)
Failed to process relocation: 6570:01ec (Invalid index: 380204)
Failed to process relocation: 6570:01e7 (Invalid index: 380199)
Failed to process relocation: 6570:01de (Invalid index: 380190)
Failed to process relocation: 6570:01d5 (Invalid index: 380181)
Failed to process relocation: 6570:01cc (Invalid index: 380172)
Failed to process relocation: 6570:01c7 (Invalid index: 380167)
Failed to process relocation: 6570:0194 (Invalid index: 380116)
Failed to process relocation: 6570:018f (Invalid index: 380111)
Failed to process relocation: 6570:0185 (Invalid index: 380101)
Failed to process relocation: 6570:0180 (Invalid index: 380096)
Failed to process relocation: 6570:0177 (Invalid index: 380087)
Failed to process relocation: 6570:016d (Invalid index: 380077)
Failed to process relocation: 6570:0168 (Invalid index: 380072)
Failed to process relocation: 6570:014d (Invalid index: 380045)
Failed to process relocation: 6570:0131 (Invalid index: 380017)
Failed to process relocation: 6570:0124 (Invalid index: 380004)
Failed to process relocation: 6570:0107 (Invalid index: 379975)
Failed to process relocation: 6570:00ec (Invalid index: 379948)
Failed to process relocation: 6570:00a8 (Invalid index: 379880)
Failed to process relocation: 6570:007f (Invalid index: 379839)
Failed to process relocation: 6570:0064 (Invalid index: 379812)
Failed to process relocation: 6570:0009 (Invalid index: 379721)
Failed to process relocation: 6570:075a (Invalid index: 381594)
Failed to process relocation: 6570:0755 (Invalid index: 381589)
Failed to process relocation: 6570:074c (Invalid index: 381580)
Failed to process relocation: 6570:0742 (Invalid index: 381570)
Failed to process relocation: 6570:073d (Invalid index: 381565)
Failed to process relocation: 6570:0733 (Invalid index: 381555)
Failed to process relocation: 6570:06f3 (Invalid index: 381491)
Failed to process relocation: 6570:06e9 (Invalid index: 381481)
Failed to process relocation: 6570:06e4 (Invalid index: 381476)
Failed to process relocation: 6570:06db (Invalid index: 381467)
Failed to process relocation: 6570:06d1 (Invalid index: 381457)
Failed to process relocation: 6570:06cc (Invalid index: 381452)
Failed to process relocation: 6570:06c2 (Invalid index: 381442)
Failed to process relocation: 6570:06a0 (Invalid index: 381408)
Failed to process relocation: 6570:067a (Invalid index: 381370)
Failed to process relocation: 6570:0670 (Invalid index: 381360)
Failed to process relocation: 6570:066b (Invalid index: 381355)
Failed to process relocation: 6570:0662 (Invalid index: 381346)
Failed to process relocation: 6570:0658 (Invalid index: 381336)
Failed to process relocation: 6570:0653 (Invalid index: 381331)
Failed to process relocation: 6570:064a (Invalid index: 381322)
Failed to process relocation: 6570:0640 (Invalid index: 381312)
Failed to process relocation: 6570:063b (Invalid index: 381307)
Failed to process relocation: 6570:0632 (Invalid index: 381298)
Failed to process relocation: 6570:0628 (Invalid index: 381288)
Failed to process relocation: 6570:0623 (Invalid index: 381283)
Failed to process relocation: 6570:0602 (Invalid index: 381250)
Failed to process relocation: 6570:05f8 (Invalid index: 381240)
Failed to process relocation: 6570:05f3 (Invalid index: 381235)
Failed to process relocation: 6570:05ea (Invalid index: 381226)
Failed to process relocation: 6570:05e0 (Invalid index: 381216)
Failed to process relocation: 6570:05db (Invalid index: 381211)
Failed to process relocation: 6570:05d2 (Invalid index: 381202)
Failed to process relocation: 6570:05c8 (Invalid index: 381192)
Failed to process relocation: 6570:05c3 (Invalid index: 381187)
Failed to process relocation: 6570:05ba (Invalid index: 381178)
Failed to process relocation: 6570:05b0 (Invalid index: 381168)
Failed to process relocation: 6570:05ab (Invalid index: 381163)
Failed to process relocation: 6570:0565 (Invalid index: 381093)
Failed to process relocation: 6570:0548 (Invalid index: 381064)
Failed to process relocation: 6570:0533 (Invalid index: 381043)
Failed to process relocation: 6570:052b (Invalid index: 381035)
Failed to process relocation: 6570:050d (Invalid index: 381005)
Failed to process relocation: 6570:04e5 (Invalid index: 380965)
Failed to process relocation: 6570:04d7 (Invalid index: 380951)
Failed to process relocation: 6570:04bd (Invalid index: 380925)
Failed to process relocation: 6570:0486 (Invalid index: 380870)
Failed to process relocation: 6570:047c (Invalid index: 380860)
Failed to process relocation: 6570:0477 (Invalid index: 380855)
Failed to process relocation: 6570:046e (Invalid index: 380846)
Failed to process relocation: 6570:0464 (Invalid index: 380836)
Failed to process relocation: 6570:045f (Invalid index: 380831)
Failed to process relocation: 6570:0422 (Invalid index: 380770)
Failed to process relocation: 6570:041d (Invalid index: 380765)
Failed to process relocation: 6570:0418 (Invalid index: 380760)
Failed to process relocation: 6570:03e7 (Invalid index: 380711)
Failed to process relocation: 6570:03be (Invalid index: 380670)
Failed to process relocation: 6570:03b9 (Invalid index: 380665)
Failed to process relocation: 6570:0a94 (Invalid index: 382420)
Failed to process relocation: 6570:0a7b (Invalid index: 382395)
Failed to process relocation: 6570:0a51 (Invalid index: 382353)
Failed to process relocation: 6570:0a38 (Invalid index: 382328)
Failed to process relocation: 6570:0a19 (Invalid index: 382297)
Failed to process relocation: 6570:0a0d (Invalid index: 382285)
Failed to process relocation: 6570:09f0 (Invalid index: 382256)
Failed to process relocation: 6570:09c9 (Invalid index: 382217)
Failed to process relocation: 6570:09aa (Invalid index: 382186)
Failed to process relocation: 6570:098b (Invalid index: 382155)
Failed to process relocation: 6570:0949 (Invalid index: 382089)
Failed to process relocation: 6570:093f (Invalid index: 382079)
Failed to process relocation: 6570:093a (Invalid index: 382074)
Failed to process relocation: 6570:0931 (Invalid index: 382065)
Failed to process relocation: 6570:0927 (Invalid index: 382055)
Failed to process relocation: 6570:0922 (Invalid index: 382050)
Failed to process relocation: 6570:0918 (Invalid index: 382040)
Failed to process relocation: 6570:08c0 (Invalid index: 381952)
Failed to process relocation: 6570:08b6 (Invalid index: 381942)
Failed to process relocation: 6570:08b1 (Invalid index: 381937)
Failed to process relocation: 6570:08a8 (Invalid index: 381928)
Failed to process relocation: 6570:089e (Invalid index: 381918)
Failed to process relocation: 6570:0899 (Invalid index: 381913)
Failed to process relocation: 6570:088f (Invalid index: 381903)
Failed to process relocation: 6570:087b (Invalid index: 381883)
Failed to process relocation: 6570:0871 (Invalid index: 381873)
Failed to process relocation: 6570:086c (Invalid index: 381868)
Failed to process relocation: 6570:0863 (Invalid index: 381859)
Failed to process relocation: 6570:0859 (Invalid index: 381849)
Failed to process relocation: 6570:0854 (Invalid index: 381844)
Failed to process relocation: 6570:084a (Invalid index: 381834)
Failed to process relocation: 6570:080a (Invalid index: 381770)
Failed to process relocation: 6570:0800 (Invalid index: 381760)
Failed to process relocation: 6570:07fb (Invalid index: 381755)
Failed to process relocation: 6570:07f2 (Invalid index: 381746)
Failed to process relocation: 6570:07e8 (Invalid index: 381736)
Failed to process relocation: 6570:07e3 (Invalid index: 381731)
Failed to process relocation: 6570:07d9 (Invalid index: 381721)
Failed to process relocation: 6570:07a9 (Invalid index: 381673)
Failed to process relocation: 6570:079f (Invalid index: 381663)
Failed to process relocation: 6570:079a (Invalid index: 381658)
Failed to process relocation: 6570:0791 (Invalid index: 381649)
Failed to process relocation: 6570:0787 (Invalid index: 381639)
Failed to process relocation: 6570:0782 (Invalid index: 381634)
Failed to process relocation: 6570:0778 (Invalid index: 381624)
Failed to process relocation: 6570:0764 (Invalid index: 381604)
Failed to process relocation: 6570:0bfa (Invalid index: 382778)
Failed to process relocation: 6570:0bf2 (Invalid index: 382770)
Failed to process relocation: 6570:0bdc (Invalid index: 382748)
Failed to process relocation: 6570:0bc7 (Invalid index: 382727)
Failed to process relocation: 6570:0bc2 (Invalid index: 382722)
Failed to process relocation: 6570:0bbc (Invalid index: 382716)
Failed to process relocation: 6570:0bb2 (Invalid index: 382706)
Failed to process relocation: 6570:0baa (Invalid index: 382698)
Failed to process relocation: 6570:0ba4 (Invalid index: 382692)
Failed to process relocation: 6570:0b9a (Invalid index: 382682)
Failed to process relocation: 6570:0b92 (Invalid index: 382674)
Failed to process relocation: 6570:0b7a (Invalid index: 382650)
Failed to process relocation: 6570:0b70 (Invalid index: 382640)
Failed to process relocation: 6570:0b68 (Invalid index: 382632)
Failed to process relocation: 6570:0b62 (Invalid index: 382626)
Failed to process relocation: 6570:0b58 (Invalid index: 382616)
Failed to process relocation: 6570:0b3c (Invalid index: 382588)
Failed to process relocation: 6570:0b34 (Invalid index: 382580)
Failed to process relocation: 6570:0b2b (Invalid index: 382571)
Failed to process relocation: 6570:0b26 (Invalid index: 382566)
Failed to process relocation: 6570:0b1e (Invalid index: 382558)
Failed to process relocation: 6570:0b16 (Invalid index: 382550)
Failed to process relocation: 6570:0b0d (Invalid index: 382541)
Failed to process relocation: 6570:0b08 (Invalid index: 382536)
Failed to process relocation: 6570:0af9 (Invalid index: 382521)
Failed to process relocation: 6570:0af1 (Invalid index: 382513)
Failed to process relocation: 6570:0ae9 (Invalid index: 382505)
Failed to process relocation: 6570:0ae0 (Invalid index: 382496)
Failed to process relocation: 6570:0ace (Invalid index: 382478)
Failed to process relocation: 6570:0ac6 (Invalid index: 382470)
Failed to process relocation: 6570:0abe (Invalid index: 382462)
Failed to process relocation: 6570:0ab5 (Invalid index: 382453)
Failed to process relocation: 6570:0aa3 (Invalid index: 382435)
Failed to process relocation: 6570:101e (Invalid index: 383838)
Failed to process relocation: 6570:1002 (Invalid index: 383810)
Failed to process relocation: 6570:0fce (Invalid index: 383758)
Failed to process relocation: 6570:0fbd (Invalid index: 383741)
Failed to process relocation: 6570:0f96 (Invalid index: 383702)
Failed to process relocation: 6570:0f60 (Invalid index: 383648)
Failed to process relocation: 6570:0f3e (Invalid index: 383614)
Failed to process relocation: 6570:0f38 (Invalid index: 383608)
Failed to process relocation: 6570:0f2e (Invalid index: 383598)
Failed to process relocation: 6570:0f25 (Invalid index: 383589)
Failed to process relocation: 6570:0f11 (Invalid index: 383569)
Failed to process relocation: 6570:0f0b (Invalid index: 383563)
Failed to process relocation: 6570:0f01 (Invalid index: 383553)
Failed to process relocation: 6570:0eeb (Invalid index: 383531)
Failed to process relocation: 6570:0ee2 (Invalid index: 383522)
Failed to process relocation: 6570:0edd (Invalid index: 383517)
Failed to process relocation: 6570:0ed8 (Invalid index: 383512)
Failed to process relocation: 6570:0ed0 (Invalid index: 383504)
Failed to process relocation: 6570:0e90 (Invalid index: 383440)
Failed to process relocation: 6570:0e8b (Invalid index: 383435)
Failed to process relocation: 6570:0e86 (Invalid index: 383430)
Failed to process relocation: 6570:0e7a (Invalid index: 383418)
Failed to process relocation: 6570:0e75 (Invalid index: 383413)
Failed to process relocation: 6570:0e70 (Invalid index: 383408)
Failed to process relocation: 6570:0e62 (Invalid index: 383394)
Failed to process relocation: 6570:0e59 (Invalid index: 383385)
Failed to process relocation: 6570:0e49 (Invalid index: 383369)
Failed to process relocation: 6570:0e3b (Invalid index: 383355)
Failed to process relocation: 6570:0e2d (Invalid index: 383341)
Failed to process relocation: 6570:0e22 (Invalid index: 383330)
Failed to process relocation: 6570:0e1a (Invalid index: 383322)
Failed to process relocation: 6570:0e12 (Invalid index: 383314)
Failed to process relocation: 6570:0ddd (Invalid index: 383261)
Failed to process relocation: 6570:0dbf (Invalid index: 383231)
Failed to process relocation: 6570:0db6 (Invalid index: 383222)
Failed to process relocation: 6570:0dae (Invalid index: 383214)
Failed to process relocation: 6570:0da5 (Invalid index: 383205)
Failed to process relocation: 6570:0d9c (Invalid index: 383196)
Failed to process relocation: 6570:0d97 (Invalid index: 383191)
Failed to process relocation: 6570:0d8f (Invalid index: 383183)
Failed to process relocation: 6570:0d86 (Invalid index: 383174)
Failed to process relocation: 6570:0d7e (Invalid index: 383166)
Failed to process relocation: 6570:0d76 (Invalid index: 383158)
Failed to process relocation: 6570:0d6e (Invalid index: 383150)
Failed to process relocation: 6570:0d65 (Invalid index: 383141)
Failed to process relocation: 6570:0d5c (Invalid index: 383132)
Failed to process relocation: 6570:0d53 (Invalid index: 383123)
Failed to process relocation: 6570:0d4a (Invalid index: 383114)
Failed to process relocation: 6570:0d39 (Invalid index: 383097)
Failed to process relocation: 6570:0d31 (Invalid index: 383089)
Failed to process relocation: 6570:0d28 (Invalid index: 383080)
Failed to process relocation: 6570:0d1f (Invalid index: 383071)
Failed to process relocation: 6570:0d09 (Invalid index: 383049)
Failed to process relocation: 6570:0cd7 (Invalid index: 382999)
Failed to process relocation: 6570:0cc8 (Invalid index: 382984)
Failed to process relocation: 6570:0caf (Invalid index: 382959)
Failed to process relocation: 6570:13fe (Invalid index: 384830)
Failed to process relocation: 6570:138d (Invalid index: 384717)
Failed to process relocation: 6570:137d (Invalid index: 384701)
Failed to process relocation: 6570:1330 (Invalid index: 384624)
Failed to process relocation: 6570:12e9 (Invalid index: 384553)
Failed to process relocation: 6570:12b2 (Invalid index: 384498)
Failed to process relocation: 6570:127e (Invalid index: 384446)
Failed to process relocation: 6570:11d5 (Invalid index: 384277)
Failed to process relocation: 6570:11c8 (Invalid index: 384264)
Failed to process relocation: 6570:11be (Invalid index: 384254)
Failed to process relocation: 6570:11b9 (Invalid index: 384249)
Failed to process relocation: 6570:118f (Invalid index: 384207)
Failed to process relocation: 6570:116b (Invalid index: 384171)
Failed to process relocation: 6570:1149 (Invalid index: 384137)
Failed to process relocation: 6570:1130 (Invalid index: 384112)
Failed to process relocation: 6570:111f (Invalid index: 384095)
Failed to process relocation: 6570:10d4 (Invalid index: 384020)
Failed to process relocation: 6570:10b9 (Invalid index: 383993)
Failed to process relocation: 6570:1087 (Invalid index: 383943)
Failed to process relocation: 6570:105f (Invalid index: 383903)
Failed to process relocation: 6570:179b (Invalid index: 385755)
Failed to process relocation: 6570:16f7 (Invalid index: 385591)
Failed to process relocation: 6570:1683 (Invalid index: 385475)
Failed to process relocation: 6570:163c (Invalid index: 385404)
Failed to process relocation: 6570:1620 (Invalid index: 385376)
Failed to process relocation: 6570:15f3 (Invalid index: 385331)
Failed to process relocation: 6570:15db (Invalid index: 385307)
Failed to process relocation: 6570:159c (Invalid index: 385244)
Failed to process relocation: 6570:150c (Invalid index: 385100)
Failed to process relocation: 6570:14f2 (Invalid index: 385074)
Failed to process relocation: 6570:14e4 (Invalid index: 385060)
Failed to process relocation: 6570:14c0 (Invalid index: 385024)
Failed to process relocation: 6570:14a3 (Invalid index: 384995)
Failed to process relocation: 6570:1494 (Invalid index: 384980)
Failed to process relocation: 6570:1484 (Invalid index: 384964)
Failed to process relocation: 6570:143a (Invalid index: 384890)
Failed to process relocation: 6570:142f (Invalid index: 384879)
Failed to process relocation: 6570:1422 (Invalid index: 384866)
Failed to process relocation: 6570:17d6 (Invalid index: 385814)
Failed to process relocation: 6570:17c3 (Invalid index: 385795)
Failed to process relocation: 6570:17bb (Invalid index: 385787)
Failed to process relocation: 6570:1bf4 (Invalid index: 386868)
Failed to process relocation: 6570:1bda (Invalid index: 386842)
Failed to process relocation: 6570:1b47 (Invalid index: 386695)
Failed to process relocation: 6570:1acf (Invalid index: 386575)
Failed to process relocation: 6570:19c0 (Invalid index: 386304)
Failed to process relocation: 6570:19b5 (Invalid index: 386293)
Failed to process relocation: 6570:1990 (Invalid index: 386256)
Failed to process relocation: 6570:1854 (Invalid index: 385940)
Failed to process relocation: 6570:1c3f (Invalid index: 386943)
Failed to process relocation: 6570:1c2e (Invalid index: 386926)
Failed to process relocation: 6570:20b6 (Invalid index: 388086)
Failed to process relocation: 6570:2087 (Invalid index: 388039)
Failed to process relocation: 6570:207d (Invalid index: 388029)
Failed to process relocation: 6570:1fa4 (Invalid index: 387812)
Failed to process relocation: 6570:1f9f (Invalid index: 387807)
Failed to process relocation: 6570:243c (Invalid index: 388988)
Failed to process relocation: 6570:240a (Invalid index: 388938)
Failed to process relocation: 6570:23cb (Invalid index: 388875)
Failed to process relocation: 6570:23af (Invalid index: 388847)
Failed to process relocation: 6570:2376 (Invalid index: 388790)
Failed to process relocation: 6570:233c (Invalid index: 388732)
Failed to process relocation: 6570:230b (Invalid index: 388683)
Failed to process relocation: 6570:22c6 (Invalid index: 388614)
Failed to process relocation: 6570:22a0 (Invalid index: 388576)
Failed to process relocation: 6570:2244 (Invalid index: 388484)
Failed to process relocation: 6570:2220 (Invalid index: 388448)
Failed to process relocation: 6570:2206 (Invalid index: 388422)
Failed to process relocation: 6570:21fd (Invalid index: 388413)
Failed to process relocation: 6570:21f1 (Invalid index: 388401)
Failed to process relocation: 6570:21e7 (Invalid index: 388391)
Failed to process relocation: 6570:21e0 (Invalid index: 388384)
Failed to process relocation: 6570:21d3 (Invalid index: 388371)
Failed to process relocation: 6570:21bf (Invalid index: 388351)
Failed to process relocation: 6570:21b0 (Invalid index: 388336)
Failed to process relocation: 6570:21a4 (Invalid index: 388324)
Failed to process relocation: 6570:2189 (Invalid index: 388297)
Failed to process relocation: 6570:217d (Invalid index: 388285)
Failed to process relocation: 6570:2168 (Invalid index: 388264)
Failed to process relocation: 6570:20e7 (Invalid index: 388135)
Failed to process relocation: 6570:20dd (Invalid index: 388125)
Failed to process relocation: 6570:2770 (Invalid index: 389808)
Failed to process relocation: 6570:2744 (Invalid index: 389764)
Failed to process relocation: 6570:273c (Invalid index: 389756)
Failed to process relocation: 6570:2687 (Invalid index: 389575)
Failed to process relocation: 6570:2682 (Invalid index: 389570)
Failed to process relocation: 6570:267a (Invalid index: 389562)
Failed to process relocation: 6570:2659 (Invalid index: 389529)
Failed to process relocation: 6570:25fc (Invalid index: 389436)
Failed to process relocation: 6570:25d7 (Invalid index: 389399)
Failed to process relocation: 6570:258a (Invalid index: 389322)
Failed to process relocation: 6570:2562 (Invalid index: 389282)
Failed to process relocation: 6570:254a (Invalid index: 389258)
Failed to process relocation: 6570:2520 (Invalid index: 389216)
Failed to process relocation: 6570:2504 (Invalid index: 389188)
Failed to process relocation: 6570:24cb (Invalid index: 389131)
Failed to process relocation: 6570:24c6 (Invalid index: 389126)
Failed to process relocation: 6570:24bc (Invalid index: 389116)
Failed to process relocation: 6570:2b3d (Invalid index: 390781)
Failed to process relocation: 6570:2b28 (Invalid index: 390760)
Failed to process relocation: 6570:2b10 (Invalid index: 390736)
Failed to process relocation: 6570:2ad1 (Invalid index: 390673)
Failed to process relocation: 6570:2a9f (Invalid index: 390623)
Failed to process relocation: 6570:2a6f (Invalid index: 390575)
Failed to process relocation: 6570:2a3c (Invalid index: 390524)
Failed to process relocation: 6570:2a31 (Invalid index: 390513)
Failed to process relocation: 6570:29f5 (Invalid index: 390453)
Failed to process relocation: 6570:29c5 (Invalid index: 390405)
Failed to process relocation: 6570:29ba (Invalid index: 390394)
Failed to process relocation: 6570:298b (Invalid index: 390347)
Failed to process relocation: 6570:2982 (Invalid index: 390338)
Failed to process relocation: 6570:2978 (Invalid index: 390328)
Failed to process relocation: 6570:2971 (Invalid index: 390321)
Failed to process relocation: 6570:2964 (Invalid index: 390308)
Failed to process relocation: 6570:2951 (Invalid index: 390289)
Failed to process relocation: 6570:293e (Invalid index: 390270)
Failed to process relocation: 6570:2929 (Invalid index: 390249)
Failed to process relocation: 6570:290e (Invalid index: 390222)
Failed to process relocation: 6570:28d2 (Invalid index: 390162)
Failed to process relocation: 6570:28c9 (Invalid index: 390153)
Failed to process relocation: 6570:28bf (Invalid index: 390143)
Failed to process relocation: 6570:28aa (Invalid index: 390122)
Failed to process relocation: 6570:28a1 (Invalid index: 390113)
Failed to process relocation: 6570:2897 (Invalid index: 390103)
Failed to process relocation: 6570:2892 (Invalid index: 390098)
Failed to process relocation: 6570:2888 (Invalid index: 390088)
Failed to process relocation: 6570:2879 (Invalid index: 390073)
Failed to process relocation: 6570:2870 (Invalid index: 390064)
Failed to process relocation: 6570:2867 (Invalid index: 390055)
Failed to process relocation: 6570:285e (Invalid index: 390046)
Failed to process relocation: 6570:2859 (Invalid index: 390041)
Failed to process relocation: 6570:2850 (Invalid index: 390032)
Failed to process relocation: 6570:283c (Invalid index: 390012)
Failed to process relocation: 6570:2805 (Invalid index: 389957)
Failed to process relocation: 6570:27b2 (Invalid index: 389874)
Failed to process relocation: 6570:27ad (Invalid index: 389869)
Failed to process relocation: 6570:27a8 (Invalid index: 389864)
Failed to process relocation: 6570:279a (Invalid index: 389850)
Failed to process relocation: 6570:2ef2 (Invalid index: 391730)
Failed to process relocation: 6570:2e18 (Invalid index: 391512)
Failed to process relocation: 6570:2dff (Invalid index: 391487)
Failed to process relocation: 6570:2df8 (Invalid index: 391480)
Failed to process relocation: 6570:2de3 (Invalid index: 391459)
Failed to process relocation: 6570:2c9c (Invalid index: 391132)
Failed to process relocation: 6570:2c7c (Invalid index: 391100)
Failed to process relocation: 6570:2bf0 (Invalid index: 390960)
Failed to process relocation: 6570:2be9 (Invalid index: 390953)
Failed to process relocation: 6570:2b7f (Invalid index: 390847)
Failed to process relocation: 6570:2b59 (Invalid index: 390809)
Failed to process relocation: 6570:2b44 (Invalid index: 390788)
Failed to process relocation: 6570:327d (Invalid index: 392637)
Failed to process relocation: 6570:3264 (Invalid index: 392612)
Failed to process relocation: 6570:317c (Invalid index: 392380)
Failed to process relocation: 6570:3163 (Invalid index: 392355)
Failed to process relocation: 6570:315c (Invalid index: 392348)
Failed to process relocation: 6570:3147 (Invalid index: 392327)
Failed to process relocation: 6570:312c (Invalid index: 392300)
Failed to process relocation: 6570:3127 (Invalid index: 392295)
Failed to process relocation: 6570:30fe (Invalid index: 392254)
Failed to process relocation: 6570:30f6 (Invalid index: 392246)
Failed to process relocation: 6570:30b8 (Invalid index: 392184)
Failed to process relocation: 6570:3098 (Invalid index: 392152)
Failed to process relocation: 6570:3087 (Invalid index: 392135)
Failed to process relocation: 6570:306a (Invalid index: 392106)
Failed to process relocation: 6570:301e (Invalid index: 392030)
Failed to process relocation: 6570:2fe4 (Invalid index: 391972)
Failed to process relocation: 6570:2fba (Invalid index: 391930)
Failed to process relocation: 6570:2f0c (Invalid index: 391756)
Failed to process relocation: 6570:3414 (Invalid index: 393044)
Failed to process relocation: 6570:3401 (Invalid index: 393025)
Failed to process relocation: 6570:33fa (Invalid index: 393018)
Failed to process relocation: 6570:33df (Invalid index: 392991)
Failed to process relocation: 6570:33d8 (Invalid index: 392984)
Failed to process relocation: 6570:3354 (Invalid index: 392852)
Failed to process relocation: 6570:332c (Invalid index: 392812)
------------------------------------------------

 (ProgramLoader)  
INFO  IMPORTING: Loaded 0 additional files (HeadlessAnalyzer)  
INFO  REPORT: Execute script: MarkOverlayThunks 'pre' '3ab8'  (HeadlessAnalyzer)  
INFO  SCRIPT: C:\prog\jwcad\ghidra_scripts\MarkOverlayThunks.java (HeadlessAnalyzer)  
INFO  MarkOverlayThunks.java> cd 3f sites: 149 (GhidraScript)  
INFO  MarkOverlayThunks.java> overlay trap operands marked as data: 149 of 149 (GhidraScript)  
INFO  ANALYZING all memory and code: file:///C:/prog/jwcad/ovl/jw12.exe (HeadlessAnalyzer)  
ERROR Failed to create function at 28b3:0f86 since its body contains referring thunk at 28b3:0ee9 (CreateFunctionCmd)  
WARN  Decompiling 1000:0a81, pcode error at 1000:0a6f: Unable to resolve constructor at 1000:0a6f (DecompileCallback)  
WARN  Decompiling 1000:0a81, pcode error at 1000:0a4b: Unable to resolve constructor at 1000:0a4b (DecompileCallback)  
WARN  Decompiling 1000:0a81, pcode error at 1000:0818: Unable to resolve constructor at 1000:0818 (DecompileCallback)  
WARN  Decompiling 32b2:0d40, pcode error at 3000:5054: Unable to resolve constructor at 3000:5054 (DecompileCallback)  
WARN  Decompiling 32b2:1528: Unable to read bytes at ram:0000:7be2 (DecompileCallback)  
WARN  Decompiling 12c1:097e, pcode error at 1000:5097: Unable to resolve constructor at 1000:5097 (DecompileCallback)  
WARN  Decompiling 32b2:0d40, pcode error at 4000:39c2: Failed to resolve varnode <Sreg>, index=6 (DecompileCallback)  
WARN  Decompiling 32b2:0d40, pcode error at 4000:3a30: Failed to resolve varnode <Sreg>, index=6 (DecompileCallback)  
WARN  Decompiling 21f2:246e, pcode error at 2000:3158: Unable to resolve constructor at 2000:3158 (DecompileCallback)  
WARN  Decompiling 21f2:246e, pcode error at 2000:7191: Unable to resolve constructor at 2000:7191 (DecompileCallback)  
WARN  Decompiling 3ab8:184b, pcode error at 4000:39c2: Failed to resolve varnode <Sreg>, index=6 (DecompileCallback)  
WARN  Decompiling 3ab8:184b, pcode error at 4000:3a30: Failed to resolve varnode <Sreg>, index=6 (DecompileCallback)  
WARN  Decompiling 3ab8:184b, pcode error at 3000:919a: Unable to resolve constructor at 3000:919a (DecompileCallback)  
INFO  Packed database cache: C:\Users\yomei\AppData\Local\ghidra\packed-db-cache (PackedDatabaseCache)  
INFO  Applied data type archive: generic_clib (ApplyDataArchiveAnalyzer)  
INFO  -----------------------------------------------------
    ASCII Strings                              0.342 secs
    Apply Data Archives                        0.769 secs
    Call Convention ID                         0.003 secs
    Call-Fixup Installer                       0.015 secs
    Create Function                            0.314 secs
    Data Reference                             0.024 secs
    Decompiler Switch Analysis                26.444 secs
    Demangler GNU                              0.045 secs
    Disassemble                                1.817 secs
    Disassemble Entry Points                   0.156 secs
    Embedded Media                             0.017 secs
    External Entry References                  0.000 secs
    Function ID                                0.116 secs
    Function Start Search                      0.021 secs
    Non-Returning Functions - Discovered       2.215 secs
    Reference                                  0.042 secs
    Segmented X86 Calling Conventions          0.004 secs
    Shared Return Calls                        0.122 secs
    Stack                                      2.188 secs
    Subroutine References                      0.095 secs
    Subroutine References - One Time           0.000 secs
    X86 Function Callee Purge                  0.100 secs
    x86 Constant Reference Analyzer            1.776 secs
-----------------------------------------------------
     Total Time   36 secs
-----------------------------------------------------
 (AutoAnalysisManager)  
INFO  REPORT: Analysis succeeded for file: file:///C:/prog/jwcad/ovl/jw12.exe (HeadlessAnalyzer)  
INFO  REPORT: Execute script: MarkOverlayThunks 'post' '3ab8' 'C:\prog\jwcad\entries\12.txt' '12'  (HeadlessAnalyzer)  
INFO  SCRIPT: C:\prog\jwcad\ghidra_scripts\MarkOverlayThunks.java (HeadlessAnalyzer)  
INFO  MarkOverlayThunks.java> cd 3f sites: 149 (GhidraScript)  
INFO  MarkOverlayThunks.java> overlay traps given a fall-through: 149, references added: 4 (GhidraScript)  
INFO  MarkOverlayThunks.java> overlay entry points seeded: 7 (GhidraScript)  
INFO  -----------------------------------------------------
    Call Convention ID                         0.000 secs
    Call-Fixup Installer                       0.000 secs
    Create Function                            0.004 secs
    Decompiler Switch Analysis                 0.001 secs
    Non-Returning Functions - Discovered       0.026 secs
    Reference                                  0.001 secs
    Segmented X86 Calling Conventions          0.000 secs
    Shared Return Calls                        0.004 secs
    Stack                                      0.009 secs
    Subroutine References                      0.006 secs
    X86 Function Callee Purge                  0.001 secs
    x86 Constant Reference Analyzer            1.010 secs
-----------------------------------------------------
     Total Time   1 secs
-----------------------------------------------------
 (AutoAnalysisManager)  
INFO  MarkOverlayThunks.java> overlay hole cleared: 5 stray functions (GhidraScript)  
INFO  REPORT: Execute script: DecompileAll 'C:\prog\jwcad\out\ovl12' '3ab8' '4375'  (HeadlessAnalyzer)  
INFO  SCRIPT: C:\prog\jwcad\ghidra_scripts\DecompileAll.java (HeadlessAnalyzer)  
WARN  Decompiling 3ab8:184b, pcode error at 4000:39c2: Failed to resolve varnode <Sreg>, index=6 (DecompileCallback)  
WARN  Decompiling 3ab8:184b, pcode error at 4000:3a30: Failed to resolve varnode <Sreg>, index=6 (DecompileCallback)  
WARN  Decompiling 3ab8:184b, pcode error at 3000:919a: Unable to resolve constructor at 3000:919a (DecompileCallback)  
INFO  DecompileAll.java> decompiled 15 functions, 0 failed (GhidraScript)  
INFO  ANALYZING changes made by post scripts: file:///C:/prog/jwcad/ovl/jw12.exe (HeadlessAnalyzer)  
INFO  REPORT: Post-analysis succeeded for file: file:///C:/prog/jwcad/ovl/jw12.exe (HeadlessAnalyzer)  
INFO  /jw12.exe: file created (yomei) (LocalFileSystem)  
INFO  REPORT: Save succeeded for: /jw12.exe (ovl12:/jw12.exe) (HeadlessAnalyzer)  
INFO  REPORT: Import succeeded (HeadlessAnalyzer)  
