INFO  Using log config file: jar:file:/C:/prog/ghidra/ghidra_12.1.3_PUBLIC/Ghidra/Framework/Generic/lib/Generic.jar!/generic.log4j.xml (LoggingInitialization)  
INFO  Using log file: C:\Users\yomei\AppData\Roaming\ghidra\ghidra_12.1.3_PUBLIC\application.log (LoggingInitialization)  
INFO  Loading user preferences: C:\Users\yomei\AppData\Roaming\ghidra\ghidra_12.1.3_PUBLIC\preferences (Preferences)  
INFO  Searching for classes... (ClassSearcher)  
INFO  Class search complete (1098 ms) (ClassSearcher)  
INFO  Initializing SSL Context (DefaultSSLContextInitializer)  
INFO  Initializing Random Number Generator... (SecureRandomFactory)  
INFO  Random Number Generator initialization complete: SHA1PRNG (SecureRandomFactory)  
INFO  Trust manager disabled, cacerts have not been set (DefaultTrustManagerFactory)  
INFO  Headless startup complete (11214 ms) (AnalyzeHeadless)  
INFO  Class searcher loaded 59 extension points (20 false positives) (ClassSearcher)  
INFO  HEADLESS Script Paths:
    C:\prog\ghidra\ghidra_12.1.3_PUBLIC\Ghidra\Debug\Debugger-rmi-trace\ghidra_scripts
    C:\prog\ghidra\ghidra_12.1.3_PUBLIC\Ghidra\Features\FileFormats\ghidra_scripts
    C:\prog\ghidra\ghidra_12.1.3_PUBLIC\Ghidra\Features\GnuDemangler\ghidra_scripts
    C:\prog\ghidra\ghidra_12.1.3_PUBLIC\Ghidra\Features\VersionTracking\ghidra_scripts
    C:\prog\ghidra\ghidra_12.1.3_PUBLIC\Ghidra\Debug\Debugger\ghidra_scripts
    C:\prog\ghidra\ghidra_12.1.3_PUBLIC\Ghidra\Processors\8051\ghidra_scripts
    C:\prog\ghidra\ghidra_12.1.3_PUBLIC\Ghidra\Features\BSim\ghidra_scripts
    C:\prog\ghidra\ghidra_12.1.3_PUBLIC\Ghidra\Features\WildcardAssembler\ghidra_scripts
    C:\prog\ghidra\ghidra_12.1.3_PUBLIC\Ghidra\Features\FunctionID\ghidra_scripts
    C:\prog\ghidra\ghidra_12.1.3_PUBLIC\Ghidra\Features\SystemEmulation\ghidra_scripts
    C:\prog\ghidra\ghidra_12.1.3_PUBLIC\Ghidra\Processors\PIC\ghidra_scripts
    C:\prog\ghidra\ghidra_12.1.3_PUBLIC\Ghidra\Features\PDB\ghidra_scripts
    C:\prog\ghidra\ghidra_12.1.3_PUBLIC\Ghidra\Features\DecompilerDependent\ghidra_scripts
    C:\prog\ghidra\ghidra_12.1.3_PUBLIC\Ghidra\Features\SwiftDemangler\ghidra_scripts
    C:\prog\ghidra\ghidra_12.1.3_PUBLIC\Ghidra\Features\MicrosoftCodeAnalyzer\ghidra_scripts
    C:\prog\ghidra\ghidra_12.1.3_PUBLIC\Ghidra\Processors\DATA\ghidra_scripts
    C:\prog\ghidra\ghidra_12.1.3_PUBLIC\Ghidra\Features\Decompiler\ghidra_scripts
    C:\prog\ghidra\ghidra_12.1.3_PUBLIC\Ghidra\Features\BytePatterns\ghidra_scripts
    C:\prog\ghidra\ghidra_12.1.3_PUBLIC\Ghidra\Features\PyGhidra\ghidra_scripts
    C:\prog\ghidra\ghidra_12.1.3_PUBLIC\Ghidra\Processors\Atmel\ghidra_scripts
    C:\prog\ghidra\ghidra_12.1.3_PUBLIC\Ghidra\Features\Base\ghidra_scripts
    C:\prog\jwcad\ghidra_scripts
    C:\prog\ghidra\ghidra_12.1.3_PUBLIC\Ghidra\Processors\JVM\ghidra_scripts (HeadlessAnalyzer)  
INFO  HEADLESS: execution starts (HeadlessAnalyzer)  
INFO  Creating temporary project: C:\prog\jwcad\proj\ovl27 (HeadlessAnalyzer)  
INFO  Creating project: C:\prog\jwcad\proj\ovl27 (DefaultProject)  
INFO  REPORT: Processing input files:  (HeadlessAnalyzer)  
INFO       project: C:\prog\jwcad\proj\ovl27 (HeadlessAnalyzer)  
INFO  IMPORTING: file:///C:/prog/jwcad/ovl/jw27.exe (HeadlessAnalyzer)  
INFO  Using Loader: Old-style DOS Executable (MZ) (ProgramLoader)  
INFO  Using Language/Compiler: x86:LE:16:Real Mode:default (ProgramLoader)  
INFO  Using Library Search Path: [., C:\Windows\SysWOW64, C:\prog\ghidra\jdk21\bin, C:\Windows\Sun\Java\bin, C:\Windows\system32, C:\Windows, C:\Program Files\Python312\Scripts\, C:\Program Files\Python312\, C:\Windows\System32\Wbem, C:\Windows\System32\WindowsPowerShell\v1.0\, C:\Windows\System32\OpenSSH\, C:\Program Files\Amazon\AWSCLIV2\, C:\ProgramData\chocolatey\bin, C:\ffmpeg, C:\Users\yomei\AppData\Local\Microsoft\WindowsApps] (ProgramLoader)  
INFO  Additional info:
There were too many messages to display.
1301 messages have been truncated.

Loading file:///C:/prog/jwcad/ovl/jw27.exe?MD5=bfee616c211afb27fa8a851931c64692...
Failed to process relocation: 6570:0112 (Invalid index: 385538)
Failed to process relocation: 6570:0104 (Invalid index: 385524)
Failed to process relocation: 6570:00f6 (Invalid index: 385510)
Failed to process relocation: 6570:00ea (Invalid index: 385498)
Failed to process relocation: 6570:00da (Invalid index: 385482)
Failed to process relocation: 6570:00cc (Invalid index: 385468)
Failed to process relocation: 6570:00c0 (Invalid index: 385456)
Failed to process relocation: 6570:0074 (Invalid index: 385380)
Failed to process relocation: 6570:0009 (Invalid index: 385273)
Failed to process relocation: 6570:04c9 (Invalid index: 386489)
Failed to process relocation: 6570:04ad (Invalid index: 386461)
Failed to process relocation: 6570:0491 (Invalid index: 386433)
Failed to process relocation: 6570:047c (Invalid index: 386412)
Failed to process relocation: 6570:0436 (Invalid index: 386342)
Failed to process relocation: 6570:0401 (Invalid index: 386289)
Failed to process relocation: 6570:03f6 (Invalid index: 386278)
Failed to process relocation: 6570:03cb (Invalid index: 386235)
Failed to process relocation: 6570:03c3 (Invalid index: 386227)
Failed to process relocation: 6570:03b9 (Invalid index: 386217)
Failed to process relocation: 6570:03b4 (Invalid index: 386212)
Failed to process relocation: 6570:038a (Invalid index: 386170)
Failed to process relocation: 6570:0382 (Invalid index: 386162)
Failed to process relocation: 6570:0378 (Invalid index: 386152)
Failed to process relocation: 6570:0373 (Invalid index: 386147)
Failed to process relocation: 6570:0349 (Invalid index: 386105)
Failed to process relocation: 6570:0341 (Invalid index: 386097)
Failed to process relocation: 6570:0337 (Invalid index: 386087)
Failed to process relocation: 6570:030c (Invalid index: 386044)
Failed to process relocation: 6570:0304 (Invalid index: 386036)
Failed to process relocation: 6570:02fa (Invalid index: 386026)
Failed to process relocation: 6570:02f1 (Invalid index: 386017)
Failed to process relocation: 6570:02ec (Invalid index: 386012)
Failed to process relocation: 6570:02e7 (Invalid index: 386007)
Failed to process relocation: 6570:02cc (Invalid index: 385980)
Failed to process relocation: 6570:02c7 (Invalid index: 385975)
Failed to process relocation: 6570:02bd (Invalid index: 385965)
Failed to process relocation: 6570:02b8 (Invalid index: 385960)
Failed to process relocation: 6570:02af (Invalid index: 385951)
Failed to process relocation: 6570:02a5 (Invalid index: 385941)
Failed to process relocation: 6570:02a0 (Invalid index: 385936)
Failed to process relocation: 6570:0297 (Invalid index: 385927)
Failed to process relocation: 6570:028d (Invalid index: 385917)
Failed to process relocation: 6570:0288 (Invalid index: 385912)
Failed to process relocation: 6570:027f (Invalid index: 385903)
Failed to process relocation: 6570:0275 (Invalid index: 385893)
Failed to process relocation: 6570:0270 (Invalid index: 385888)
Failed to process relocation: 6570:0267 (Invalid index: 385879)
Failed to process relocation: 6570:025f (Invalid index: 385871)
Failed to process relocation: 6570:0256 (Invalid index: 385862)
Failed to process relocation: 6570:024c (Invalid index: 385852)
Failed to process relocation: 6570:0235 (Invalid index: 385829)
Failed to process relocation: 6570:022c (Invalid index: 385820)
Failed to process relocation: 6570:0223 (Invalid index: 385811)
Failed to process relocation: 6570:021a (Invalid index: 385802)
Failed to process relocation: 6570:0211 (Invalid index: 385793)
Failed to process relocation: 6570:0208 (Invalid index: 385784)
Failed to process relocation: 6570:01ff (Invalid index: 385775)
Failed to process relocation: 6570:01f6 (Invalid index: 385766)
Failed to process relocation: 6570:01ed (Invalid index: 385757)
Failed to process relocation: 6570:01e4 (Invalid index: 385748)
Failed to process relocation: 6570:01db (Invalid index: 385739)
Failed to process relocation: 6570:01d2 (Invalid index: 385730)
Failed to process relocation: 6570:01c6 (Invalid index: 385718)
Failed to process relocation: 6570:01ab (Invalid index: 385691)
Failed to process relocation: 6570:0187 (Invalid index: 385655)
Failed to process relocation: 6570:0167 (Invalid index: 385623)
Failed to process relocation: 6570:0162 (Invalid index: 385618)
Failed to process relocation: 6570:0158 (Invalid index: 385608)
Failed to process relocation: 6570:0153 (Invalid index: 385603)
Failed to process relocation: 6570:014b (Invalid index: 385595)
Failed to process relocation: 6570:0141 (Invalid index: 385585)
Failed to process relocation: 6570:013c (Invalid index: 385580)
Failed to process relocation: 6570:0123 (Invalid index: 385555)
Failed to process relocation: 6570:04f4 (Invalid index: 386532)
Failed to process relocation: 6570:04d8 (Invalid index: 386504)
Failed to process relocation: 6570:060c (Invalid index: 386812)
Failed to process relocation: 6570:05f4 (Invalid index: 386788)
Failed to process relocation: 6570:05e7 (Invalid index: 386775)
Failed to process relocation: 6570:05dd (Invalid index: 386765)
Failed to process relocation: 6570:05d4 (Invalid index: 386756)
Failed to process relocation: 6570:05c2 (Invalid index: 386738)
Failed to process relocation: 6570:05aa (Invalid index: 386714)
Failed to process relocation: 6570:059d (Invalid index: 386701)
Failed to process relocation: 6570:0593 (Invalid index: 386691)
Failed to process relocation: 6570:058a (Invalid index: 386682)
Failed to process relocation: 6570:0578 (Invalid index: 386664)
Failed to process relocation: 6570:0560 (Invalid index: 386640)
Failed to process relocation: 6570:0533 (Invalid index: 386595)
Failed to process relocation: 6570:0506 (Invalid index: 386550)
Failed to process relocation: 6570:09c4 (Invalid index: 387764)
Failed to process relocation: 6570:09bf (Invalid index: 387759)
Failed to process relocation: 6570:096e (Invalid index: 387678)
Failed to process relocation: 6570:0941 (Invalid index: 387633)
Failed to process relocation: 6570:0933 (Invalid index: 387619)
Failed to process relocation: 6570:0927 (Invalid index: 387607)
Failed to process relocation: 6570:08f5 (Invalid index: 387557)
Failed to process relocation: 6570:08ec (Invalid index: 387548)
Failed to process relocation: 6570:08e7 (Invalid index: 387543)
Failed to process relocation: 6570:08de (Invalid index: 387534)
Failed to process relocation: 6570:08d5 (Invalid index: 387525)
Failed to process relocation: 6570:08d0 (Invalid index: 387520)
Failed to process relocation: 6570:08c5 (Invalid index: 387509)
Failed to process relocation: 6570:08c0 (Invalid index: 387504)
Failed to process relocation: 6570:08bb (Invalid index: 387499)
Failed to process relocation: 6570:08b6 (Invalid index: 387494)
Failed to process relocation: 6570:08ae (Invalid index: 387486)
Failed to process relocation: 6570:08a6 (Invalid index: 387478)
Failed to process relocation: 6570:089e (Invalid index: 387470)
Failed to process relocation: 6570:0896 (Invalid index: 387462)
Failed to process relocation: 6570:0891 (Invalid index: 387457)
Failed to process relocation: 6570:0889 (Invalid index: 387449)
Failed to process relocation: 6570:0881 (Invalid index: 387441)
Failed to process relocation: 6570:0879 (Invalid index: 387433)
Failed to process relocation: 6570:0871 (Invalid index: 387425)
Failed to process relocation: 6570:0865 (Invalid index: 387413)
Failed to process relocation: 6570:0860 (Invalid index: 387408)
Failed to process relocation: 6570:0856 (Invalid index: 387398)
Failed to process relocation: 6570:0851 (Invalid index: 387393)
Failed to process relocation: 6570:0849 (Invalid index: 387385)
Failed to process relocation: 6570:083f (Invalid index: 387375)
Failed to process relocation: 6570:083a (Invalid index: 387370)
Failed to process relocation: 6570:0832 (Invalid index: 387362)
Failed to process relocation: 6570:0828 (Invalid index: 387352)
Failed to process relocation: 6570:0823 (Invalid index: 387347)
Failed to process relocation: 6570:081b (Invalid index: 387339)
Failed to process relocation: 6570:0811 (Invalid index: 387329)
Failed to process relocation: 6570:080c (Invalid index: 387324)
Failed to process relocation: 6570:0801 (Invalid index: 387313)
Failed to process relocation: 6570:07dd (Invalid index: 387277)
Failed to process relocation: 6570:07d5 (Invalid index: 387269)
Failed to process relocation: 6570:07cd (Invalid index: 387261)
Failed to process relocation: 6570:07c5 (Invalid index: 387253)
Failed to process relocation: 6570:079f (Invalid index: 387215)
Failed to process relocation: 6570:0796 (Invalid index: 387206)
Failed to process relocation: 6570:0791 (Invalid index: 387201)
Failed to process relocation: 6570:0788 (Invalid index: 387192)
Failed to process relocation: 6570:077f (Invalid index: 387183)
Failed to process relocation: 6570:077a (Invalid index: 387178)
Failed to process relocation: 6570:076f (Invalid index: 387167)
Failed to process relocation: 6570:076a (Invalid index: 387162)
Failed to process relocation: 6570:0765 (Invalid index: 387157)
Failed to process relocation: 6570:0760 (Invalid index: 387152)
Failed to process relocation: 6570:0758 (Invalid index: 387144)
Failed to process relocation: 6570:0750 (Invalid index: 387136)
Failed to process relocation: 6570:0748 (Invalid index: 387128)
Failed to process relocation: 6570:0740 (Invalid index: 387120)
Failed to process relocation: 6570:073b (Invalid index: 387115)
Failed to process relocation: 6570:0733 (Invalid index: 387107)
Failed to process relocation: 6570:072b (Invalid index: 387099)
Failed to process relocation: 6570:0723 (Invalid index: 387091)
Failed to process relocation: 6570:071b (Invalid index: 387083)
Failed to process relocation: 6570:070f (Invalid index: 387071)
Failed to process relocation: 6570:070a (Invalid index: 387066)
Failed to process relocation: 6570:0700 (Invalid index: 387056)
Failed to process relocation: 6570:06fb (Invalid index: 387051)
Failed to process relocation: 6570:06f3 (Invalid index: 387043)
Failed to process relocation: 6570:06e9 (Invalid index: 387033)
Failed to process relocation: 6570:06e4 (Invalid index: 387028)
Failed to process relocation: 6570:06dc (Invalid index: 387020)
Failed to process relocation: 6570:06d2 (Invalid index: 387010)
Failed to process relocation: 6570:06cd (Invalid index: 387005)
Failed to process relocation: 6570:06c5 (Invalid index: 386997)
Failed to process relocation: 6570:06bb (Invalid index: 386987)
Failed to process relocation: 6570:06b6 (Invalid index: 386982)
Failed to process relocation: 6570:06ab (Invalid index: 386971)
Failed to process relocation: 6570:0687 (Invalid index: 386935)
Failed to process relocation: 6570:067f (Invalid index: 386927)
Failed to process relocation: 6570:0677 (Invalid index: 386919)
Failed to process relocation: 6570:066f (Invalid index: 386911)
Failed to process relocation: 6570:0655 (Invalid index: 386885)
Failed to process relocation: 6570:0647 (Invalid index: 386871)
Failed to process relocation: 6570:062b (Invalid index: 386843)
Failed to process relocation: 6570:061e (Invalid index: 386830)
Failed to process relocation: 6570:0a1a (Invalid index: 387850)
Failed to process relocation: 6570:09ea (Invalid index: 387802)
Failed to process relocation: 6570:09e5 (Invalid index: 387797)
Failed to process relocation: 6570:09db (Invalid index: 387787)
Failed to process relocation: 6570:09d6 (Invalid index: 387782)
Failed to process relocation: 6570:09ce (Invalid index: 387774)
Failed to process relocation: 6570:0daf (Invalid index: 388767)
Failed to process relocation: 6570:0d84 (Invalid index: 388724)
Failed to process relocation: 6570:0d78 (Invalid index: 388712)
Failed to process relocation: 6570:0d63 (Invalid index: 388691)
Failed to process relocation: 6570:0d2c (Invalid index: 388636)
Failed to process relocation: 6570:0d24 (Invalid index: 388628)
Failed to process relocation: 6570:0d1a (Invalid index: 388618)
Failed to process relocation: 6570:0d11 (Invalid index: 388609)
Failed to process relocation: 6570:0d07 (Invalid index: 388599)
Failed to process relocation: 6570:0ced (Invalid index: 388573)
Failed to process relocation: 6570:0ce5 (Invalid index: 388565)
Failed to process relocation: 6570:0cdb (Invalid index: 388555)
Failed to process relocation: 6570:0cd2 (Invalid index: 388546)
Failed to process relocation: 6570:0cc8 (Invalid index: 388536)
Failed to process relocation: 6570:0cae (Invalid index: 388510)
Failed to process relocation: 6570:0ca6 (Invalid index: 388502)
Failed to process relocation: 6570:0c9c (Invalid index: 388492)
Failed to process relocation: 6570:0c93 (Invalid index: 388483)
Failed to process relocation: 6570:0c89 (Invalid index: 388473)
Failed to process relocation: 6570:0c6f (Invalid index: 388447)
Failed to process relocation: 6570:0c67 (Invalid index: 388439)
Failed to process relocation: 6570:0c5d (Invalid index: 388429)
Failed to process relocation: 6570:0c58 (Invalid index: 388424)
Failed to process relocation: 6570:0c4f (Invalid index: 388415)
Failed to process relocation: 6570:0c46 (Invalid index: 388406)
Failed to process relocation: 6570:0c3d (Invalid index: 388397)
Failed to process relocation: 6570:0c38 (Invalid index: 388392)
Failed to process relocation: 6570:0c29 (Invalid index: 388377)
Failed to process relocation: 6570:0c1f (Invalid index: 388367)
Failed to process relocation: 6570:0c16 (Invalid index: 388358)
Failed to process relocation: 6570:0c0d (Invalid index: 388349)
Failed to process relocation: 6570:0c08 (Invalid index: 388344)
Failed to process relocation: 6570:0c00 (Invalid index: 388336)
Failed to process relocation: 6570:0bf8 (Invalid index: 388328)
Failed to process relocation: 6570:0bef (Invalid index: 388319)
Failed to process relocation: 6570:0bea (Invalid index: 388314)
Failed to process relocation: 6570:0be0 (Invalid index: 388304)
Failed to process relocation: 6570:0bd8 (Invalid index: 388296)
Failed to process relocation: 6570:0bcf (Invalid index: 388287)
Failed to process relocation: 6570:0bc7 (Invalid index: 388279)
Failed to process relocation: 6570:0bb9 (Invalid index: 388265)
Failed to process relocation: 6570:0bb1 (Invalid index: 388257)
Failed to process relocation: 6570:0ba9 (Invalid index: 388249)
Failed to process relocation: 6570:0ba0 (Invalid index: 388240)
Failed to process relocation: 6570:0b97 (Invalid index: 388231)
Failed to process relocation: 6570:0b7e (Invalid index: 388206)
Failed to process relocation: 6570:0b6c (Invalid index: 388188)
Failed to process relocation: 6570:0b4a (Invalid index: 388154)
Failed to process relocation: 6570:0b24 (Invalid index: 388116)
Failed to process relocation: 6570:0b19 (Invalid index: 388105)
Failed to process relocation: 6570:0b03 (Invalid index: 388083)
Failed to process relocation: 6570:0aef (Invalid index: 388063)
Failed to process relocation: 6570:0ad0 (Invalid index: 388032)
Failed to process relocation: 6570:0ac7 (Invalid index: 388023)
Failed to process relocation: 6570:0abe (Invalid index: 388014)
Failed to process relocation: 6570:0aae (Invalid index: 387998)
Failed to process relocation: 6570:0aa6 (Invalid index: 387990)
Failed to process relocation: 6570:0a9d (Invalid index: 387981)
Failed to process relocation: 6570:0a98 (Invalid index: 387976)
Failed to process relocation: 6570:0a93 (Invalid index: 387971)
Failed to process relocation: 6570:0a8b (Invalid index: 387963)
Failed to process relocation: 6570:0a86 (Invalid index: 387958)
Failed to process relocation: 6570:0a7d (Invalid index: 387949)
Failed to process relocation: 6570:0a72 (Invalid index: 387938)
Failed to process relocation: 6570:1169 (Invalid index: 389721)
Failed to process relocation: 6570:1164 (Invalid index: 389716)
Failed to process relocation: 6570:115c (Invalid index: 389708)
Failed to process relocation: 6570:1156 (Invalid index: 389702)
Failed to process relocation: 6570:114d (Invalid index: 389693)
Failed to process relocation: 6570:1136 (Invalid index: 389670)
Failed to process relocation: 6570:1130 (Invalid index: 389664)
Failed to process relocation: 6570:1127 (Invalid index: 389655)
Failed to process relocation: 6570:111c (Invalid index: 389644)
Failed to process relocation: 6570:1117 (Invalid index: 389639)
Failed to process relocation: 6570:110f (Invalid index: 389631)
Failed to process relocation: 6570:1106 (Invalid index: 389622)
Failed to process relocation: 6570:10fd (Invalid index: 389613)
Failed to process relocation: 6570:10f4 (Invalid index: 389604)
Failed to process relocation: 6570:10eb (Invalid index: 389595)
Failed to process relocation: 6570:10bb (Invalid index: 389547)
Failed to process relocation: 6570:108a (Invalid index: 389498)
Failed to process relocation: 6570:1041 (Invalid index: 389425)
Failed to process relocation: 6570:1038 (Invalid index: 389416)
Failed to process relocation: 6570:102e (Invalid index: 389406)
Failed to process relocation: 6570:1029 (Invalid index: 389401)
Failed to process relocation: 6570:1021 (Invalid index: 389393)
Failed to process relocation: 6570:1017 (Invalid index: 389383)
Failed to process relocation: 6570:1012 (Invalid index: 389378)
Failed to process relocation: 6570:0fde (Invalid index: 389326)
Failed to process relocation: 6570:0fc5 (Invalid index: 389301)
Failed to process relocation: 6570:0fb0 (Invalid index: 389280)
Failed to process relocation: 6570:0f47 (Invalid index: 389175)
Failed to process relocation: 6570:0f3f (Invalid index: 389167)
Failed to process relocation: 6570:0f35 (Invalid index: 389157)
Failed to process relocation: 6570:0f2d (Invalid index: 389149)
Failed to process relocation: 6570:0f23 (Invalid index: 389139)
Failed to process relocation: 6570:0f0a (Invalid index: 389114)
Failed to process relocation: 6570:0f02 (Invalid index: 389106)
Failed to process relocation: 6570:0ef8 (Invalid index: 389096)
Failed to process relocation: 6570:0ef0 (Invalid index: 389088)
Failed to process relocation: 6570:0ee6 (Invalid index: 389078)
Failed to process relocation: 6570:0ecd (Invalid index: 389053)
Failed to process relocation: 6570:0eb5 (Invalid index: 389029)
Failed to process relocation: 6570:0eab (Invalid index: 389019)
Failed to process relocation: 6570:0e92 (Invalid index: 388994)
Failed to process relocation: 6570:0e7a (Invalid index: 388970)
Failed to process relocation: 6570:0e70 (Invalid index: 388960)
Failed to process relocation: 6570:0e6b (Invalid index: 388955)
Failed to process relocation: 6570:0e62 (Invalid index: 388946)
Failed to process relocation: 6570:0e58 (Invalid index: 388936)
Failed to process relocation: 6570:0e27 (Invalid index: 388887)
Failed to process relocation: 6570:0e06 (Invalid index: 388854)
Failed to process relocation: 6570:0dfd (Invalid index: 388845)
Failed to process relocation: 6570:0df5 (Invalid index: 388837)
Failed to process relocation: 6570:0dec (Invalid index: 388828)
Failed to process relocation: 6570:0de4 (Invalid index: 388820)
Failed to process relocation: 6570:0ddf (Invalid index: 388815)
Failed to process relocation: 6570:0dd7 (Invalid index: 388807)
Failed to process relocation: 6570:0dce (Invalid index: 388798)
Failed to process relocation: 6570:0dc3 (Invalid index: 388787)
Failed to process relocation: 6570:1513 (Invalid index: 390659)
Failed to process relocation: 6570:1509 (Invalid index: 390649)
Failed to process relocation: 6570:1504 (Invalid index: 390644)
Failed to process relocation: 6570:14e5 (Invalid index: 390613)
Failed to process relocation: 6570:14db (Invalid index: 390603)
Failed to process relocation: 6570:14d3 (Invalid index: 390595)
Failed to process relocation: 6570:14c9 (Invalid index: 390585)
Failed to process relocation: 6570:14c4 (Invalid index: 390580)
Failed to process relocation: 6570:14bc (Invalid index: 390572)
Failed to process relocation: 6570:14b2 (Invalid index: 390562)
Failed to process relocation: 6570:14aa (Invalid index: 390554)
Failed to process relocation: 6570:14a0 (Invalid index: 390544)
Failed to process relocation: 6570:149b (Invalid index: 390539)
Failed to process relocation: 6570:1416 (Invalid index: 390406)
Failed to process relocation: 6570:140c (Invalid index: 390396)
Failed to process relocation: 6570:1404 (Invalid index: 390388)
Failed to process relocation: 6570:13fa (Invalid index: 390378)
Failed to process relocation: 6570:13f5 (Invalid index: 390373)
Failed to process relocation: 6570:13ed (Invalid index: 390365)
Failed to process relocation: 6570:13e3 (Invalid index: 390355)
Failed to process relocation: 6570:13db (Invalid index: 390347)
Failed to process relocation: 6570:13d1 (Invalid index: 390337)
Failed to process relocation: 6570:13cc (Invalid index: 390332)
Failed to process relocation: 6570:13a8 (Invalid index: 390296)
Failed to process relocation: 6570:139e (Invalid index: 390286)
Failed to process relocation: 6570:1399 (Invalid index: 390281)
Failed to process relocation: 6570:1381 (Invalid index: 390257)
Failed to process relocation: 6570:1377 (Invalid index: 390247)
Failed to process relocation: 6570:1372 (Invalid index: 390242)
Failed to process relocation: 6570:1351 (Invalid index: 390209)
Failed to process relocation: 6570:1347 (Invalid index: 390199)
Failed to process relocation: 6570:133f (Invalid index: 390191)
Failed to process relocation: 6570:1335 (Invalid index: 390181)
Failed to process relocation: 6570:1330 (Invalid index: 390176)
Failed to process relocation: 6570:1328 (Invalid index: 390168)
Failed to process relocation: 6570:131e (Invalid index: 390158)
Failed to process relocation: 6570:1316 (Invalid index: 390150)
Failed to process relocation: 6570:130c (Invalid index: 390140)
Failed to process relocation: 6570:1307 (Invalid index: 390135)
Failed to process relocation: 6570:12f5 (Invalid index: 390117)
Failed to process relocation: 6570:12dd (Invalid index: 390093)
Failed to process relocation: 6570:12d8 (Invalid index: 390088)
Failed to process relocation: 6570:12ce (Invalid index: 390078)
Failed to process relocation: 6570:12c9 (Invalid index: 390073)
Failed to process relocation: 6570:12c1 (Invalid index: 390065)
Failed to process relocation: 6570:12b7 (Invalid index: 390055)
Failed to process relocation: 6570:12b2 (Invalid index: 390050)
Failed to process relocation: 6570:12a9 (Invalid index: 390041)
Failed to process relocation: 6570:1285 (Invalid index: 390005)
Failed to process relocation: 6570:127b (Invalid index: 389995)
Failed to process relocation: 6570:1276 (Invalid index: 389990)
Failed to process relocation: 6570:125e (Invalid index: 389966)
Failed to process relocation: 6570:1254 (Invalid index: 389956)
Failed to process relocation: 6570:124f (Invalid index: 389951)
Failed to process relocation: 6570:123d (Invalid index: 389933)
Failed to process relocation: 6570:1228 (Invalid index: 389912)
Failed to process relocation: 6570:1223 (Invalid index: 389907)
Failed to process relocation: 6570:1219 (Invalid index: 389897)
Failed to process relocation: 6570:1214 (Invalid index: 389892)
Failed to process relocation: 6570:120c (Invalid index: 389884)
Failed to process relocation: 6570:1202 (Invalid index: 389874)
Failed to process relocation: 6570:11fd (Invalid index: 389869)
Failed to process relocation: 6570:11e4 (Invalid index: 389844)
Failed to process relocation: 6570:11dc (Invalid index: 389836)
Failed to process relocation: 6570:11d4 (Invalid index: 389828)
Failed to process relocation: 6570:11cf (Invalid index: 389823)
Failed to process relocation: 6570:11c7 (Invalid index: 389815)
Failed to process relocation: 6570:11c1 (Invalid index: 389809)
Failed to process relocation: 6570:11b8 (Invalid index: 389800)
Failed to process relocation: 6570:11a1 (Invalid index: 389777)
Failed to process relocation: 6570:119b (Invalid index: 389771)
Failed to process relocation: 6570:1192 (Invalid index: 389762)
Failed to process relocation: 6570:1187 (Invalid index: 389751)
Failed to process relocation: 6570:1182 (Invalid index: 389746)
Failed to process relocation: 6570:117a (Invalid index: 389738)
Failed to process relocation: 6570:1171 (Invalid index: 389729)
Failed to process relocation: 6570:18cf (Invalid index: 391615)
Failed to process relocation: 6570:18b3 (Invalid index: 391587)
Failed to process relocation: 6570:188f (Invalid index: 391551)
Failed to process relocation: 6570:1888 (Invalid index: 391544)
Failed to process relocation: 6570:1852 (Invalid index: 391490)
Failed to process relocation: 6570:1836 (Invalid index: 391462)
Failed to process relocation: 6570:182c (Invalid index: 391452)
Failed to process relocation: 6570:1827 (Invalid index: 391447)
Failed to process relocation: 6570:1811 (Invalid index: 391425)
Failed to process relocation: 6570:180c (Invalid index: 391420)
Failed to process relocation: 6570:1802 (Invalid index: 391410)
Failed to process relocation: 6570:17f9 (Invalid index: 391401)
Failed to process relocation: 6570:17ef (Invalid index: 391391)
Failed to process relocation: 6570:17ea (Invalid index: 391386)
Failed to process relocation: 6570:17e2 (Invalid index: 391378)
Failed to process relocation: 6570:17d8 (Invalid index: 391368)
Failed to process relocation: 6570:17d3 (Invalid index: 391363)
Failed to process relocation: 6570:17cb (Invalid index: 391355)
Failed to process relocation: 6570:17a3 (Invalid index: 391315)
Failed to process relocation: 6570:179b (Invalid index: 391307)
Failed to process relocation: 6570:1793 (Invalid index: 391299)
Failed to process relocation: 6570:178b (Invalid index: 391291)
Failed to process relocation: 6570:1760 (Invalid index: 391248)
Failed to process relocation: 6570:1756 (Invalid index: 391238)
Failed to process relocation: 6570:1751 (Invalid index: 391233)
Failed to process relocation: 6570:1715 (Invalid index: 391173)
Failed to process relocation: 6570:170b (Invalid index: 391163)
Failed to process relocation: 6570:16f8 (Invalid index: 391144)
Failed to process relocation: 6570:16f3 (Invalid index: 391139)
Failed to process relocation: 6570:16eb (Invalid index: 391131)
Failed to process relocation: 6570:16b4 (Invalid index: 391076)
Failed to process relocation: 6570:169f (Invalid index: 391055)
Failed to process relocation: 6570:169a (Invalid index: 391050)
Failed to process relocation: 6570:1690 (Invalid index: 391040)
Failed to process relocation: 6570:168b (Invalid index: 391035)
Failed to process relocation: 6570:1683 (Invalid index: 391027)
Failed to process relocation: 6570:1679 (Invalid index: 391017)
Failed to process relocation: 6570:1674 (Invalid index: 391012)
Failed to process relocation: 6570:165f (Invalid index: 390991)
Failed to process relocation: 6570:1648 (Invalid index: 390968)
Failed to process relocation: 6570:162e (Invalid index: 390942)
Failed to process relocation: 6570:1629 (Invalid index: 390937)
Failed to process relocation: 6570:1624 (Invalid index: 390932)
Failed to process relocation: 6570:161b (Invalid index: 390923)
Failed to process relocation: 6570:1612 (Invalid index: 390914)
Failed to process relocation: 6570:160a (Invalid index: 390906)
Failed to process relocation: 6570:1601 (Invalid index: 390897)
Failed to process relocation: 6570:15f8 (Invalid index: 390888)
Failed to process relocation: 6570:1592 (Invalid index: 390786)
Failed to process relocation: 6570:1589 (Invalid index: 390777)
Failed to process relocation: 6570:1580 (Invalid index: 390768)
Failed to process relocation: 6570:153a (Invalid index: 390698)
Failed to process relocation: 6570:1530 (Invalid index: 390688)
Failed to process relocation: 6570:152b (Invalid index: 390683)
Failed to process relocation: 6570:1c1d (Invalid index: 392461)
Failed to process relocation: 6570:1c14 (Invalid index: 392452)
Failed to process relocation: 6570:1c09 (Invalid index: 392441)
Failed to process relocation: 6570:1c04 (Invalid index: 392436)
Failed to process relocation: 6570:1bfb (Invalid index: 392427)
Failed to process relocation: 6570:1bea (Invalid index: 392410)
Failed to process relocation: 6570:1bd0 (Invalid index: 392384)
Failed to process relocation: 6570:1bc7 (Invalid index: 392375)
Failed to process relocation: 6570:1bbc (Invalid index: 392364)
Failed to process relocation: 6570:1bb7 (Invalid index: 392359)
Failed to process relocation: 6570:1bae (Invalid index: 392350)
Failed to process relocation: 6570:1b9d (Invalid index: 392333)
Failed to process relocation: 6570:1b4b (Invalid index: 392251)
Failed to process relocation: 6570:1b46 (Invalid index: 392246)
Failed to process relocation: 6570:1b41 (Invalid index: 392241)
Failed to process relocation: 6570:1b38 (Invalid index: 392232)
Failed to process relocation: 6570:1b33 (Invalid index: 392227)
Failed to process relocation: 6570:1b21 (Invalid index: 392209)
Failed to process relocation: 6570:1b1c (Invalid index: 392204)
Failed to process relocation: 6570:1b17 (Invalid index: 392199)
Failed to process relocation: 6570:1b12 (Invalid index: 392194)
Failed to process relocation: 6570:1b09 (Invalid index: 392185)
Failed to process relocation: 6570:1b00 (Invalid index: 392176)
Failed to process relocation: 6570:1af7 (Invalid index: 392167)
Failed to process relocation: 6570:1aee (Invalid index: 392158)
Failed to process relocation: 6570:1ae5 (Invalid index: 392149)
Failed to process relocation: 6570:1adc (Invalid index: 392140)
Failed to process relocation: 6570:1ad2 (Invalid index: 392130)
Failed to process relocation: 6570:1ac9 (Invalid index: 392121)
Failed to process relocation: 6570:1abf (Invalid index: 392111)
Failed to process relocation: 6570:1ab6 (Invalid index: 392102)
Failed to process relocation: 6570:1aac (Invalid index: 392092)
Failed to process relocation: 6570:1a91 (Invalid index: 392065)
Failed to process relocation: 6570:1a88 (Invalid index: 392056)
Failed to process relocation: 6570:1a7e (Invalid index: 392046)
Failed to process relocation: 6570:1a75 (Invalid index: 392037)
Failed to process relocation: 6570:1a6b (Invalid index: 392027)
Failed to process relocation: 6570:1a50 (Invalid index: 392000)
Failed to process relocation: 6570:1a47 (Invalid index: 391991)
Failed to process relocation: 6570:1a3d (Invalid index: 391981)
Failed to process relocation: 6570:1a34 (Invalid index: 391972)
Failed to process relocation: 6570:1a2a (Invalid index: 391962)
Failed to process relocation: 6570:1a0f (Invalid index: 391935)
Failed to process relocation: 6570:1a06 (Invalid index: 391926)
Failed to process relocation: 6570:19fc (Invalid index: 391916)
Failed to process relocation: 6570:19f3 (Invalid index: 391907)
Failed to process relocation: 6570:19e9 (Invalid index: 391897)
Failed to process relocation: 6570:19c6 (Invalid index: 391862)
Failed to process relocation: 6570:190a (Invalid index: 391674)
Failed to process relocation: 6570:1901 (Invalid index: 391665)
Failed to process relocation: 6570:18f9 (Invalid index: 391657)
Failed to process relocation: 6570:18f0 (Invalid index: 391648)
Failed to process relocation: 6570:18e8 (Invalid index: 391640)
Failed to process relocation: 6570:18e0 (Invalid index: 391632)
Failed to process relocation: 6570:18d8 (Invalid index: 391624)
Failed to process relocation: 6570:1feb (Invalid index: 393435)
Failed to process relocation: 6570:1fe6 (Invalid index: 393430)
Failed to process relocation: 6570:1fd4 (Invalid index: 393412)
Failed to process relocation: 6570:1f67 (Invalid index: 393303)
Failed to process relocation: 6570:1f57 (Invalid index: 393287)
Failed to process relocation: 6570:1f47 (Invalid index: 393271)
Failed to process relocation: 6570:1f37 (Invalid index: 393255)
Failed to process relocation: 6570:1f27 (Invalid index: 393239)
Failed to process relocation: 6570:1f17 (Invalid index: 393223)
Failed to process relocation: 6570:1eb5 (Invalid index: 393125)
Failed to process relocation: 6570:1e7a (Invalid index: 393066)
Failed to process relocation: 6570:1e70 (Invalid index: 393056)
Failed to process relocation: 6570:1e6b (Invalid index: 393051)
Failed to process relocation: 6570:1e62 (Invalid index: 393042)
Failed to process relocation: 6570:1e58 (Invalid index: 393032)
 (ProgramLoader)  
INFO  IMPORTING: Loaded 0 additional files (HeadlessAnalyzer)  
INFO  REPORT: Execute script: MarkOverlayThunks 'pre' '3ab8'  (HeadlessAnalyzer)  
INFO  SCRIPT: C:\prog\jwcad\ghidra_scripts\MarkOverlayThunks.java (HeadlessAnalyzer)  
INFO  MarkOverlayThunks.java> cd 3f sites: 112 (GhidraScript)  
INFO  MarkOverlayThunks.java> overlay trap operands marked as data: 112 of 112 (GhidraScript)  
INFO  ANALYZING all memory and code: file:///C:/prog/jwcad/ovl/jw27.exe (HeadlessAnalyzer)  
ERROR Failed to create function at 1885:07c4 since its body contains referring thunk at 1885:0344 (CreateFunctionCmd)  
ERROR Failed to create function at 28b3:0f86 since its body contains referring thunk at 28b3:0ee9 (CreateFunctionCmd)  
WARN  WARNING! Repairing body of function at 28b3:0ee9 (ClearFlowAndRepairCmd)  
ERROR ... function body repair failed due to overlap with another function: 28b3:0ee9 (ClearFlowAndRepairCmd)  
WARN  WARNING! Repairing body of function at 28b3:1181 (ClearFlowAndRepairCmd)  
ERROR ... function body repair failed due to overlap with another function: 28b3:1181 (ClearFlowAndRepairCmd)  
WARN  Decompiling 12c1:097e, pcode error at 1000:5097: Unable to resolve constructor at 1000:5097 (DecompileCallback)  
WARN  Decompiling 32b2:0d40, pcode error at 3000:5054: Unable to resolve constructor at 3000:5054 (DecompileCallback)  
WARN  Decompiling 1000:0a81, pcode error at 1000:0a6f: Unable to resolve constructor at 1000:0a6f (DecompileCallback)  
WARN  Decompiling 1000:0a81, pcode error at 1000:0a4b: Unable to resolve constructor at 1000:0a4b (DecompileCallback)  
WARN  Decompiling 1000:0a81, pcode error at 1000:0818: Unable to resolve constructor at 1000:0818 (DecompileCallback)  
WARN  Decompiling 32b2:1528: Unable to read bytes at ram:0000:7be2 (DecompileCallback)  
WARN  Decompiling 21f2:246e, pcode error at 2000:3158: Unable to resolve constructor at 2000:3158 (DecompileCallback)  
WARN  Decompiling 21f2:246e, pcode error at 2000:7191: Unable to resolve constructor at 2000:7191 (DecompileCallback)  
INFO  Packed database cache: C:\Users\yomei\AppData\Local\ghidra\packed-db-cache (PackedDatabaseCache)  
INFO  Applied data type archive: generic_clib (ApplyDataArchiveAnalyzer)  
INFO  -----------------------------------------------------
    ASCII Strings                              0.376 secs
    Apply Data Archives                        0.842 secs
    Call Convention ID                         0.003 secs
    Call-Fixup Installer                       0.015 secs
    Create Function                            0.368 secs
    Data Reference                             0.029 secs
    Decompiler Switch Analysis                27.139 secs
    Demangler GNU                              0.050 secs
    Disassemble                                2.044 secs
    Disassemble Entry Points                   0.172 secs
    Embedded Media                             0.017 secs
    External Entry References                  0.000 secs
    Function ID                                0.126 secs
    Function Start Search                      0.021 secs
    Non-Returning Functions - Discovered       2.549 secs
    Reference                                  0.040 secs
    Segmented X86 Calling Conventions          0.002 secs
    Shared Return Calls                        0.153 secs
    Stack                                      2.669 secs
    Subroutine References                      0.108 secs
    Subroutine References - One Time           0.000 secs
    X86 Function Callee Purge                  0.139 secs
    x86 Constant Reference Analyzer            1.552 secs
-----------------------------------------------------
     Total Time   38 secs
-----------------------------------------------------
 (AutoAnalysisManager)  
INFO  REPORT: Analysis succeeded for file: file:///C:/prog/jwcad/ovl/jw27.exe (HeadlessAnalyzer)  
INFO  REPORT: Execute script: MarkOverlayThunks 'post' '3ab8' 'C:\prog\jwcad\entries\27.txt' '27'  (HeadlessAnalyzer)  
INFO  SCRIPT: C:\prog\jwcad\ghidra_scripts\MarkOverlayThunks.java (HeadlessAnalyzer)  
INFO  MarkOverlayThunks.java> cd 3f sites: 112 (GhidraScript)  
INFO  MarkOverlayThunks.java> overlay traps given a fall-through: 112, references added: 2 (GhidraScript)  
INFO  MarkOverlayThunks.java> overlay entry points seeded: 12 (GhidraScript)  
INFO  REPORT: Execute script: DecompileAll 'C:\prog\jwcad\out\ovl27' '3ab8' '4375'  (HeadlessAnalyzer)  
INFO  SCRIPT: C:\prog\jwcad\ghidra_scripts\DecompileAll.java (HeadlessAnalyzer)  
INFO  DecompileAll.java> decompiled 28 functions, 0 failed (GhidraScript)  
INFO  ANALYZING changes made by post scripts: file:///C:/prog/jwcad/ovl/jw27.exe (HeadlessAnalyzer)  
INFO  REPORT: Post-analysis succeeded for file: file:///C:/prog/jwcad/ovl/jw27.exe (HeadlessAnalyzer)  
INFO  /jw27.exe: file created (yomei) (LocalFileSystem)  
INFO  REPORT: Save succeeded for: /jw27.exe (ovl27:/jw27.exe) (HeadlessAnalyzer)  
INFO  REPORT: Import succeeded (HeadlessAnalyzer)  
