INFO  Using log config file: jar:file:/C:/prog/ghidra/ghidra_12.1.3_PUBLIC/Ghidra/Framework/Generic/lib/Generic.jar!/generic.log4j.xml (LoggingInitialization)  
INFO  Using log file: C:\Users\yomei\AppData\Roaming\ghidra\ghidra_12.1.3_PUBLIC\application.log (LoggingInitialization)  
INFO  Loading user preferences: C:\Users\yomei\AppData\Roaming\ghidra\ghidra_12.1.3_PUBLIC\preferences (Preferences)  
INFO  Searching for classes... (ClassSearcher)  
INFO  Class search complete (1003 ms) (ClassSearcher)  
INFO  Initializing SSL Context (DefaultSSLContextInitializer)  
INFO  Initializing Random Number Generator... (SecureRandomFactory)  
INFO  Random Number Generator initialization complete: SHA1PRNG (SecureRandomFactory)  
INFO  Trust manager disabled, cacerts have not been set (DefaultTrustManagerFactory)  
INFO  Headless startup complete (9729 ms) (AnalyzeHeadless)  
INFO  Class searcher loaded 59 extension points (20 false positives) (ClassSearcher)  
INFO  HEADLESS Script Paths:
    C:\prog\ghidra\ghidra_12.1.3_PUBLIC\Ghidra\Debug\Debugger-rmi-trace\ghidra_scripts
    C:\prog\ghidra\ghidra_12.1.3_PUBLIC\Ghidra\Features\FileFormats\ghidra_scripts
    C:\prog\ghidra\ghidra_12.1.3_PUBLIC\Ghidra\Features\GnuDemangler\ghidra_scripts
    C:\prog\ghidra\ghidra_12.1.3_PUBLIC\Ghidra\Features\VersionTracking\ghidra_scripts
    C:\prog\ghidra\ghidra_12.1.3_PUBLIC\Ghidra\Debug\Debugger\ghidra_scripts
    C:\prog\ghidra\ghidra_12.1.3_PUBLIC\Ghidra\Processors\8051\ghidra_scripts
    C:\prog\ghidra\ghidra_12.1.3_PUBLIC\Ghidra\Features\BSim\ghidra_scripts
    C:\prog\ghidra\ghidra_12.1.3_PUBLIC\Ghidra\Features\WildcardAssembler\ghidra_scripts
    C:\prog\ghidra\ghidra_12.1.3_PUBLIC\Ghidra\Features\FunctionID\ghidra_scripts
    C:\prog\ghidra\ghidra_12.1.3_PUBLIC\Ghidra\Features\SystemEmulation\ghidra_scripts
    C:\prog\ghidra\ghidra_12.1.3_PUBLIC\Ghidra\Processors\PIC\ghidra_scripts
    C:\prog\ghidra\ghidra_12.1.3_PUBLIC\Ghidra\Features\PDB\ghidra_scripts
    C:\prog\ghidra\ghidra_12.1.3_PUBLIC\Ghidra\Features\DecompilerDependent\ghidra_scripts
    C:\prog\ghidra\ghidra_12.1.3_PUBLIC\Ghidra\Features\SwiftDemangler\ghidra_scripts
    C:\prog\ghidra\ghidra_12.1.3_PUBLIC\Ghidra\Features\MicrosoftCodeAnalyzer\ghidra_scripts
    C:\prog\ghidra\ghidra_12.1.3_PUBLIC\Ghidra\Processors\DATA\ghidra_scripts
    C:\prog\ghidra\ghidra_12.1.3_PUBLIC\Ghidra\Features\Decompiler\ghidra_scripts
    C:\prog\ghidra\ghidra_12.1.3_PUBLIC\Ghidra\Features\BytePatterns\ghidra_scripts
    C:\prog\ghidra\ghidra_12.1.3_PUBLIC\Ghidra\Features\PyGhidra\ghidra_scripts
    C:\prog\ghidra\ghidra_12.1.3_PUBLIC\Ghidra\Processors\Atmel\ghidra_scripts
    C:\prog\ghidra\ghidra_12.1.3_PUBLIC\Ghidra\Features\Base\ghidra_scripts
    C:\prog\jwcad\ghidra_scripts
    C:\prog\ghidra\ghidra_12.1.3_PUBLIC\Ghidra\Processors\JVM\ghidra_scripts (HeadlessAnalyzer)  
INFO  HEADLESS: execution starts (HeadlessAnalyzer)  
INFO  Creating temporary project: C:\prog\jwcad\proj\ovl22 (HeadlessAnalyzer)  
INFO  Creating project: C:\prog\jwcad\proj\ovl22 (DefaultProject)  
INFO  REPORT: Processing input files:  (HeadlessAnalyzer)  
INFO       project: C:\prog\jwcad\proj\ovl22 (HeadlessAnalyzer)  
INFO  IMPORTING: file:///C:/prog/jwcad/ovl/jw22.exe (HeadlessAnalyzer)  
INFO  Using Loader: Old-style DOS Executable (MZ) (ProgramLoader)  
INFO  Using Language/Compiler: x86:LE:16:Real Mode:default (ProgramLoader)  
INFO  Using Library Search Path: [., C:\Windows\SysWOW64, C:\prog\ghidra\jdk21\bin, C:\Windows\Sun\Java\bin, C:\Windows\system32, C:\Windows, C:\Program Files\Python312\Scripts\, C:\Program Files\Python312\, C:\Windows\System32\Wbem, C:\Windows\System32\WindowsPowerShell\v1.0\, C:\Windows\System32\OpenSSH\, C:\Program Files\Amazon\AWSCLIV2\, C:\ProgramData\chocolatey\bin, C:\ffmpeg, C:\Users\yomei\AppData\Local\Microsoft\WindowsApps] (ProgramLoader)  
INFO  Additional info:
There were too many messages to display.
790 messages have been truncated.

Loading file:///C:/prog/jwcad/ovl/jw22.exe?MD5=f48270ff47f6df32798bfd388f2d8d97...
Failed to process relocation: 6570:0275 (Invalid index: 383845)
Failed to process relocation: 6570:026a (Invalid index: 383834)
Failed to process relocation: 6570:0262 (Invalid index: 383826)
Failed to process relocation: 6570:0219 (Invalid index: 383753)
Failed to process relocation: 6570:01f4 (Invalid index: 383716)
Failed to process relocation: 6570:01e2 (Invalid index: 383698)
Failed to process relocation: 6570:01d3 (Invalid index: 383683)
Failed to process relocation: 6570:01c1 (Invalid index: 383665)
Failed to process relocation: 6570:01bb (Invalid index: 383659)
Failed to process relocation: 6570:01ad (Invalid index: 383645)
Failed to process relocation: 6570:0198 (Invalid index: 383624)
Failed to process relocation: 6570:0191 (Invalid index: 383617)
Failed to process relocation: 6570:016f (Invalid index: 383583)
Failed to process relocation: 6570:0167 (Invalid index: 383575)
Failed to process relocation: 6570:0150 (Invalid index: 383552)
Failed to process relocation: 6570:0143 (Invalid index: 383539)
Failed to process relocation: 6570:013c (Invalid index: 383532)
Failed to process relocation: 6570:0132 (Invalid index: 383522)
Failed to process relocation: 6570:012a (Invalid index: 383514)
Failed to process relocation: 6570:0115 (Invalid index: 383493)
Failed to process relocation: 6570:0101 (Invalid index: 383473)
Failed to process relocation: 6570:00f7 (Invalid index: 383463)
Failed to process relocation: 6570:00d7 (Invalid index: 383431)
Failed to process relocation: 6570:00cb (Invalid index: 383419)
Failed to process relocation: 6570:00b8 (Invalid index: 383400)
Failed to process relocation: 6570:00b2 (Invalid index: 383394)
Failed to process relocation: 6570:00a4 (Invalid index: 383380)
Failed to process relocation: 6570:008f (Invalid index: 383359)
Failed to process relocation: 6570:0088 (Invalid index: 383352)
Failed to process relocation: 6570:0074 (Invalid index: 383332)
Failed to process relocation: 6570:0061 (Invalid index: 383313)
Failed to process relocation: 6570:0054 (Invalid index: 383300)
Failed to process relocation: 6570:004d (Invalid index: 383293)
Failed to process relocation: 6570:0043 (Invalid index: 383283)
Failed to process relocation: 6570:003b (Invalid index: 383275)
Failed to process relocation: 6570:0026 (Invalid index: 383254)
Failed to process relocation: 6570:0012 (Invalid index: 383234)
Failed to process relocation: 6570:0009 (Invalid index: 383225)
Failed to process relocation: 6570:063b (Invalid index: 384811)
Failed to process relocation: 6570:062a (Invalid index: 384794)
Failed to process relocation: 6570:0622 (Invalid index: 384786)
Failed to process relocation: 6570:061d (Invalid index: 384781)
Failed to process relocation: 6570:0618 (Invalid index: 384776)
Failed to process relocation: 6570:0613 (Invalid index: 384771)
Failed to process relocation: 6570:0609 (Invalid index: 384761)
Failed to process relocation: 6570:0604 (Invalid index: 384756)
Failed to process relocation: 6570:05ff (Invalid index: 384751)
Failed to process relocation: 6570:05f7 (Invalid index: 384743)
Failed to process relocation: 6570:05ec (Invalid index: 384732)
Failed to process relocation: 6570:05e7 (Invalid index: 384727)
Failed to process relocation: 6570:05e2 (Invalid index: 384722)
Failed to process relocation: 6570:05d9 (Invalid index: 384713)
Failed to process relocation: 6570:05a8 (Invalid index: 384664)
Failed to process relocation: 6570:058b (Invalid index: 384635)
Failed to process relocation: 6570:0583 (Invalid index: 384627)
Failed to process relocation: 6570:057e (Invalid index: 384622)
Failed to process relocation: 6570:0579 (Invalid index: 384617)
Failed to process relocation: 6570:0574 (Invalid index: 384612)
Failed to process relocation: 6570:056a (Invalid index: 384602)
Failed to process relocation: 6570:0565 (Invalid index: 384597)
Failed to process relocation: 6570:0560 (Invalid index: 384592)
Failed to process relocation: 6570:0557 (Invalid index: 384583)
Failed to process relocation: 6570:0543 (Invalid index: 384563)
Failed to process relocation: 6570:0529 (Invalid index: 384537)
Failed to process relocation: 6570:0524 (Invalid index: 384532)
Failed to process relocation: 6570:051f (Invalid index: 384527)
Failed to process relocation: 6570:0516 (Invalid index: 384518)
Failed to process relocation: 6570:0503 (Invalid index: 384499)
Failed to process relocation: 6570:04fe (Invalid index: 384494)
Failed to process relocation: 6570:04f9 (Invalid index: 384489)
Failed to process relocation: 6570:04f1 (Invalid index: 384481)
Failed to process relocation: 6570:04e0 (Invalid index: 384464)
Failed to process relocation: 6570:04d8 (Invalid index: 384456)
Failed to process relocation: 6570:04d0 (Invalid index: 384448)
Failed to process relocation: 6570:04c6 (Invalid index: 384438)
Failed to process relocation: 6570:04bb (Invalid index: 384427)
Failed to process relocation: 6570:04ab (Invalid index: 384411)
Failed to process relocation: 6570:0497 (Invalid index: 384391)
Failed to process relocation: 6570:048f (Invalid index: 384383)
Failed to process relocation: 6570:0485 (Invalid index: 384373)
Failed to process relocation: 6570:0478 (Invalid index: 384360)
Failed to process relocation: 6570:0470 (Invalid index: 384352)
Failed to process relocation: 6570:046a (Invalid index: 384346)
Failed to process relocation: 6570:0461 (Invalid index: 384337)
Failed to process relocation: 6570:0459 (Invalid index: 384329)
Failed to process relocation: 6570:0450 (Invalid index: 384320)
Failed to process relocation: 6570:0448 (Invalid index: 384312)
Failed to process relocation: 6570:0443 (Invalid index: 384307)
Failed to process relocation: 6570:043e (Invalid index: 384302)
Failed to process relocation: 6570:0436 (Invalid index: 384294)
Failed to process relocation: 6570:0417 (Invalid index: 384263)
Failed to process relocation: 6570:040e (Invalid index: 384254)
Failed to process relocation: 6570:0405 (Invalid index: 384245)
Failed to process relocation: 6570:03fd (Invalid index: 384237)
Failed to process relocation: 6570:03ec (Invalid index: 384220)
Failed to process relocation: 6570:0378 (Invalid index: 384104)
Failed to process relocation: 6570:0373 (Invalid index: 384099)
Failed to process relocation: 6570:036a (Invalid index: 384090)
Failed to process relocation: 6570:0365 (Invalid index: 384085)
Failed to process relocation: 6570:0358 (Invalid index: 384072)
Failed to process relocation: 6570:0353 (Invalid index: 384067)
Failed to process relocation: 6570:034e (Invalid index: 384062)
Failed to process relocation: 6570:0346 (Invalid index: 384054)
Failed to process relocation: 6570:031d (Invalid index: 384013)
Failed to process relocation: 6570:02ff (Invalid index: 383983)
Failed to process relocation: 6570:02f4 (Invalid index: 383972)
Failed to process relocation: 6570:02e7 (Invalid index: 383959)
Failed to process relocation: 6570:02df (Invalid index: 383951)
Failed to process relocation: 6570:02d7 (Invalid index: 383943)
Failed to process relocation: 6570:02cd (Invalid index: 383933)
Failed to process relocation: 6570:02b7 (Invalid index: 383911)
Failed to process relocation: 6570:02aa (Invalid index: 383898)
Failed to process relocation: 6570:02a4 (Invalid index: 383892)
Failed to process relocation: 6570:029b (Invalid index: 383883)
Failed to process relocation: 6570:0296 (Invalid index: 383878)
Failed to process relocation: 6570:07f8 (Invalid index: 385256)
Failed to process relocation: 6570:07c3 (Invalid index: 385203)
Failed to process relocation: 6570:07b9 (Invalid index: 385193)
Failed to process relocation: 6570:07b4 (Invalid index: 385188)
Failed to process relocation: 6570:0782 (Invalid index: 385138)
Failed to process relocation: 6570:077d (Invalid index: 385133)
Failed to process relocation: 6570:0775 (Invalid index: 385125)
Failed to process relocation: 6570:076b (Invalid index: 385115)
Failed to process relocation: 6570:072e (Invalid index: 385054)
Failed to process relocation: 6570:0726 (Invalid index: 385046)
Failed to process relocation: 6570:071e (Invalid index: 385038)
Failed to process relocation: 6570:0715 (Invalid index: 385029)
Failed to process relocation: 6570:070b (Invalid index: 385019)
Failed to process relocation: 6570:0706 (Invalid index: 385014)
Failed to process relocation: 6570:06fd (Invalid index: 385005)
Failed to process relocation: 6570:06f4 (Invalid index: 384996)
Failed to process relocation: 6570:06eb (Invalid index: 384987)
Failed to process relocation: 6570:06e3 (Invalid index: 384979)
Failed to process relocation: 6570:06d9 (Invalid index: 384969)
Failed to process relocation: 6570:06d4 (Invalid index: 384964)
Failed to process relocation: 6570:06cf (Invalid index: 384959)
Failed to process relocation: 6570:06c7 (Invalid index: 384951)
Failed to process relocation: 6570:06b9 (Invalid index: 384937)
Failed to process relocation: 6570:06b4 (Invalid index: 384932)
Failed to process relocation: 6570:06af (Invalid index: 384927)
Failed to process relocation: 6570:06a7 (Invalid index: 384919)
Failed to process relocation: 6570:06a2 (Invalid index: 384914)
Failed to process relocation: 6570:069a (Invalid index: 384906)
Failed to process relocation: 6570:0691 (Invalid index: 384897)
Failed to process relocation: 6570:0689 (Invalid index: 384889)
Failed to process relocation: 6570:0684 (Invalid index: 384884)
Failed to process relocation: 6570:067f (Invalid index: 384879)
Failed to process relocation: 6570:067a (Invalid index: 384874)
Failed to process relocation: 6570:0670 (Invalid index: 384864)
Failed to process relocation: 6570:066b (Invalid index: 384859)
Failed to process relocation: 6570:0666 (Invalid index: 384854)
Failed to process relocation: 6570:0661 (Invalid index: 384849)
Failed to process relocation: 6570:0659 (Invalid index: 384841)
Failed to process relocation: 6570:064e (Invalid index: 384830)
Failed to process relocation: 6570:0649 (Invalid index: 384825)
Failed to process relocation: 6570:0644 (Invalid index: 384820)
Failed to process relocation: 6570:0b9a (Invalid index: 386186)
Failed to process relocation: 6570:0b81 (Invalid index: 386161)
Failed to process relocation: 6570:0b75 (Invalid index: 386149)
Failed to process relocation: 6570:0b70 (Invalid index: 386144)
Failed to process relocation: 6570:0b67 (Invalid index: 386135)
Failed to process relocation: 6570:0b5e (Invalid index: 386126)
Failed to process relocation: 6570:0b55 (Invalid index: 386117)
Failed to process relocation: 6570:0b47 (Invalid index: 386103)
Failed to process relocation: 6570:0b3e (Invalid index: 386094)
Failed to process relocation: 6570:0b36 (Invalid index: 386086)
Failed to process relocation: 6570:0b2d (Invalid index: 386077)
Failed to process relocation: 6570:0b24 (Invalid index: 386068)
Failed to process relocation: 6570:0b1f (Invalid index: 386063)
Failed to process relocation: 6570:0b1a (Invalid index: 386058)
Failed to process relocation: 6570:0b11 (Invalid index: 386049)
Failed to process relocation: 6570:0b08 (Invalid index: 386040)
Failed to process relocation: 6570:0b00 (Invalid index: 386032)
Failed to process relocation: 6570:0afb (Invalid index: 386027)
Failed to process relocation: 6570:0af2 (Invalid index: 386018)
Failed to process relocation: 6570:0ae9 (Invalid index: 386009)
Failed to process relocation: 6570:0ae4 (Invalid index: 386004)
Failed to process relocation: 6570:0adf (Invalid index: 385999)
Failed to process relocation: 6570:0ad6 (Invalid index: 385990)
Failed to process relocation: 6570:0acd (Invalid index: 385981)
Failed to process relocation: 6570:0ac5 (Invalid index: 385973)
Failed to process relocation: 6570:0ac0 (Invalid index: 385968)
Failed to process relocation: 6570:0ab7 (Invalid index: 385959)
Failed to process relocation: 6570:0aae (Invalid index: 385950)
Failed to process relocation: 6570:0aa5 (Invalid index: 385941)
Failed to process relocation: 6570:0a93 (Invalid index: 385923)
Failed to process relocation: 6570:0a8a (Invalid index: 385914)
Failed to process relocation: 6570:0a81 (Invalid index: 385905)
Failed to process relocation: 6570:0a78 (Invalid index: 385896)
Failed to process relocation: 6570:0a4f (Invalid index: 385855)
Failed to process relocation: 6570:0a46 (Invalid index: 385846)
Failed to process relocation: 6570:0a41 (Invalid index: 385841)
Failed to process relocation: 6570:0a36 (Invalid index: 385830)
Failed to process relocation: 6570:0a2d (Invalid index: 385821)
Failed to process relocation: 6570:0a25 (Invalid index: 385813)
Failed to process relocation: 6570:0a20 (Invalid index: 385808)
Failed to process relocation: 6570:0a0e (Invalid index: 385790)
Failed to process relocation: 6570:0a05 (Invalid index: 385781)
Failed to process relocation: 6570:09fd (Invalid index: 385773)
Failed to process relocation: 6570:09f8 (Invalid index: 385768)
Failed to process relocation: 6570:09e6 (Invalid index: 385750)
Failed to process relocation: 6570:09dd (Invalid index: 385741)
Failed to process relocation: 6570:09d5 (Invalid index: 385733)
Failed to process relocation: 6570:09d0 (Invalid index: 385728)
Failed to process relocation: 6570:09a5 (Invalid index: 385685)
Failed to process relocation: 6570:0965 (Invalid index: 385621)
Failed to process relocation: 6570:0958 (Invalid index: 385608)
Failed to process relocation: 6570:094f (Invalid index: 385599)
Failed to process relocation: 6570:0947 (Invalid index: 385591)
Failed to process relocation: 6570:0942 (Invalid index: 385586)
Failed to process relocation: 6570:0931 (Invalid index: 385569)
Failed to process relocation: 6570:0928 (Invalid index: 385560)
Failed to process relocation: 6570:0920 (Invalid index: 385552)
Failed to process relocation: 6570:091b (Invalid index: 385547)
Failed to process relocation: 6570:090a (Invalid index: 385530)
Failed to process relocation: 6570:0901 (Invalid index: 385521)
Failed to process relocation: 6570:08f9 (Invalid index: 385513)
Failed to process relocation: 6570:08f4 (Invalid index: 385508)
Failed to process relocation: 6570:08e3 (Invalid index: 385491)
Failed to process relocation: 6570:08db (Invalid index: 385483)
Failed to process relocation: 6570:08d3 (Invalid index: 385475)
Failed to process relocation: 6570:08ce (Invalid index: 385470)
Failed to process relocation: 6570:08a5 (Invalid index: 385429)
Failed to process relocation: 6570:080f (Invalid index: 385279)
Failed to process relocation: 6570:0808 (Invalid index: 385272)
Failed to process relocation: 6570:0f53 (Invalid index: 387139)
Failed to process relocation: 6570:0f30 (Invalid index: 387104)
Failed to process relocation: 6570:0f0d (Invalid index: 387069)
Failed to process relocation: 6570:0eea (Invalid index: 387034)
Failed to process relocation: 6570:0ec7 (Invalid index: 386999)
Failed to process relocation: 6570:0ea4 (Invalid index: 386964)
Failed to process relocation: 6570:0e81 (Invalid index: 386929)
Failed to process relocation: 6570:0e5c (Invalid index: 386892)
Failed to process relocation: 6570:0e4a (Invalid index: 386874)
Failed to process relocation: 6570:0e40 (Invalid index: 386864)
Failed to process relocation: 6570:0e33 (Invalid index: 386851)
Failed to process relocation: 6570:0df1 (Invalid index: 386785)
Failed to process relocation: 6570:0dd8 (Invalid index: 386760)
Failed to process relocation: 6570:0db8 (Invalid index: 386728)
Failed to process relocation: 6570:0dac (Invalid index: 386716)
Failed to process relocation: 6570:0d8c (Invalid index: 386684)
Failed to process relocation: 6570:0d79 (Invalid index: 386665)
Failed to process relocation: 6570:0d74 (Invalid index: 386660)
Failed to process relocation: 6570:0d6a (Invalid index: 386650)
Failed to process relocation: 6570:0d65 (Invalid index: 386645)
Failed to process relocation: 6570:0d5d (Invalid index: 386637)
Failed to process relocation: 6570:0d53 (Invalid index: 386627)
Failed to process relocation: 6570:0d4e (Invalid index: 386622)
Failed to process relocation: 6570:0d1b (Invalid index: 386571)
Failed to process relocation: 6570:0cf4 (Invalid index: 386532)
Failed to process relocation: 6570:0cd6 (Invalid index: 386502)
Failed to process relocation: 6570:0ccd (Invalid index: 386493)
Failed to process relocation: 6570:0cc5 (Invalid index: 386485)
Failed to process relocation: 6570:0cc0 (Invalid index: 386480)
Failed to process relocation: 6570:0caf (Invalid index: 386463)
Failed to process relocation: 6570:0ca7 (Invalid index: 386455)
Failed to process relocation: 6570:0c9f (Invalid index: 386447)
Failed to process relocation: 6570:0c9a (Invalid index: 386442)
Failed to process relocation: 6570:0c72 (Invalid index: 386402)
Failed to process relocation: 6570:0c5e (Invalid index: 386382)
Failed to process relocation: 6570:0c55 (Invalid index: 386373)
Failed to process relocation: 6570:0c4c (Invalid index: 386364)
Failed to process relocation: 6570:0c47 (Invalid index: 386359)
Failed to process relocation: 6570:0c3e (Invalid index: 386350)
Failed to process relocation: 6570:0c35 (Invalid index: 386341)
Failed to process relocation: 6570:0c2c (Invalid index: 386332)
Failed to process relocation: 6570:0c27 (Invalid index: 386327)
Failed to process relocation: 6570:0c0f (Invalid index: 386303)
Failed to process relocation: 6570:0c0a (Invalid index: 386298)
Failed to process relocation: 6570:0c02 (Invalid index: 386290)
Failed to process relocation: 6570:0bf9 (Invalid index: 386281)
Failed to process relocation: 6570:0bf0 (Invalid index: 386272)
Failed to process relocation: 6570:0be4 (Invalid index: 386260)
Failed to process relocation: 6570:0bd8 (Invalid index: 386248)
Failed to process relocation: 6570:0bd0 (Invalid index: 386240)
Failed to process relocation: 6570:0bc7 (Invalid index: 386231)
Failed to process relocation: 6570:0f9a (Invalid index: 387210)
Failed to process relocation: 6570:0f83 (Invalid index: 387187)
Failed to process relocation: 6570:0f76 (Invalid index: 387174)
Failed to process relocation: 6570:0f6e (Invalid index: 387166)
Failed to process relocation: 6570:134b (Invalid index: 388155)
Failed to process relocation: 6570:1329 (Invalid index: 388121)
Failed to process relocation: 6570:130e (Invalid index: 388094)
Failed to process relocation: 6570:12ed (Invalid index: 388061)
Failed to process relocation: 6570:12dd (Invalid index: 388045)
Failed to process relocation: 6570:12bd (Invalid index: 388013)
Failed to process relocation: 6570:12a8 (Invalid index: 387992)
Failed to process relocation: 6570:12a1 (Invalid index: 387985)
Failed to process relocation: 6570:1277 (Invalid index: 387943)
Failed to process relocation: 6570:1262 (Invalid index: 387922)
Failed to process relocation: 6570:125b (Invalid index: 387915)
Failed to process relocation: 6570:1244 (Invalid index: 387892)
Failed to process relocation: 6570:11ed (Invalid index: 387805)
Failed to process relocation: 6570:11cc (Invalid index: 387772)
Failed to process relocation: 6570:11ab (Invalid index: 387739)
Failed to process relocation: 6570:118a (Invalid index: 387706)
Failed to process relocation: 6570:1169 (Invalid index: 387673)
Failed to process relocation: 6570:1130 (Invalid index: 387616)
Failed to process relocation: 6570:1113 (Invalid index: 387587)
Failed to process relocation: 6570:1103 (Invalid index: 387571)
Failed to process relocation: 6570:10cb (Invalid index: 387515)
Failed to process relocation: 6570:10c6 (Invalid index: 387510)
Failed to process relocation: 6570:10c1 (Invalid index: 387505)
Failed to process relocation: 6570:10b8 (Invalid index: 387496)
Failed to process relocation: 6570:108c (Invalid index: 387452)
Failed to process relocation: 6570:1087 (Invalid index: 387447)
Failed to process relocation: 6570:107e (Invalid index: 387438)
Failed to process relocation: 6570:1063 (Invalid index: 387411)
Failed to process relocation: 6570:1048 (Invalid index: 387384)
Failed to process relocation: 6570:102d (Invalid index: 387357)
Failed to process relocation: 6570:1012 (Invalid index: 387330)
Failed to process relocation: 6570:0ff7 (Invalid index: 387303)
Failed to process relocation: 6570:0fe0 (Invalid index: 387280)
Failed to process relocation: 6570:0fd2 (Invalid index: 387266)
Failed to process relocation: 6570:0fcb (Invalid index: 387259)
Failed to process relocation: 6570:0fbe (Invalid index: 387246)
Failed to process relocation: 6570:0fa9 (Invalid index: 387225)
Failed to process relocation: 6570:14b9 (Invalid index: 388521)
Failed to process relocation: 6570:14b3 (Invalid index: 388515)
Failed to process relocation: 6570:1474 (Invalid index: 388452)
Failed to process relocation: 6570:142c (Invalid index: 388380)
Failed to process relocation: 6570:13d2 (Invalid index: 388290)
Failed to process relocation: 6570:13a3 (Invalid index: 388243)
Failed to process relocation: 6570:1388 (Invalid index: 388216)
Failed to process relocation: 6570:1366 (Invalid index: 388182)
Failed to process relocation: 6570:1a53 (Invalid index: 389955)
Failed to process relocation: 6570:1a4d (Invalid index: 389949)
Failed to process relocation: 6570:1a43 (Invalid index: 389939)
Failed to process relocation: 6570:1a35 (Invalid index: 389925)
Failed to process relocation: 6570:1a2f (Invalid index: 389919)
Failed to process relocation: 6570:1a25 (Invalid index: 389909)
Failed to process relocation: 6570:1a17 (Invalid index: 389895)
Failed to process relocation: 6570:1a11 (Invalid index: 389889)
Failed to process relocation: 6570:1a07 (Invalid index: 389879)
Failed to process relocation: 6570:19e4 (Invalid index: 389844)
Failed to process relocation: 6570:19de (Invalid index: 389838)
Failed to process relocation: 6570:19d4 (Invalid index: 389828)
Failed to process relocation: 6570:19ca (Invalid index: 389818)
Failed to process relocation: 6570:19c5 (Invalid index: 389813)
Failed to process relocation: 6570:19bc (Invalid index: 389804)
Failed to process relocation: 6570:1989 (Invalid index: 389753)
Failed to process relocation: 6570:1966 (Invalid index: 389718)
Failed to process relocation: 6570:1961 (Invalid index: 389713)
Failed to process relocation: 6570:1954 (Invalid index: 389700)
Failed to process relocation: 6570:194f (Invalid index: 389695)
Failed to process relocation: 6570:1947 (Invalid index: 389687)
Failed to process relocation: 6570:193d (Invalid index: 389677)
Failed to process relocation: 6570:1938 (Invalid index: 389672)
Failed to process relocation: 6570:192f (Invalid index: 389663)
Failed to process relocation: 6570:1921 (Invalid index: 389649)
Failed to process relocation: 6570:191c (Invalid index: 389644)
Failed to process relocation: 6570:1913 (Invalid index: 389635)
Failed to process relocation: 6570:1908 (Invalid index: 389624)
Failed to process relocation: 6570:1903 (Invalid index: 389619)
Failed to process relocation: 6570:18fa (Invalid index: 389610)
Failed to process relocation: 6570:18e4 (Invalid index: 389588)
Failed to process relocation: 6570:18de (Invalid index: 389582)
Failed to process relocation: 6570:18d4 (Invalid index: 389572)
Failed to process relocation: 6570:18cb (Invalid index: 389563)
Failed to process relocation: 6570:18bd (Invalid index: 389549)
Failed to process relocation: 6570:18b7 (Invalid index: 389543)
Failed to process relocation: 6570:18ad (Invalid index: 389533)
Failed to process relocation: 6570:18a4 (Invalid index: 389524)
Failed to process relocation: 6570:1880 (Invalid index: 389488)
Failed to process relocation: 6570:187a (Invalid index: 389482)
Failed to process relocation: 6570:1870 (Invalid index: 389472)
Failed to process relocation: 6570:1867 (Invalid index: 389463)
Failed to process relocation: 6570:1859 (Invalid index: 389449)
Failed to process relocation: 6570:1853 (Invalid index: 389443)
Failed to process relocation: 6570:1849 (Invalid index: 389433)
Failed to process relocation: 6570:1840 (Invalid index: 389424)
Failed to process relocation: 6570:1818 (Invalid index: 389384)
Failed to process relocation: 6570:1810 (Invalid index: 389376)
Failed to process relocation: 6570:180b (Invalid index: 389371)
Failed to process relocation: 6570:1806 (Invalid index: 389366)
Failed to process relocation: 6570:17f6 (Invalid index: 389350)
Failed to process relocation: 6570:17f1 (Invalid index: 389345)
Failed to process relocation: 6570:17e8 (Invalid index: 389336)
Failed to process relocation: 6570:17df (Invalid index: 389327)
Failed to process relocation: 6570:17d7 (Invalid index: 389319)
Failed to process relocation: 6570:17cf (Invalid index: 389311)
Failed to process relocation: 6570:17c4 (Invalid index: 389300)
Failed to process relocation: 6570:175d (Invalid index: 389197)
Failed to process relocation: 6570:1e5f (Invalid index: 390991)
Failed to process relocation: 6570:1e5a (Invalid index: 390986)
Failed to process relocation: 6570:1e2e (Invalid index: 390942)
Failed to process relocation: 6570:1e26 (Invalid index: 390934)
Failed to process relocation: 6570:1e21 (Invalid index: 390929)
Failed to process relocation: 6570:1e17 (Invalid index: 390919)
Failed to process relocation: 6570:1e12 (Invalid index: 390914)
Failed to process relocation: 6570:1e09 (Invalid index: 390905)
Failed to process relocation: 6570:1dfe (Invalid index: 390894)
Failed to process relocation: 6570:1de7 (Invalid index: 390871)
Failed to process relocation: 6570:1dd7 (Invalid index: 390855)
Failed to process relocation: 6570:1d98 (Invalid index: 390792)
Failed to process relocation: 6570:1d8f (Invalid index: 390783)
Failed to process relocation: 6570:1d8a (Invalid index: 390778)
Failed to process relocation: 6570:1d56 (Invalid index: 390726)
Failed to process relocation: 6570:1d50 (Invalid index: 390720)
Failed to process relocation: 6570:1d46 (Invalid index: 390710)
Failed to process relocation: 6570:1d38 (Invalid index: 390696)
Failed to process relocation: 6570:1d32 (Invalid index: 390690)
Failed to process relocation: 6570:1d28 (Invalid index: 390680)
Failed to process relocation: 6570:1d1a (Invalid index: 390666)
Failed to process relocation: 6570:1d14 (Invalid index: 390660)
Failed to process relocation: 6570:1d0a (Invalid index: 390650)
Failed to process relocation: 6570:1ce7 (Invalid index: 390615)
Failed to process relocation: 6570:1ce1 (Invalid index: 390609)
Failed to process relocation: 6570:1cd7 (Invalid index: 390599)
Failed to process relocation: 6570:1ccd (Invalid index: 390589)
Failed to process relocation: 6570:1cc8 (Invalid index: 390584)
Failed to process relocation: 6570:1cbf (Invalid index: 390575)
Failed to process relocation: 6570:1c8c (Invalid index: 390524)
Failed to process relocation: 6570:1c69 (Invalid index: 390489)
Failed to process relocation: 6570:1c64 (Invalid index: 390484)
Failed to process relocation: 6570:1c57 (Invalid index: 390471)
Failed to process relocation: 6570:1c52 (Invalid index: 390466)
Failed to process relocation: 6570:1c4a (Invalid index: 390458)
Failed to process relocation: 6570:1c40 (Invalid index: 390448)
Failed to process relocation: 6570:1c3b (Invalid index: 390443)
Failed to process relocation: 6570:1c32 (Invalid index: 390434)
Failed to process relocation: 6570:1c24 (Invalid index: 390420)
Failed to process relocation: 6570:1c1f (Invalid index: 390415)
Failed to process relocation: 6570:1c16 (Invalid index: 390406)
Failed to process relocation: 6570:1c0b (Invalid index: 390395)
Failed to process relocation: 6570:1c06 (Invalid index: 390390)
Failed to process relocation: 6570:1bfd (Invalid index: 390381)
Failed to process relocation: 6570:1bec (Invalid index: 390364)
Failed to process relocation: 6570:1be4 (Invalid index: 390356)
Failed to process relocation: 6570:1bdb (Invalid index: 390347)
Failed to process relocation: 6570:1bd1 (Invalid index: 390337)
Failed to process relocation: 6570:1bab (Invalid index: 390299)
Failed to process relocation: 6570:1ba6 (Invalid index: 390294)
Failed to process relocation: 6570:1b9c (Invalid index: 390284)
Failed to process relocation: 6570:1b94 (Invalid index: 390276)
Failed to process relocation: 6570:1b76 (Invalid index: 390246)
Failed to process relocation: 6570:1b71 (Invalid index: 390241)
Failed to process relocation: 6570:1b67 (Invalid index: 390231)
Failed to process relocation: 6570:1b5f (Invalid index: 390223)
Failed to process relocation: 6570:1b41 (Invalid index: 390193)
Failed to process relocation: 6570:1b2b (Invalid index: 390171)
Failed to process relocation: 6570:1b26 (Invalid index: 390166)
Failed to process relocation: 6570:1b1d (Invalid index: 390157)
Failed to process relocation: 6570:1afa (Invalid index: 390122)
Failed to process relocation: 6570:1af5 (Invalid index: 390117)
Failed to process relocation: 6570:1aec (Invalid index: 390108)
Failed to process relocation: 6570:1ae1 (Invalid index: 390097)
Failed to process relocation: 6570:1adc (Invalid index: 390092)
Failed to process relocation: 6570:1ad3 (Invalid index: 390083)
Failed to process relocation: 6570:1ac8 (Invalid index: 390072)
Failed to process relocation: 6570:1ff1 (Invalid index: 391393)
Failed to process relocation: 6570:1fec (Invalid index: 391388)
Failed to process relocation: 6570:1fe5 (Invalid index: 391381)
Failed to process relocation: 6570:1fd8 (Invalid index: 391368)
Failed to process relocation: 6570:1fcc (Invalid index: 391356)
Failed to process relocation: 6570:1fab (Invalid index: 391323)
Failed to process relocation: 6570:1f63 (Invalid index: 391251)
Failed to process relocation: 6570:1f5e (Invalid index: 391246)
Failed to process relocation: 6570:1f55 (Invalid index: 391237)
Failed to process relocation: 6570:1e68 (Invalid index: 391000)
Failed to process relocation: 6570:23d3 (Invalid index: 392387)
Failed to process relocation: 6570:23b1 (Invalid index: 392353)
Failed to process relocation: 6570:239d (Invalid index: 392333)
Failed to process relocation: 6570:238d (Invalid index: 392317)
Failed to process relocation: 6570:236e (Invalid index: 392286)
Failed to process relocation: 6570:2365 (Invalid index: 392277)
Failed to process relocation: 6570:2360 (Invalid index: 392272)
Failed to process relocation: 6570:235b (Invalid index: 392267)
Failed to process relocation: 6570:2332 (Invalid index: 392226)
Failed to process relocation: 6570:232d (Invalid index: 392221)
Failed to process relocation: 6570:2323 (Invalid index: 392211)
Failed to process relocation: 6570:231e (Invalid index: 392206)
Failed to process relocation: 6570:2316 (Invalid index: 392198)
Failed to process relocation: 6570:230c (Invalid index: 392188)
Failed to process relocation: 6570:2307 (Invalid index: 392183)
Failed to process relocation: 6570:22fe (Invalid index: 392174)
Failed to process relocation: 6570:22f4 (Invalid index: 392164)
Failed to process relocation: 6570:22ef (Invalid index: 392159)
Failed to process relocation: 6570:22e6 (Invalid index: 392150)
Failed to process relocation: 6570:22dc (Invalid index: 392140)
Failed to process relocation: 6570:22d7 (Invalid index: 392135)
Failed to process relocation: 6570:22c9 (Invalid index: 392121)
Failed to process relocation: 6570:22c4 (Invalid index: 392116)
Failed to process relocation: 6570:22bb (Invalid index: 392107)
Failed to process relocation: 6570:22b0 (Invalid index: 392096)
Failed to process relocation: 6570:22ab (Invalid index: 392091)
Failed to process relocation: 6570:22a2 (Invalid index: 392082)
Failed to process relocation: 6570:228a (Invalid index: 392058)
Failed to process relocation: 6570:2285 (Invalid index: 392053)
Failed to process relocation: 6570:227b (Invalid index: 392043)
Failed to process relocation: 6570:2276 (Invalid index: 392038)
Failed to process relocation: 6570:226e (Invalid index: 392030)
Failed to process relocation: 6570:2264 (Invalid index: 392020)
Failed to process relocation: 6570:225f (Invalid index: 392015)
Failed to process relocation: 6570:2256 (Invalid index: 392006)
Failed to process relocation: 6570:224c (Invalid index: 391996)
Failed to process relocation: 6570:2247 (Invalid index: 391991)
Failed to process relocation: 6570:223e (Invalid index: 391982)
Failed to process relocation: 6570:2235 (Invalid index: 391973)
 (ProgramLoader)  
INFO  IMPORTING: Loaded 0 additional files (HeadlessAnalyzer)  
INFO  REPORT: Execute script: MarkOverlayThunks 'pre' '3ab8'  (HeadlessAnalyzer)  
INFO  SCRIPT: C:\prog\jwcad\ghidra_scripts\MarkOverlayThunks.java (HeadlessAnalyzer)  
INFO  MarkOverlayThunks.java> cd 3f sites: 106 (GhidraScript)  
INFO  MarkOverlayThunks.java> overlay trap operands marked as data: 106 of 106 (GhidraScript)  
INFO  ANALYZING all memory and code: file:///C:/prog/jwcad/ovl/jw22.exe (HeadlessAnalyzer)  
ERROR Failed to create function at 1885:07c4 since its body contains referring thunk at 1885:0344 (CreateFunctionCmd)  
ERROR Failed to create function at 28b3:0f86 since its body contains referring thunk at 28b3:0ee9 (CreateFunctionCmd)  
ERROR Failed to create function at 28b3:100d since its body contains referring thunk at 28b3:1006 (CreateFunctionCmd)  
ERROR Failed to create function at 28b3:1140 since its body contains referring thunk at 28b3:112c (CreateFunctionCmd)  
WARN  Decompiling 32b2:1528: Unable to read bytes at ram:0000:7be2 (DecompileCallback)  
WARN  Decompiling 32b2:0d40, pcode error at 3000:5054: Unable to resolve constructor at 3000:5054 (DecompileCallback)  
WARN  Decompiling 12c1:097e, pcode error at 1000:5097: Unable to resolve constructor at 1000:5097 (DecompileCallback)  
WARN  Decompiling 1000:0a81, pcode error at 1000:0a6f: Unable to resolve constructor at 1000:0a6f (DecompileCallback)  
WARN  Decompiling 1000:0a81, pcode error at 1000:0a4b: Unable to resolve constructor at 1000:0a4b (DecompileCallback)  
WARN  Decompiling 1000:0a81, pcode error at 1000:0818: Unable to resolve constructor at 1000:0818 (DecompileCallback)  
WARN  Decompiling 21f2:246e, pcode error at 2000:3158: Unable to resolve constructor at 2000:3158 (DecompileCallback)  
WARN  Decompiling 21f2:246e, pcode error at 2000:7191: Unable to resolve constructor at 2000:7191 (DecompileCallback)  
INFO  Packed database cache: C:\Users\yomei\AppData\Local\ghidra\packed-db-cache (PackedDatabaseCache)  
INFO  Applied data type archive: generic_clib (ApplyDataArchiveAnalyzer)  
INFO  -----------------------------------------------------
    ASCII Strings                              0.396 secs
    Apply Data Archives                        0.471 secs
    Call Convention ID                         0.003 secs
    Call-Fixup Installer                       0.011 secs
    Create Function                            0.515 secs
    Data Reference                             0.031 secs
    Decompiler Switch Analysis                19.765 secs
    Demangler GNU                              0.042 secs
    Disassemble                                1.751 secs
    Disassemble Entry Points                   0.156 secs
    Embedded Media                             0.015 secs
    External Entry References                  0.000 secs
    Function ID                                0.115 secs
    Function Start Search                      0.017 secs
    Non-Returning Functions - Discovered       0.611 secs
    Reference                                  0.045 secs
    Segmented X86 Calling Conventions          0.002 secs
    Shared Return Calls                        0.172 secs
    Stack                                      2.412 secs
    Subroutine References                      0.107 secs
    Subroutine References - One Time           0.000 secs
    X86 Function Callee Purge                  0.131 secs
    x86 Constant Reference Analyzer            1.702 secs
-----------------------------------------------------
     Total Time   28 secs
-----------------------------------------------------
 (AutoAnalysisManager)  
INFO  REPORT: Analysis succeeded for file: file:///C:/prog/jwcad/ovl/jw22.exe (HeadlessAnalyzer)  
INFO  REPORT: Execute script: MarkOverlayThunks 'post' '3ab8' 'C:\prog\jwcad\entries\22.txt' '22'  (HeadlessAnalyzer)  
INFO  SCRIPT: C:\prog\jwcad\ghidra_scripts\MarkOverlayThunks.java (HeadlessAnalyzer)  
INFO  MarkOverlayThunks.java> cd 3f sites: 106 (GhidraScript)  
INFO  MarkOverlayThunks.java> overlay traps given a fall-through: 106, references added: 8 (GhidraScript)  
INFO  MarkOverlayThunks.java> overlay entry points seeded: 6 (GhidraScript)  
INFO  MarkOverlayThunks.java> overlay hole cleared: 0 stray functions (GhidraScript)  
INFO  REPORT: Execute script: DecompileAll 'C:\prog\jwcad\out\ovl22' '3ab8' '4375'  (HeadlessAnalyzer)  
INFO  SCRIPT: C:\prog\jwcad\ghidra_scripts\DecompileAll.java (HeadlessAnalyzer)  
INFO  DecompileAll.java> decompiled 22 functions, 0 failed (GhidraScript)  
INFO  ANALYZING changes made by post scripts: file:///C:/prog/jwcad/ovl/jw22.exe (HeadlessAnalyzer)  
INFO  REPORT: Post-analysis succeeded for file: file:///C:/prog/jwcad/ovl/jw22.exe (HeadlessAnalyzer)  
INFO  /jw22.exe: file created (yomei) (LocalFileSystem)  
INFO  REPORT: Save succeeded for: /jw22.exe (ovl22:/jw22.exe) (HeadlessAnalyzer)  
INFO  REPORT: Import succeeded (HeadlessAnalyzer)  
