INFO  Using log config file: jar:file:/C:/prog/ghidra/ghidra_12.1.3_PUBLIC/Ghidra/Framework/Generic/lib/Generic.jar!/generic.log4j.xml (LoggingInitialization)  
INFO  Using log file: C:\Users\yomei\AppData\Roaming\ghidra\ghidra_12.1.3_PUBLIC\application.log (LoggingInitialization)  
INFO  Loading user preferences: C:\Users\yomei\AppData\Roaming\ghidra\ghidra_12.1.3_PUBLIC\preferences (Preferences)  
INFO  Searching for classes... (ClassSearcher)  
INFO  Class search complete (1059 ms) (ClassSearcher)  
INFO  Initializing SSL Context (DefaultSSLContextInitializer)  
INFO  Initializing Random Number Generator... (SecureRandomFactory)  
INFO  Random Number Generator initialization complete: SHA1PRNG (SecureRandomFactory)  
INFO  Trust manager disabled, cacerts have not been set (DefaultTrustManagerFactory)  
INFO  Headless startup complete (10427 ms) (AnalyzeHeadless)  
INFO  Class searcher loaded 59 extension points (20 false positives) (ClassSearcher)  
INFO  HEADLESS Script Paths:
    C:\prog\ghidra\ghidra_12.1.3_PUBLIC\Ghidra\Debug\Debugger-rmi-trace\ghidra_scripts
    C:\prog\ghidra\ghidra_12.1.3_PUBLIC\Ghidra\Features\FileFormats\ghidra_scripts
    C:\prog\ghidra\ghidra_12.1.3_PUBLIC\Ghidra\Features\GnuDemangler\ghidra_scripts
    C:\prog\ghidra\ghidra_12.1.3_PUBLIC\Ghidra\Features\VersionTracking\ghidra_scripts
    C:\prog\ghidra\ghidra_12.1.3_PUBLIC\Ghidra\Debug\Debugger\ghidra_scripts
    C:\prog\ghidra\ghidra_12.1.3_PUBLIC\Ghidra\Processors\8051\ghidra_scripts
    C:\prog\ghidra\ghidra_12.1.3_PUBLIC\Ghidra\Features\BSim\ghidra_scripts
    C:\prog\ghidra\ghidra_12.1.3_PUBLIC\Ghidra\Features\WildcardAssembler\ghidra_scripts
    C:\prog\ghidra\ghidra_12.1.3_PUBLIC\Ghidra\Features\FunctionID\ghidra_scripts
    C:\prog\ghidra\ghidra_12.1.3_PUBLIC\Ghidra\Features\SystemEmulation\ghidra_scripts
    C:\prog\ghidra\ghidra_12.1.3_PUBLIC\Ghidra\Processors\PIC\ghidra_scripts
    C:\prog\ghidra\ghidra_12.1.3_PUBLIC\Ghidra\Features\PDB\ghidra_scripts
    C:\prog\ghidra\ghidra_12.1.3_PUBLIC\Ghidra\Features\DecompilerDependent\ghidra_scripts
    C:\prog\ghidra\ghidra_12.1.3_PUBLIC\Ghidra\Features\SwiftDemangler\ghidra_scripts
    C:\prog\ghidra\ghidra_12.1.3_PUBLIC\Ghidra\Features\MicrosoftCodeAnalyzer\ghidra_scripts
    C:\prog\ghidra\ghidra_12.1.3_PUBLIC\Ghidra\Processors\DATA\ghidra_scripts
    C:\prog\ghidra\ghidra_12.1.3_PUBLIC\Ghidra\Features\Decompiler\ghidra_scripts
    C:\prog\ghidra\ghidra_12.1.3_PUBLIC\Ghidra\Features\BytePatterns\ghidra_scripts
    C:\prog\ghidra\ghidra_12.1.3_PUBLIC\Ghidra\Features\PyGhidra\ghidra_scripts
    C:\prog\ghidra\ghidra_12.1.3_PUBLIC\Ghidra\Processors\Atmel\ghidra_scripts
    C:\prog\ghidra\ghidra_12.1.3_PUBLIC\Ghidra\Features\Base\ghidra_scripts
    C:\prog\jwcad\ghidra_scripts
    C:\prog\ghidra\ghidra_12.1.3_PUBLIC\Ghidra\Processors\JVM\ghidra_scripts (HeadlessAnalyzer)  
INFO  HEADLESS: execution starts (HeadlessAnalyzer)  
INFO  Creating temporary project: C:\prog\jwcad\proj\ovl29 (HeadlessAnalyzer)  
INFO  Creating project: C:\prog\jwcad\proj\ovl29 (DefaultProject)  
INFO  REPORT: Processing input files:  (HeadlessAnalyzer)  
INFO       project: C:\prog\jwcad\proj\ovl29 (HeadlessAnalyzer)  
INFO  IMPORTING: file:///C:/prog/jwcad/ovl/jw29.exe (HeadlessAnalyzer)  
INFO  Using Loader: Old-style DOS Executable (MZ) (ProgramLoader)  
INFO  Using Language/Compiler: x86:LE:16:Real Mode:default (ProgramLoader)  
INFO  Using Library Search Path: [., C:\Windows\SysWOW64, C:\prog\ghidra\jdk21\bin, C:\Windows\Sun\Java\bin, C:\Windows\system32, C:\Windows, C:\Program Files\Python312\Scripts\, C:\Program Files\Python312\, C:\Windows\System32\Wbem, C:\Windows\System32\WindowsPowerShell\v1.0\, C:\Windows\System32\OpenSSH\, C:\Program Files\Amazon\AWSCLIV2\, C:\ProgramData\chocolatey\bin, C:\ffmpeg, C:\Users\yomei\AppData\Local\Microsoft\WindowsApps] (ProgramLoader)  
INFO  Additional info:
There were too many messages to display.
1245 messages have been truncated.

Loading file:///C:/prog/jwcad/ovl/jw29.exe?MD5=ca74a26c4eeb272793cb573979e51be8...
Failed to process relocation: 6570:03af (Invalid index: 385983)
Failed to process relocation: 6570:03aa (Invalid index: 385978)
Failed to process relocation: 6570:03a2 (Invalid index: 385970)
Failed to process relocation: 6570:0398 (Invalid index: 385960)
Failed to process relocation: 6570:0393 (Invalid index: 385955)
Failed to process relocation: 6570:0382 (Invalid index: 385938)
Failed to process relocation: 6570:0375 (Invalid index: 385925)
Failed to process relocation: 6570:036b (Invalid index: 385915)
Failed to process relocation: 6570:0366 (Invalid index: 385910)
Failed to process relocation: 6570:035e (Invalid index: 385902)
Failed to process relocation: 6570:0354 (Invalid index: 385892)
Failed to process relocation: 6570:034f (Invalid index: 385887)
Failed to process relocation: 6570:0345 (Invalid index: 385877)
Failed to process relocation: 6570:0323 (Invalid index: 385843)
Failed to process relocation: 6570:031e (Invalid index: 385838)
Failed to process relocation: 6570:0319 (Invalid index: 385833)
Failed to process relocation: 6570:0314 (Invalid index: 385828)
Failed to process relocation: 6570:030c (Invalid index: 385820)
Failed to process relocation: 6570:02f4 (Invalid index: 385796)
Failed to process relocation: 6570:02ef (Invalid index: 385791)
Failed to process relocation: 6570:02e7 (Invalid index: 385783)
Failed to process relocation: 6570:02de (Invalid index: 385774)
Failed to process relocation: 6570:02d6 (Invalid index: 385766)
Failed to process relocation: 6570:02cd (Invalid index: 385757)
Failed to process relocation: 6570:02c8 (Invalid index: 385752)
Failed to process relocation: 6570:02af (Invalid index: 385727)
Failed to process relocation: 6570:02a7 (Invalid index: 385719)
Failed to process relocation: 6570:029f (Invalid index: 385711)
Failed to process relocation: 6570:0297 (Invalid index: 385703)
Failed to process relocation: 6570:0279 (Invalid index: 385673)
Failed to process relocation: 6570:0271 (Invalid index: 385665)
Failed to process relocation: 6570:0269 (Invalid index: 385657)
Failed to process relocation: 6570:024b (Invalid index: 385627)
Failed to process relocation: 6570:0243 (Invalid index: 385619)
Failed to process relocation: 6570:023b (Invalid index: 385611)
Failed to process relocation: 6570:021d (Invalid index: 385581)
Failed to process relocation: 6570:0215 (Invalid index: 385573)
Failed to process relocation: 6570:020d (Invalid index: 385565)
Failed to process relocation: 6570:0204 (Invalid index: 385556)
Failed to process relocation: 6570:01e9 (Invalid index: 385529)
Failed to process relocation: 6570:01ca (Invalid index: 385498)
Failed to process relocation: 6570:01ad (Invalid index: 385469)
Failed to process relocation: 6570:01a5 (Invalid index: 385461)
Failed to process relocation: 6570:019c (Invalid index: 385452)
Failed to process relocation: 6570:0192 (Invalid index: 385442)
Failed to process relocation: 6570:018d (Invalid index: 385437)
Failed to process relocation: 6570:0183 (Invalid index: 385427)
Failed to process relocation: 6570:017e (Invalid index: 385422)
Failed to process relocation: 6570:0176 (Invalid index: 385414)
Failed to process relocation: 6570:0171 (Invalid index: 385409)
Failed to process relocation: 6570:0156 (Invalid index: 385382)
Failed to process relocation: 6570:014e (Invalid index: 385374)
Failed to process relocation: 6570:0145 (Invalid index: 385365)
Failed to process relocation: 6570:013b (Invalid index: 385355)
Failed to process relocation: 6570:0136 (Invalid index: 385350)
Failed to process relocation: 6570:012c (Invalid index: 385340)
Failed to process relocation: 6570:0127 (Invalid index: 385335)
Failed to process relocation: 6570:011f (Invalid index: 385327)
Failed to process relocation: 6570:0115 (Invalid index: 385317)
Failed to process relocation: 6570:0110 (Invalid index: 385312)
Failed to process relocation: 6570:0103 (Invalid index: 385299)
Failed to process relocation: 6570:00fe (Invalid index: 385294)
Failed to process relocation: 6570:00f6 (Invalid index: 385286)
Failed to process relocation: 6570:00ed (Invalid index: 385277)
Failed to process relocation: 6570:00e5 (Invalid index: 385269)
Failed to process relocation: 6570:00dd (Invalid index: 385261)
Failed to process relocation: 6570:00d8 (Invalid index: 385256)
Failed to process relocation: 6570:00d0 (Invalid index: 385248)
Failed to process relocation: 6570:00c8 (Invalid index: 385240)
Failed to process relocation: 6570:00c0 (Invalid index: 385232)
Failed to process relocation: 6570:00b8 (Invalid index: 385224)
Failed to process relocation: 6570:00b0 (Invalid index: 385216)
Failed to process relocation: 6570:00a8 (Invalid index: 385208)
Failed to process relocation: 6570:00a0 (Invalid index: 385200)
Failed to process relocation: 6570:0098 (Invalid index: 385192)
Failed to process relocation: 6570:0090 (Invalid index: 385184)
Failed to process relocation: 6570:0086 (Invalid index: 385174)
Failed to process relocation: 6570:0067 (Invalid index: 385143)
Failed to process relocation: 6570:0009 (Invalid index: 385049)
Failed to process relocation: 6570:03d9 (Invalid index: 386025)
Failed to process relocation: 6570:03d0 (Invalid index: 386016)
Failed to process relocation: 6570:03c6 (Invalid index: 386006)
Failed to process relocation: 6570:03c1 (Invalid index: 386001)
Failed to process relocation: 6570:03b9 (Invalid index: 385993)
Failed to process relocation: 6570:0643 (Invalid index: 386643)
Failed to process relocation: 6570:062e (Invalid index: 386622)
Failed to process relocation: 6570:0608 (Invalid index: 386584)
Failed to process relocation: 6570:05ff (Invalid index: 386575)
Failed to process relocation: 6570:05f6 (Invalid index: 386566)
Failed to process relocation: 6570:05ee (Invalid index: 386558)
Failed to process relocation: 6570:05e6 (Invalid index: 386550)
Failed to process relocation: 6570:05dd (Invalid index: 386541)
Failed to process relocation: 6570:05d4 (Invalid index: 386532)
Failed to process relocation: 6570:05cc (Invalid index: 386524)
Failed to process relocation: 6570:05b4 (Invalid index: 386500)
Failed to process relocation: 6570:05a4 (Invalid index: 386484)
Failed to process relocation: 6570:059b (Invalid index: 386475)
Failed to process relocation: 6570:0593 (Invalid index: 386467)
Failed to process relocation: 6570:058e (Invalid index: 386462)
Failed to process relocation: 6570:0586 (Invalid index: 386454)
Failed to process relocation: 6570:057d (Invalid index: 386445)
Failed to process relocation: 6570:0574 (Invalid index: 386436)
Failed to process relocation: 6570:056c (Invalid index: 386428)
Failed to process relocation: 6570:0567 (Invalid index: 386423)
Failed to process relocation: 6570:055f (Invalid index: 386415)
Failed to process relocation: 6570:0556 (Invalid index: 386406)
Failed to process relocation: 6570:054d (Invalid index: 386397)
Failed to process relocation: 6570:0548 (Invalid index: 386392)
Failed to process relocation: 6570:0543 (Invalid index: 386387)
Failed to process relocation: 6570:053b (Invalid index: 386379)
Failed to process relocation: 6570:0533 (Invalid index: 386371)
Failed to process relocation: 6570:052b (Invalid index: 386363)
Failed to process relocation: 6570:0522 (Invalid index: 386354)
Failed to process relocation: 6570:04d9 (Invalid index: 386281)
Failed to process relocation: 6570:04d1 (Invalid index: 386273)
Failed to process relocation: 6570:04c8 (Invalid index: 386264)
Failed to process relocation: 6570:04bf (Invalid index: 386255)
Failed to process relocation: 6570:04ba (Invalid index: 386250)
Failed to process relocation: 6570:04b1 (Invalid index: 386241)
Failed to process relocation: 6570:04a9 (Invalid index: 386233)
Failed to process relocation: 6570:04a0 (Invalid index: 386224)
Failed to process relocation: 6570:0497 (Invalid index: 386215)
Failed to process relocation: 6570:0492 (Invalid index: 386210)
Failed to process relocation: 6570:0468 (Invalid index: 386168)
Failed to process relocation: 6570:0431 (Invalid index: 386113)
Failed to process relocation: 6570:0406 (Invalid index: 386070)
Failed to process relocation: 6570:03fb (Invalid index: 386059)
Failed to process relocation: 6570:03ed (Invalid index: 386045)
Failed to process relocation: 6570:0a01 (Invalid index: 387601)
Failed to process relocation: 6570:09fa (Invalid index: 387594)
Failed to process relocation: 6570:09e7 (Invalid index: 387575)
Failed to process relocation: 6570:09d5 (Invalid index: 387557)
Failed to process relocation: 6570:09cb (Invalid index: 387547)
Failed to process relocation: 6570:09c6 (Invalid index: 387542)
Failed to process relocation: 6570:09c0 (Invalid index: 387536)
Failed to process relocation: 6570:09b6 (Invalid index: 387526)
Failed to process relocation: 6570:09ae (Invalid index: 387518)
Failed to process relocation: 6570:09a6 (Invalid index: 387510)
Failed to process relocation: 6570:099c (Invalid index: 387500)
Failed to process relocation: 6570:0997 (Invalid index: 387495)
Failed to process relocation: 6570:0991 (Invalid index: 387489)
Failed to process relocation: 6570:0987 (Invalid index: 387479)
Failed to process relocation: 6570:097f (Invalid index: 387471)
Failed to process relocation: 6570:0936 (Invalid index: 387398)
Failed to process relocation: 6570:092e (Invalid index: 387390)
Failed to process relocation: 6570:0925 (Invalid index: 387381)
Failed to process relocation: 6570:091c (Invalid index: 387372)
Failed to process relocation: 6570:0913 (Invalid index: 387363)
Failed to process relocation: 6570:090e (Invalid index: 387358)
Failed to process relocation: 6570:0905 (Invalid index: 387349)
Failed to process relocation: 6570:08d1 (Invalid index: 387297)
Failed to process relocation: 6570:08c7 (Invalid index: 387287)
Failed to process relocation: 6570:08c2 (Invalid index: 387282)
Failed to process relocation: 6570:08b9 (Invalid index: 387273)
Failed to process relocation: 6570:08af (Invalid index: 387263)
Failed to process relocation: 6570:08aa (Invalid index: 387258)
Failed to process relocation: 6570:0856 (Invalid index: 387174)
Failed to process relocation: 6570:07d2 (Invalid index: 387042)
Failed to process relocation: 6570:0794 (Invalid index: 386980)
Failed to process relocation: 6570:076b (Invalid index: 386939)
Failed to process relocation: 6570:074b (Invalid index: 386907)
Failed to process relocation: 6570:0733 (Invalid index: 386883)
Failed to process relocation: 6570:0726 (Invalid index: 386870)
Failed to process relocation: 6570:071c (Invalid index: 386860)
Failed to process relocation: 6570:0713 (Invalid index: 386851)
Failed to process relocation: 6570:070a (Invalid index: 386842)
Failed to process relocation: 6570:0700 (Invalid index: 386832)
Failed to process relocation: 6570:06f7 (Invalid index: 386823)
Failed to process relocation: 6570:06e1 (Invalid index: 386801)
Failed to process relocation: 6570:06c9 (Invalid index: 386777)
Failed to process relocation: 6570:069e (Invalid index: 386734)
Failed to process relocation: 6570:067c (Invalid index: 386700)
Failed to process relocation: 6570:065a (Invalid index: 386666)
Failed to process relocation: 6570:0b1a (Invalid index: 387882)
Failed to process relocation: 6570:0ad0 (Invalid index: 387808)
Failed to process relocation: 6570:0aa2 (Invalid index: 387762)
Failed to process relocation: 6570:0a9d (Invalid index: 387757)
Failed to process relocation: 6570:0a93 (Invalid index: 387747)
Failed to process relocation: 6570:0a8e (Invalid index: 387742)
Failed to process relocation: 6570:0a86 (Invalid index: 387734)
Failed to process relocation: 6570:0a7c (Invalid index: 387724)
Failed to process relocation: 6570:0a77 (Invalid index: 387719)
Failed to process relocation: 6570:0a6f (Invalid index: 387711)
Failed to process relocation: 6570:0a65 (Invalid index: 387701)
Failed to process relocation: 6570:0a60 (Invalid index: 387696)
Failed to process relocation: 6570:0a56 (Invalid index: 387686)
Failed to process relocation: 6570:0a4c (Invalid index: 387676)
Failed to process relocation: 6570:0a47 (Invalid index: 387671)
Failed to process relocation: 6570:0a0c (Invalid index: 387612)
Failed to process relocation: 6570:0edb (Invalid index: 388843)
Failed to process relocation: 6570:0ecb (Invalid index: 388827)
Failed to process relocation: 6570:0ebb (Invalid index: 388811)
Failed to process relocation: 6570:0e96 (Invalid index: 388774)
Failed to process relocation: 6570:0e6a (Invalid index: 388730)
Failed to process relocation: 6570:0e55 (Invalid index: 388709)
Failed to process relocation: 6570:0e48 (Invalid index: 388696)
Failed to process relocation: 6570:0e37 (Invalid index: 388679)
Failed to process relocation: 6570:0e30 (Invalid index: 388672)
Failed to process relocation: 6570:0e0a (Invalid index: 388634)
Failed to process relocation: 6570:0dfc (Invalid index: 388620)
Failed to process relocation: 6570:0ded (Invalid index: 388605)
Failed to process relocation: 6570:0dd9 (Invalid index: 388585)
Failed to process relocation: 6570:0dbd (Invalid index: 388557)
Failed to process relocation: 6570:0da9 (Invalid index: 388537)
Failed to process relocation: 6570:0d85 (Invalid index: 388501)
Failed to process relocation: 6570:0d6d (Invalid index: 388477)
Failed to process relocation: 6570:0d4e (Invalid index: 388446)
Failed to process relocation: 6570:0d15 (Invalid index: 388389)
Failed to process relocation: 6570:0cf1 (Invalid index: 388353)
Failed to process relocation: 6570:0ccd (Invalid index: 388317)
Failed to process relocation: 6570:0cb1 (Invalid index: 388289)
Failed to process relocation: 6570:0c6b (Invalid index: 388219)
Failed to process relocation: 6570:0c3c (Invalid index: 388172)
Failed to process relocation: 6570:0c2b (Invalid index: 388155)
Failed to process relocation: 6570:0c1d (Invalid index: 388141)
Failed to process relocation: 6570:0c0f (Invalid index: 388127)
Failed to process relocation: 6570:0bff (Invalid index: 388111)
Failed to process relocation: 6570:0bf2 (Invalid index: 388098)
Failed to process relocation: 6570:0be8 (Invalid index: 388088)
Failed to process relocation: 6570:0be3 (Invalid index: 388083)
Failed to process relocation: 6570:0bd6 (Invalid index: 388070)
Failed to process relocation: 6570:0bcc (Invalid index: 388060)
Failed to process relocation: 6570:0bc2 (Invalid index: 388050)
Failed to process relocation: 6570:0bbd (Invalid index: 388045)
Failed to process relocation: 6570:0bb8 (Invalid index: 388040)
Failed to process relocation: 6570:0bb0 (Invalid index: 388032)
Failed to process relocation: 6570:0bab (Invalid index: 388027)
Failed to process relocation: 6570:0ba6 (Invalid index: 388022)
Failed to process relocation: 6570:0ba1 (Invalid index: 388017)
Failed to process relocation: 6570:0b98 (Invalid index: 388008)
Failed to process relocation: 6570:0b89 (Invalid index: 387993)
Failed to process relocation: 6570:0b78 (Invalid index: 387976)
Failed to process relocation: 6570:0b73 (Invalid index: 387971)
Failed to process relocation: 6570:0b6a (Invalid index: 387962)
Failed to process relocation: 6570:0b5f (Invalid index: 387951)
Failed to process relocation: 6570:0b5a (Invalid index: 387946)
Failed to process relocation: 6570:0b51 (Invalid index: 387937)
Failed to process relocation: 6570:0b46 (Invalid index: 387926)
Failed to process relocation: 6570:0b3a (Invalid index: 387914)
Failed to process relocation: 6570:1292 (Invalid index: 389794)
Failed to process relocation: 6570:1258 (Invalid index: 389736)
Failed to process relocation: 6570:1247 (Invalid index: 389719)
Failed to process relocation: 6570:1232 (Invalid index: 389698)
Failed to process relocation: 6570:122b (Invalid index: 389691)
Failed to process relocation: 6570:11fe (Invalid index: 389646)
Failed to process relocation: 6570:11f4 (Invalid index: 389636)
Failed to process relocation: 6570:11ef (Invalid index: 389631)
Failed to process relocation: 6570:11e9 (Invalid index: 389625)
Failed to process relocation: 6570:11de (Invalid index: 389614)
Failed to process relocation: 6570:11d2 (Invalid index: 389602)
Failed to process relocation: 6570:11a7 (Invalid index: 389559)
Failed to process relocation: 6570:11a2 (Invalid index: 389554)
Failed to process relocation: 6570:119b (Invalid index: 389547)
Failed to process relocation: 6570:118e (Invalid index: 389534)
Failed to process relocation: 6570:1186 (Invalid index: 389526)
Failed to process relocation: 6570:1171 (Invalid index: 389505)
Failed to process relocation: 6570:115d (Invalid index: 389485)
Failed to process relocation: 6570:1152 (Invalid index: 389474)
Failed to process relocation: 6570:1145 (Invalid index: 389461)
Failed to process relocation: 6570:113e (Invalid index: 389454)
Failed to process relocation: 6570:112e (Invalid index: 389438)
Failed to process relocation: 6570:111b (Invalid index: 389419)
Failed to process relocation: 6570:1114 (Invalid index: 389412)
Failed to process relocation: 6570:10fa (Invalid index: 389386)
Failed to process relocation: 6570:10d0 (Invalid index: 389344)
Failed to process relocation: 6570:107f (Invalid index: 389263)
Failed to process relocation: 6570:1039 (Invalid index: 389193)
Failed to process relocation: 6570:0ff8 (Invalid index: 389128)
Failed to process relocation: 6570:0fe8 (Invalid index: 389112)
Failed to process relocation: 6570:0fd8 (Invalid index: 389096)
Failed to process relocation: 6570:0fc8 (Invalid index: 389080)
Failed to process relocation: 6570:0fb2 (Invalid index: 389058)
Failed to process relocation: 6570:0fa2 (Invalid index: 389042)
Failed to process relocation: 6570:0f92 (Invalid index: 389026)
Failed to process relocation: 6570:0f82 (Invalid index: 389010)
Failed to process relocation: 6570:0f6b (Invalid index: 388987)
Failed to process relocation: 6570:0f5b (Invalid index: 388971)
Failed to process relocation: 6570:0f4b (Invalid index: 388955)
Failed to process relocation: 6570:0f3a (Invalid index: 388938)
Failed to process relocation: 6570:0f2a (Invalid index: 388922)
Failed to process relocation: 6570:0f19 (Invalid index: 388905)
Failed to process relocation: 6570:0f09 (Invalid index: 388889)
Failed to process relocation: 6570:0ef8 (Invalid index: 388872)
Failed to process relocation: 6570:1630 (Invalid index: 390720)
Failed to process relocation: 6570:1617 (Invalid index: 390695)
Failed to process relocation: 6570:1605 (Invalid index: 390677)
Failed to process relocation: 6570:15fd (Invalid index: 390669)
Failed to process relocation: 6570:15d9 (Invalid index: 390633)
Failed to process relocation: 6570:15d2 (Invalid index: 390626)
Failed to process relocation: 6570:15a8 (Invalid index: 390584)
Failed to process relocation: 6570:158f (Invalid index: 390559)
Failed to process relocation: 6570:1578 (Invalid index: 390536)
Failed to process relocation: 6570:1559 (Invalid index: 390505)
Failed to process relocation: 6570:154c (Invalid index: 390492)
Failed to process relocation: 6570:1528 (Invalid index: 390456)
Failed to process relocation: 6570:1509 (Invalid index: 390425)
Failed to process relocation: 6570:1504 (Invalid index: 390420)
Failed to process relocation: 6570:14fa (Invalid index: 390410)
Failed to process relocation: 6570:14f5 (Invalid index: 390405)
Failed to process relocation: 6570:14ec (Invalid index: 390396)
Failed to process relocation: 6570:14e2 (Invalid index: 390386)
Failed to process relocation: 6570:14dd (Invalid index: 390381)
Failed to process relocation: 6570:1493 (Invalid index: 390307)
Failed to process relocation: 6570:148e (Invalid index: 390302)
Failed to process relocation: 6570:1489 (Invalid index: 390297)
Failed to process relocation: 6570:1484 (Invalid index: 390292)
Failed to process relocation: 6570:147b (Invalid index: 390283)
Failed to process relocation: 6570:1472 (Invalid index: 390274)
Failed to process relocation: 6570:1469 (Invalid index: 390265)
Failed to process relocation: 6570:1459 (Invalid index: 390249)
Failed to process relocation: 6570:143e (Invalid index: 390222)
Failed to process relocation: 6570:1408 (Invalid index: 390168)
Failed to process relocation: 6570:1401 (Invalid index: 390161)
Failed to process relocation: 6570:13d1 (Invalid index: 390113)
Failed to process relocation: 6570:13b8 (Invalid index: 390088)
Failed to process relocation: 6570:1396 (Invalid index: 390054)
Failed to process relocation: 6570:1386 (Invalid index: 390038)
Failed to process relocation: 6570:1375 (Invalid index: 390021)
Failed to process relocation: 6570:134f (Invalid index: 389983)
Failed to process relocation: 6570:1321 (Invalid index: 389937)
Failed to process relocation: 6570:1317 (Invalid index: 389927)
Failed to process relocation: 6570:1312 (Invalid index: 389922)
Failed to process relocation: 6570:1307 (Invalid index: 389911)
Failed to process relocation: 6570:12fb (Invalid index: 389899)
Failed to process relocation: 6570:12e0 (Invalid index: 389872)
Failed to process relocation: 6570:12d9 (Invalid index: 389865)
Failed to process relocation: 6570:12cb (Invalid index: 389851)
Failed to process relocation: 6570:12c0 (Invalid index: 389840)
Failed to process relocation: 6570:12b3 (Invalid index: 389827)
Failed to process relocation: 6570:12ac (Invalid index: 389820)
Failed to process relocation: 6570:19ec (Invalid index: 391676)
Failed to process relocation: 6570:19dd (Invalid index: 391661)
Failed to process relocation: 6570:19ca (Invalid index: 391642)
Failed to process relocation: 6570:19c3 (Invalid index: 391635)
Failed to process relocation: 6570:19aa (Invalid index: 391610)
Failed to process relocation: 6570:19a3 (Invalid index: 391603)
Failed to process relocation: 6570:198a (Invalid index: 391578)
Failed to process relocation: 6570:196e (Invalid index: 391550)
Failed to process relocation: 6570:1949 (Invalid index: 391513)
Failed to process relocation: 6570:1936 (Invalid index: 391494)
Failed to process relocation: 6570:192f (Invalid index: 391487)
Failed to process relocation: 6570:1906 (Invalid index: 391446)
Failed to process relocation: 6570:18e7 (Invalid index: 391415)
Failed to process relocation: 6570:18cb (Invalid index: 391387)
Failed to process relocation: 6570:18b7 (Invalid index: 391367)
Failed to process relocation: 6570:1893 (Invalid index: 391331)
Failed to process relocation: 6570:187f (Invalid index: 391311)
Failed to process relocation: 6570:185a (Invalid index: 391274)
Failed to process relocation: 6570:1845 (Invalid index: 391253)
Failed to process relocation: 6570:1829 (Invalid index: 391225)
Failed to process relocation: 6570:1817 (Invalid index: 391207)
Failed to process relocation: 6570:17da (Invalid index: 391146)
Failed to process relocation: 6570:17be (Invalid index: 391118)
Failed to process relocation: 6570:17b2 (Invalid index: 391106)
Failed to process relocation: 6570:1792 (Invalid index: 391074)
Failed to process relocation: 6570:1787 (Invalid index: 391063)
Failed to process relocation: 6570:175d (Invalid index: 391021)
Failed to process relocation: 6570:174f (Invalid index: 391007)
Failed to process relocation: 6570:1732 (Invalid index: 390978)
Failed to process relocation: 6570:170d (Invalid index: 390941)
Failed to process relocation: 6570:16f9 (Invalid index: 390921)
Failed to process relocation: 6570:16dd (Invalid index: 390893)
Failed to process relocation: 6570:16d0 (Invalid index: 390880)
Failed to process relocation: 6570:16b5 (Invalid index: 390853)
Failed to process relocation: 6570:16a5 (Invalid index: 390837)
Failed to process relocation: 6570:168a (Invalid index: 390810)
Failed to process relocation: 6570:167a (Invalid index: 390794)
Failed to process relocation: 6570:165f (Invalid index: 390767)
Failed to process relocation: 6570:164d (Invalid index: 390749)
Failed to process relocation: 6570:1bff (Invalid index: 392207)
Failed to process relocation: 6570:1be5 (Invalid index: 392181)
Failed to process relocation: 6570:1bd5 (Invalid index: 392165)
Failed to process relocation: 6570:1bba (Invalid index: 392138)
Failed to process relocation: 6570:1ba4 (Invalid index: 392116)
Failed to process relocation: 6570:1b8f (Invalid index: 392095)
Failed to process relocation: 6570:1b7f (Invalid index: 392079)
Failed to process relocation: 6570:1b71 (Invalid index: 392065)
Failed to process relocation: 6570:1b6a (Invalid index: 392058)
Failed to process relocation: 6570:1b5a (Invalid index: 392042)
Failed to process relocation: 6570:1b4a (Invalid index: 392026)
Failed to process relocation: 6570:1b3a (Invalid index: 392010)
Failed to process relocation: 6570:1b2a (Invalid index: 391994)
Failed to process relocation: 6570:1b1a (Invalid index: 391978)
Failed to process relocation: 6570:1aa4 (Invalid index: 391860)
Failed to process relocation: 6570:1a93 (Invalid index: 391843)
Failed to process relocation: 6570:1a85 (Invalid index: 391829)
Failed to process relocation: 6570:1a77 (Invalid index: 391815)
Failed to process relocation: 6570:1a6a (Invalid index: 391802)
Failed to process relocation: 6570:1a5c (Invalid index: 391788)
Failed to process relocation: 6570:1a43 (Invalid index: 391763)
Failed to process relocation: 6570:1a35 (Invalid index: 391749)
Failed to process relocation: 6570:1a27 (Invalid index: 391735)
Failed to process relocation: 6570:1a19 (Invalid index: 391721)
Failed to process relocation: 6570:1a04 (Invalid index: 391700)
Failed to process relocation: 6570:1c52 (Invalid index: 392290)
Failed to process relocation: 6570:1c2a (Invalid index: 392250)
Failed to process relocation: 6570:1c0f (Invalid index: 392223)
Failed to process relocation: 6570:1eb3 (Invalid index: 392899)
Failed to process relocation: 6570:1e81 (Invalid index: 392849)
Failed to process relocation: 6570:1e5d (Invalid index: 392813)
Failed to process relocation: 6570:1da7 (Invalid index: 392631)
Failed to process relocation: 6570:1da2 (Invalid index: 392626)
Failed to process relocation: 6570:1d98 (Invalid index: 392616)
Failed to process relocation: 6570:1d93 (Invalid index: 392611)
Failed to process relocation: 6570:1d8a (Invalid index: 392602)
Failed to process relocation: 6570:1d80 (Invalid index: 392592)
Failed to process relocation: 6570:1d7b (Invalid index: 392587)
Failed to process relocation: 6570:1d32 (Invalid index: 392514)
Failed to process relocation: 6570:1cf5 (Invalid index: 392453)
Failed to process relocation: 6570:1cd8 (Invalid index: 392424)
Failed to process relocation: 6570:1cc3 (Invalid index: 392403)
Failed to process relocation: 6570:1ca7 (Invalid index: 392375)
Failed to process relocation: 6570:1c7a (Invalid index: 392330)
Failed to process relocation: 6570:225d (Invalid index: 393837)
Failed to process relocation: 6570:2258 (Invalid index: 393832)
Failed to process relocation: 6570:224e (Invalid index: 393822)
Failed to process relocation: 6570:2249 (Invalid index: 393817)
Failed to process relocation: 6570:2240 (Invalid index: 393808)
Failed to process relocation: 6570:2236 (Invalid index: 393798)
Failed to process relocation: 6570:2231 (Invalid index: 393793)
Failed to process relocation: 6570:2211 (Invalid index: 393761)
Failed to process relocation: 6570:220a (Invalid index: 393754)
Failed to process relocation: 6570:21fd (Invalid index: 393741)
Failed to process relocation: 6570:21f6 (Invalid index: 393734)
Failed to process relocation: 6570:21e9 (Invalid index: 393721)
Failed to process relocation: 6570:21e4 (Invalid index: 393716)
Failed to process relocation: 6570:21cc (Invalid index: 393692)
Failed to process relocation: 6570:2193 (Invalid index: 393635)
Failed to process relocation: 6570:216e (Invalid index: 393598)
Failed to process relocation: 6570:215a (Invalid index: 393578)
Failed to process relocation: 6570:214c (Invalid index: 393564)
Failed to process relocation: 6570:212e (Invalid index: 393534)
Failed to process relocation: 6570:2119 (Invalid index: 393513)
Failed to process relocation: 6570:20fe (Invalid index: 393486)
Failed to process relocation: 6570:20e4 (Invalid index: 393460)
Failed to process relocation: 6570:20d4 (Invalid index: 393444)
Failed to process relocation: 6570:20b7 (Invalid index: 393415)
Failed to process relocation: 6570:20a7 (Invalid index: 393399)
Failed to process relocation: 6570:2097 (Invalid index: 393383)
Failed to process relocation: 6570:207d (Invalid index: 393357)
Failed to process relocation: 6570:206c (Invalid index: 393340)
Failed to process relocation: 6570:2052 (Invalid index: 393314)
Failed to process relocation: 6570:202e (Invalid index: 393278)
Failed to process relocation: 6570:2014 (Invalid index: 393252)
Failed to process relocation: 6570:1ff0 (Invalid index: 393216)
Failed to process relocation: 6570:1fd5 (Invalid index: 393189)
Failed to process relocation: 6570:1fba (Invalid index: 393162)
Failed to process relocation: 6570:1f9f (Invalid index: 393135)
Failed to process relocation: 6570:1f8f (Invalid index: 393119)
Failed to process relocation: 6570:1f77 (Invalid index: 393095)
Failed to process relocation: 6570:2624 (Invalid index: 394804)
Failed to process relocation: 6570:25f7 (Invalid index: 394759)
Failed to process relocation: 6570:25e8 (Invalid index: 394744)
Failed to process relocation: 6570:25d6 (Invalid index: 394726)
Failed to process relocation: 6570:25b0 (Invalid index: 394688)
Failed to process relocation: 6570:2592 (Invalid index: 394658)
Failed to process relocation: 6570:256a (Invalid index: 394618)
Failed to process relocation: 6570:254b (Invalid index: 394587)
Failed to process relocation: 6570:2542 (Invalid index: 394578)
Failed to process relocation: 6570:2534 (Invalid index: 394564)
Failed to process relocation: 6570:252f (Invalid index: 394559)
Failed to process relocation: 6570:2526 (Invalid index: 394550)
Failed to process relocation: 6570:2518 (Invalid index: 394536)
Failed to process relocation: 6570:2513 (Invalid index: 394531)
Failed to process relocation: 6570:250a (Invalid index: 394522)
Failed to process relocation: 6570:24ee (Invalid index: 394494)
Failed to process relocation: 6570:24d4 (Invalid index: 394468)
Failed to process relocation: 6570:24b2 (Invalid index: 394434)
Failed to process relocation: 6570:24ad (Invalid index: 394429)
Failed to process relocation: 6570:24a3 (Invalid index: 394419)
Failed to process relocation: 6570:249e (Invalid index: 394414)
Failed to process relocation: 6570:2495 (Invalid index: 394405)
Failed to process relocation: 6570:248b (Invalid index: 394395)
Failed to process relocation: 6570:2486 (Invalid index: 394390)
Failed to process relocation: 6570:246d (Invalid index: 394365)
Failed to process relocation: 6570:2457 (Invalid index: 394343)
Failed to process relocation: 6570:2437 (Invalid index: 394311)
Failed to process relocation: 6570:2422 (Invalid index: 394290)
Failed to process relocation: 6570:23b0 (Invalid index: 394176)
Failed to process relocation: 6570:2383 (Invalid index: 394131)
Failed to process relocation: 6570:237d (Invalid index: 394125)
Failed to process relocation: 6570:2373 (Invalid index: 394115)
Failed to process relocation: 6570:22a0 (Invalid index: 393904)
Failed to process relocation: 6570:2758 (Invalid index: 395112)
Failed to process relocation: 6570:274f (Invalid index: 395103)
Failed to process relocation: 6570:2726 (Invalid index: 395062)
Failed to process relocation: 6570:271d (Invalid index: 395053)
Failed to process relocation: 6570:26ff (Invalid index: 395023)
Failed to process relocation: 6570:26fa (Invalid index: 395018)
Failed to process relocation: 6570:26f5 (Invalid index: 395013)
Failed to process relocation: 6570:26f0 (Invalid index: 395008)
Failed to process relocation: 6570:26e7 (Invalid index: 394999)
Failed to process relocation: 6570:26de (Invalid index: 394990)
Failed to process relocation: 6570:26d5 (Invalid index: 394981)
Failed to process relocation: 6570:26cc (Invalid index: 394972)
Failed to process relocation: 6570:26c7 (Invalid index: 394967)
Failed to process relocation: 6570:26be (Invalid index: 394958)
Failed to process relocation: 6570:26b5 (Invalid index: 394949)
Failed to process relocation: 6570:26ac (Invalid index: 394940)
 (ProgramLoader)  
INFO  IMPORTING: Loaded 0 additional files (HeadlessAnalyzer)  
INFO  REPORT: Execute script: MarkOverlayThunks 'pre' '3ab8'  (HeadlessAnalyzer)  
INFO  SCRIPT: C:\prog\jwcad\ghidra_scripts\MarkOverlayThunks.java (HeadlessAnalyzer)  
INFO  MarkOverlayThunks.java> cd 3f sites: 106 (GhidraScript)  
INFO  MarkOverlayThunks.java> overlay trap operands marked as data: 106 of 106 (GhidraScript)  
INFO  ANALYZING all memory and code: file:///C:/prog/jwcad/ovl/jw29.exe (HeadlessAnalyzer)  
ERROR Failed to create function at 1885:07c4 since its body contains referring thunk at 1885:0344 (CreateFunctionCmd)  
ERROR Failed to create function at 28b3:0f86 since its body contains referring thunk at 28b3:0ee9 (CreateFunctionCmd)  
WARN  Decompiling 32b2:1528: Unable to read bytes at ram:0000:7be2 (DecompileCallback)  
WARN  Decompiling 1000:0a81, pcode error at 1000:0a6f: Unable to resolve constructor at 1000:0a6f (DecompileCallback)  
WARN  Decompiling 1000:0a81, pcode error at 1000:0a4b: Unable to resolve constructor at 1000:0a4b (DecompileCallback)  
WARN  Decompiling 1000:0a81, pcode error at 1000:0818: Unable to resolve constructor at 1000:0818 (DecompileCallback)  
WARN  Decompiling 32b2:0d40, pcode error at 3000:5054: Unable to resolve constructor at 3000:5054 (DecompileCallback)  
WARN  Decompiling 12c1:097e, pcode error at 1000:5097: Unable to resolve constructor at 1000:5097 (DecompileCallback)  
WARN  Decompiling 21f2:246e, pcode error at 2000:3158: Unable to resolve constructor at 2000:3158 (DecompileCallback)  
WARN  Decompiling 21f2:246e, pcode error at 2000:7191: Unable to resolve constructor at 2000:7191 (DecompileCallback)  
INFO  Packed database cache: C:\Users\yomei\AppData\Local\ghidra\packed-db-cache (PackedDatabaseCache)  
INFO  Applied data type archive: generic_clib (ApplyDataArchiveAnalyzer)  
INFO  -----------------------------------------------------
    ASCII Strings                              0.341 secs
    Apply Data Archives                        0.483 secs
    Call Convention ID                         0.003 secs
    Call-Fixup Installer                       0.024 secs
    Create Function                            0.514 secs
    Data Reference                             0.035 secs
    Decompiler Switch Analysis                45.888 secs
    Demangler GNU                              0.048 secs
    Disassemble                                1.815 secs
    Disassemble Entry Points                   0.141 secs
    Embedded Media                             0.012 secs
    External Entry References                  0.001 secs
    Function ID                                0.116 secs
    Function Start Search                      0.020 secs
    Non-Returning Functions - Discovered       0.554 secs
    Reference                                  0.057 secs
    Segmented X86 Calling Conventions          0.002 secs
    Shared Return Calls                        0.204 secs
    Stack                                      2.399 secs
    Subroutine References                      0.120 secs
    Subroutine References - One Time           0.000 secs
    X86 Function Callee Purge                  0.196 secs
    x86 Constant Reference Analyzer            2.015 secs
-----------------------------------------------------
     Total Time   54 secs
-----------------------------------------------------
 (AutoAnalysisManager)  
INFO  REPORT: Analysis succeeded for file: file:///C:/prog/jwcad/ovl/jw29.exe (HeadlessAnalyzer)  
INFO  REPORT: Execute script: MarkOverlayThunks 'post' '3ab8' 'C:\prog\jwcad\entries\29.txt' '29'  (HeadlessAnalyzer)  
INFO  SCRIPT: C:\prog\jwcad\ghidra_scripts\MarkOverlayThunks.java (HeadlessAnalyzer)  
INFO  MarkOverlayThunks.java> cd 3f sites: 106 (GhidraScript)  
INFO  MarkOverlayThunks.java> overlay traps given a fall-through: 106, references added: 3 (GhidraScript)  
INFO  MarkOverlayThunks.java> overlay entry points seeded: 4 (GhidraScript)  
INFO  REPORT: Execute script: DecompileAll 'C:\prog\jwcad\out\ovl29' '3ab8' '4375'  (HeadlessAnalyzer)  
INFO  SCRIPT: C:\prog\jwcad\ghidra_scripts\DecompileAll.java (HeadlessAnalyzer)  
WARN  Decompiling 3ab8:5194, pcode error at 4000:fe2e: Disassembly not permitted within uninitialized memory block (DecompileCallback)  
WARN  Decompiling 3ab8:519a, pcode error at 4000:fe2e: Disassembly not permitted within uninitialized memory block (DecompileCallback)  
WARN  Decompiling 3ab8:522f, pcode error at 3000:fdb8: Unable to resolve constructor at 3000:fdb8 (DecompileCallback)  
INFO  DecompileAll.java> decompiled 27 functions, 0 failed (GhidraScript)  
INFO  ANALYZING changes made by post scripts: file:///C:/prog/jwcad/ovl/jw29.exe (HeadlessAnalyzer)  
INFO  REPORT: Post-analysis succeeded for file: file:///C:/prog/jwcad/ovl/jw29.exe (HeadlessAnalyzer)  
INFO  /jw29.exe: file created (yomei) (LocalFileSystem)  
INFO  REPORT: Save succeeded for: /jw29.exe (ovl29:/jw29.exe) (HeadlessAnalyzer)  
INFO  REPORT: Import succeeded (HeadlessAnalyzer)  
