INFO  Using log config file: jar:file:/C:/prog/ghidra/ghidra_12.1.3_PUBLIC/Ghidra/Framework/Generic/lib/Generic.jar!/generic.log4j.xml (LoggingInitialization)  
INFO  Using log file: C:\Users\yomei\AppData\Roaming\ghidra\ghidra_12.1.3_PUBLIC\application.log (LoggingInitialization)  
INFO  Loading user preferences: C:\Users\yomei\AppData\Roaming\ghidra\ghidra_12.1.3_PUBLIC\preferences (Preferences)  
INFO  Searching for classes... (ClassSearcher)  
INFO  Class search complete (1080 ms) (ClassSearcher)  
INFO  Initializing SSL Context (DefaultSSLContextInitializer)  
INFO  Initializing Random Number Generator... (SecureRandomFactory)  
INFO  Random Number Generator initialization complete: SHA1PRNG (SecureRandomFactory)  
INFO  Trust manager disabled, cacerts have not been set (DefaultTrustManagerFactory)  
INFO  Headless startup complete (9990 ms) (AnalyzeHeadless)  
INFO  Class searcher loaded 59 extension points (20 false positives) (ClassSearcher)  
INFO  HEADLESS Script Paths:
    C:\prog\ghidra\ghidra_12.1.3_PUBLIC\Ghidra\Debug\Debugger-rmi-trace\ghidra_scripts
    C:\prog\ghidra\ghidra_12.1.3_PUBLIC\Ghidra\Features\FileFormats\ghidra_scripts
    C:\prog\ghidra\ghidra_12.1.3_PUBLIC\Ghidra\Features\GnuDemangler\ghidra_scripts
    C:\prog\ghidra\ghidra_12.1.3_PUBLIC\Ghidra\Features\VersionTracking\ghidra_scripts
    C:\prog\ghidra\ghidra_12.1.3_PUBLIC\Ghidra\Debug\Debugger\ghidra_scripts
    C:\prog\ghidra\ghidra_12.1.3_PUBLIC\Ghidra\Processors\8051\ghidra_scripts
    C:\prog\ghidra\ghidra_12.1.3_PUBLIC\Ghidra\Features\BSim\ghidra_scripts
    C:\prog\ghidra\ghidra_12.1.3_PUBLIC\Ghidra\Features\WildcardAssembler\ghidra_scripts
    C:\prog\ghidra\ghidra_12.1.3_PUBLIC\Ghidra\Features\FunctionID\ghidra_scripts
    C:\prog\ghidra\ghidra_12.1.3_PUBLIC\Ghidra\Features\SystemEmulation\ghidra_scripts
    C:\prog\ghidra\ghidra_12.1.3_PUBLIC\Ghidra\Processors\PIC\ghidra_scripts
    C:\prog\ghidra\ghidra_12.1.3_PUBLIC\Ghidra\Features\PDB\ghidra_scripts
    C:\prog\ghidra\ghidra_12.1.3_PUBLIC\Ghidra\Features\DecompilerDependent\ghidra_scripts
    C:\prog\ghidra\ghidra_12.1.3_PUBLIC\Ghidra\Features\SwiftDemangler\ghidra_scripts
    C:\prog\ghidra\ghidra_12.1.3_PUBLIC\Ghidra\Features\MicrosoftCodeAnalyzer\ghidra_scripts
    C:\prog\ghidra\ghidra_12.1.3_PUBLIC\Ghidra\Processors\DATA\ghidra_scripts
    C:\prog\ghidra\ghidra_12.1.3_PUBLIC\Ghidra\Features\Decompiler\ghidra_scripts
    C:\prog\ghidra\ghidra_12.1.3_PUBLIC\Ghidra\Features\BytePatterns\ghidra_scripts
    C:\prog\ghidra\ghidra_12.1.3_PUBLIC\Ghidra\Features\PyGhidra\ghidra_scripts
    C:\prog\ghidra\ghidra_12.1.3_PUBLIC\Ghidra\Processors\Atmel\ghidra_scripts
    C:\prog\ghidra\ghidra_12.1.3_PUBLIC\Ghidra\Features\Base\ghidra_scripts
    C:\prog\jwcad\ghidra_scripts
    C:\prog\ghidra\ghidra_12.1.3_PUBLIC\Ghidra\Processors\JVM\ghidra_scripts (HeadlessAnalyzer)  
INFO  HEADLESS: execution starts (HeadlessAnalyzer)  
INFO  Creating temporary project: C:\prog\jwcad\proj\ovl13 (HeadlessAnalyzer)  
INFO  Creating project: C:\prog\jwcad\proj\ovl13 (DefaultProject)  
INFO  REPORT: Processing input files:  (HeadlessAnalyzer)  
INFO       project: C:\prog\jwcad\proj\ovl13 (HeadlessAnalyzer)  
INFO  IMPORTING: file:///C:/prog/jwcad/ovl/jw13.exe (HeadlessAnalyzer)  
INFO  Using Loader: Old-style DOS Executable (MZ) (ProgramLoader)  
INFO  Using Language/Compiler: x86:LE:16:Real Mode:default (ProgramLoader)  
INFO  Using Library Search Path: [., C:\Windows\SysWOW64, C:\prog\ghidra\jdk21\bin, C:\Windows\Sun\Java\bin, C:\Windows\system32, C:\Windows, C:\Program Files\Python312\Scripts\, C:\Program Files\Python312\, C:\Windows\System32\Wbem, C:\Windows\System32\WindowsPowerShell\v1.0\, C:\Windows\System32\OpenSSH\, C:\Program Files\Amazon\AWSCLIV2\, C:\ProgramData\chocolatey\bin, C:\ffmpeg, C:\Users\yomei\AppData\Local\Microsoft\WindowsApps] (ProgramLoader)  
INFO  Additional info:
There were too many messages to display.
1144 messages have been truncated.

Loading file:///C:/prog/jwcad/ovl/jw13.exe?MD5=b2da96c7bbe14f4b05c28640fef8fdb0...
Failed to process relocation: 6570:03ad (Invalid index: 385565)
Failed to process relocation: 6570:03a8 (Invalid index: 385560)
Failed to process relocation: 6570:039f (Invalid index: 385551)
Failed to process relocation: 6570:0394 (Invalid index: 385540)
Failed to process relocation: 6570:038f (Invalid index: 385535)
Failed to process relocation: 6570:0386 (Invalid index: 385526)
Failed to process relocation: 6570:037d (Invalid index: 385517)
Failed to process relocation: 6570:0378 (Invalid index: 385512)
Failed to process relocation: 6570:0361 (Invalid index: 385489)
Failed to process relocation: 6570:0358 (Invalid index: 385480)
Failed to process relocation: 6570:034e (Invalid index: 385470)
Failed to process relocation: 6570:0345 (Invalid index: 385461)
Failed to process relocation: 6570:033b (Invalid index: 385451)
Failed to process relocation: 6570:0320 (Invalid index: 385424)
Failed to process relocation: 6570:0317 (Invalid index: 385415)
Failed to process relocation: 6570:030d (Invalid index: 385405)
Failed to process relocation: 6570:0304 (Invalid index: 385396)
Failed to process relocation: 6570:02fa (Invalid index: 385386)
Failed to process relocation: 6570:02d0 (Invalid index: 385344)
Failed to process relocation: 6570:02c7 (Invalid index: 385335)
Failed to process relocation: 6570:02bd (Invalid index: 385325)
Failed to process relocation: 6570:02b8 (Invalid index: 385320)
Failed to process relocation: 6570:02af (Invalid index: 385311)
Failed to process relocation: 6570:02a5 (Invalid index: 385301)
Failed to process relocation: 6570:02a0 (Invalid index: 385296)
Failed to process relocation: 6570:0274 (Invalid index: 385252)
Failed to process relocation: 6570:026f (Invalid index: 385247)
Failed to process relocation: 6570:0265 (Invalid index: 385237)
Failed to process relocation: 6570:0260 (Invalid index: 385232)
Failed to process relocation: 6570:0257 (Invalid index: 385223)
Failed to process relocation: 6570:024d (Invalid index: 385213)
Failed to process relocation: 6570:0248 (Invalid index: 385208)
Failed to process relocation: 6570:023f (Invalid index: 385199)
Failed to process relocation: 6570:0235 (Invalid index: 385189)
Failed to process relocation: 6570:0230 (Invalid index: 385184)
Failed to process relocation: 6570:0227 (Invalid index: 385175)
Failed to process relocation: 6570:021d (Invalid index: 385165)
Failed to process relocation: 6570:0218 (Invalid index: 385160)
Failed to process relocation: 6570:01de (Invalid index: 385102)
Failed to process relocation: 6570:01ad (Invalid index: 385053)
Failed to process relocation: 6570:01a8 (Invalid index: 385048)
Failed to process relocation: 6570:0198 (Invalid index: 385032)
Failed to process relocation: 6570:018a (Invalid index: 385018)
Failed to process relocation: 6570:0185 (Invalid index: 385013)
Failed to process relocation: 6570:017c (Invalid index: 385004)
Failed to process relocation: 6570:0171 (Invalid index: 384993)
Failed to process relocation: 6570:016c (Invalid index: 384988)
Failed to process relocation: 6570:0163 (Invalid index: 384979)
Failed to process relocation: 6570:0150 (Invalid index: 384960)
Failed to process relocation: 6570:00fe (Invalid index: 384878)
Failed to process relocation: 6570:00c2 (Invalid index: 384818)
Failed to process relocation: 6570:009f (Invalid index: 384783)
Failed to process relocation: 6570:0039 (Invalid index: 384681)
Failed to process relocation: 6570:0029 (Invalid index: 384665)
Failed to process relocation: 6570:0009 (Invalid index: 384633)
Failed to process relocation: 6570:075f (Invalid index: 386511)
Failed to process relocation: 6570:074b (Invalid index: 386491)
Failed to process relocation: 6570:0746 (Invalid index: 386486)
Failed to process relocation: 6570:073c (Invalid index: 386476)
Failed to process relocation: 6570:0737 (Invalid index: 386471)
Failed to process relocation: 6570:072f (Invalid index: 386463)
Failed to process relocation: 6570:0727 (Invalid index: 386455)
Failed to process relocation: 6570:071d (Invalid index: 386445)
Failed to process relocation: 6570:0718 (Invalid index: 386440)
Failed to process relocation: 6570:0710 (Invalid index: 386432)
Failed to process relocation: 6570:0706 (Invalid index: 386422)
Failed to process relocation: 6570:0701 (Invalid index: 386417)
Failed to process relocation: 6570:06f8 (Invalid index: 386408)
Failed to process relocation: 6570:06ee (Invalid index: 386398)
Failed to process relocation: 6570:06e9 (Invalid index: 386393)
Failed to process relocation: 6570:06d4 (Invalid index: 386372)
Failed to process relocation: 6570:06cc (Invalid index: 386364)
Failed to process relocation: 6570:06c4 (Invalid index: 386356)
Failed to process relocation: 6570:06b2 (Invalid index: 386338)
Failed to process relocation: 6570:06a0 (Invalid index: 386320)
Failed to process relocation: 6570:069b (Invalid index: 386315)
Failed to process relocation: 6570:0696 (Invalid index: 386310)
Failed to process relocation: 6570:068e (Invalid index: 386302)
Failed to process relocation: 6570:0684 (Invalid index: 386292)
Failed to process relocation: 6570:067f (Invalid index: 386287)
Failed to process relocation: 6570:0675 (Invalid index: 386277)
Failed to process relocation: 6570:0670 (Invalid index: 386272)
Failed to process relocation: 6570:066b (Invalid index: 386267)
Failed to process relocation: 6570:0662 (Invalid index: 386258)
Failed to process relocation: 6570:0659 (Invalid index: 386249)
Failed to process relocation: 6570:0650 (Invalid index: 386240)
Failed to process relocation: 6570:0647 (Invalid index: 386231)
Failed to process relocation: 6570:062e (Invalid index: 386206)
Failed to process relocation: 6570:0626 (Invalid index: 386198)
Failed to process relocation: 6570:061c (Invalid index: 386188)
Failed to process relocation: 6570:0617 (Invalid index: 386183)
Failed to process relocation: 6570:060e (Invalid index: 386174)
Failed to process relocation: 6570:0604 (Invalid index: 386164)
Failed to process relocation: 6570:05ff (Invalid index: 386159)
Failed to process relocation: 6570:05e6 (Invalid index: 386134)
Failed to process relocation: 6570:05de (Invalid index: 386126)
Failed to process relocation: 6570:05d4 (Invalid index: 386116)
Failed to process relocation: 6570:05cf (Invalid index: 386111)
Failed to process relocation: 6570:05c6 (Invalid index: 386102)
Failed to process relocation: 6570:05bd (Invalid index: 386093)
Failed to process relocation: 6570:05b8 (Invalid index: 386088)
Failed to process relocation: 6570:05af (Invalid index: 386079)
Failed to process relocation: 6570:05a5 (Invalid index: 386069)
Failed to process relocation: 6570:05a0 (Invalid index: 386064)
Failed to process relocation: 6570:0597 (Invalid index: 386055)
Failed to process relocation: 6570:058e (Invalid index: 386046)
Failed to process relocation: 6570:0585 (Invalid index: 386037)
Failed to process relocation: 6570:0580 (Invalid index: 386032)
Failed to process relocation: 6570:0577 (Invalid index: 386023)
Failed to process relocation: 6570:056e (Invalid index: 386014)
Failed to process relocation: 6570:0569 (Invalid index: 386009)
Failed to process relocation: 6570:0560 (Invalid index: 386000)
Failed to process relocation: 6570:0557 (Invalid index: 385991)
Failed to process relocation: 6570:054e (Invalid index: 385982)
Failed to process relocation: 6570:0545 (Invalid index: 385973)
Failed to process relocation: 6570:0536 (Invalid index: 385958)
Failed to process relocation: 6570:0531 (Invalid index: 385953)
Failed to process relocation: 6570:0527 (Invalid index: 385943)
Failed to process relocation: 6570:0522 (Invalid index: 385938)
Failed to process relocation: 6570:0519 (Invalid index: 385929)
Failed to process relocation: 6570:050f (Invalid index: 385919)
Failed to process relocation: 6570:050a (Invalid index: 385914)
Failed to process relocation: 6570:0501 (Invalid index: 385905)
Failed to process relocation: 6570:04f7 (Invalid index: 385895)
Failed to process relocation: 6570:04f2 (Invalid index: 385890)
Failed to process relocation: 6570:04e9 (Invalid index: 385881)
Failed to process relocation: 6570:04df (Invalid index: 385871)
Failed to process relocation: 6570:04da (Invalid index: 385866)
Failed to process relocation: 6570:04ae (Invalid index: 385822)
Failed to process relocation: 6570:0445 (Invalid index: 385717)
Failed to process relocation: 6570:0419 (Invalid index: 385673)
Failed to process relocation: 6570:0414 (Invalid index: 385668)
Failed to process relocation: 6570:040f (Invalid index: 385663)
Failed to process relocation: 6570:040a (Invalid index: 385658)
Failed to process relocation: 6570:0401 (Invalid index: 385649)
Failed to process relocation: 6570:03f4 (Invalid index: 385636)
Failed to process relocation: 6570:03df (Invalid index: 385615)
Failed to process relocation: 6570:03da (Invalid index: 385610)
Failed to process relocation: 6570:03d1 (Invalid index: 385601)
Failed to process relocation: 6570:03c6 (Invalid index: 385590)
Failed to process relocation: 6570:03c1 (Invalid index: 385585)
Failed to process relocation: 6570:03b8 (Invalid index: 385576)
Failed to process relocation: 6570:0b10 (Invalid index: 387456)
Failed to process relocation: 6570:0b07 (Invalid index: 387447)
Failed to process relocation: 6570:0afd (Invalid index: 387437)
Failed to process relocation: 6570:0af8 (Invalid index: 387432)
Failed to process relocation: 6570:0ae5 (Invalid index: 387413)
Failed to process relocation: 6570:0ae0 (Invalid index: 387408)
Failed to process relocation: 6570:0ad6 (Invalid index: 387398)
Failed to process relocation: 6570:0ad1 (Invalid index: 387393)
Failed to process relocation: 6570:0ac9 (Invalid index: 387385)
Failed to process relocation: 6570:0abf (Invalid index: 387375)
Failed to process relocation: 6570:0aba (Invalid index: 387370)
Failed to process relocation: 6570:0ab2 (Invalid index: 387362)
Failed to process relocation: 6570:0aa8 (Invalid index: 387352)
Failed to process relocation: 6570:0aa3 (Invalid index: 387347)
Failed to process relocation: 6570:0a9b (Invalid index: 387339)
Failed to process relocation: 6570:0a91 (Invalid index: 387329)
Failed to process relocation: 6570:0a8c (Invalid index: 387324)
Failed to process relocation: 6570:0a72 (Invalid index: 387298)
Failed to process relocation: 6570:0a23 (Invalid index: 387219)
Failed to process relocation: 6570:0a1e (Invalid index: 387214)
Failed to process relocation: 6570:0a14 (Invalid index: 387204)
Failed to process relocation: 6570:0a0f (Invalid index: 387199)
Failed to process relocation: 6570:0a06 (Invalid index: 387190)
Failed to process relocation: 6570:09fc (Invalid index: 387180)
Failed to process relocation: 6570:09f7 (Invalid index: 387175)
Failed to process relocation: 6570:09ce (Invalid index: 387134)
Failed to process relocation: 6570:09af (Invalid index: 387103)
Failed to process relocation: 6570:099f (Invalid index: 387087)
Failed to process relocation: 6570:098f (Invalid index: 387071)
Failed to process relocation: 6570:097e (Invalid index: 387054)
Failed to process relocation: 6570:0932 (Invalid index: 386978)
Failed to process relocation: 6570:0906 (Invalid index: 386934)
Failed to process relocation: 6570:081d (Invalid index: 386701)
Failed to process relocation: 6570:0818 (Invalid index: 386696)
Failed to process relocation: 6570:080e (Invalid index: 386686)
Failed to process relocation: 6570:0806 (Invalid index: 386678)
Failed to process relocation: 6570:07fc (Invalid index: 386668)
Failed to process relocation: 6570:07f7 (Invalid index: 386663)
Failed to process relocation: 6570:07ef (Invalid index: 386655)
Failed to process relocation: 6570:07e5 (Invalid index: 386645)
Failed to process relocation: 6570:07e0 (Invalid index: 386640)
Failed to process relocation: 6570:07d7 (Invalid index: 386631)
Failed to process relocation: 6570:07cd (Invalid index: 386621)
Failed to process relocation: 6570:07c8 (Invalid index: 386616)
Failed to process relocation: 6570:07b4 (Invalid index: 386596)
Failed to process relocation: 6570:07af (Invalid index: 386591)
Failed to process relocation: 6570:07a5 (Invalid index: 386581)
Failed to process relocation: 6570:079d (Invalid index: 386573)
Failed to process relocation: 6570:0793 (Invalid index: 386563)
Failed to process relocation: 6570:078e (Invalid index: 386558)
Failed to process relocation: 6570:0786 (Invalid index: 386550)
Failed to process relocation: 6570:077c (Invalid index: 386540)
Failed to process relocation: 6570:0777 (Invalid index: 386535)
Failed to process relocation: 6570:076e (Invalid index: 386526)
Failed to process relocation: 6570:0764 (Invalid index: 386516)
Failed to process relocation: 6570:0ebd (Invalid index: 388397)
Failed to process relocation: 6570:0eb5 (Invalid index: 388389)
Failed to process relocation: 6570:0eb0 (Invalid index: 388384)
Failed to process relocation: 6570:0ea7 (Invalid index: 388375)
Failed to process relocation: 6570:0ea2 (Invalid index: 388370)
Failed to process relocation: 6570:0e79 (Invalid index: 388329)
Failed to process relocation: 6570:0e74 (Invalid index: 388324)
Failed to process relocation: 6570:0e6a (Invalid index: 388314)
Failed to process relocation: 6570:0e65 (Invalid index: 388309)
Failed to process relocation: 6570:0e5c (Invalid index: 388300)
Failed to process relocation: 6570:0e52 (Invalid index: 388290)
Failed to process relocation: 6570:0e4d (Invalid index: 388285)
Failed to process relocation: 6570:0e44 (Invalid index: 388276)
Failed to process relocation: 6570:0e3a (Invalid index: 388266)
Failed to process relocation: 6570:0e35 (Invalid index: 388261)
Failed to process relocation: 6570:0e2c (Invalid index: 388252)
Failed to process relocation: 6570:0e24 (Invalid index: 388244)
Failed to process relocation: 6570:0e1a (Invalid index: 388234)
Failed to process relocation: 6570:0e15 (Invalid index: 388229)
Failed to process relocation: 6570:0df9 (Invalid index: 388201)
Failed to process relocation: 6570:0df4 (Invalid index: 388196)
Failed to process relocation: 6570:0dea (Invalid index: 388186)
Failed to process relocation: 6570:0de5 (Invalid index: 388181)
Failed to process relocation: 6570:0ddd (Invalid index: 388173)
Failed to process relocation: 6570:0dd3 (Invalid index: 388163)
Failed to process relocation: 6570:0dce (Invalid index: 388158)
Failed to process relocation: 6570:0dc6 (Invalid index: 388150)
Failed to process relocation: 6570:0dbc (Invalid index: 388140)
Failed to process relocation: 6570:0db7 (Invalid index: 388135)
Failed to process relocation: 6570:0daf (Invalid index: 388127)
Failed to process relocation: 6570:0da5 (Invalid index: 388117)
Failed to process relocation: 6570:0da0 (Invalid index: 388112)
Failed to process relocation: 6570:0d34 (Invalid index: 388004)
Failed to process relocation: 6570:0d1c (Invalid index: 387980)
Failed to process relocation: 6570:0d13 (Invalid index: 387971)
Failed to process relocation: 6570:0d0b (Invalid index: 387963)
Failed to process relocation: 6570:0d02 (Invalid index: 387954)
Failed to process relocation: 6570:0cf0 (Invalid index: 387936)
Failed to process relocation: 6570:0ce7 (Invalid index: 387927)
Failed to process relocation: 6570:0cd8 (Invalid index: 387912)
Failed to process relocation: 6570:0cd3 (Invalid index: 387907)
Failed to process relocation: 6570:0ccb (Invalid index: 387899)
Failed to process relocation: 6570:0cc3 (Invalid index: 387891)
Failed to process relocation: 6570:0cbe (Invalid index: 387886)
Failed to process relocation: 6570:0cb9 (Invalid index: 387881)
Failed to process relocation: 6570:0cb0 (Invalid index: 387872)
Failed to process relocation: 6570:0ca8 (Invalid index: 387864)
Failed to process relocation: 6570:0ca3 (Invalid index: 387859)
Failed to process relocation: 6570:0c9a (Invalid index: 387850)
Failed to process relocation: 6570:0c92 (Invalid index: 387842)
Failed to process relocation: 6570:0c8a (Invalid index: 387834)
Failed to process relocation: 6570:0c82 (Invalid index: 387826)
Failed to process relocation: 6570:0c7d (Invalid index: 387821)
Failed to process relocation: 6570:0c78 (Invalid index: 387816)
Failed to process relocation: 6570:0c6f (Invalid index: 387807)
Failed to process relocation: 6570:0c67 (Invalid index: 387799)
Failed to process relocation: 6570:0c62 (Invalid index: 387794)
Failed to process relocation: 6570:0c59 (Invalid index: 387785)
Failed to process relocation: 6570:0c4e (Invalid index: 387774)
Failed to process relocation: 6570:0c24 (Invalid index: 387732)
Failed to process relocation: 6570:0bf9 (Invalid index: 387689)
Failed to process relocation: 6570:0b57 (Invalid index: 387527)
Failed to process relocation: 6570:0b52 (Invalid index: 387522)
Failed to process relocation: 6570:0b49 (Invalid index: 387513)
Failed to process relocation: 6570:0b40 (Invalid index: 387504)
Failed to process relocation: 6570:0b28 (Invalid index: 387480)
Failed to process relocation: 6570:0b1f (Invalid index: 387471)
Failed to process relocation: 6570:0b15 (Invalid index: 387461)
Failed to process relocation: 6570:1267 (Invalid index: 389335)
Failed to process relocation: 6570:125a (Invalid index: 389322)
Failed to process relocation: 6570:1250 (Invalid index: 389312)
Failed to process relocation: 6570:124b (Invalid index: 389307)
Failed to process relocation: 6570:1240 (Invalid index: 389296)
Failed to process relocation: 6570:1232 (Invalid index: 389282)
Failed to process relocation: 6570:1229 (Invalid index: 389273)
Failed to process relocation: 6570:1208 (Invalid index: 389240)
Failed to process relocation: 6570:1203 (Invalid index: 389235)
Failed to process relocation: 6570:11c7 (Invalid index: 389175)
Failed to process relocation: 6570:11c2 (Invalid index: 389170)
Failed to process relocation: 6570:114f (Invalid index: 389055)
Failed to process relocation: 6570:1110 (Invalid index: 388992)
Failed to process relocation: 6570:10ec (Invalid index: 388956)
Failed to process relocation: 6570:10bd (Invalid index: 388909)
Failed to process relocation: 6570:10b7 (Invalid index: 388903)
Failed to process relocation: 6570:10af (Invalid index: 388895)
Failed to process relocation: 6570:10aa (Invalid index: 388890)
Failed to process relocation: 6570:108d (Invalid index: 388861)
Failed to process relocation: 6570:1056 (Invalid index: 388806)
Failed to process relocation: 6570:1040 (Invalid index: 388784)
Failed to process relocation: 6570:1029 (Invalid index: 388761)
Failed to process relocation: 6570:1011 (Invalid index: 388737)
Failed to process relocation: 6570:0fd6 (Invalid index: 388678)
Failed to process relocation: 6570:0fce (Invalid index: 388670)
Failed to process relocation: 6570:0fc9 (Invalid index: 388665)
Failed to process relocation: 6570:0f98 (Invalid index: 388616)
Failed to process relocation: 6570:0f6d (Invalid index: 388573)
Failed to process relocation: 6570:0f63 (Invalid index: 388563)
Failed to process relocation: 6570:0f4e (Invalid index: 388542)
Failed to process relocation: 6570:0f44 (Invalid index: 388532)
Failed to process relocation: 6570:0f3a (Invalid index: 388522)
Failed to process relocation: 6570:0f30 (Invalid index: 388512)
Failed to process relocation: 6570:0f26 (Invalid index: 388502)
Failed to process relocation: 6570:0f1c (Invalid index: 388492)
Failed to process relocation: 6570:0f12 (Invalid index: 388482)
Failed to process relocation: 6570:0f08 (Invalid index: 388472)
Failed to process relocation: 6570:0efe (Invalid index: 388462)
Failed to process relocation: 6570:0ef4 (Invalid index: 388452)
Failed to process relocation: 6570:0ee9 (Invalid index: 388441)
Failed to process relocation: 6570:0edb (Invalid index: 388427)
Failed to process relocation: 6570:0ed1 (Invalid index: 388417)
Failed to process relocation: 6570:0ec7 (Invalid index: 388407)
Failed to process relocation: 6570:1620 (Invalid index: 390288)
Failed to process relocation: 6570:1617 (Invalid index: 390279)
Failed to process relocation: 6570:160e (Invalid index: 390270)
Failed to process relocation: 6570:1605 (Invalid index: 390261)
Failed to process relocation: 6570:15fc (Invalid index: 390252)
Failed to process relocation: 6570:15f7 (Invalid index: 390247)
Failed to process relocation: 6570:15ee (Invalid index: 390238)
Failed to process relocation: 6570:15d8 (Invalid index: 390216)
Failed to process relocation: 6570:15d3 (Invalid index: 390211)
Failed to process relocation: 6570:15c9 (Invalid index: 390201)
Failed to process relocation: 6570:15c4 (Invalid index: 390196)
Failed to process relocation: 6570:15bb (Invalid index: 390187)
Failed to process relocation: 6570:15b1 (Invalid index: 390177)
Failed to process relocation: 6570:15ac (Invalid index: 390172)
Failed to process relocation: 6570:15a3 (Invalid index: 390163)
Failed to process relocation: 6570:1599 (Invalid index: 390153)
Failed to process relocation: 6570:1594 (Invalid index: 390148)
Failed to process relocation: 6570:158b (Invalid index: 390139)
Failed to process relocation: 6570:1581 (Invalid index: 390129)
Failed to process relocation: 6570:157c (Invalid index: 390124)
Failed to process relocation: 6570:1552 (Invalid index: 390082)
Failed to process relocation: 6570:14e9 (Invalid index: 389977)
Failed to process relocation: 6570:14bb (Invalid index: 389931)
Failed to process relocation: 6570:14b3 (Invalid index: 389923)
Failed to process relocation: 6570:14a9 (Invalid index: 389913)
Failed to process relocation: 6570:147e (Invalid index: 389870)
Failed to process relocation: 6570:1476 (Invalid index: 389862)
Failed to process relocation: 6570:146c (Invalid index: 389852)
Failed to process relocation: 6570:1442 (Invalid index: 389810)
Failed to process relocation: 6570:143d (Invalid index: 389805)
Failed to process relocation: 6570:1438 (Invalid index: 389800)
Failed to process relocation: 6570:1433 (Invalid index: 389795)
Failed to process relocation: 6570:142a (Invalid index: 389786)
Failed to process relocation: 6570:1420 (Invalid index: 389776)
Failed to process relocation: 6570:1417 (Invalid index: 389767)
Failed to process relocation: 6570:140d (Invalid index: 389757)
Failed to process relocation: 6570:1408 (Invalid index: 389752)
Failed to process relocation: 6570:13ff (Invalid index: 389743)
Failed to process relocation: 6570:13f5 (Invalid index: 389733)
Failed to process relocation: 6570:13f0 (Invalid index: 389728)
Failed to process relocation: 6570:13e7 (Invalid index: 389719)
Failed to process relocation: 6570:13cc (Invalid index: 389692)
Failed to process relocation: 6570:13c3 (Invalid index: 389683)
Failed to process relocation: 6570:13b9 (Invalid index: 389673)
Failed to process relocation: 6570:13b4 (Invalid index: 389668)
Failed to process relocation: 6570:13ab (Invalid index: 389659)
Failed to process relocation: 6570:13a1 (Invalid index: 389649)
Failed to process relocation: 6570:139c (Invalid index: 389644)
Failed to process relocation: 6570:1378 (Invalid index: 389608)
Failed to process relocation: 6570:1373 (Invalid index: 389603)
Failed to process relocation: 6570:1340 (Invalid index: 389552)
Failed to process relocation: 6570:12fc (Invalid index: 389484)
Failed to process relocation: 6570:12f7 (Invalid index: 389479)
Failed to process relocation: 6570:12ee (Invalid index: 389470)
Failed to process relocation: 6570:12e3 (Invalid index: 389459)
Failed to process relocation: 6570:12de (Invalid index: 389454)
Failed to process relocation: 6570:12d9 (Invalid index: 389449)
Failed to process relocation: 6570:12d0 (Invalid index: 389440)
Failed to process relocation: 6570:128b (Invalid index: 389371)
Failed to process relocation: 6570:19a1 (Invalid index: 391185)
Failed to process relocation: 6570:1975 (Invalid index: 391141)
Failed to process relocation: 6570:18cb (Invalid index: 390971)
Failed to process relocation: 6570:18c6 (Invalid index: 390966)
Failed to process relocation: 6570:18bd (Invalid index: 390957)
Failed to process relocation: 6570:18ac (Invalid index: 390940)
Failed to process relocation: 6570:18a7 (Invalid index: 390935)
Failed to process relocation: 6570:189e (Invalid index: 390926)
Failed to process relocation: 6570:1871 (Invalid index: 390881)
Failed to process relocation: 6570:186c (Invalid index: 390876)
Failed to process relocation: 6570:1862 (Invalid index: 390866)
Failed to process relocation: 6570:1859 (Invalid index: 390857)
Failed to process relocation: 6570:184f (Invalid index: 390847)
Failed to process relocation: 6570:184a (Invalid index: 390842)
Failed to process relocation: 6570:1841 (Invalid index: 390833)
Failed to process relocation: 6570:1837 (Invalid index: 390823)
Failed to process relocation: 6570:1832 (Invalid index: 390818)
Failed to process relocation: 6570:1829 (Invalid index: 390809)
Failed to process relocation: 6570:181f (Invalid index: 390799)
Failed to process relocation: 6570:181a (Invalid index: 390794)
Failed to process relocation: 6570:17fe (Invalid index: 390766)
Failed to process relocation: 6570:17f9 (Invalid index: 390761)
Failed to process relocation: 6570:17ef (Invalid index: 390751)
Failed to process relocation: 6570:17ea (Invalid index: 390746)
Failed to process relocation: 6570:17e1 (Invalid index: 390737)
Failed to process relocation: 6570:17d9 (Invalid index: 390729)
Failed to process relocation: 6570:17cf (Invalid index: 390719)
Failed to process relocation: 6570:17ca (Invalid index: 390714)
Failed to process relocation: 6570:17c1 (Invalid index: 390705)
Failed to process relocation: 6570:17b7 (Invalid index: 390695)
Failed to process relocation: 6570:17b2 (Invalid index: 390690)
Failed to process relocation: 6570:17a9 (Invalid index: 390681)
Failed to process relocation: 6570:179f (Invalid index: 390671)
Failed to process relocation: 6570:179a (Invalid index: 390666)
Failed to process relocation: 6570:1783 (Invalid index: 390643)
Failed to process relocation: 6570:177b (Invalid index: 390635)
Failed to process relocation: 6570:1772 (Invalid index: 390626)
Failed to process relocation: 6570:1760 (Invalid index: 390608)
Failed to process relocation: 6570:174e (Invalid index: 390590)
Failed to process relocation: 6570:1749 (Invalid index: 390585)
Failed to process relocation: 6570:1744 (Invalid index: 390580)
Failed to process relocation: 6570:173c (Invalid index: 390572)
Failed to process relocation: 6570:1733 (Invalid index: 390563)
Failed to process relocation: 6570:172b (Invalid index: 390555)
Failed to process relocation: 6570:1723 (Invalid index: 390547)
Failed to process relocation: 6570:171e (Invalid index: 390542)
Failed to process relocation: 6570:1705 (Invalid index: 390517)
Failed to process relocation: 6570:16fd (Invalid index: 390509)
Failed to process relocation: 6570:16f3 (Invalid index: 390499)
Failed to process relocation: 6570:16ee (Invalid index: 390494)
Failed to process relocation: 6570:16e5 (Invalid index: 390485)
Failed to process relocation: 6570:16db (Invalid index: 390475)
Failed to process relocation: 6570:16d6 (Invalid index: 390470)
Failed to process relocation: 6570:16bd (Invalid index: 390445)
Failed to process relocation: 6570:16a5 (Invalid index: 390421)
Failed to process relocation: 6570:169b (Invalid index: 390411)
Failed to process relocation: 6570:1696 (Invalid index: 390406)
Failed to process relocation: 6570:167e (Invalid index: 390382)
Failed to process relocation: 6570:1675 (Invalid index: 390373)
Failed to process relocation: 6570:1670 (Invalid index: 390368)
Failed to process relocation: 6570:1665 (Invalid index: 390357)
Failed to process relocation: 6570:1660 (Invalid index: 390352)
Failed to process relocation: 6570:1657 (Invalid index: 390343)
Failed to process relocation: 6570:164e (Invalid index: 390334)
Failed to process relocation: 6570:1646 (Invalid index: 390326)
Failed to process relocation: 6570:163d (Invalid index: 390317)
Failed to process relocation: 6570:1634 (Invalid index: 390308)
Failed to process relocation: 6570:162b (Invalid index: 390299)
Failed to process relocation: 6570:1d81 (Invalid index: 392177)
Failed to process relocation: 6570:1d78 (Invalid index: 392168)
Failed to process relocation: 6570:1d70 (Invalid index: 392160)
Failed to process relocation: 6570:1d67 (Invalid index: 392151)
Failed to process relocation: 6570:1d5f (Invalid index: 392143)
Failed to process relocation: 6570:1d5a (Invalid index: 392138)
Failed to process relocation: 6570:1d51 (Invalid index: 392129)
Failed to process relocation: 6570:1d48 (Invalid index: 392120)
Failed to process relocation: 6570:1d3f (Invalid index: 392111)
Failed to process relocation: 6570:1d37 (Invalid index: 392103)
Failed to process relocation: 6570:1d18 (Invalid index: 392072)
Failed to process relocation: 6570:1cfe (Invalid index: 392046)
Failed to process relocation: 6570:1cef (Invalid index: 392031)
Failed to process relocation: 6570:1ce0 (Invalid index: 392016)
Failed to process relocation: 6570:1cd1 (Invalid index: 392001)
Failed to process relocation: 6570:1cc2 (Invalid index: 391986)
Failed to process relocation: 6570:1cb3 (Invalid index: 391971)
Failed to process relocation: 6570:1ca4 (Invalid index: 391956)
Failed to process relocation: 6570:1c95 (Invalid index: 391941)
Failed to process relocation: 6570:1c86 (Invalid index: 391926)
Failed to process relocation: 6570:1c77 (Invalid index: 391911)
Failed to process relocation: 6570:1c68 (Invalid index: 391896)
Failed to process relocation: 6570:1c59 (Invalid index: 391881)
Failed to process relocation: 6570:1c4a (Invalid index: 391866)
Failed to process relocation: 6570:1c3b (Invalid index: 391851)
Failed to process relocation: 6570:1c2c (Invalid index: 391836)
Failed to process relocation: 6570:1c15 (Invalid index: 391813)
Failed to process relocation: 6570:1ba8 (Invalid index: 391704)
Failed to process relocation: 6570:1b92 (Invalid index: 391682)
Failed to process relocation: 6570:1b85 (Invalid index: 391669)
Failed to process relocation: 6570:1b5d (Invalid index: 391629)
Failed to process relocation: 6570:1b35 (Invalid index: 391589)
Failed to process relocation: 6570:1b25 (Invalid index: 391573)
Failed to process relocation: 6570:1b15 (Invalid index: 391557)
Failed to process relocation: 6570:1b04 (Invalid index: 391540)
Failed to process relocation: 6570:1af4 (Invalid index: 391524)
Failed to process relocation: 6570:1ae4 (Invalid index: 391508)
Failed to process relocation: 6570:1ad4 (Invalid index: 391492)
Failed to process relocation: 6570:1ac2 (Invalid index: 391474)
Failed to process relocation: 6570:1aa2 (Invalid index: 391442)
Failed to process relocation: 6570:1a8c (Invalid index: 391420)
Failed to process relocation: 6570:1a83 (Invalid index: 391411)
Failed to process relocation: 6570:1a7a (Invalid index: 391402)
Failed to process relocation: 6570:1a69 (Invalid index: 391385)
Failed to process relocation: 6570:1a60 (Invalid index: 391376)
Failed to process relocation: 6570:1a58 (Invalid index: 391368)
Failed to process relocation: 6570:1a4f (Invalid index: 391359)
Failed to process relocation: 6570:1a46 (Invalid index: 391350)
Failed to process relocation: 6570:1a3e (Invalid index: 391342)
Failed to process relocation: 6570:1a35 (Invalid index: 391333)
Failed to process relocation: 6570:1a26 (Invalid index: 391318)
Failed to process relocation: 6570:1a21 (Invalid index: 391313)
Failed to process relocation: 6570:1a18 (Invalid index: 391304)
Failed to process relocation: 6570:1a10 (Invalid index: 391296)
Failed to process relocation: 6570:1a07 (Invalid index: 391287)
Failed to process relocation: 6570:19fa (Invalid index: 391274)
Failed to process relocation: 6570:19f1 (Invalid index: 391265)
Failed to process relocation: 6570:19e2 (Invalid index: 391250)
Failed to process relocation: 6570:1f6b (Invalid index: 392667)
Failed to process relocation: 6570:1f64 (Invalid index: 392660)
Failed to process relocation: 6570:1f2e (Invalid index: 392606)
Failed to process relocation: 6570:1f24 (Invalid index: 392596)
Failed to process relocation: 6570:1f1f (Invalid index: 392591)
Failed to process relocation: 6570:1f17 (Invalid index: 392583)
 (ProgramLoader)  
INFO  IMPORTING: Loaded 0 additional files (HeadlessAnalyzer)  
INFO  REPORT: Execute script: MarkOverlayThunks 'pre' '3ab8'  (HeadlessAnalyzer)  
INFO  SCRIPT: C:\prog\jwcad\ghidra_scripts\MarkOverlayThunks.java (HeadlessAnalyzer)  
INFO  MarkOverlayThunks.java> cd 3f sites: 98 (GhidraScript)  
INFO  MarkOverlayThunks.java> overlay trap operands marked as data: 98 of 98 (GhidraScript)  
INFO  ANALYZING all memory and code: file:///C:/prog/jwcad/ovl/jw13.exe (HeadlessAnalyzer)  
ERROR Failed to create function at 28b3:0f86 since its body contains referring thunk at 28b3:0ee9 (CreateFunctionCmd)  
ERROR Failed to create function at 28b3:1140 since its body contains referring thunk at 28b3:112c (CreateFunctionCmd)  
WARN  Decompiling 1000:0a81, pcode error at 1000:0a6f: Unable to resolve constructor at 1000:0a6f (DecompileCallback)  
WARN  Decompiling 1000:0a81, pcode error at 1000:0a4b: Unable to resolve constructor at 1000:0a4b (DecompileCallback)  
WARN  Decompiling 1000:0a81, pcode error at 1000:0818: Unable to resolve constructor at 1000:0818 (DecompileCallback)  
WARN  Decompiling 32b2:1528: Unable to read bytes at ram:0000:7be2 (DecompileCallback)  
WARN  Decompiling 12c1:097e, pcode error at 1000:5097: Unable to resolve constructor at 1000:5097 (DecompileCallback)  
WARN  Decompiling 32b2:0d40, pcode error at 3000:5054: Unable to resolve constructor at 3000:5054 (DecompileCallback)  
WARN  Decompiling 21f2:246e, pcode error at 2000:3158: Unable to resolve constructor at 2000:3158 (DecompileCallback)  
WARN  Decompiling 21f2:246e, pcode error at 2000:7191: Unable to resolve constructor at 2000:7191 (DecompileCallback)  
INFO  Packed database cache: C:\Users\yomei\AppData\Local\ghidra\packed-db-cache (PackedDatabaseCache)  
INFO  Applied data type archive: generic_clib (ApplyDataArchiveAnalyzer)  
INFO  -----------------------------------------------------
    ASCII Strings                              0.363 secs
    Apply Data Archives                        0.730 secs
    Call Convention ID                         0.003 secs
    Call-Fixup Installer                       0.018 secs
    Create Function                            0.644 secs
    Data Reference                             0.030 secs
    Decompiler Switch Analysis                34.192 secs
    Demangler GNU                              0.044 secs
    Disassemble                                2.026 secs
    Disassemble Entry Points                   0.171 secs
    Embedded Media                             0.013 secs
    External Entry References                  0.000 secs
    Function ID                                0.144 secs
    Function Start Search                      0.021 secs
    Non-Returning Functions - Discovered       0.477 secs
    Reference                                  0.042 secs
    Segmented X86 Calling Conventions          0.003 secs
    Shared Return Calls                        0.212 secs
    Stack                                      2.593 secs
    Subroutine References                      0.104 secs
    Subroutine References - One Time           0.000 secs
    X86 Function Callee Purge                  0.167 secs
    x86 Constant Reference Analyzer            2.058 secs
-----------------------------------------------------
     Total Time   44 secs
-----------------------------------------------------
 (AutoAnalysisManager)  
INFO  REPORT: Analysis succeeded for file: file:///C:/prog/jwcad/ovl/jw13.exe (HeadlessAnalyzer)  
INFO  REPORT: Execute script: MarkOverlayThunks 'post' '3ab8' 'C:\prog\jwcad\entries\13.txt' '13'  (HeadlessAnalyzer)  
INFO  SCRIPT: C:\prog\jwcad\ghidra_scripts\MarkOverlayThunks.java (HeadlessAnalyzer)  
INFO  MarkOverlayThunks.java> cd 3f sites: 98 (GhidraScript)  
INFO  MarkOverlayThunks.java> overlay traps given a fall-through: 98, references added: 1 (GhidraScript)  
INFO  MarkOverlayThunks.java> overlay entry points seeded: 1 (GhidraScript)  
INFO  REPORT: Execute script: DecompileAll 'C:\prog\jwcad\out\ovl13' '3ab8' '4375'  (HeadlessAnalyzer)  
INFO  SCRIPT: C:\prog\jwcad\ghidra_scripts\DecompileAll.java (HeadlessAnalyzer)  
WARN  Decompiling 3ab8:4fac, pcode error at 4000:fbce: Disassembly not permitted within uninitialized memory block (DecompileCallback)  
WARN  Decompiling 3ab8:4fac, pcode error at 4000:ff5e: Disassembly not permitted within uninitialized memory block (DecompileCallback)  
WARN  Decompiling 3ab8:4fac, pcode error at 4000:fb68: Disassembly not permitted within uninitialized memory block (DecompileCallback)  
WARN  Decompiling 3ab8:4fac, pcode error at 4000:fd29: Disassembly not permitted within uninitialized memory block (DecompileCallback)  
WARN  Decompiling 3ab8:4fbd, pcode error at 4000:fbce: Disassembly not permitted within uninitialized memory block (DecompileCallback)  
WARN  Decompiling 3ab8:4fbd, pcode error at 4000:ff5e: Disassembly not permitted within uninitialized memory block (DecompileCallback)  
WARN  Decompiling 3ab8:4fbd, pcode error at 4000:fb68: Disassembly not permitted within uninitialized memory block (DecompileCallback)  
WARN  Decompiling 3ab8:4fbd, pcode error at 4000:fd29: Disassembly not permitted within uninitialized memory block (DecompileCallback)  
INFO  DecompileAll.java> decompiled 17 functions, 0 failed (GhidraScript)  
INFO  ANALYZING changes made by post scripts: file:///C:/prog/jwcad/ovl/jw13.exe (HeadlessAnalyzer)  
INFO  REPORT: Post-analysis succeeded for file: file:///C:/prog/jwcad/ovl/jw13.exe (HeadlessAnalyzer)  
INFO  /jw13.exe: file created (yomei) (LocalFileSystem)  
INFO  REPORT: Save succeeded for: /jw13.exe (ovl13:/jw13.exe) (HeadlessAnalyzer)  
INFO  REPORT: Import succeeded (HeadlessAnalyzer)  
