INFO  Using log config file: jar:file:/C:/prog/ghidra/ghidra_12.1.3_PUBLIC/Ghidra/Framework/Generic/lib/Generic.jar!/generic.log4j.xml (LoggingInitialization)  
INFO  Using log file: C:\Users\yomei\AppData\Roaming\ghidra\ghidra_12.1.3_PUBLIC\application.log (LoggingInitialization)  
INFO  Loading user preferences: C:\Users\yomei\AppData\Roaming\ghidra\ghidra_12.1.3_PUBLIC\preferences (Preferences)  
INFO  Searching for classes... (ClassSearcher)  
INFO  Class search complete (1064 ms) (ClassSearcher)  
INFO  Initializing SSL Context (DefaultSSLContextInitializer)  
INFO  Initializing Random Number Generator... (SecureRandomFactory)  
INFO  Random Number Generator initialization complete: SHA1PRNG (SecureRandomFactory)  
INFO  Trust manager disabled, cacerts have not been set (DefaultTrustManagerFactory)  
INFO  Headless startup complete (10076 ms) (AnalyzeHeadless)  
INFO  Class searcher loaded 59 extension points (20 false positives) (ClassSearcher)  
INFO  HEADLESS Script Paths:
    C:\prog\ghidra\ghidra_12.1.3_PUBLIC\Ghidra\Debug\Debugger-rmi-trace\ghidra_scripts
    C:\prog\ghidra\ghidra_12.1.3_PUBLIC\Ghidra\Features\FileFormats\ghidra_scripts
    C:\prog\ghidra\ghidra_12.1.3_PUBLIC\Ghidra\Features\GnuDemangler\ghidra_scripts
    C:\prog\ghidra\ghidra_12.1.3_PUBLIC\Ghidra\Features\VersionTracking\ghidra_scripts
    C:\prog\ghidra\ghidra_12.1.3_PUBLIC\Ghidra\Debug\Debugger\ghidra_scripts
    C:\prog\ghidra\ghidra_12.1.3_PUBLIC\Ghidra\Processors\8051\ghidra_scripts
    C:\prog\ghidra\ghidra_12.1.3_PUBLIC\Ghidra\Features\BSim\ghidra_scripts
    C:\prog\ghidra\ghidra_12.1.3_PUBLIC\Ghidra\Features\WildcardAssembler\ghidra_scripts
    C:\prog\ghidra\ghidra_12.1.3_PUBLIC\Ghidra\Features\FunctionID\ghidra_scripts
    C:\prog\ghidra\ghidra_12.1.3_PUBLIC\Ghidra\Features\SystemEmulation\ghidra_scripts
    C:\prog\ghidra\ghidra_12.1.3_PUBLIC\Ghidra\Processors\PIC\ghidra_scripts
    C:\prog\ghidra\ghidra_12.1.3_PUBLIC\Ghidra\Features\PDB\ghidra_scripts
    C:\prog\ghidra\ghidra_12.1.3_PUBLIC\Ghidra\Features\DecompilerDependent\ghidra_scripts
    C:\prog\ghidra\ghidra_12.1.3_PUBLIC\Ghidra\Features\SwiftDemangler\ghidra_scripts
    C:\prog\ghidra\ghidra_12.1.3_PUBLIC\Ghidra\Features\MicrosoftCodeAnalyzer\ghidra_scripts
    C:\prog\ghidra\ghidra_12.1.3_PUBLIC\Ghidra\Processors\DATA\ghidra_scripts
    C:\prog\ghidra\ghidra_12.1.3_PUBLIC\Ghidra\Features\Decompiler\ghidra_scripts
    C:\prog\ghidra\ghidra_12.1.3_PUBLIC\Ghidra\Features\BytePatterns\ghidra_scripts
    C:\prog\ghidra\ghidra_12.1.3_PUBLIC\Ghidra\Features\PyGhidra\ghidra_scripts
    C:\prog\ghidra\ghidra_12.1.3_PUBLIC\Ghidra\Processors\Atmel\ghidra_scripts
    C:\prog\ghidra\ghidra_12.1.3_PUBLIC\Ghidra\Features\Base\ghidra_scripts
    C:\prog\jwcad\ghidra_scripts
    C:\prog\ghidra\ghidra_12.1.3_PUBLIC\Ghidra\Processors\JVM\ghidra_scripts (HeadlessAnalyzer)  
INFO  HEADLESS: execution starts (HeadlessAnalyzer)  
INFO  Creating temporary project: C:\prog\jwcad\proj\ovl24 (HeadlessAnalyzer)  
INFO  Creating project: C:\prog\jwcad\proj\ovl24 (DefaultProject)  
INFO  REPORT: Processing input files:  (HeadlessAnalyzer)  
INFO       project: C:\prog\jwcad\proj\ovl24 (HeadlessAnalyzer)  
INFO  IMPORTING: file:///C:/prog/jwcad/ovl/jw24.exe (HeadlessAnalyzer)  
INFO  Using Loader: Old-style DOS Executable (MZ) (ProgramLoader)  
INFO  Using Language/Compiler: x86:LE:16:Real Mode:default (ProgramLoader)  
INFO  Using Library Search Path: [., C:\Windows\SysWOW64, C:\prog\ghidra\jdk21\bin, C:\Windows\Sun\Java\bin, C:\Windows\system32, C:\Windows, C:\Program Files\Python312\Scripts\, C:\Program Files\Python312\, C:\Windows\System32\Wbem, C:\Windows\System32\WindowsPowerShell\v1.0\, C:\Windows\System32\OpenSSH\, C:\Program Files\Amazon\AWSCLIV2\, C:\ProgramData\chocolatey\bin, C:\ffmpeg, C:\Users\yomei\AppData\Local\Microsoft\WindowsApps] (ProgramLoader)  
INFO  Additional info:
There were too many messages to display.
1254 messages have been truncated.

Loading file:///C:/prog/jwcad/ovl/jw24.exe?MD5=697cf088ea785e4b3bb9857e7a603b14...
Failed to process relocation: 6570:037d (Invalid index: 385965)
Failed to process relocation: 6570:0330 (Invalid index: 385888)
Failed to process relocation: 6570:031e (Invalid index: 385870)
Failed to process relocation: 6570:02d0 (Invalid index: 385792)
Failed to process relocation: 6570:02ae (Invalid index: 385758)
Failed to process relocation: 6570:02a4 (Invalid index: 385748)
Failed to process relocation: 6570:0284 (Invalid index: 385716)
Failed to process relocation: 6570:0277 (Invalid index: 385703)
Failed to process relocation: 6570:0241 (Invalid index: 385649)
Failed to process relocation: 6570:022c (Invalid index: 385628)
Failed to process relocation: 6570:0221 (Invalid index: 385617)
Failed to process relocation: 6570:0212 (Invalid index: 385602)
Failed to process relocation: 6570:01e5 (Invalid index: 385557)
Failed to process relocation: 6570:01cf (Invalid index: 385535)
Failed to process relocation: 6570:01ca (Invalid index: 385530)
Failed to process relocation: 6570:01c5 (Invalid index: 385525)
Failed to process relocation: 6570:01bc (Invalid index: 385516)
Failed to process relocation: 6570:01b3 (Invalid index: 385507)
Failed to process relocation: 6570:01a8 (Invalid index: 385496)
Failed to process relocation: 6570:01a3 (Invalid index: 385491)
Failed to process relocation: 6570:019e (Invalid index: 385486)
Failed to process relocation: 6570:0195 (Invalid index: 385477)
Failed to process relocation: 6570:018c (Invalid index: 385468)
Failed to process relocation: 6570:0181 (Invalid index: 385457)
Failed to process relocation: 6570:017c (Invalid index: 385452)
Failed to process relocation: 6570:0177 (Invalid index: 385447)
Failed to process relocation: 6570:016e (Invalid index: 385438)
Failed to process relocation: 6570:0165 (Invalid index: 385429)
Failed to process relocation: 6570:015a (Invalid index: 385418)
Failed to process relocation: 6570:0155 (Invalid index: 385413)
Failed to process relocation: 6570:0150 (Invalid index: 385408)
Failed to process relocation: 6570:0147 (Invalid index: 385399)
Failed to process relocation: 6570:013e (Invalid index: 385390)
Failed to process relocation: 6570:0123 (Invalid index: 385363)
Failed to process relocation: 6570:0106 (Invalid index: 385334)
Failed to process relocation: 6570:00e9 (Invalid index: 385305)
Failed to process relocation: 6570:00d1 (Invalid index: 385281)
Failed to process relocation: 6570:00b4 (Invalid index: 385252)
Failed to process relocation: 6570:0097 (Invalid index: 385223)
Failed to process relocation: 6570:0091 (Invalid index: 385217)
Failed to process relocation: 6570:0087 (Invalid index: 385207)
Failed to process relocation: 6570:0022 (Invalid index: 385106)
Failed to process relocation: 6570:0009 (Invalid index: 385081)
Failed to process relocation: 6570:0636 (Invalid index: 386662)
Failed to process relocation: 6570:0626 (Invalid index: 386646)
Failed to process relocation: 6570:0615 (Invalid index: 386629)
Failed to process relocation: 6570:05fc (Invalid index: 386604)
Failed to process relocation: 6570:05f4 (Invalid index: 386596)
Failed to process relocation: 6570:05ec (Invalid index: 386588)
Failed to process relocation: 6570:05e4 (Invalid index: 386580)
Failed to process relocation: 6570:05dc (Invalid index: 386572)
Failed to process relocation: 6570:05d4 (Invalid index: 386564)
Failed to process relocation: 6570:05cc (Invalid index: 386556)
Failed to process relocation: 6570:05c4 (Invalid index: 386548)
Failed to process relocation: 6570:05aa (Invalid index: 386522)
Failed to process relocation: 6570:05a4 (Invalid index: 386516)
Failed to process relocation: 6570:059a (Invalid index: 386506)
Failed to process relocation: 6570:0585 (Invalid index: 386485)
Failed to process relocation: 6570:0572 (Invalid index: 386466)
Failed to process relocation: 6570:0566 (Invalid index: 386454)
Failed to process relocation: 6570:055c (Invalid index: 386444)
Failed to process relocation: 6570:0548 (Invalid index: 386424)
Failed to process relocation: 6570:053f (Invalid index: 386415)
Failed to process relocation: 6570:052a (Invalid index: 386394)
Failed to process relocation: 6570:0520 (Invalid index: 386384)
Failed to process relocation: 6570:0511 (Invalid index: 386369)
Failed to process relocation: 6570:04f0 (Invalid index: 386336)
Failed to process relocation: 6570:04bb (Invalid index: 386283)
Failed to process relocation: 6570:0430 (Invalid index: 386144)
Failed to process relocation: 6570:073f (Invalid index: 386927)
Failed to process relocation: 6570:0737 (Invalid index: 386919)
Failed to process relocation: 6570:072f (Invalid index: 386911)
Failed to process relocation: 6570:0726 (Invalid index: 386902)
Failed to process relocation: 6570:071e (Invalid index: 386894)
Failed to process relocation: 6570:0716 (Invalid index: 386886)
Failed to process relocation: 6570:070e (Invalid index: 386878)
Failed to process relocation: 6570:0706 (Invalid index: 386870)
Failed to process relocation: 6570:06fd (Invalid index: 386861)
Failed to process relocation: 6570:06f5 (Invalid index: 386853)
Failed to process relocation: 6570:06e8 (Invalid index: 386840)
Failed to process relocation: 6570:06e0 (Invalid index: 386832)
Failed to process relocation: 6570:06d8 (Invalid index: 386824)
Failed to process relocation: 6570:06d0 (Invalid index: 386816)
Failed to process relocation: 6570:06be (Invalid index: 386798)
Failed to process relocation: 6570:068d (Invalid index: 386749)
Failed to process relocation: 6570:0685 (Invalid index: 386741)
Failed to process relocation: 6570:067d (Invalid index: 386733)
Failed to process relocation: 6570:0675 (Invalid index: 386725)
Failed to process relocation: 6570:066d (Invalid index: 386717)
Failed to process relocation: 6570:0665 (Invalid index: 386709)
Failed to process relocation: 6570:065d (Invalid index: 386701)
Failed to process relocation: 6570:0655 (Invalid index: 386693)
Failed to process relocation: 6570:064b (Invalid index: 386683)
Failed to process relocation: 6570:0a7b (Invalid index: 387755)
Failed to process relocation: 6570:0a71 (Invalid index: 387745)
Failed to process relocation: 6570:0a6c (Invalid index: 387740)
Failed to process relocation: 6570:0a64 (Invalid index: 387732)
Failed to process relocation: 6570:0a5a (Invalid index: 387722)
Failed to process relocation: 6570:0a55 (Invalid index: 387717)
Failed to process relocation: 6570:0a4d (Invalid index: 387709)
Failed to process relocation: 6570:0a43 (Invalid index: 387699)
Failed to process relocation: 6570:0a3e (Invalid index: 387694)
Failed to process relocation: 6570:0a36 (Invalid index: 387686)
Failed to process relocation: 6570:0a2c (Invalid index: 387676)
Failed to process relocation: 6570:0a27 (Invalid index: 387671)
Failed to process relocation: 6570:0a1d (Invalid index: 387661)
Failed to process relocation: 6570:0a18 (Invalid index: 387656)
Failed to process relocation: 6570:0a13 (Invalid index: 387651)
Failed to process relocation: 6570:0a0e (Invalid index: 387646)
Failed to process relocation: 6570:0a09 (Invalid index: 387641)
Failed to process relocation: 6570:0a01 (Invalid index: 387633)
Failed to process relocation: 6570:09f9 (Invalid index: 387625)
Failed to process relocation: 6570:09f4 (Invalid index: 387620)
Failed to process relocation: 6570:09ec (Invalid index: 387612)
Failed to process relocation: 6570:09e4 (Invalid index: 387604)
Failed to process relocation: 6570:09d6 (Invalid index: 387590)
Failed to process relocation: 6570:09d1 (Invalid index: 387585)
Failed to process relocation: 6570:09cc (Invalid index: 387580)
Failed to process relocation: 6570:09c7 (Invalid index: 387575)
Failed to process relocation: 6570:09c2 (Invalid index: 387570)
Failed to process relocation: 6570:09ba (Invalid index: 387562)
Failed to process relocation: 6570:09b2 (Invalid index: 387554)
Failed to process relocation: 6570:09ad (Invalid index: 387549)
Failed to process relocation: 6570:09a5 (Invalid index: 387541)
Failed to process relocation: 6570:099d (Invalid index: 387533)
Failed to process relocation: 6570:0977 (Invalid index: 387495)
Failed to process relocation: 6570:096d (Invalid index: 387485)
Failed to process relocation: 6570:0968 (Invalid index: 387480)
Failed to process relocation: 6570:0960 (Invalid index: 387472)
Failed to process relocation: 6570:0956 (Invalid index: 387462)
Failed to process relocation: 6570:0951 (Invalid index: 387457)
Failed to process relocation: 6570:0949 (Invalid index: 387449)
Failed to process relocation: 6570:093f (Invalid index: 387439)
Failed to process relocation: 6570:093a (Invalid index: 387434)
Failed to process relocation: 6570:0932 (Invalid index: 387426)
Failed to process relocation: 6570:0928 (Invalid index: 387416)
Failed to process relocation: 6570:0923 (Invalid index: 387411)
Failed to process relocation: 6570:08f9 (Invalid index: 387369)
Failed to process relocation: 6570:08ef (Invalid index: 387359)
Failed to process relocation: 6570:08ea (Invalid index: 387354)
Failed to process relocation: 6570:08e2 (Invalid index: 387346)
Failed to process relocation: 6570:08d8 (Invalid index: 387336)
Failed to process relocation: 6570:08d3 (Invalid index: 387331)
Failed to process relocation: 6570:08cb (Invalid index: 387323)
Failed to process relocation: 6570:08c1 (Invalid index: 387313)
Failed to process relocation: 6570:08bc (Invalid index: 387308)
Failed to process relocation: 6570:08b4 (Invalid index: 387300)
Failed to process relocation: 6570:08aa (Invalid index: 387290)
Failed to process relocation: 6570:08a5 (Invalid index: 387285)
Failed to process relocation: 6570:0890 (Invalid index: 387264)
Failed to process relocation: 6570:088b (Invalid index: 387259)
Failed to process relocation: 6570:0886 (Invalid index: 387254)
Failed to process relocation: 6570:0881 (Invalid index: 387249)
Failed to process relocation: 6570:0879 (Invalid index: 387241)
Failed to process relocation: 6570:0871 (Invalid index: 387233)
Failed to process relocation: 6570:0866 (Invalid index: 387222)
Failed to process relocation: 6570:0861 (Invalid index: 387217)
Failed to process relocation: 6570:085c (Invalid index: 387212)
Failed to process relocation: 6570:0857 (Invalid index: 387207)
Failed to process relocation: 6570:084f (Invalid index: 387199)
Failed to process relocation: 6570:0847 (Invalid index: 387191)
Failed to process relocation: 6570:082f (Invalid index: 387167)
Failed to process relocation: 6570:0807 (Invalid index: 387127)
Failed to process relocation: 6570:07e6 (Invalid index: 387094)
Failed to process relocation: 6570:07de (Invalid index: 387086)
Failed to process relocation: 6570:07d6 (Invalid index: 387078)
Failed to process relocation: 6570:07ce (Invalid index: 387070)
Failed to process relocation: 6570:07c6 (Invalid index: 387062)
Failed to process relocation: 6570:07be (Invalid index: 387054)
Failed to process relocation: 6570:07b6 (Invalid index: 387046)
Failed to process relocation: 6570:07ae (Invalid index: 387038)
Failed to process relocation: 6570:0794 (Invalid index: 387012)
Failed to process relocation: 6570:076e (Invalid index: 386974)
Failed to process relocation: 6570:0753 (Invalid index: 386947)
Failed to process relocation: 6570:0e88 (Invalid index: 388792)
Failed to process relocation: 6570:0e7e (Invalid index: 388782)
Failed to process relocation: 6570:0e79 (Invalid index: 388777)
Failed to process relocation: 6570:0e70 (Invalid index: 388768)
Failed to process relocation: 6570:0e66 (Invalid index: 388758)
Failed to process relocation: 6570:0e61 (Invalid index: 388753)
Failed to process relocation: 6570:0e58 (Invalid index: 388744)
Failed to process relocation: 6570:0e33 (Invalid index: 388707)
Failed to process relocation: 6570:0e2e (Invalid index: 388702)
Failed to process relocation: 6570:0e24 (Invalid index: 388692)
Failed to process relocation: 6570:0e1f (Invalid index: 388687)
Failed to process relocation: 6570:0e16 (Invalid index: 388678)
Failed to process relocation: 6570:0e0d (Invalid index: 388669)
Failed to process relocation: 6570:0e03 (Invalid index: 388659)
Failed to process relocation: 6570:0dfe (Invalid index: 388654)
Failed to process relocation: 6570:0dcd (Invalid index: 388605)
Failed to process relocation: 6570:0dad (Invalid index: 388573)
Failed to process relocation: 6570:0d69 (Invalid index: 388505)
Failed to process relocation: 6570:0d64 (Invalid index: 388500)
Failed to process relocation: 6570:0d5a (Invalid index: 388490)
Failed to process relocation: 6570:0d55 (Invalid index: 388485)
Failed to process relocation: 6570:0d4c (Invalid index: 388476)
Failed to process relocation: 6570:0d43 (Invalid index: 388467)
Failed to process relocation: 6570:0d39 (Invalid index: 388457)
Failed to process relocation: 6570:0d34 (Invalid index: 388452)
Failed to process relocation: 6570:0d02 (Invalid index: 388402)
Failed to process relocation: 6570:0cfc (Invalid index: 388396)
Failed to process relocation: 6570:0ce6 (Invalid index: 388374)
Failed to process relocation: 6570:0ccd (Invalid index: 388349)
Failed to process relocation: 6570:0caa (Invalid index: 388314)
Failed to process relocation: 6570:0c84 (Invalid index: 388276)
Failed to process relocation: 6570:0c61 (Invalid index: 388241)
Failed to process relocation: 6570:0c16 (Invalid index: 388166)
Failed to process relocation: 6570:0bf4 (Invalid index: 388132)
Failed to process relocation: 6570:0be4 (Invalid index: 388116)
Failed to process relocation: 6570:0bd3 (Invalid index: 388099)
Failed to process relocation: 6570:0bc3 (Invalid index: 388083)
Failed to process relocation: 6570:0bb2 (Invalid index: 388066)
Failed to process relocation: 6570:0ba2 (Invalid index: 388050)
Failed to process relocation: 6570:0b91 (Invalid index: 388033)
Failed to process relocation: 6570:0b80 (Invalid index: 388016)
Failed to process relocation: 6570:0b6f (Invalid index: 387999)
Failed to process relocation: 6570:0b5e (Invalid index: 387982)
Failed to process relocation: 6570:0b4d (Invalid index: 387965)
Failed to process relocation: 6570:0b32 (Invalid index: 387938)
Failed to process relocation: 6570:0b22 (Invalid index: 387922)
Failed to process relocation: 6570:0b13 (Invalid index: 387907)
Failed to process relocation: 6570:0b03 (Invalid index: 387891)
Failed to process relocation: 6570:0af3 (Invalid index: 387875)
Failed to process relocation: 6570:0ae3 (Invalid index: 387859)
Failed to process relocation: 6570:1236 (Invalid index: 389734)
Failed to process relocation: 6570:1231 (Invalid index: 389729)
Failed to process relocation: 6570:1229 (Invalid index: 389721)
Failed to process relocation: 6570:121f (Invalid index: 389711)
Failed to process relocation: 6570:1216 (Invalid index: 389702)
Failed to process relocation: 6570:120c (Invalid index: 389692)
Failed to process relocation: 6570:1207 (Invalid index: 389687)
Failed to process relocation: 6570:11fe (Invalid index: 389678)
Failed to process relocation: 6570:11f4 (Invalid index: 389668)
Failed to process relocation: 6570:11ef (Invalid index: 389663)
Failed to process relocation: 6570:11cf (Invalid index: 389631)
Failed to process relocation: 6570:1196 (Invalid index: 389574)
Failed to process relocation: 6570:1173 (Invalid index: 389539)
Failed to process relocation: 6570:1153 (Invalid index: 389507)
Failed to process relocation: 6570:114e (Invalid index: 389502)
Failed to process relocation: 6570:1144 (Invalid index: 389492)
Failed to process relocation: 6570:113f (Invalid index: 389487)
Failed to process relocation: 6570:1136 (Invalid index: 389478)
Failed to process relocation: 6570:112c (Invalid index: 389468)
Failed to process relocation: 6570:1127 (Invalid index: 389463)
Failed to process relocation: 6570:111e (Invalid index: 389454)
Failed to process relocation: 6570:1114 (Invalid index: 389444)
Failed to process relocation: 6570:110f (Invalid index: 389439)
Failed to process relocation: 6570:1106 (Invalid index: 389430)
Failed to process relocation: 6570:10fc (Invalid index: 389420)
Failed to process relocation: 6570:10f7 (Invalid index: 389415)
Failed to process relocation: 6570:10e0 (Invalid index: 389392)
Failed to process relocation: 6570:10b8 (Invalid index: 389352)
Failed to process relocation: 6570:1087 (Invalid index: 389303)
Failed to process relocation: 6570:104f (Invalid index: 389247)
Failed to process relocation: 6570:102c (Invalid index: 389212)
Failed to process relocation: 6570:0fff (Invalid index: 389167)
Failed to process relocation: 6570:0fcb (Invalid index: 389115)
Failed to process relocation: 6570:0fc6 (Invalid index: 389110)
Failed to process relocation: 6570:0fbc (Invalid index: 389100)
Failed to process relocation: 6570:0fb7 (Invalid index: 389095)
Failed to process relocation: 6570:0fae (Invalid index: 389086)
Failed to process relocation: 6570:0fa4 (Invalid index: 389076)
Failed to process relocation: 6570:0f9f (Invalid index: 389071)
Failed to process relocation: 6570:0f8d (Invalid index: 389053)
Failed to process relocation: 6570:0f87 (Invalid index: 389047)
Failed to process relocation: 6570:0f71 (Invalid index: 389025)
Failed to process relocation: 6570:0f58 (Invalid index: 389000)
Failed to process relocation: 6570:0f2d (Invalid index: 388957)
Failed to process relocation: 6570:0f07 (Invalid index: 388919)
Failed to process relocation: 6570:0eb8 (Invalid index: 388840)
Failed to process relocation: 6570:0eae (Invalid index: 388830)
Failed to process relocation: 6570:0ea9 (Invalid index: 388825)
Failed to process relocation: 6570:0ea0 (Invalid index: 388816)
Failed to process relocation: 6570:0e96 (Invalid index: 388806)
Failed to process relocation: 6570:0e91 (Invalid index: 388801)
Failed to process relocation: 6570:15ea (Invalid index: 390682)
Failed to process relocation: 6570:15dd (Invalid index: 390669)
Failed to process relocation: 6570:15c5 (Invalid index: 390645)
Failed to process relocation: 6570:15c0 (Invalid index: 390640)
Failed to process relocation: 6570:15b6 (Invalid index: 390630)
Failed to process relocation: 6570:15ad (Invalid index: 390621)
Failed to process relocation: 6570:15a3 (Invalid index: 390611)
Failed to process relocation: 6570:159a (Invalid index: 390602)
Failed to process relocation: 6570:1590 (Invalid index: 390592)
Failed to process relocation: 6570:1587 (Invalid index: 390583)
Failed to process relocation: 6570:157d (Invalid index: 390573)
Failed to process relocation: 6570:1549 (Invalid index: 390521)
Failed to process relocation: 6570:1544 (Invalid index: 390516)
Failed to process relocation: 6570:153a (Invalid index: 390506)
Failed to process relocation: 6570:1531 (Invalid index: 390497)
Failed to process relocation: 6570:1527 (Invalid index: 390487)
Failed to process relocation: 6570:151e (Invalid index: 390478)
Failed to process relocation: 6570:1514 (Invalid index: 390468)
Failed to process relocation: 6570:150b (Invalid index: 390459)
Failed to process relocation: 6570:1501 (Invalid index: 390449)
Failed to process relocation: 6570:14dd (Invalid index: 390413)
Failed to process relocation: 6570:14d3 (Invalid index: 390403)
Failed to process relocation: 6570:14ce (Invalid index: 390398)
Failed to process relocation: 6570:14c5 (Invalid index: 390389)
Failed to process relocation: 6570:14bb (Invalid index: 390379)
Failed to process relocation: 6570:14b6 (Invalid index: 390374)
Failed to process relocation: 6570:14ad (Invalid index: 390365)
Failed to process relocation: 6570:14a3 (Invalid index: 390355)
Failed to process relocation: 6570:149e (Invalid index: 390350)
Failed to process relocation: 6570:1495 (Invalid index: 390341)
Failed to process relocation: 6570:148b (Invalid index: 390331)
Failed to process relocation: 6570:1486 (Invalid index: 390326)
Failed to process relocation: 6570:145e (Invalid index: 390286)
Failed to process relocation: 6570:1456 (Invalid index: 390278)
Failed to process relocation: 6570:144c (Invalid index: 390268)
Failed to process relocation: 6570:1422 (Invalid index: 390226)
Failed to process relocation: 6570:141a (Invalid index: 390218)
Failed to process relocation: 6570:1410 (Invalid index: 390208)
Failed to process relocation: 6570:140b (Invalid index: 390203)
Failed to process relocation: 6570:1403 (Invalid index: 390195)
Failed to process relocation: 6570:13f9 (Invalid index: 390185)
Failed to process relocation: 6570:13f0 (Invalid index: 390176)
Failed to process relocation: 6570:13e6 (Invalid index: 390166)
Failed to process relocation: 6570:13e1 (Invalid index: 390161)
Failed to process relocation: 6570:13d8 (Invalid index: 390152)
Failed to process relocation: 6570:13ce (Invalid index: 390142)
Failed to process relocation: 6570:13c9 (Invalid index: 390137)
Failed to process relocation: 6570:13ae (Invalid index: 390110)
Failed to process relocation: 6570:13a1 (Invalid index: 390097)
Failed to process relocation: 6570:1397 (Invalid index: 390087)
Failed to process relocation: 6570:1392 (Invalid index: 390082)
Failed to process relocation: 6570:1389 (Invalid index: 390073)
Failed to process relocation: 6570:137e (Invalid index: 390062)
Failed to process relocation: 6570:1379 (Invalid index: 390057)
Failed to process relocation: 6570:1370 (Invalid index: 390048)
Failed to process relocation: 6570:135a (Invalid index: 390026)
Failed to process relocation: 6570:131e (Invalid index: 389966)
Failed to process relocation: 6570:12f6 (Invalid index: 389926)
Failed to process relocation: 6570:12ce (Invalid index: 389886)
Failed to process relocation: 6570:12bd (Invalid index: 389869)
Failed to process relocation: 6570:12b8 (Invalid index: 389864)
Failed to process relocation: 6570:1284 (Invalid index: 389812)
Failed to process relocation: 6570:127c (Invalid index: 389804)
Failed to process relocation: 6570:1272 (Invalid index: 389794)
Failed to process relocation: 6570:1248 (Invalid index: 389752)
Failed to process relocation: 6570:1240 (Invalid index: 389744)
Failed to process relocation: 6570:199a (Invalid index: 391626)
Failed to process relocation: 6570:1973 (Invalid index: 391587)
Failed to process relocation: 6570:1951 (Invalid index: 391553)
Failed to process relocation: 6570:1948 (Invalid index: 391544)
Failed to process relocation: 6570:1926 (Invalid index: 391510)
Failed to process relocation: 6570:18f1 (Invalid index: 391457)
Failed to process relocation: 6570:18dd (Invalid index: 391437)
Failed to process relocation: 6570:1898 (Invalid index: 391368)
Failed to process relocation: 6570:1893 (Invalid index: 391363)
Failed to process relocation: 6570:1889 (Invalid index: 391353)
Failed to process relocation: 6570:1884 (Invalid index: 391348)
Failed to process relocation: 6570:187b (Invalid index: 391339)
Failed to process relocation: 6570:1871 (Invalid index: 391329)
Failed to process relocation: 6570:186c (Invalid index: 391324)
Failed to process relocation: 6570:1842 (Invalid index: 391282)
Failed to process relocation: 6570:1822 (Invalid index: 391250)
Failed to process relocation: 6570:1807 (Invalid index: 391223)
Failed to process relocation: 6570:17ea (Invalid index: 391194)
Failed to process relocation: 6570:17dc (Invalid index: 391180)
Failed to process relocation: 6570:17d2 (Invalid index: 391170)
Failed to process relocation: 6570:17c7 (Invalid index: 391159)
Failed to process relocation: 6570:17c2 (Invalid index: 391154)
Failed to process relocation: 6570:17b9 (Invalid index: 391145)
Failed to process relocation: 6570:1772 (Invalid index: 391074)
Failed to process relocation: 6570:174d (Invalid index: 391037)
Failed to process relocation: 6570:1747 (Invalid index: 391031)
Failed to process relocation: 6570:1731 (Invalid index: 391009)
Failed to process relocation: 6570:1718 (Invalid index: 390984)
Failed to process relocation: 6570:16ec (Invalid index: 390940)
Failed to process relocation: 6570:16c3 (Invalid index: 390899)
Failed to process relocation: 6570:1685 (Invalid index: 390837)
Failed to process relocation: 6570:167c (Invalid index: 390828)
Failed to process relocation: 6570:1672 (Invalid index: 390818)
Failed to process relocation: 6570:166d (Invalid index: 390813)
Failed to process relocation: 6570:1665 (Invalid index: 390805)
Failed to process relocation: 6570:165c (Invalid index: 390796)
Failed to process relocation: 6570:163c (Invalid index: 390764)
Failed to process relocation: 6570:1637 (Invalid index: 390759)
Failed to process relocation: 6570:162d (Invalid index: 390749)
Failed to process relocation: 6570:1624 (Invalid index: 390740)
Failed to process relocation: 6570:161a (Invalid index: 390730)
Failed to process relocation: 6570:1611 (Invalid index: 390721)
Failed to process relocation: 6570:1607 (Invalid index: 390711)
Failed to process relocation: 6570:15fe (Invalid index: 390702)
Failed to process relocation: 6570:15f4 (Invalid index: 390692)
Failed to process relocation: 6570:1d4b (Invalid index: 392571)
Failed to process relocation: 6570:1d42 (Invalid index: 392562)
Failed to process relocation: 6570:1d38 (Invalid index: 392552)
Failed to process relocation: 6570:1d33 (Invalid index: 392547)
Failed to process relocation: 6570:1d0d (Invalid index: 392509)
Failed to process relocation: 6570:1ced (Invalid index: 392477)
Failed to process relocation: 6570:1cb8 (Invalid index: 392424)
Failed to process relocation: 6570:1cb2 (Invalid index: 392418)
Failed to process relocation: 6570:1c9c (Invalid index: 392396)
Failed to process relocation: 6570:1c83 (Invalid index: 392371)
Failed to process relocation: 6570:1c54 (Invalid index: 392324)
Failed to process relocation: 6570:1c4a (Invalid index: 392314)
Failed to process relocation: 6570:1c45 (Invalid index: 392309)
Failed to process relocation: 6570:1c3c (Invalid index: 392300)
Failed to process relocation: 6570:1c32 (Invalid index: 392290)
Failed to process relocation: 6570:1c2d (Invalid index: 392285)
Failed to process relocation: 6570:1c24 (Invalid index: 392276)
Failed to process relocation: 6570:1c1a (Invalid index: 392266)
Failed to process relocation: 6570:1c15 (Invalid index: 392261)
Failed to process relocation: 6570:1c0c (Invalid index: 392252)
Failed to process relocation: 6570:1c02 (Invalid index: 392242)
Failed to process relocation: 6570:1bfd (Invalid index: 392237)
Failed to process relocation: 6570:1bdc (Invalid index: 392204)
Failed to process relocation: 6570:1bd4 (Invalid index: 392196)
Failed to process relocation: 6570:1bca (Invalid index: 392186)
Failed to process relocation: 6570:1bc5 (Invalid index: 392181)
Failed to process relocation: 6570:1b9a (Invalid index: 392138)
Failed to process relocation: 6570:1b92 (Invalid index: 392130)
Failed to process relocation: 6570:1b88 (Invalid index: 392120)
Failed to process relocation: 6570:1b83 (Invalid index: 392115)
Failed to process relocation: 6570:1b7a (Invalid index: 392106)
Failed to process relocation: 6570:1b71 (Invalid index: 392097)
Failed to process relocation: 6570:1b68 (Invalid index: 392088)
Failed to process relocation: 6570:1b4a (Invalid index: 392058)
Failed to process relocation: 6570:1b45 (Invalid index: 392053)
Failed to process relocation: 6570:1b40 (Invalid index: 392048)
Failed to process relocation: 6570:1b37 (Invalid index: 392039)
Failed to process relocation: 6570:1af5 (Invalid index: 391973)
Failed to process relocation: 6570:1af0 (Invalid index: 391968)
Failed to process relocation: 6570:1ae6 (Invalid index: 391958)
Failed to process relocation: 6570:1ae1 (Invalid index: 391953)
Failed to process relocation: 6570:1ad8 (Invalid index: 391944)
Failed to process relocation: 6570:1ace (Invalid index: 391934)
Failed to process relocation: 6570:1ac9 (Invalid index: 391929)
Failed to process relocation: 6570:1ac0 (Invalid index: 391920)
Failed to process relocation: 6570:1ab6 (Invalid index: 391910)
Failed to process relocation: 6570:1ab1 (Invalid index: 391905)
Failed to process relocation: 6570:1aa8 (Invalid index: 391896)
Failed to process relocation: 6570:1a9e (Invalid index: 391886)
Failed to process relocation: 6570:1a99 (Invalid index: 391881)
Failed to process relocation: 6570:1a8e (Invalid index: 391870)
Failed to process relocation: 6570:1a89 (Invalid index: 391865)
Failed to process relocation: 6570:1a84 (Invalid index: 391860)
Failed to process relocation: 6570:1a7f (Invalid index: 391855)
Failed to process relocation: 6570:1a7a (Invalid index: 391850)
Failed to process relocation: 6570:1a71 (Invalid index: 391841)
Failed to process relocation: 6570:1a68 (Invalid index: 391832)
Failed to process relocation: 6570:1a63 (Invalid index: 391827)
Failed to process relocation: 6570:1a5a (Invalid index: 391818)
Failed to process relocation: 6570:1a51 (Invalid index: 391809)
Failed to process relocation: 6570:1a27 (Invalid index: 391767)
Failed to process relocation: 6570:1a1d (Invalid index: 391757)
Failed to process relocation: 6570:1a18 (Invalid index: 391752)
Failed to process relocation: 6570:1a0f (Invalid index: 391743)
Failed to process relocation: 6570:1a05 (Invalid index: 391733)
Failed to process relocation: 6570:1a00 (Invalid index: 391728)
Failed to process relocation: 6570:19f7 (Invalid index: 391719)
Failed to process relocation: 6570:19ed (Invalid index: 391709)
Failed to process relocation: 6570:19e8 (Invalid index: 391704)
Failed to process relocation: 6570:19df (Invalid index: 391695)
Failed to process relocation: 6570:19d5 (Invalid index: 391685)
Failed to process relocation: 6570:19d0 (Invalid index: 391680)
Failed to process relocation: 6570:19ad (Invalid index: 391645)
Failed to process relocation: 6570:19a8 (Invalid index: 391640)
Failed to process relocation: 6570:19a3 (Invalid index: 391635)
Failed to process relocation: 6570:20c5 (Invalid index: 393461)
Failed to process relocation: 6570:20c0 (Invalid index: 393456)
Failed to process relocation: 6570:20b6 (Invalid index: 393446)
Failed to process relocation: 6570:20b1 (Invalid index: 393441)
Failed to process relocation: 6570:20a8 (Invalid index: 393432)
Failed to process relocation: 6570:209e (Invalid index: 393422)
Failed to process relocation: 6570:2099 (Invalid index: 393417)
Failed to process relocation: 6570:2090 (Invalid index: 393408)
Failed to process relocation: 6570:2086 (Invalid index: 393398)
Failed to process relocation: 6570:2081 (Invalid index: 393393)
Failed to process relocation: 6570:2078 (Invalid index: 393384)
Failed to process relocation: 6570:206e (Invalid index: 393374)
Failed to process relocation: 6570:2069 (Invalid index: 393369)
Failed to process relocation: 6570:205e (Invalid index: 393358)
Failed to process relocation: 6570:2059 (Invalid index: 393353)
Failed to process relocation: 6570:2054 (Invalid index: 393348)
Failed to process relocation: 6570:204f (Invalid index: 393343)
Failed to process relocation: 6570:204a (Invalid index: 393338)
Failed to process relocation: 6570:2041 (Invalid index: 393329)
Failed to process relocation: 6570:2038 (Invalid index: 393320)
Failed to process relocation: 6570:2033 (Invalid index: 393315)
Failed to process relocation: 6570:202a (Invalid index: 393306)
Failed to process relocation: 6570:2021 (Invalid index: 393297)
Failed to process relocation: 6570:1ffb (Invalid index: 393259)
Failed to process relocation: 6570:1ff1 (Invalid index: 393249)
Failed to process relocation: 6570:1fec (Invalid index: 393244)
Failed to process relocation: 6570:1fe3 (Invalid index: 393235)
Failed to process relocation: 6570:1fd9 (Invalid index: 393225)
Failed to process relocation: 6570:1fd4 (Invalid index: 393220)
Failed to process relocation: 6570:1fcb (Invalid index: 393211)
Failed to process relocation: 6570:1fc1 (Invalid index: 393201)
Failed to process relocation: 6570:1fbc (Invalid index: 393196)
Failed to process relocation: 6570:1fb3 (Invalid index: 393187)
Failed to process relocation: 6570:1faa (Invalid index: 393178)
Failed to process relocation: 6570:1fa1 (Invalid index: 393169)
Failed to process relocation: 6570:1f97 (Invalid index: 393159)
Failed to process relocation: 6570:1f92 (Invalid index: 393154)
Failed to process relocation: 6570:1f7f (Invalid index: 393135)
 (ProgramLoader)  
INFO  IMPORTING: Loaded 0 additional files (HeadlessAnalyzer)  
INFO  REPORT: Execute script: MarkOverlayThunks 'pre' '3ab8'  (HeadlessAnalyzer)  
INFO  SCRIPT: C:\prog\jwcad\ghidra_scripts\MarkOverlayThunks.java (HeadlessAnalyzer)  
INFO  MarkOverlayThunks.java> cd 3f sites: 108 (GhidraScript)  
INFO  MarkOverlayThunks.java> overlay trap operands marked as data: 108 of 108 (GhidraScript)  
INFO  ANALYZING all memory and code: file:///C:/prog/jwcad/ovl/jw24.exe (HeadlessAnalyzer)  
ERROR Failed to create function at 28b3:0f86 since its body contains referring thunk at 28b3:0ee9 (CreateFunctionCmd)  
ERROR Failed to create function at 28b3:1140 since its body contains referring thunk at 28b3:112c (CreateFunctionCmd)  
WARN  Decompiling 32b2:1528: Unable to read bytes at ram:0000:7be2 (DecompileCallback)  
WARN  Decompiling 32b2:0d40, pcode error at 3000:5054: Unable to resolve constructor at 3000:5054 (DecompileCallback)  
WARN  Decompiling 1000:0a81, pcode error at 1000:0a6f: Unable to resolve constructor at 1000:0a6f (DecompileCallback)  
WARN  Decompiling 1000:0a81, pcode error at 1000:0a4b: Unable to resolve constructor at 1000:0a4b (DecompileCallback)  
WARN  Decompiling 1000:0a81, pcode error at 1000:0818: Unable to resolve constructor at 1000:0818 (DecompileCallback)  
WARN  Decompiling 12c1:097e, pcode error at 1000:5097: Unable to resolve constructor at 1000:5097 (DecompileCallback)  
WARN  Decompiling 21f2:246e, pcode error at 2000:3158: Unable to resolve constructor at 2000:3158 (DecompileCallback)  
WARN  Decompiling 21f2:246e, pcode error at 2000:7191: Unable to resolve constructor at 2000:7191 (DecompileCallback)  
INFO  Packed database cache: C:\Users\yomei\AppData\Local\ghidra\packed-db-cache (PackedDatabaseCache)  
INFO  Applied data type archive: generic_clib (ApplyDataArchiveAnalyzer)  
INFO  -----------------------------------------------------
    ASCII Strings                              0.361 secs
    Apply Data Archives                        0.924 secs
    Call Convention ID                         0.003 secs
    Call-Fixup Installer                       0.021 secs
    Create Function                            0.477 secs
    Data Reference                             0.035 secs
    Decompiler Switch Analysis                31.132 secs
    Demangler GNU                              0.052 secs
    Disassemble                                2.151 secs
    Disassemble Entry Points                   0.193 secs
    Embedded Media                             0.015 secs
    External Entry References                  0.000 secs
    Function ID                                0.134 secs
    Function Start Search                      0.017 secs
    Non-Returning Functions - Discovered       0.590 secs
    Reference                                  0.043 secs
    Segmented X86 Calling Conventions          0.002 secs
    Shared Return Calls                        0.168 secs
    Stack                                      3.589 secs
    Subroutine References                      0.110 secs
    Subroutine References - One Time           0.000 secs
    X86 Function Callee Purge                  0.151 secs
    x86 Constant Reference Analyzer            1.938 secs
-----------------------------------------------------
     Total Time   42 secs
-----------------------------------------------------
 (AutoAnalysisManager)  
INFO  REPORT: Analysis succeeded for file: file:///C:/prog/jwcad/ovl/jw24.exe (HeadlessAnalyzer)  
INFO  REPORT: Execute script: MarkOverlayThunks 'post' '3ab8' 'C:\prog\jwcad\entries\24.txt' '24'  (HeadlessAnalyzer)  
INFO  SCRIPT: C:\prog\jwcad\ghidra_scripts\MarkOverlayThunks.java (HeadlessAnalyzer)  
INFO  MarkOverlayThunks.java> cd 3f sites: 108 (GhidraScript)  
INFO  MarkOverlayThunks.java> overlay traps given a fall-through: 108, references added: 1 (GhidraScript)  
INFO  MarkOverlayThunks.java> overlay entry points seeded: 11 (GhidraScript)  
ERROR Failed to create function at 1885:07c4 since its body contains referring thunk at 1885:0344 (CreateFunctionCmd)  
INFO  REPORT: Execute script: DecompileAll 'C:\prog\jwcad\out\ovl24' '3ab8' '4375'  (HeadlessAnalyzer)  
INFO  SCRIPT: C:\prog\jwcad\ghidra_scripts\DecompileAll.java (HeadlessAnalyzer)  
INFO  DecompileAll.java> decompiled 23 functions, 0 failed (GhidraScript)  
INFO  ANALYZING changes made by post scripts: file:///C:/prog/jwcad/ovl/jw24.exe (HeadlessAnalyzer)  
INFO  REPORT: Post-analysis succeeded for file: file:///C:/prog/jwcad/ovl/jw24.exe (HeadlessAnalyzer)  
INFO  /jw24.exe: file created (yomei) (LocalFileSystem)  
INFO  REPORT: Save succeeded for: /jw24.exe (ovl24:/jw24.exe) (HeadlessAnalyzer)  
INFO  REPORT: Import succeeded (HeadlessAnalyzer)  
