INFO  Using log config file: jar:file:/C:/prog/ghidra/ghidra_12.1.3_PUBLIC/Ghidra/Framework/Generic/lib/Generic.jar!/generic.log4j.xml (LoggingInitialization)  
INFO  Using log file: C:\Users\yomei\AppData\Roaming\ghidra\ghidra_12.1.3_PUBLIC\application.log (LoggingInitialization)  
INFO  Loading user preferences: C:\Users\yomei\AppData\Roaming\ghidra\ghidra_12.1.3_PUBLIC\preferences (Preferences)  
INFO  Searching for classes... (ClassSearcher)  
INFO  Class search complete (1354 ms) (ClassSearcher)  
INFO  Initializing SSL Context (DefaultSSLContextInitializer)  
INFO  Initializing Random Number Generator... (SecureRandomFactory)  
INFO  Random Number Generator initialization complete: SHA1PRNG (SecureRandomFactory)  
INFO  Trust manager disabled, cacerts have not been set (DefaultTrustManagerFactory)  
INFO  Headless startup complete (10495 ms) (AnalyzeHeadless)  
INFO  Class searcher loaded 59 extension points (20 false positives) (ClassSearcher)  
INFO  HEADLESS Script Paths:
    C:\prog\ghidra\ghidra_12.1.3_PUBLIC\Ghidra\Debug\Debugger-rmi-trace\ghidra_scripts
    C:\prog\ghidra\ghidra_12.1.3_PUBLIC\Ghidra\Features\FileFormats\ghidra_scripts
    C:\prog\ghidra\ghidra_12.1.3_PUBLIC\Ghidra\Features\GnuDemangler\ghidra_scripts
    C:\prog\ghidra\ghidra_12.1.3_PUBLIC\Ghidra\Features\VersionTracking\ghidra_scripts
    C:\prog\ghidra\ghidra_12.1.3_PUBLIC\Ghidra\Debug\Debugger\ghidra_scripts
    C:\prog\ghidra\ghidra_12.1.3_PUBLIC\Ghidra\Processors\8051\ghidra_scripts
    C:\prog\ghidra\ghidra_12.1.3_PUBLIC\Ghidra\Features\BSim\ghidra_scripts
    C:\prog\ghidra\ghidra_12.1.3_PUBLIC\Ghidra\Features\WildcardAssembler\ghidra_scripts
    C:\prog\ghidra\ghidra_12.1.3_PUBLIC\Ghidra\Features\FunctionID\ghidra_scripts
    C:\prog\ghidra\ghidra_12.1.3_PUBLIC\Ghidra\Features\SystemEmulation\ghidra_scripts
    C:\prog\ghidra\ghidra_12.1.3_PUBLIC\Ghidra\Processors\PIC\ghidra_scripts
    C:\prog\ghidra\ghidra_12.1.3_PUBLIC\Ghidra\Features\PDB\ghidra_scripts
    C:\prog\ghidra\ghidra_12.1.3_PUBLIC\Ghidra\Features\DecompilerDependent\ghidra_scripts
    C:\prog\ghidra\ghidra_12.1.3_PUBLIC\Ghidra\Features\SwiftDemangler\ghidra_scripts
    C:\prog\ghidra\ghidra_12.1.3_PUBLIC\Ghidra\Features\MicrosoftCodeAnalyzer\ghidra_scripts
    C:\prog\ghidra\ghidra_12.1.3_PUBLIC\Ghidra\Processors\DATA\ghidra_scripts
    C:\prog\ghidra\ghidra_12.1.3_PUBLIC\Ghidra\Features\Decompiler\ghidra_scripts
    C:\prog\ghidra\ghidra_12.1.3_PUBLIC\Ghidra\Features\BytePatterns\ghidra_scripts
    C:\prog\ghidra\ghidra_12.1.3_PUBLIC\Ghidra\Features\PyGhidra\ghidra_scripts
    C:\prog\ghidra\ghidra_12.1.3_PUBLIC\Ghidra\Processors\Atmel\ghidra_scripts
    C:\prog\ghidra\ghidra_12.1.3_PUBLIC\Ghidra\Features\Base\ghidra_scripts
    C:\prog\jwcad\ghidra_scripts
    C:\prog\ghidra\ghidra_12.1.3_PUBLIC\Ghidra\Processors\JVM\ghidra_scripts (HeadlessAnalyzer)  
INFO  HEADLESS: execution starts (HeadlessAnalyzer)  
INFO  Creating temporary project: C:\prog\jwcad\proj\ovl10 (HeadlessAnalyzer)  
INFO  Creating project: C:\prog\jwcad\proj\ovl10 (DefaultProject)  
INFO  REPORT: Processing input files:  (HeadlessAnalyzer)  
INFO       project: C:\prog\jwcad\proj\ovl10 (HeadlessAnalyzer)  
INFO  IMPORTING: file:///C:/prog/jwcad/ovl/jw10.exe (HeadlessAnalyzer)  
INFO  Using Loader: Old-style DOS Executable (MZ) (ProgramLoader)  
INFO  Using Language/Compiler: x86:LE:16:Real Mode:default (ProgramLoader)  
INFO  Using Library Search Path: [., C:\Windows\SysWOW64, C:\prog\ghidra\jdk21\bin, C:\Windows\Sun\Java\bin, C:\Windows\system32, C:\Windows, C:\Program Files\Python312\Scripts\, C:\Program Files\Python312\, C:\Windows\System32\Wbem, C:\Windows\System32\WindowsPowerShell\v1.0\, C:\Windows\System32\OpenSSH\, C:\Program Files\Amazon\AWSCLIV2\, C:\ProgramData\chocolatey\bin, C:\ffmpeg, C:\Users\yomei\AppData\Local\Microsoft\WindowsApps] (ProgramLoader)  
INFO  Additional info:
There were too many messages to display.
66 messages have been truncated.

Loading file:///C:/prog/jwcad/ovl/jw10.exe?MD5=4dd9f42b61d9e4d55041262975c894c1...
Failed to process relocation: 6570:01f5 (Invalid index: 380821)
Failed to process relocation: 6570:01ed (Invalid index: 380813)
Failed to process relocation: 6570:01cb (Invalid index: 380779)
Failed to process relocation: 6570:01a9 (Invalid index: 380745)
Failed to process relocation: 6570:0189 (Invalid index: 380713)
Failed to process relocation: 6570:017e (Invalid index: 380702)
Failed to process relocation: 6570:0169 (Invalid index: 380681)
Failed to process relocation: 6570:015b (Invalid index: 380667)
Failed to process relocation: 6570:0152 (Invalid index: 380658)
Failed to process relocation: 6570:014b (Invalid index: 380651)
Failed to process relocation: 6570:013e (Invalid index: 380638)
Failed to process relocation: 6570:0139 (Invalid index: 380633)
Failed to process relocation: 6570:0126 (Invalid index: 380614)
Failed to process relocation: 6570:010a (Invalid index: 380586)
Failed to process relocation: 6570:00e8 (Invalid index: 380552)
Failed to process relocation: 6570:00db (Invalid index: 380539)
Failed to process relocation: 6570:00d4 (Invalid index: 380532)
Failed to process relocation: 6570:00c6 (Invalid index: 380518)
Failed to process relocation: 6570:00b8 (Invalid index: 380504)
Failed to process relocation: 6570:00b0 (Invalid index: 380496)
Failed to process relocation: 6570:00a6 (Invalid index: 380486)
Failed to process relocation: 6570:00a1 (Invalid index: 380481)
Failed to process relocation: 6570:009c (Invalid index: 380476)
Failed to process relocation: 6570:0094 (Invalid index: 380468)
Failed to process relocation: 6570:008c (Invalid index: 380460)
Failed to process relocation: 6570:0084 (Invalid index: 380452)
Failed to process relocation: 6570:007a (Invalid index: 380442)
Failed to process relocation: 6570:0075 (Invalid index: 380437)
Failed to process relocation: 6570:0070 (Invalid index: 380432)
Failed to process relocation: 6570:0068 (Invalid index: 380424)
Failed to process relocation: 6570:0060 (Invalid index: 380416)
Failed to process relocation: 6570:0058 (Invalid index: 380408)
Failed to process relocation: 6570:004e (Invalid index: 380398)
Failed to process relocation: 6570:0049 (Invalid index: 380393)
Failed to process relocation: 6570:0044 (Invalid index: 380388)
Failed to process relocation: 6570:003c (Invalid index: 380380)
Failed to process relocation: 6570:0034 (Invalid index: 380372)
Failed to process relocation: 6570:002c (Invalid index: 380364)
Failed to process relocation: 6570:0022 (Invalid index: 380354)
Failed to process relocation: 6570:001d (Invalid index: 380349)
Failed to process relocation: 6570:0018 (Invalid index: 380344)
Failed to process relocation: 6570:0010 (Invalid index: 380336)
Failed to process relocation: 6570:0008 (Invalid index: 380328)
Failed to process relocation: 6570:0572 (Invalid index: 381714)
Failed to process relocation: 6570:056c (Invalid index: 381708)
Failed to process relocation: 6570:0563 (Invalid index: 381699)
Failed to process relocation: 6570:0529 (Invalid index: 381641)
Failed to process relocation: 6570:0520 (Invalid index: 381632)
Failed to process relocation: 6570:0517 (Invalid index: 381623)
Failed to process relocation: 6570:04fa (Invalid index: 381594)
Failed to process relocation: 6570:04f5 (Invalid index: 381589)
Failed to process relocation: 6570:04f0 (Invalid index: 381584)
Failed to process relocation: 6570:04e8 (Invalid index: 381576)
Failed to process relocation: 6570:04df (Invalid index: 381567)
Failed to process relocation: 6570:04d6 (Invalid index: 381558)
Failed to process relocation: 6570:04ca (Invalid index: 381546)
Failed to process relocation: 6570:04b5 (Invalid index: 381525)
Failed to process relocation: 6570:04ac (Invalid index: 381516)
Failed to process relocation: 6570:0495 (Invalid index: 381493)
Failed to process relocation: 6570:047f (Invalid index: 381471)
Failed to process relocation: 6570:0453 (Invalid index: 381427)
Failed to process relocation: 6570:0405 (Invalid index: 381349)
Failed to process relocation: 6570:03fc (Invalid index: 381340)
Failed to process relocation: 6570:03f3 (Invalid index: 381331)
Failed to process relocation: 6570:03d9 (Invalid index: 381305)
Failed to process relocation: 6570:03c3 (Invalid index: 381283)
Failed to process relocation: 6570:0327 (Invalid index: 381127)
Failed to process relocation: 6570:0311 (Invalid index: 381105)
Failed to process relocation: 6570:02e5 (Invalid index: 381061)
Failed to process relocation: 6570:0217 (Invalid index: 380855)
Failed to process relocation: 6570:092c (Invalid index: 382668)
Failed to process relocation: 6570:090c (Invalid index: 382636)
Failed to process relocation: 6570:089f (Invalid index: 382527)
Failed to process relocation: 6570:0887 (Invalid index: 382503)
Failed to process relocation: 6570:0875 (Invalid index: 382485)
Failed to process relocation: 6570:0870 (Invalid index: 382480)
Failed to process relocation: 6570:0868 (Invalid index: 382472)
Failed to process relocation: 6570:0857 (Invalid index: 382455)
Failed to process relocation: 6570:0852 (Invalid index: 382450)
Failed to process relocation: 6570:084a (Invalid index: 382442)
Failed to process relocation: 6570:081a (Invalid index: 382394)
Failed to process relocation: 6570:07d5 (Invalid index: 382325)
Failed to process relocation: 6570:07cd (Invalid index: 382317)
Failed to process relocation: 6570:0715 (Invalid index: 382133)
Failed to process relocation: 6570:070c (Invalid index: 382124)
Failed to process relocation: 6570:0702 (Invalid index: 382114)
Failed to process relocation: 6570:06fd (Invalid index: 382109)
Failed to process relocation: 6570:06f3 (Invalid index: 382099)
Failed to process relocation: 6570:06ea (Invalid index: 382090)
Failed to process relocation: 6570:06e1 (Invalid index: 382081)
Failed to process relocation: 6570:06d7 (Invalid index: 382071)
Failed to process relocation: 6570:06d2 (Invalid index: 382066)
Failed to process relocation: 6570:06c8 (Invalid index: 382056)
Failed to process relocation: 6570:06c3 (Invalid index: 382051)
Failed to process relocation: 6570:06ba (Invalid index: 382042)
Failed to process relocation: 6570:06b1 (Invalid index: 382033)
Failed to process relocation: 6570:06ac (Invalid index: 382028)
Failed to process relocation: 6570:069c (Invalid index: 382012)
Failed to process relocation: 6570:0697 (Invalid index: 382007)
Failed to process relocation: 6570:068e (Invalid index: 381998)
Failed to process relocation: 6570:067e (Invalid index: 381982)
Failed to process relocation: 6570:0679 (Invalid index: 381977)
Failed to process relocation: 6570:0670 (Invalid index: 381968)
Failed to process relocation: 6570:0652 (Invalid index: 381938)
Failed to process relocation: 6570:064d (Invalid index: 381933)
Failed to process relocation: 6570:0644 (Invalid index: 381924)
Failed to process relocation: 6570:0639 (Invalid index: 381913)
Failed to process relocation: 6570:0634 (Invalid index: 381908)
Failed to process relocation: 6570:062b (Invalid index: 381899)
Failed to process relocation: 6570:0622 (Invalid index: 381890)
Failed to process relocation: 6570:061c (Invalid index: 381884)
Failed to process relocation: 6570:0612 (Invalid index: 381874)
Failed to process relocation: 6570:0605 (Invalid index: 381861)
Failed to process relocation: 6570:0600 (Invalid index: 381856)
Failed to process relocation: 6570:05f7 (Invalid index: 381847)
Failed to process relocation: 6570:05ee (Invalid index: 381838)
Failed to process relocation: 6570:05e8 (Invalid index: 381832)
Failed to process relocation: 6570:05de (Invalid index: 381822)
Failed to process relocation: 6570:0d22 (Invalid index: 383682)
Failed to process relocation: 6570:0c71 (Invalid index: 383505)
Failed to process relocation: 6570:0c67 (Invalid index: 383495)
Failed to process relocation: 6570:0c62 (Invalid index: 383490)
Failed to process relocation: 6570:0c59 (Invalid index: 383481)
Failed to process relocation: 6570:0c4f (Invalid index: 383471)
Failed to process relocation: 6570:0c4a (Invalid index: 383466)
Failed to process relocation: 6570:0c41 (Invalid index: 383457)
Failed to process relocation: 6570:0c37 (Invalid index: 383447)
Failed to process relocation: 6570:0c2e (Invalid index: 383438)
Failed to process relocation: 6570:0c24 (Invalid index: 383428)
Failed to process relocation: 6570:0c1f (Invalid index: 383423)
Failed to process relocation: 6570:0c16 (Invalid index: 383414)
Failed to process relocation: 6570:0c0c (Invalid index: 383404)
Failed to process relocation: 6570:0c07 (Invalid index: 383399)
Failed to process relocation: 6570:0bd8 (Invalid index: 383352)
Failed to process relocation: 6570:0bcf (Invalid index: 383343)
Failed to process relocation: 6570:0bc5 (Invalid index: 383333)
Failed to process relocation: 6570:0bc0 (Invalid index: 383328)
Failed to process relocation: 6570:0bb7 (Invalid index: 383319)
Failed to process relocation: 6570:0baf (Invalid index: 383311)
Failed to process relocation: 6570:0ba5 (Invalid index: 383301)
Failed to process relocation: 6570:0ba0 (Invalid index: 383296)
Failed to process relocation: 6570:0b83 (Invalid index: 383267)
Failed to process relocation: 6570:0b79 (Invalid index: 383257)
Failed to process relocation: 6570:0b74 (Invalid index: 383252)
Failed to process relocation: 6570:0b6b (Invalid index: 383243)
Failed to process relocation: 6570:0b61 (Invalid index: 383233)
Failed to process relocation: 6570:0b5c (Invalid index: 383228)
Failed to process relocation: 6570:0b53 (Invalid index: 383219)
Failed to process relocation: 6570:0b49 (Invalid index: 383209)
Failed to process relocation: 6570:0b40 (Invalid index: 383200)
Failed to process relocation: 6570:0b36 (Invalid index: 383190)
Failed to process relocation: 6570:0b31 (Invalid index: 383185)
Failed to process relocation: 6570:0b28 (Invalid index: 383176)
Failed to process relocation: 6570:0b1e (Invalid index: 383166)
Failed to process relocation: 6570:0b19 (Invalid index: 383161)
Failed to process relocation: 6570:0aea (Invalid index: 383114)
Failed to process relocation: 6570:0ae1 (Invalid index: 383105)
Failed to process relocation: 6570:0ad7 (Invalid index: 383095)
Failed to process relocation: 6570:0ad2 (Invalid index: 383090)
Failed to process relocation: 6570:0ac9 (Invalid index: 383081)
Failed to process relocation: 6570:0ac1 (Invalid index: 383073)
Failed to process relocation: 6570:0ab7 (Invalid index: 383063)
Failed to process relocation: 6570:0ab2 (Invalid index: 383058)
Failed to process relocation: 6570:0a8a (Invalid index: 383018)
Failed to process relocation: 6570:0974 (Invalid index: 382740)
Failed to process relocation: 6570:10d1 (Invalid index: 384625)
Failed to process relocation: 6570:10c2 (Invalid index: 384610)
Failed to process relocation: 6570:10bd (Invalid index: 384605)
Failed to process relocation: 6570:10af (Invalid index: 384591)
Failed to process relocation: 6570:10a2 (Invalid index: 384578)
Failed to process relocation: 6570:1094 (Invalid index: 384564)
Failed to process relocation: 6570:107c (Invalid index: 384540)
Failed to process relocation: 6570:105c (Invalid index: 384508)
Failed to process relocation: 6570:1056 (Invalid index: 384502)
Failed to process relocation: 6570:104c (Invalid index: 384492)
Failed to process relocation: 6570:103d (Invalid index: 384477)
Failed to process relocation: 6570:1037 (Invalid index: 384471)
Failed to process relocation: 6570:102d (Invalid index: 384461)
Failed to process relocation: 6570:1024 (Invalid index: 384452)
Failed to process relocation: 6570:1015 (Invalid index: 384437)
Failed to process relocation: 6570:100d (Invalid index: 384429)
Failed to process relocation: 6570:1004 (Invalid index: 384420)
Failed to process relocation: 6570:0ffb (Invalid index: 384411)
Failed to process relocation: 6570:0fec (Invalid index: 384396)
Failed to process relocation: 6570:0fe3 (Invalid index: 384387)
Failed to process relocation: 6570:0fda (Invalid index: 384378)
Failed to process relocation: 6570:0fbb (Invalid index: 384347)
Failed to process relocation: 6570:0fb6 (Invalid index: 384342)
Failed to process relocation: 6570:0fb1 (Invalid index: 384337)
Failed to process relocation: 6570:0fa8 (Invalid index: 384328)
Failed to process relocation: 6570:0f9f (Invalid index: 384319)
Failed to process relocation: 6570:0f97 (Invalid index: 384311)
Failed to process relocation: 6570:0f8e (Invalid index: 384302)
Failed to process relocation: 6570:0f85 (Invalid index: 384293)
Failed to process relocation: 6570:0f6c (Invalid index: 384268)
Failed to process relocation: 6570:0f66 (Invalid index: 384262)
Failed to process relocation: 6570:0f5c (Invalid index: 384252)
Failed to process relocation: 6570:0f53 (Invalid index: 384243)
Failed to process relocation: 6570:0f4d (Invalid index: 384237)
Failed to process relocation: 6570:0f43 (Invalid index: 384227)
Failed to process relocation: 6570:0f1e (Invalid index: 384190)
Failed to process relocation: 6570:0e5f (Invalid index: 383999)
Failed to process relocation: 6570:0e56 (Invalid index: 383990)
Failed to process relocation: 6570:0e4d (Invalid index: 383981)
Failed to process relocation: 6570:0e48 (Invalid index: 383976)
Failed to process relocation: 6570:0df6 (Invalid index: 383894)
Failed to process relocation: 6570:0ded (Invalid index: 383885)
Failed to process relocation: 6570:0de4 (Invalid index: 383876)
Failed to process relocation: 6570:0dd4 (Invalid index: 383860)
Failed to process relocation: 6570:0dca (Invalid index: 383850)
Failed to process relocation: 6570:0dc5 (Invalid index: 383845)
Failed to process relocation: 6570:0dbc (Invalid index: 383836)
Failed to process relocation: 6570:0db2 (Invalid index: 383826)
Failed to process relocation: 6570:0dad (Invalid index: 383821)
Failed to process relocation: 6570:0da4 (Invalid index: 383812)
Failed to process relocation: 6570:0d9a (Invalid index: 383802)
Failed to process relocation: 6570:0d91 (Invalid index: 383793)
Failed to process relocation: 6570:0d87 (Invalid index: 383783)
Failed to process relocation: 6570:0d7f (Invalid index: 383775)
Failed to process relocation: 6570:0d75 (Invalid index: 383765)
Failed to process relocation: 6570:0d47 (Invalid index: 383719)
Failed to process relocation: 6570:0d3e (Invalid index: 383710)
Failed to process relocation: 6570:0d34 (Invalid index: 383700)
Failed to process relocation: 6570:0d2c (Invalid index: 383692)
Failed to process relocation: 6570:146b (Invalid index: 385547)
Failed to process relocation: 6570:13c3 (Invalid index: 385379)
Failed to process relocation: 6570:13bb (Invalid index: 385371)
Failed to process relocation: 6570:13b1 (Invalid index: 385361)
Failed to process relocation: 6570:13ac (Invalid index: 385356)
Failed to process relocation: 6570:13a3 (Invalid index: 385347)
Failed to process relocation: 6570:1399 (Invalid index: 385337)
Failed to process relocation: 6570:1394 (Invalid index: 385332)
Failed to process relocation: 6570:1379 (Invalid index: 385305)
Failed to process relocation: 6570:1371 (Invalid index: 385297)
Failed to process relocation: 6570:1367 (Invalid index: 385287)
Failed to process relocation: 6570:1362 (Invalid index: 385282)
Failed to process relocation: 6570:1359 (Invalid index: 385273)
Failed to process relocation: 6570:134f (Invalid index: 385263)
Failed to process relocation: 6570:134a (Invalid index: 385258)
Failed to process relocation: 6570:132f (Invalid index: 385231)
Failed to process relocation: 6570:1327 (Invalid index: 385223)
Failed to process relocation: 6570:131d (Invalid index: 385213)
Failed to process relocation: 6570:1318 (Invalid index: 385208)
Failed to process relocation: 6570:130f (Invalid index: 385199)
Failed to process relocation: 6570:1305 (Invalid index: 385189)
Failed to process relocation: 6570:1300 (Invalid index: 385184)
Failed to process relocation: 6570:12e5 (Invalid index: 385157)
Failed to process relocation: 6570:12dd (Invalid index: 385149)
Failed to process relocation: 6570:12d3 (Invalid index: 385139)
Failed to process relocation: 6570:12ce (Invalid index: 385134)
Failed to process relocation: 6570:12c5 (Invalid index: 385125)
Failed to process relocation: 6570:12bb (Invalid index: 385115)
Failed to process relocation: 6570:12b6 (Invalid index: 385110)
Failed to process relocation: 6570:12a8 (Invalid index: 385096)
Failed to process relocation: 6570:12a3 (Invalid index: 385091)
Failed to process relocation: 6570:129a (Invalid index: 385082)
Failed to process relocation: 6570:1289 (Invalid index: 385065)
Failed to process relocation: 6570:1283 (Invalid index: 385059)
Failed to process relocation: 6570:1279 (Invalid index: 385049)
Failed to process relocation: 6570:1257 (Invalid index: 385015)
Failed to process relocation: 6570:1252 (Invalid index: 385010)
Failed to process relocation: 6570:1249 (Invalid index: 385001)
Failed to process relocation: 6570:1210 (Invalid index: 384944)
Failed to process relocation: 6570:120a (Invalid index: 384938)
Failed to process relocation: 6570:1200 (Invalid index: 384928)
Failed to process relocation: 6570:11f7 (Invalid index: 384919)
Failed to process relocation: 6570:11ee (Invalid index: 384910)
Failed to process relocation: 6570:11e3 (Invalid index: 384899)
Failed to process relocation: 6570:11d0 (Invalid index: 384880)
Failed to process relocation: 6570:11ca (Invalid index: 384874)
Failed to process relocation: 6570:11c0 (Invalid index: 384864)
Failed to process relocation: 6570:11ad (Invalid index: 384845)
Failed to process relocation: 6570:11a7 (Invalid index: 384839)
Failed to process relocation: 6570:119d (Invalid index: 384829)
Failed to process relocation: 6570:1188 (Invalid index: 384808)
Failed to process relocation: 6570:1172 (Invalid index: 384786)
Failed to process relocation: 6570:1160 (Invalid index: 384768)
Failed to process relocation: 6570:115b (Invalid index: 384763)
Failed to process relocation: 6570:114d (Invalid index: 384749)
Failed to process relocation: 6570:1140 (Invalid index: 384736)
Failed to process relocation: 6570:1135 (Invalid index: 384725)
Failed to process relocation: 6570:1103 (Invalid index: 384675)
Failed to process relocation: 6570:10eb (Invalid index: 384651)
Failed to process relocation: 6570:1809 (Invalid index: 386473)
Failed to process relocation: 6570:1800 (Invalid index: 386464)
Failed to process relocation: 6570:17f7 (Invalid index: 386455)
Failed to process relocation: 6570:17f2 (Invalid index: 386450)
Failed to process relocation: 6570:17e9 (Invalid index: 386441)
Failed to process relocation: 6570:17e0 (Invalid index: 386432)
Failed to process relocation: 6570:17d7 (Invalid index: 386423)
Failed to process relocation: 6570:17ce (Invalid index: 386414)
Failed to process relocation: 6570:17c5 (Invalid index: 386405)
Failed to process relocation: 6570:17b7 (Invalid index: 386391)
Failed to process relocation: 6570:17b2 (Invalid index: 386386)
Failed to process relocation: 6570:17a9 (Invalid index: 386377)
Failed to process relocation: 6570:179e (Invalid index: 386366)
Failed to process relocation: 6570:1799 (Invalid index: 386361)
Failed to process relocation: 6570:1790 (Invalid index: 386352)
Failed to process relocation: 6570:1782 (Invalid index: 386338)
Failed to process relocation: 6570:177d (Invalid index: 386333)
Failed to process relocation: 6570:1774 (Invalid index: 386324)
Failed to process relocation: 6570:1769 (Invalid index: 386313)
Failed to process relocation: 6570:1764 (Invalid index: 386308)
Failed to process relocation: 6570:175b (Invalid index: 386299)
Failed to process relocation: 6570:1753 (Invalid index: 386291)
Failed to process relocation: 6570:174b (Invalid index: 386283)
Failed to process relocation: 6570:1742 (Invalid index: 386274)
Failed to process relocation: 6570:1739 (Invalid index: 386265)
Failed to process relocation: 6570:1731 (Invalid index: 386257)
Failed to process relocation: 6570:1728 (Invalid index: 386248)
Failed to process relocation: 6570:1720 (Invalid index: 386240)
Failed to process relocation: 6570:1718 (Invalid index: 386232)
Failed to process relocation: 6570:16bf (Invalid index: 386143)
Failed to process relocation: 6570:16a5 (Invalid index: 386117)
Failed to process relocation: 6570:166d (Invalid index: 386061)
Failed to process relocation: 6570:15d0 (Invalid index: 385904)
Failed to process relocation: 6570:1558 (Invalid index: 385784)
Failed to process relocation: 6570:14b5 (Invalid index: 385621)
Failed to process relocation: 6570:14ad (Invalid index: 385613)
Failed to process relocation: 6570:14a4 (Invalid index: 385604)
Failed to process relocation: 6570:149b (Invalid index: 385595)
Failed to process relocation: 6570:1493 (Invalid index: 385587)
Failed to process relocation: 6570:148a (Invalid index: 385578)
Failed to process relocation: 6570:1bd4 (Invalid index: 387444)
Failed to process relocation: 6570:1bcb (Invalid index: 387435)
Failed to process relocation: 6570:1bc2 (Invalid index: 387426)
Failed to process relocation: 6570:1b3e (Invalid index: 387294)
Failed to process relocation: 6570:1b35 (Invalid index: 387285)
Failed to process relocation: 6570:1b2c (Invalid index: 387276)
Failed to process relocation: 6570:1b27 (Invalid index: 387271)
Failed to process relocation: 6570:1b1e (Invalid index: 387262)
Failed to process relocation: 6570:1b15 (Invalid index: 387253)
Failed to process relocation: 6570:1b0c (Invalid index: 387244)
Failed to process relocation: 6570:1b03 (Invalid index: 387235)
Failed to process relocation: 6570:1afa (Invalid index: 387226)
Failed to process relocation: 6570:1aec (Invalid index: 387212)
Failed to process relocation: 6570:1ae7 (Invalid index: 387207)
Failed to process relocation: 6570:1ade (Invalid index: 387198)
Failed to process relocation: 6570:1ad3 (Invalid index: 387187)
Failed to process relocation: 6570:1ace (Invalid index: 387182)
Failed to process relocation: 6570:1ac5 (Invalid index: 387173)
Failed to process relocation: 6570:1ab7 (Invalid index: 387159)
Failed to process relocation: 6570:1ab2 (Invalid index: 387154)
Failed to process relocation: 6570:1aa9 (Invalid index: 387145)
Failed to process relocation: 6570:1a9e (Invalid index: 387134)
Failed to process relocation: 6570:1a99 (Invalid index: 387129)
Failed to process relocation: 6570:1a90 (Invalid index: 387120)
Failed to process relocation: 6570:1a8b (Invalid index: 387115)
Failed to process relocation: 6570:1a83 (Invalid index: 387107)
Failed to process relocation: 6570:1a7b (Invalid index: 387099)
Failed to process relocation: 6570:1a72 (Invalid index: 387090)
Failed to process relocation: 6570:1a69 (Invalid index: 387081)
Failed to process relocation: 6570:1a61 (Invalid index: 387073)
Failed to process relocation: 6570:1a58 (Invalid index: 387064)
Failed to process relocation: 6570:1a53 (Invalid index: 387059)
Failed to process relocation: 6570:1a4b (Invalid index: 387051)
Failed to process relocation: 6570:1a43 (Invalid index: 387043)
Failed to process relocation: 6570:1a12 (Invalid index: 386994)
Failed to process relocation: 6570:19cf (Invalid index: 386927)
Failed to process relocation: 6570:19b5 (Invalid index: 386901)
Failed to process relocation: 6570:18fb (Invalid index: 386715)
Failed to process relocation: 6570:189d (Invalid index: 386621)
Failed to process relocation: 6570:1894 (Invalid index: 386612)
Failed to process relocation: 6570:188b (Invalid index: 386603)
Failed to process relocation: 6570:1f8b (Invalid index: 388395)
Failed to process relocation: 6570:1f70 (Invalid index: 388368)
Failed to process relocation: 6570:1ec4 (Invalid index: 388196)
Failed to process relocation: 6570:1ebf (Invalid index: 388191)
Failed to process relocation: 6570:1eb6 (Invalid index: 388182)
Failed to process relocation: 6570:1eab (Invalid index: 388171)
Failed to process relocation: 6570:1ea6 (Invalid index: 388166)
Failed to process relocation: 6570:1e9d (Invalid index: 388157)
Failed to process relocation: 6570:1e81 (Invalid index: 388129)
Failed to process relocation: 6570:1e78 (Invalid index: 388120)
Failed to process relocation: 6570:1e6f (Invalid index: 388111)
Failed to process relocation: 6570:1e66 (Invalid index: 388102)
Failed to process relocation: 6570:1e5d (Invalid index: 388093)
Failed to process relocation: 6570:1e54 (Invalid index: 388084)
Failed to process relocation: 6570:1e49 (Invalid index: 388073)
Failed to process relocation: 6570:1e44 (Invalid index: 388068)
Failed to process relocation: 6570:1e3b (Invalid index: 388059)
Failed to process relocation: 6570:1e2d (Invalid index: 388045)
Failed to process relocation: 6570:1e28 (Invalid index: 388040)
Failed to process relocation: 6570:1e1f (Invalid index: 388031)
Failed to process relocation: 6570:1e0f (Invalid index: 388015)
Failed to process relocation: 6570:1e07 (Invalid index: 388007)
Failed to process relocation: 6570:1dfe (Invalid index: 387998)
Failed to process relocation: 6570:1df5 (Invalid index: 387989)
Failed to process relocation: 6570:1dec (Invalid index: 387980)
Failed to process relocation: 6570:1de3 (Invalid index: 387971)
Failed to process relocation: 6570:1dda (Invalid index: 387962)
Failed to process relocation: 6570:1dd2 (Invalid index: 387954)
Failed to process relocation: 6570:1dc9 (Invalid index: 387945)
Failed to process relocation: 6570:1dc0 (Invalid index: 387936)
Failed to process relocation: 6570:1dbb (Invalid index: 387931)
Failed to process relocation: 6570:1db2 (Invalid index: 387922)
Failed to process relocation: 6570:1da9 (Invalid index: 387913)
Failed to process relocation: 6570:1da0 (Invalid index: 387904)
Failed to process relocation: 6570:1d97 (Invalid index: 387895)
Failed to process relocation: 6570:1d8e (Invalid index: 387886)
Failed to process relocation: 6570:1d80 (Invalid index: 387872)
Failed to process relocation: 6570:1d7b (Invalid index: 387867)
Failed to process relocation: 6570:1d72 (Invalid index: 387858)
Failed to process relocation: 6570:1d67 (Invalid index: 387847)
Failed to process relocation: 6570:1d62 (Invalid index: 387842)
Failed to process relocation: 6570:1d59 (Invalid index: 387833)
Failed to process relocation: 6570:1d3e (Invalid index: 387806)
Failed to process relocation: 6570:1d24 (Invalid index: 387780)
Failed to process relocation: 6570:1cec (Invalid index: 387724)
Failed to process relocation: 6570:1cdd (Invalid index: 387709)
Failed to process relocation: 6570:1cd8 (Invalid index: 387704)
Failed to process relocation: 6570:1ccf (Invalid index: 387695)
Failed to process relocation: 6570:1cc1 (Invalid index: 387681)
Failed to process relocation: 6570:1cbc (Invalid index: 387676)
Failed to process relocation: 6570:1cb3 (Invalid index: 387667)
Failed to process relocation: 6570:1cae (Invalid index: 387662)
Failed to process relocation: 6570:1ca6 (Invalid index: 387654)
Failed to process relocation: 6570:1c9e (Invalid index: 387646)
Failed to process relocation: 6570:1c95 (Invalid index: 387637)
Failed to process relocation: 6570:1c8d (Invalid index: 387629)
Failed to process relocation: 6570:1c85 (Invalid index: 387621)
Failed to process relocation: 6570:1c7c (Invalid index: 387612)
Failed to process relocation: 6570:1c73 (Invalid index: 387603)
Failed to process relocation: 6570:1c6b (Invalid index: 387595)
Failed to process relocation: 6570:1c62 (Invalid index: 387586)
Failed to process relocation: 6570:1c5d (Invalid index: 387581)
Failed to process relocation: 6570:1c55 (Invalid index: 387573)
Failed to process relocation: 6570:1c4d (Invalid index: 387565)
Failed to process relocation: 6570:1c44 (Invalid index: 387556)
Failed to process relocation: 6570:1c3c (Invalid index: 387548)
Failed to process relocation: 6570:1c34 (Invalid index: 387540)
Failed to process relocation: 6570:1c18 (Invalid index: 387512)
Failed to process relocation: 6570:2327 (Invalid index: 389319)
Failed to process relocation: 6570:2322 (Invalid index: 389314)
Failed to process relocation: 6570:2319 (Invalid index: 389305)
Failed to process relocation: 6570:230b (Invalid index: 389291)
Failed to process relocation: 6570:2306 (Invalid index: 389286)
Failed to process relocation: 6570:22fd (Invalid index: 389277)
Failed to process relocation: 6570:22ab (Invalid index: 389195)
Failed to process relocation: 6570:22a6 (Invalid index: 389190)
Failed to process relocation: 6570:229d (Invalid index: 389181)
Failed to process relocation: 6570:2292 (Invalid index: 389170)
Failed to process relocation: 6570:228d (Invalid index: 389165)
Failed to process relocation: 6570:2284 (Invalid index: 389156)
Failed to process relocation: 6570:2234 (Invalid index: 389076)
Failed to process relocation: 6570:222f (Invalid index: 389071)
Failed to process relocation: 6570:2226 (Invalid index: 389062)
Failed to process relocation: 6570:2218 (Invalid index: 389048)
Failed to process relocation: 6570:2213 (Invalid index: 389043)
Failed to process relocation: 6570:220a (Invalid index: 389034)
Failed to process relocation: 6570:21c0 (Invalid index: 388960)
Failed to process relocation: 6570:21bb (Invalid index: 388955)
Failed to process relocation: 6570:21b2 (Invalid index: 388946)
Failed to process relocation: 6570:21a7 (Invalid index: 388935)
Failed to process relocation: 6570:21a2 (Invalid index: 388930)
Failed to process relocation: 6570:2199 (Invalid index: 388921)
Failed to process relocation: 6570:2111 (Invalid index: 388785)
Failed to process relocation: 6570:2108 (Invalid index: 388776)
Failed to process relocation: 6570:20fe (Invalid index: 388766)
Failed to process relocation: 6570:20f9 (Invalid index: 388761)
Failed to process relocation: 6570:20f0 (Invalid index: 388752)
Failed to process relocation: 6570:20e6 (Invalid index: 388742)
Failed to process relocation: 6570:20e1 (Invalid index: 388737)
Failed to process relocation: 6570:205f (Invalid index: 388607)
Failed to process relocation: 6570:2056 (Invalid index: 388598)
Failed to process relocation: 6570:204c (Invalid index: 388588)
Failed to process relocation: 6570:2047 (Invalid index: 388583)
Failed to process relocation: 6570:203e (Invalid index: 388574)
Failed to process relocation: 6570:2034 (Invalid index: 388564)
Failed to process relocation: 6570:202f (Invalid index: 388559)
Failed to process relocation: 6570:1fc4 (Invalid index: 388452)
Failed to process relocation: 6570:26e3 (Invalid index: 390275)
Failed to process relocation: 6570:26ab (Invalid index: 390219)
Failed to process relocation: 6570:26a5 (Invalid index: 390213)
Failed to process relocation: 6570:265f (Invalid index: 390143)
Failed to process relocation: 6570:2648 (Invalid index: 390120)
Failed to process relocation: 6570:2623 (Invalid index: 390083)
Failed to process relocation: 6570:2608 (Invalid index: 390056)
Failed to process relocation: 6570:25f8 (Invalid index: 390040)
Failed to process relocation: 6570:25e8 (Invalid index: 390024)
Failed to process relocation: 6570:25d8 (Invalid index: 390008)
Failed to process relocation: 6570:25c8 (Invalid index: 389992)
Failed to process relocation: 6570:25b8 (Invalid index: 389976)
Failed to process relocation: 6570:25a8 (Invalid index: 389960)
Failed to process relocation: 6570:2598 (Invalid index: 389944)
Failed to process relocation: 6570:2588 (Invalid index: 389928)
Failed to process relocation: 6570:2573 (Invalid index: 389907)
Failed to process relocation: 6570:2559 (Invalid index: 389881)
Failed to process relocation: 6570:252c (Invalid index: 389836)
Failed to process relocation: 6570:2489 (Invalid index: 389673)
Failed to process relocation: 6570:2481 (Invalid index: 389665)
Failed to process relocation: 6570:2455 (Invalid index: 389621)
Failed to process relocation: 6570:244d (Invalid index: 389613)
Failed to process relocation: 6570:2424 (Invalid index: 389572)
Failed to process relocation: 6570:240f (Invalid index: 389551)
Failed to process relocation: 6570:2371 (Invalid index: 389393)
Failed to process relocation: 6570:287a (Invalid index: 390682)
Failed to process relocation: 6570:285a (Invalid index: 390650)
Failed to process relocation: 6570:282f (Invalid index: 390607)
 (ProgramLoader)  
INFO  IMPORTING: Loaded 0 additional files (HeadlessAnalyzer)  
INFO  REPORT: Execute script: MarkOverlayThunks 'pre' '3ab8'  (HeadlessAnalyzer)  
INFO  SCRIPT: C:\prog\jwcad\ghidra_scripts\MarkOverlayThunks.java (HeadlessAnalyzer)  
INFO  MarkOverlayThunks.java> cd 3f sites: 98 (GhidraScript)  
INFO  MarkOverlayThunks.java> overlay trap operands marked as data: 98 of 98 (GhidraScript)  
INFO  ANALYZING all memory and code: file:///C:/prog/jwcad/ovl/jw10.exe (HeadlessAnalyzer)  
ERROR Failed to create function at 28b3:0f86 since its body contains referring thunk at 28b3:0ee9 (CreateFunctionCmd)  
WARN  Decompiling 32b2:0d40, pcode error at 3000:5054: Unable to resolve constructor at 3000:5054 (DecompileCallback)  
WARN  Decompiling 1000:0a81, pcode error at 1000:0a6f: Unable to resolve constructor at 1000:0a6f (DecompileCallback)  
WARN  Decompiling 1000:0a81, pcode error at 1000:0a4b: Unable to resolve constructor at 1000:0a4b (DecompileCallback)  
WARN  Decompiling 1000:0a81, pcode error at 1000:0818: Unable to resolve constructor at 1000:0818 (DecompileCallback)  
WARN  Decompiling 12c1:097e, pcode error at 1000:5097: Unable to resolve constructor at 1000:5097 (DecompileCallback)  
WARN  Decompiling 32b2:1528: Unable to read bytes at ram:0000:7be2 (DecompileCallback)  
WARN  Decompiling 32b2:0d40, pcode error at 4000:39c2: Failed to resolve varnode <Sreg>, index=6 (DecompileCallback)  
WARN  Decompiling 32b2:0d40, pcode error at 4000:3a30: Failed to resolve varnode <Sreg>, index=6 (DecompileCallback)  
WARN  Decompiling 21f2:246e, pcode error at 2000:3158: Unable to resolve constructor at 2000:3158 (DecompileCallback)  
WARN  Decompiling 21f2:246e, pcode error at 2000:7191: Unable to resolve constructor at 2000:7191 (DecompileCallback)  
INFO  Packed database cache: C:\Users\yomei\AppData\Local\ghidra\packed-db-cache (PackedDatabaseCache)  
INFO  Applied data type archive: generic_clib (ApplyDataArchiveAnalyzer)  
INFO  -----------------------------------------------------
    ASCII Strings                              0.381 secs
    Apply Data Archives                        0.657 secs
    Call Convention ID                         0.002 secs
    Call-Fixup Installer                       0.012 secs
    Create Function                            0.574 secs
    Data Reference                             0.029 secs
    Decompiler Switch Analysis                71.358 secs
    Demangler GNU                              0.051 secs
    Disassemble                                2.304 secs
    Disassemble Entry Points                   0.210 secs
    Embedded Media                             0.021 secs
    External Entry References                  0.000 secs
    Function ID                                0.120 secs
    Function Start Search                      0.024 secs
    Non-Returning Functions - Discovered       0.415 secs
    Reference                                  0.038 secs
    Segmented X86 Calling Conventions          0.002 secs
    Shared Return Calls                        0.178 secs
    Stack                                      2.985 secs
    Subroutine References                      0.114 secs
    Subroutine References - One Time           0.000 secs
    X86 Function Callee Purge                  0.125 secs
    x86 Constant Reference Analyzer            1.632 secs
-----------------------------------------------------
     Total Time   81 secs
-----------------------------------------------------
 (AutoAnalysisManager)  
INFO  REPORT: Analysis succeeded for file: file:///C:/prog/jwcad/ovl/jw10.exe (HeadlessAnalyzer)  
INFO  REPORT: Execute script: MarkOverlayThunks 'post' '3ab8' 'C:\prog\jwcad\entries\10.txt' '10'  (HeadlessAnalyzer)  
INFO  SCRIPT: C:\prog\jwcad\ghidra_scripts\MarkOverlayThunks.java (HeadlessAnalyzer)  
INFO  MarkOverlayThunks.java> cd 3f sites: 98 (GhidraScript)  
INFO  MarkOverlayThunks.java> overlay traps given a fall-through: 98, references added: 0 (GhidraScript)  
INFO  MarkOverlayThunks.java> overlay entry points seeded: 3 (GhidraScript)  
INFO  REPORT: Execute script: DecompileAll 'C:\prog\jwcad\out\ovl10' '3ab8' '4375'  (HeadlessAnalyzer)  
INFO  SCRIPT: C:\prog\jwcad\ghidra_scripts\DecompileAll.java (HeadlessAnalyzer)  
WARN  Decompiling 3ab8:4c91, pcode error at 4000:39c2: Failed to resolve varnode <Sreg>, index=6 (DecompileCallback)  
WARN  Decompiling 3ab8:4c91, pcode error at 4000:3a30: Failed to resolve varnode <Sreg>, index=6 (DecompileCallback)  
WARN  Decompiling 3ab8:4fbd, pcode error at 4000:39c2: Failed to resolve varnode <Sreg>, index=6 (DecompileCallback)  
WARN  Decompiling 3ab8:4fbd, pcode error at 4000:3a30: Failed to resolve varnode <Sreg>, index=6 (DecompileCallback)  
WARN  Decompiling 3ab8:5089, pcode error at 4000:39c2: Failed to resolve varnode <Sreg>, index=6 (DecompileCallback)  
WARN  Decompiling 3ab8:5089, pcode error at 4000:3a30: Failed to resolve varnode <Sreg>, index=6 (DecompileCallback)  
WARN  Decompiling 3ab8:517f, pcode error at 4000:39c2: Failed to resolve varnode <Sreg>, index=6 (DecompileCallback)  
WARN  Decompiling 3ab8:517f, pcode error at 4000:3a30: Failed to resolve varnode <Sreg>, index=6 (DecompileCallback)  
WARN  Decompiling 3ab8:522f, pcode error at 4000:39c2: Failed to resolve varnode <Sreg>, index=6 (DecompileCallback)  
WARN  Decompiling 3ab8:522f, pcode error at 4000:3a30: Failed to resolve varnode <Sreg>, index=6 (DecompileCallback)  
INFO  DecompileAll.java> decompiled 11 functions, 0 failed (GhidraScript)  
INFO  ANALYZING changes made by post scripts: file:///C:/prog/jwcad/ovl/jw10.exe (HeadlessAnalyzer)  
INFO  REPORT: Post-analysis succeeded for file: file:///C:/prog/jwcad/ovl/jw10.exe (HeadlessAnalyzer)  
INFO  /jw10.exe: file created (yomei) (LocalFileSystem)  
INFO  REPORT: Save succeeded for: /jw10.exe (ovl10:/jw10.exe) (HeadlessAnalyzer)  
INFO  REPORT: Import succeeded (HeadlessAnalyzer)  
