INFO  Using log config file: jar:file:/C:/prog/ghidra/ghidra_12.1.3_PUBLIC/Ghidra/Framework/Generic/lib/Generic.jar!/generic.log4j.xml (LoggingInitialization)  
INFO  Using log file: C:\Users\yomei\AppData\Roaming\ghidra\ghidra_12.1.3_PUBLIC\application.log (LoggingInitialization)  
INFO  Loading user preferences: C:\Users\yomei\AppData\Roaming\ghidra\ghidra_12.1.3_PUBLIC\preferences (Preferences)  
INFO  Searching for classes... (ClassSearcher)  
INFO  Class search complete (1106 ms) (ClassSearcher)  
INFO  Initializing SSL Context (DefaultSSLContextInitializer)  
INFO  Initializing Random Number Generator... (SecureRandomFactory)  
INFO  Random Number Generator initialization complete: SHA1PRNG (SecureRandomFactory)  
INFO  Trust manager disabled, cacerts have not been set (DefaultTrustManagerFactory)  
INFO  Headless startup complete (10982 ms) (AnalyzeHeadless)  
INFO  Class searcher loaded 59 extension points (20 false positives) (ClassSearcher)  
INFO  HEADLESS Script Paths:
    C:\prog\ghidra\ghidra_12.1.3_PUBLIC\Ghidra\Debug\Debugger-rmi-trace\ghidra_scripts
    C:\prog\ghidra\ghidra_12.1.3_PUBLIC\Ghidra\Features\FileFormats\ghidra_scripts
    C:\prog\ghidra\ghidra_12.1.3_PUBLIC\Ghidra\Features\GnuDemangler\ghidra_scripts
    C:\prog\ghidra\ghidra_12.1.3_PUBLIC\Ghidra\Features\VersionTracking\ghidra_scripts
    C:\prog\ghidra\ghidra_12.1.3_PUBLIC\Ghidra\Debug\Debugger\ghidra_scripts
    C:\prog\ghidra\ghidra_12.1.3_PUBLIC\Ghidra\Processors\8051\ghidra_scripts
    C:\prog\ghidra\ghidra_12.1.3_PUBLIC\Ghidra\Features\BSim\ghidra_scripts
    C:\prog\ghidra\ghidra_12.1.3_PUBLIC\Ghidra\Features\WildcardAssembler\ghidra_scripts
    C:\prog\ghidra\ghidra_12.1.3_PUBLIC\Ghidra\Features\FunctionID\ghidra_scripts
    C:\prog\ghidra\ghidra_12.1.3_PUBLIC\Ghidra\Features\SystemEmulation\ghidra_scripts
    C:\prog\ghidra\ghidra_12.1.3_PUBLIC\Ghidra\Processors\PIC\ghidra_scripts
    C:\prog\ghidra\ghidra_12.1.3_PUBLIC\Ghidra\Features\PDB\ghidra_scripts
    C:\prog\ghidra\ghidra_12.1.3_PUBLIC\Ghidra\Features\DecompilerDependent\ghidra_scripts
    C:\prog\ghidra\ghidra_12.1.3_PUBLIC\Ghidra\Features\SwiftDemangler\ghidra_scripts
    C:\prog\ghidra\ghidra_12.1.3_PUBLIC\Ghidra\Features\MicrosoftCodeAnalyzer\ghidra_scripts
    C:\prog\ghidra\ghidra_12.1.3_PUBLIC\Ghidra\Processors\DATA\ghidra_scripts
    C:\prog\ghidra\ghidra_12.1.3_PUBLIC\Ghidra\Features\Decompiler\ghidra_scripts
    C:\prog\ghidra\ghidra_12.1.3_PUBLIC\Ghidra\Features\BytePatterns\ghidra_scripts
    C:\prog\ghidra\ghidra_12.1.3_PUBLIC\Ghidra\Features\PyGhidra\ghidra_scripts
    C:\prog\ghidra\ghidra_12.1.3_PUBLIC\Ghidra\Processors\Atmel\ghidra_scripts
    C:\prog\ghidra\ghidra_12.1.3_PUBLIC\Ghidra\Features\Base\ghidra_scripts
    C:\prog\jwcad\ghidra_scripts
    C:\prog\ghidra\ghidra_12.1.3_PUBLIC\Ghidra\Processors\JVM\ghidra_scripts (HeadlessAnalyzer)  
INFO  HEADLESS: execution starts (HeadlessAnalyzer)  
INFO  Creating temporary project: C:\prog\jwcad\proj\ovl06 (HeadlessAnalyzer)  
INFO  Creating project: C:\prog\jwcad\proj\ovl06 (DefaultProject)  
INFO  REPORT: Processing input files:  (HeadlessAnalyzer)  
INFO       project: C:\prog\jwcad\proj\ovl06 (HeadlessAnalyzer)  
INFO  IMPORTING: file:///C:/prog/jwcad/ovl/jw06.exe (HeadlessAnalyzer)  
INFO  Using Loader: Old-style DOS Executable (MZ) (ProgramLoader)  
INFO  Using Language/Compiler: x86:LE:16:Real Mode:default (ProgramLoader)  
INFO  Using Library Search Path: [., C:\Windows\SysWOW64, C:\prog\ghidra\jdk21\bin, C:\Windows\Sun\Java\bin, C:\Windows\system32, C:\Windows, C:\Program Files\Python312\Scripts\, C:\Program Files\Python312\, C:\Windows\System32\Wbem, C:\Windows\System32\WindowsPowerShell\v1.0\, C:\Windows\System32\OpenSSH\, C:\Program Files\Amazon\AWSCLIV2\, C:\ProgramData\chocolatey\bin, C:\ffmpeg, C:\Users\yomei\AppData\Local\Microsoft\WindowsApps] (ProgramLoader)  
INFO  Additional info:
There were too many messages to display.
646 messages have been truncated.

Loading file:///C:/prog/jwcad/ovl/jw06.exe?MD5=45ce5cf71345a6adcb75926e048408cc...
Failed to process relocation: 6570:03aa (Invalid index: 383578)
Failed to process relocation: 6570:038b (Invalid index: 383547)
Failed to process relocation: 6570:0336 (Invalid index: 383462)
Failed to process relocation: 6570:031b (Invalid index: 383435)
Failed to process relocation: 6570:030c (Invalid index: 383420)
Failed to process relocation: 6570:0283 (Invalid index: 383283)
Failed to process relocation: 6570:022e (Invalid index: 383198)
Failed to process relocation: 6570:0213 (Invalid index: 383171)
Failed to process relocation: 6570:0204 (Invalid index: 383156)
Failed to process relocation: 6570:01c7 (Invalid index: 383095)
Failed to process relocation: 6570:0180 (Invalid index: 383024)
Failed to process relocation: 6570:016d (Invalid index: 383005)
Failed to process relocation: 6570:014e (Invalid index: 382974)
Failed to process relocation: 6570:0145 (Invalid index: 382965)
Failed to process relocation: 6570:013b (Invalid index: 382955)
Failed to process relocation: 6570:0136 (Invalid index: 382950)
Failed to process relocation: 6570:012e (Invalid index: 382942)
Failed to process relocation: 6570:010b (Invalid index: 382907)
Failed to process relocation: 6570:00ea (Invalid index: 382874)
Failed to process relocation: 6570:00c4 (Invalid index: 382836)
Failed to process relocation: 6570:00ae (Invalid index: 382814)
Failed to process relocation: 6570:0094 (Invalid index: 382788)
Failed to process relocation: 6570:008b (Invalid index: 382779)
Failed to process relocation: 6570:0084 (Invalid index: 382772)
Failed to process relocation: 6570:0059 (Invalid index: 382729)
Failed to process relocation: 6570:0046 (Invalid index: 382710)
Failed to process relocation: 6570:0034 (Invalid index: 382692)
Failed to process relocation: 6570:0014 (Invalid index: 382660)
Failed to process relocation: 6570:0008 (Invalid index: 382648)
Failed to process relocation: 6570:0759 (Invalid index: 384521)
Failed to process relocation: 6570:074c (Invalid index: 384508)
Failed to process relocation: 6570:071d (Invalid index: 384461)
Failed to process relocation: 6570:0709 (Invalid index: 384441)
Failed to process relocation: 6570:06f8 (Invalid index: 384424)
Failed to process relocation: 6570:06d2 (Invalid index: 384386)
Failed to process relocation: 6570:06c2 (Invalid index: 384370)
Failed to process relocation: 6570:0699 (Invalid index: 384329)
Failed to process relocation: 6570:0687 (Invalid index: 384311)
Failed to process relocation: 6570:0675 (Invalid index: 384293)
Failed to process relocation: 6570:0661 (Invalid index: 384273)
Failed to process relocation: 6570:064d (Invalid index: 384253)
Failed to process relocation: 6570:063c (Invalid index: 384236)
Failed to process relocation: 6570:0608 (Invalid index: 384184)
Failed to process relocation: 6570:05ec (Invalid index: 384156)
Failed to process relocation: 6570:05ad (Invalid index: 384093)
Failed to process relocation: 6570:058c (Invalid index: 384060)
Failed to process relocation: 6570:055b (Invalid index: 384011)
Failed to process relocation: 6570:0540 (Invalid index: 383984)
Failed to process relocation: 6570:0531 (Invalid index: 383969)
Failed to process relocation: 6570:04c9 (Invalid index: 383865)
Failed to process relocation: 6570:049b (Invalid index: 383819)
Failed to process relocation: 6570:0483 (Invalid index: 383795)
Failed to process relocation: 6570:047b (Invalid index: 383787)
Failed to process relocation: 6570:0476 (Invalid index: 383782)
Failed to process relocation: 6570:045d (Invalid index: 383757)
Failed to process relocation: 6570:0458 (Invalid index: 383752)
Failed to process relocation: 6570:043f (Invalid index: 383727)
Failed to process relocation: 6570:0420 (Invalid index: 383696)
Failed to process relocation: 6570:03fe (Invalid index: 383662)
Failed to process relocation: 6570:0b56 (Invalid index: 385542)
Failed to process relocation: 6570:0b47 (Invalid index: 385527)
Failed to process relocation: 6570:0ad0 (Invalid index: 385408)
Failed to process relocation: 6570:0aaa (Invalid index: 385370)
Failed to process relocation: 6570:0a7c (Invalid index: 385324)
Failed to process relocation: 6570:0a55 (Invalid index: 385285)
Failed to process relocation: 6570:0a2b (Invalid index: 385243)
Failed to process relocation: 6570:0a01 (Invalid index: 385201)
Failed to process relocation: 6570:09dd (Invalid index: 385165)
Failed to process relocation: 6570:09b9 (Invalid index: 385129)
Failed to process relocation: 6570:09af (Invalid index: 385119)
Failed to process relocation: 6570:0998 (Invalid index: 385096)
Failed to process relocation: 6570:096e (Invalid index: 385054)
Failed to process relocation: 6570:0953 (Invalid index: 385027)
Failed to process relocation: 6570:0943 (Invalid index: 385011)
Failed to process relocation: 6570:0920 (Invalid index: 384976)
Failed to process relocation: 6570:08e9 (Invalid index: 384921)
Failed to process relocation: 6570:0896 (Invalid index: 384838)
Failed to process relocation: 6570:087e (Invalid index: 384814)
Failed to process relocation: 6570:0859 (Invalid index: 384777)
Failed to process relocation: 6570:083e (Invalid index: 384750)
Failed to process relocation: 6570:082e (Invalid index: 384734)
Failed to process relocation: 6570:0812 (Invalid index: 384706)
Failed to process relocation: 6570:0806 (Invalid index: 384694)
Failed to process relocation: 6570:07ee (Invalid index: 384670)
Failed to process relocation: 6570:07db (Invalid index: 384651)
Failed to process relocation: 6570:07be (Invalid index: 384622)
Failed to process relocation: 6570:0eee (Invalid index: 386462)
Failed to process relocation: 6570:0eda (Invalid index: 386442)
Failed to process relocation: 6570:0ea5 (Invalid index: 386389)
Failed to process relocation: 6570:0e94 (Invalid index: 386372)
Failed to process relocation: 6570:0e7f (Invalid index: 386351)
Failed to process relocation: 6570:0e78 (Invalid index: 386344)
Failed to process relocation: 6570:0e55 (Invalid index: 386309)
Failed to process relocation: 6570:0e42 (Invalid index: 386290)
Failed to process relocation: 6570:0df6 (Invalid index: 386214)
Failed to process relocation: 6570:0dea (Invalid index: 386202)
Failed to process relocation: 6570:0dd4 (Invalid index: 386180)
Failed to process relocation: 6570:0dca (Invalid index: 386170)
Failed to process relocation: 6570:0dc0 (Invalid index: 386160)
Failed to process relocation: 6570:0db7 (Invalid index: 386151)
Failed to process relocation: 6570:0dac (Invalid index: 386140)
Failed to process relocation: 6570:0d96 (Invalid index: 386118)
Failed to process relocation: 6570:0d79 (Invalid index: 386089)
Failed to process relocation: 6570:0d67 (Invalid index: 386071)
Failed to process relocation: 6570:0d5b (Invalid index: 386059)
Failed to process relocation: 6570:0d19 (Invalid index: 385993)
Failed to process relocation: 6570:0cd2 (Invalid index: 385922)
Failed to process relocation: 6570:0cb3 (Invalid index: 385891)
Failed to process relocation: 6570:0c89 (Invalid index: 385849)
Failed to process relocation: 6570:0c66 (Invalid index: 385814)
Failed to process relocation: 6570:0c3f (Invalid index: 385775)
Failed to process relocation: 6570:0c1a (Invalid index: 385738)
Failed to process relocation: 6570:0bfb (Invalid index: 385707)
Failed to process relocation: 6570:0bd5 (Invalid index: 385669)
Failed to process relocation: 6570:0bb1 (Invalid index: 385633)
Failed to process relocation: 6570:12a7 (Invalid index: 387415)
Failed to process relocation: 6570:127d (Invalid index: 387373)
Failed to process relocation: 6570:1263 (Invalid index: 387347)
Failed to process relocation: 6570:124e (Invalid index: 387326)
Failed to process relocation: 6570:1235 (Invalid index: 387301)
Failed to process relocation: 6570:1205 (Invalid index: 387253)
Failed to process relocation: 6570:11f3 (Invalid index: 387235)
Failed to process relocation: 6570:11d1 (Invalid index: 387201)
Failed to process relocation: 6570:1195 (Invalid index: 387141)
Failed to process relocation: 6570:1168 (Invalid index: 387096)
Failed to process relocation: 6570:114c (Invalid index: 387068)
Failed to process relocation: 6570:1138 (Invalid index: 387048)
Failed to process relocation: 6570:111c (Invalid index: 387020)
Failed to process relocation: 6570:10fa (Invalid index: 386986)
Failed to process relocation: 6570:10de (Invalid index: 386958)
Failed to process relocation: 6570:10c8 (Invalid index: 386936)
Failed to process relocation: 6570:10a0 (Invalid index: 386896)
Failed to process relocation: 6570:107c (Invalid index: 386860)
Failed to process relocation: 6570:1053 (Invalid index: 386819)
Failed to process relocation: 6570:103a (Invalid index: 386794)
Failed to process relocation: 6570:1032 (Invalid index: 386786)
Failed to process relocation: 6570:0fec (Invalid index: 386716)
Failed to process relocation: 6570:0f93 (Invalid index: 386627)
Failed to process relocation: 6570:0f70 (Invalid index: 386592)
Failed to process relocation: 6570:0f5d (Invalid index: 386573)
Failed to process relocation: 6570:0f43 (Invalid index: 386547)
Failed to process relocation: 6570:0f2a (Invalid index: 386522)
Failed to process relocation: 6570:0f1a (Invalid index: 386506)
Failed to process relocation: 6570:15cd (Invalid index: 388221)
Failed to process relocation: 6570:1556 (Invalid index: 388102)
Failed to process relocation: 6570:1509 (Invalid index: 388025)
Failed to process relocation: 6570:14ec (Invalid index: 387996)
Failed to process relocation: 6570:145a (Invalid index: 387850)
Failed to process relocation: 6570:1442 (Invalid index: 387826)
Failed to process relocation: 6570:1417 (Invalid index: 387783)
Failed to process relocation: 6570:1402 (Invalid index: 387762)
Failed to process relocation: 6570:13f2 (Invalid index: 387746)
Failed to process relocation: 6570:13e2 (Invalid index: 387730)
Failed to process relocation: 6570:13cb (Invalid index: 387707)
Failed to process relocation: 6570:13b2 (Invalid index: 387682)
Failed to process relocation: 6570:13a2 (Invalid index: 387666)
Failed to process relocation: 6570:138e (Invalid index: 387646)
Failed to process relocation: 6570:1381 (Invalid index: 387633)
Failed to process relocation: 6570:133d (Invalid index: 387565)
Failed to process relocation: 6570:131a (Invalid index: 387530)
Failed to process relocation: 6570:12ff (Invalid index: 387503)
Failed to process relocation: 6570:12ea (Invalid index: 387482)
Failed to process relocation: 6570:12cf (Invalid index: 387455)
Failed to process relocation: 6570:1a12 (Invalid index: 389314)
Failed to process relocation: 6570:19f9 (Invalid index: 389289)
Failed to process relocation: 6570:19e0 (Invalid index: 389264)
Failed to process relocation: 6570:19c7 (Invalid index: 389239)
Failed to process relocation: 6570:19af (Invalid index: 389215)
Failed to process relocation: 6570:1991 (Invalid index: 389185)
Failed to process relocation: 6570:197f (Invalid index: 389167)
Failed to process relocation: 6570:1963 (Invalid index: 389139)
Failed to process relocation: 6570:1951 (Invalid index: 389121)
Failed to process relocation: 6570:1939 (Invalid index: 389097)
Failed to process relocation: 6570:1921 (Invalid index: 389073)
Failed to process relocation: 6570:1908 (Invalid index: 389048)
Failed to process relocation: 6570:18ef (Invalid index: 389023)
Failed to process relocation: 6570:18e2 (Invalid index: 389010)
Failed to process relocation: 6570:18ba (Invalid index: 388970)
Failed to process relocation: 6570:186b (Invalid index: 388891)
Failed to process relocation: 6570:185c (Invalid index: 388876)
Failed to process relocation: 6570:1819 (Invalid index: 388809)
Failed to process relocation: 6570:17c1 (Invalid index: 388721)
Failed to process relocation: 6570:16e4 (Invalid index: 388500)
Failed to process relocation: 6570:1d59 (Invalid index: 390153)
Failed to process relocation: 6570:1d43 (Invalid index: 390131)
Failed to process relocation: 6570:1cc8 (Invalid index: 390008)
Failed to process relocation: 6570:1cb4 (Invalid index: 389988)
Failed to process relocation: 6570:1ca9 (Invalid index: 389977)
Failed to process relocation: 6570:1c9c (Invalid index: 389964)
Failed to process relocation: 6570:1c86 (Invalid index: 389942)
Failed to process relocation: 6570:1c77 (Invalid index: 389927)
Failed to process relocation: 6570:1c60 (Invalid index: 389904)
Failed to process relocation: 6570:1c44 (Invalid index: 389876)
Failed to process relocation: 6570:1c27 (Invalid index: 389847)
Failed to process relocation: 6570:1c12 (Invalid index: 389826)
Failed to process relocation: 6570:1b9f (Invalid index: 389711)
Failed to process relocation: 6570:1b8a (Invalid index: 389690)
Failed to process relocation: 6570:1b51 (Invalid index: 389633)
Failed to process relocation: 6570:1b3b (Invalid index: 389611)
Failed to process relocation: 6570:1b26 (Invalid index: 389590)
Failed to process relocation: 6570:1b00 (Invalid index: 389552)
Failed to process relocation: 6570:1aea (Invalid index: 389530)
Failed to process relocation: 6570:1a9b (Invalid index: 389451)
Failed to process relocation: 6570:1a6d (Invalid index: 389405)
Failed to process relocation: 6570:1a56 (Invalid index: 389382)
Failed to process relocation: 6570:1a44 (Invalid index: 389364)
Failed to process relocation: 6570:1a2b (Invalid index: 389339)
Failed to process relocation: 6570:216f (Invalid index: 391199)
Failed to process relocation: 6570:215f (Invalid index: 391183)
Failed to process relocation: 6570:214e (Invalid index: 391166)
Failed to process relocation: 6570:213e (Invalid index: 391150)
Failed to process relocation: 6570:212e (Invalid index: 391134)
Failed to process relocation: 6570:211c (Invalid index: 391116)
Failed to process relocation: 6570:2104 (Invalid index: 391092)
Failed to process relocation: 6570:20f4 (Invalid index: 391076)
Failed to process relocation: 6570:20e4 (Invalid index: 391060)
Failed to process relocation: 6570:20d4 (Invalid index: 391044)
Failed to process relocation: 6570:20c3 (Invalid index: 391027)
Failed to process relocation: 6570:20a9 (Invalid index: 391001)
Failed to process relocation: 6570:2078 (Invalid index: 390952)
Failed to process relocation: 6570:2044 (Invalid index: 390900)
Failed to process relocation: 6570:2034 (Invalid index: 390884)
Failed to process relocation: 6570:2017 (Invalid index: 390855)
Failed to process relocation: 6570:2007 (Invalid index: 390839)
Failed to process relocation: 6570:1ff7 (Invalid index: 390823)
Failed to process relocation: 6570:1fd8 (Invalid index: 390792)
Failed to process relocation: 6570:1fba (Invalid index: 390762)
Failed to process relocation: 6570:1fb5 (Invalid index: 390757)
Failed to process relocation: 6570:1fb0 (Invalid index: 390752)
Failed to process relocation: 6570:1f7d (Invalid index: 390701)
Failed to process relocation: 6570:1f6d (Invalid index: 390685)
Failed to process relocation: 6570:1f5c (Invalid index: 390668)
Failed to process relocation: 6570:1e9a (Invalid index: 390474)
Failed to process relocation: 6570:1e8a (Invalid index: 390458)
Failed to process relocation: 6570:1e78 (Invalid index: 390440)
Failed to process relocation: 6570:1e1c (Invalid index: 390348)
Failed to process relocation: 6570:2528 (Invalid index: 392152)
Failed to process relocation: 6570:2519 (Invalid index: 392137)
Failed to process relocation: 6570:2501 (Invalid index: 392113)
Failed to process relocation: 6570:24f2 (Invalid index: 392098)
Failed to process relocation: 6570:24e5 (Invalid index: 392085)
Failed to process relocation: 6570:24bc (Invalid index: 392044)
Failed to process relocation: 6570:24a6 (Invalid index: 392022)
Failed to process relocation: 6570:248e (Invalid index: 391998)
Failed to process relocation: 6570:2470 (Invalid index: 391968)
Failed to process relocation: 6570:2469 (Invalid index: 391961)
Failed to process relocation: 6570:245c (Invalid index: 391948)
Failed to process relocation: 6570:2455 (Invalid index: 391941)
Failed to process relocation: 6570:2427 (Invalid index: 391895)
Failed to process relocation: 6570:2414 (Invalid index: 391876)
Failed to process relocation: 6570:2407 (Invalid index: 391863)
Failed to process relocation: 6570:238b (Invalid index: 391739)
Failed to process relocation: 6570:236c (Invalid index: 391708)
Failed to process relocation: 6570:22fc (Invalid index: 391596)
Failed to process relocation: 6570:22a0 (Invalid index: 391504)
Failed to process relocation: 6570:21a6 (Invalid index: 391254)
Failed to process relocation: 6570:28c9 (Invalid index: 393081)
Failed to process relocation: 6570:28b2 (Invalid index: 393058)
Failed to process relocation: 6570:289b (Invalid index: 393035)
Failed to process relocation: 6570:2884 (Invalid index: 393012)
Failed to process relocation: 6570:2863 (Invalid index: 392979)
Failed to process relocation: 6570:283d (Invalid index: 392941)
Failed to process relocation: 6570:282b (Invalid index: 392923)
Failed to process relocation: 6570:280d (Invalid index: 392893)
Failed to process relocation: 6570:2807 (Invalid index: 392887)
Failed to process relocation: 6570:27fe (Invalid index: 392878)
Failed to process relocation: 6570:27c2 (Invalid index: 392818)
Failed to process relocation: 6570:27a0 (Invalid index: 392784)
Failed to process relocation: 6570:278f (Invalid index: 392767)
Failed to process relocation: 6570:2756 (Invalid index: 392710)
Failed to process relocation: 6570:2728 (Invalid index: 392664)
Failed to process relocation: 6570:26f2 (Invalid index: 392610)
Failed to process relocation: 6570:26e0 (Invalid index: 392592)
Failed to process relocation: 6570:26c2 (Invalid index: 392562)
Failed to process relocation: 6570:26bc (Invalid index: 392556)
Failed to process relocation: 6570:26b3 (Invalid index: 392547)
Failed to process relocation: 6570:2617 (Invalid index: 392391)
Failed to process relocation: 6570:25e6 (Invalid index: 392342)
Failed to process relocation: 6570:25d1 (Invalid index: 392321)
Failed to process relocation: 6570:25c1 (Invalid index: 392305)
Failed to process relocation: 6570:25a3 (Invalid index: 392275)
Failed to process relocation: 6570:259c (Invalid index: 392268)
Failed to process relocation: 6570:258f (Invalid index: 392255)
Failed to process relocation: 6570:2588 (Invalid index: 392248)
Failed to process relocation: 6570:2574 (Invalid index: 392228)
Failed to process relocation: 6570:2551 (Invalid index: 392193)
Failed to process relocation: 6570:253b (Invalid index: 392171)
Failed to process relocation: 6570:2c90 (Invalid index: 394048)
Failed to process relocation: 6570:2c7e (Invalid index: 394030)
Failed to process relocation: 6570:2c72 (Invalid index: 394018)
Failed to process relocation: 6570:2c6a (Invalid index: 394010)
Failed to process relocation: 6570:2c4a (Invalid index: 393978)
Failed to process relocation: 6570:2c32 (Invalid index: 393954)
Failed to process relocation: 6570:2c2b (Invalid index: 393947)
Failed to process relocation: 6570:2c14 (Invalid index: 393924)
Failed to process relocation: 6570:2c04 (Invalid index: 393908)
Failed to process relocation: 6570:295b (Invalid index: 393227)
Failed to process relocation: 6570:294f (Invalid index: 393215)
Failed to process relocation: 6570:2948 (Invalid index: 393208)
Failed to process relocation: 6570:292e (Invalid index: 393182)
Failed to process relocation: 6570:28f4 (Invalid index: 393124)
Failed to process relocation: 6570:303d (Invalid index: 394989)
Failed to process relocation: 6570:301f (Invalid index: 394959)
Failed to process relocation: 6570:2ff9 (Invalid index: 394921)
Failed to process relocation: 6570:2fdd (Invalid index: 394893)
Failed to process relocation: 6570:2fc8 (Invalid index: 394872)
Failed to process relocation: 6570:2fc3 (Invalid index: 394867)
Failed to process relocation: 6570:2fbe (Invalid index: 394862)
Failed to process relocation: 6570:2fa9 (Invalid index: 394841)
Failed to process relocation: 6570:2f8a (Invalid index: 394810)
Failed to process relocation: 6570:2f81 (Invalid index: 394801)
Failed to process relocation: 6570:2f79 (Invalid index: 394793)
Failed to process relocation: 6570:2f64 (Invalid index: 394772)
Failed to process relocation: 6570:2f0d (Invalid index: 394685)
Failed to process relocation: 6570:2efe (Invalid index: 394670)
Failed to process relocation: 6570:2ee3 (Invalid index: 394643)
Failed to process relocation: 6570:2ece (Invalid index: 394622)
Failed to process relocation: 6570:2eba (Invalid index: 394602)
Failed to process relocation: 6570:2ea5 (Invalid index: 394581)
Failed to process relocation: 6570:2e91 (Invalid index: 394561)
Failed to process relocation: 6570:2e6b (Invalid index: 394523)
Failed to process relocation: 6570:2e56 (Invalid index: 394502)
Failed to process relocation: 6570:2e39 (Invalid index: 394473)
Failed to process relocation: 6570:2e33 (Invalid index: 394467)
Failed to process relocation: 6570:2e28 (Invalid index: 394456)
Failed to process relocation: 6570:2dfd (Invalid index: 394413)
Failed to process relocation: 6570:2de7 (Invalid index: 394391)
Failed to process relocation: 6570:2dd5 (Invalid index: 394373)
Failed to process relocation: 6570:2dba (Invalid index: 394346)
Failed to process relocation: 6570:2d98 (Invalid index: 394312)
Failed to process relocation: 6570:2d6c (Invalid index: 394268)
Failed to process relocation: 6570:2d64 (Invalid index: 394260)
Failed to process relocation: 6570:2d39 (Invalid index: 394217)
Failed to process relocation: 6570:2d23 (Invalid index: 394195)
Failed to process relocation: 6570:2d11 (Invalid index: 394177)
Failed to process relocation: 6570:2cf6 (Invalid index: 394150)
Failed to process relocation: 6570:2cd4 (Invalid index: 394116)
Failed to process relocation: 6570:2ca7 (Invalid index: 394071)
Failed to process relocation: 6570:2c9f (Invalid index: 394063)
Failed to process relocation: 6570:2c99 (Invalid index: 394057)
Failed to process relocation: 6570:3229 (Invalid index: 395481)
Failed to process relocation: 6570:3217 (Invalid index: 395463)
Failed to process relocation: 6570:3207 (Invalid index: 395447)
Failed to process relocation: 6570:31ee (Invalid index: 395422)
Failed to process relocation: 6570:31de (Invalid index: 395406)
Failed to process relocation: 6570:31cd (Invalid index: 395389)
Failed to process relocation: 6570:31bd (Invalid index: 395373)
Failed to process relocation: 6570:31a3 (Invalid index: 395347)
Failed to process relocation: 6570:3170 (Invalid index: 395296)
Failed to process relocation: 6570:3167 (Invalid index: 395287)
Failed to process relocation: 6570:3145 (Invalid index: 395253)
Failed to process relocation: 6570:310f (Invalid index: 395199)
Failed to process relocation: 6570:30db (Invalid index: 395147)
Failed to process relocation: 6570:30b7 (Invalid index: 395111)
Failed to process relocation: 6570:3083 (Invalid index: 395059)
Failed to process relocation: 6570:3072 (Invalid index: 395042)
Failed to process relocation: 6570:306d (Invalid index: 395037)
Failed to process relocation: 6570:3067 (Invalid index: 395031)
Failed to process relocation: 6570:3059 (Invalid index: 395017)
Failed to process relocation: 6570:3054 (Invalid index: 395012)
Failed to process relocation: 6570:3045 (Invalid index: 394997)
Failed to process relocation: 6570:35dc (Invalid index: 396428)
Failed to process relocation: 6570:35d2 (Invalid index: 396418)
Failed to process relocation: 6570:35cd (Invalid index: 396413)
Failed to process relocation: 6570:35c4 (Invalid index: 396404)
Failed to process relocation: 6570:35ba (Invalid index: 396394)
Failed to process relocation: 6570:35b5 (Invalid index: 396389)
Failed to process relocation: 6570:35ac (Invalid index: 396380)
Failed to process relocation: 6570:35a2 (Invalid index: 396370)
Failed to process relocation: 6570:359d (Invalid index: 396365)
Failed to process relocation: 6570:3578 (Invalid index: 396328)
Failed to process relocation: 6570:353f (Invalid index: 396271)
Failed to process relocation: 6570:3535 (Invalid index: 396261)
Failed to process relocation: 6570:3530 (Invalid index: 396256)
Failed to process relocation: 6570:3517 (Invalid index: 396231)
Failed to process relocation: 6570:350d (Invalid index: 396221)
Failed to process relocation: 6570:3508 (Invalid index: 396216)
Failed to process relocation: 6570:34ff (Invalid index: 396207)
Failed to process relocation: 6570:34f5 (Invalid index: 396197)
Failed to process relocation: 6570:34f0 (Invalid index: 396192)
Failed to process relocation: 6570:34e7 (Invalid index: 396183)
Failed to process relocation: 6570:34dd (Invalid index: 396173)
Failed to process relocation: 6570:34d8 (Invalid index: 396168)
Failed to process relocation: 6570:34cf (Invalid index: 396159)
Failed to process relocation: 6570:34c5 (Invalid index: 396149)
Failed to process relocation: 6570:34c0 (Invalid index: 396144)
Failed to process relocation: 6570:348f (Invalid index: 396095)
Failed to process relocation: 6570:3485 (Invalid index: 396085)
Failed to process relocation: 6570:3480 (Invalid index: 396080)
Failed to process relocation: 6570:3477 (Invalid index: 396071)
Failed to process relocation: 6570:346d (Invalid index: 396061)
Failed to process relocation: 6570:3468 (Invalid index: 396056)
Failed to process relocation: 6570:345f (Invalid index: 396047)
Failed to process relocation: 6570:3455 (Invalid index: 396037)
Failed to process relocation: 6570:3450 (Invalid index: 396032)
Failed to process relocation: 6570:3447 (Invalid index: 396023)
Failed to process relocation: 6570:343d (Invalid index: 396013)
Failed to process relocation: 6570:3438 (Invalid index: 396008)
Failed to process relocation: 6570:33f4 (Invalid index: 395940)
Failed to process relocation: 6570:33b3 (Invalid index: 395875)
Failed to process relocation: 6570:33ae (Invalid index: 395870)
Failed to process relocation: 6570:33a9 (Invalid index: 395865)
Failed to process relocation: 6570:3399 (Invalid index: 395849)
Failed to process relocation: 6570:3384 (Invalid index: 395828)
Failed to process relocation: 6570:3356 (Invalid index: 395782)
Failed to process relocation: 6570:3346 (Invalid index: 395766)
Failed to process relocation: 6570:3332 (Invalid index: 395746)
Failed to process relocation: 6570:3321 (Invalid index: 395729)
Failed to process relocation: 6570:3318 (Invalid index: 395720)
Failed to process relocation: 6570:330d (Invalid index: 395709)
Failed to process relocation: 6570:32ff (Invalid index: 395695)
Failed to process relocation: 6570:32f0 (Invalid index: 395680)
Failed to process relocation: 6570:32db (Invalid index: 395659)
Failed to process relocation: 6570:32cb (Invalid index: 395643)
Failed to process relocation: 6570:32bb (Invalid index: 395627)
Failed to process relocation: 6570:32b4 (Invalid index: 395620)
Failed to process relocation: 6570:32a5 (Invalid index: 395605)
Failed to process relocation: 6570:3296 (Invalid index: 395590)
Failed to process relocation: 6570:327d (Invalid index: 395565)
Failed to process relocation: 6570:326f (Invalid index: 395551)
Failed to process relocation: 6570:3260 (Invalid index: 395536)
Failed to process relocation: 6570:3251 (Invalid index: 395521)
Failed to process relocation: 6570:3239 (Invalid index: 395497)
Failed to process relocation: 6570:390e (Invalid index: 397246)
Failed to process relocation: 6570:3909 (Invalid index: 397241)
Failed to process relocation: 6570:38d2 (Invalid index: 397186)
Failed to process relocation: 6570:38c5 (Invalid index: 397173)
Failed to process relocation: 6570:38bb (Invalid index: 397163)
Failed to process relocation: 6570:38b6 (Invalid index: 397158)
Failed to process relocation: 6570:38ad (Invalid index: 397149)
Failed to process relocation: 6570:38a3 (Invalid index: 397139)
Failed to process relocation: 6570:389e (Invalid index: 397134)
Failed to process relocation: 6570:3895 (Invalid index: 397125)
Failed to process relocation: 6570:388b (Invalid index: 397115)
Failed to process relocation: 6570:3886 (Invalid index: 397110)
Failed to process relocation: 6570:387d (Invalid index: 397101)
Failed to process relocation: 6570:3873 (Invalid index: 397091)
Failed to process relocation: 6570:386e (Invalid index: 397086)
Failed to process relocation: 6570:384d (Invalid index: 397053)
Failed to process relocation: 6570:3843 (Invalid index: 397043)
Failed to process relocation: 6570:383e (Invalid index: 397038)
Failed to process relocation: 6570:3835 (Invalid index: 397029)
Failed to process relocation: 6570:382b (Invalid index: 397019)
Failed to process relocation: 6570:3826 (Invalid index: 397014)
Failed to process relocation: 6570:381d (Invalid index: 397005)
Failed to process relocation: 6570:3813 (Invalid index: 396995)
Failed to process relocation: 6570:380e (Invalid index: 396990)
Failed to process relocation: 6570:3805 (Invalid index: 396981)
Failed to process relocation: 6570:37fb (Invalid index: 396971)
Failed to process relocation: 6570:37f6 (Invalid index: 396966)
Failed to process relocation: 6570:37ed (Invalid index: 396957)
Failed to process relocation: 6570:37e3 (Invalid index: 396947)
Failed to process relocation: 6570:37de (Invalid index: 396942)
Failed to process relocation: 6570:37d5 (Invalid index: 396933)
Failed to process relocation: 6570:37cb (Invalid index: 396923)
Failed to process relocation: 6570:37c6 (Invalid index: 396918)
Failed to process relocation: 6570:3751 (Invalid index: 396801)
Failed to process relocation: 6570:3747 (Invalid index: 396791)
Failed to process relocation: 6570:3742 (Invalid index: 396786)
Failed to process relocation: 6570:3739 (Invalid index: 396777)
Failed to process relocation: 6570:372f (Invalid index: 396767)
Failed to process relocation: 6570:372a (Invalid index: 396762)
Failed to process relocation: 6570:3721 (Invalid index: 396753)
Failed to process relocation: 6570:3717 (Invalid index: 396743)
Failed to process relocation: 6570:3712 (Invalid index: 396738)
Failed to process relocation: 6570:36e6 (Invalid index: 396694)
Failed to process relocation: 6570:36a8 (Invalid index: 396632)
Failed to process relocation: 6570:36a3 (Invalid index: 396627)
Failed to process relocation: 6570:369a (Invalid index: 396618)
Failed to process relocation: 6570:3695 (Invalid index: 396613)
Failed to process relocation: 6570:367c (Invalid index: 396588)
Failed to process relocation: 6570:3672 (Invalid index: 396578)
Failed to process relocation: 6570:366d (Invalid index: 396573)
Failed to process relocation: 6570:3664 (Invalid index: 396564)
Failed to process relocation: 6570:365a (Invalid index: 396554)
Failed to process relocation: 6570:3655 (Invalid index: 396549)
Failed to process relocation: 6570:364c (Invalid index: 396540)
Failed to process relocation: 6570:3642 (Invalid index: 396530)
Failed to process relocation: 6570:363d (Invalid index: 396525)
Failed to process relocation: 6570:3634 (Invalid index: 396516)
Failed to process relocation: 6570:362a (Invalid index: 396506)
Failed to process relocation: 6570:3625 (Invalid index: 396501)
Failed to process relocation: 6570:35f4 (Invalid index: 396452)
Failed to process relocation: 6570:35ea (Invalid index: 396442)
Failed to process relocation: 6570:35e5 (Invalid index: 396437)
Failed to process relocation: 6570:3cbb (Invalid index: 398187)
Failed to process relocation: 6570:3c93 (Invalid index: 398147)
Failed to process relocation: 6570:3c5b (Invalid index: 398091)
Failed to process relocation: 6570:3c4a (Invalid index: 398074)
Failed to process relocation: 6570:3c0e (Invalid index: 398014)
Failed to process relocation: 6570:3b91 (Invalid index: 397889)
Failed to process relocation: 6570:3b8c (Invalid index: 397884)
Failed to process relocation: 6570:3b83 (Invalid index: 397875)
Failed to process relocation: 6570:3b7e (Invalid index: 397870)
Failed to process relocation: 6570:3aee (Invalid index: 397726)
Failed to process relocation: 6570:3ad1 (Invalid index: 397697)
Failed to process relocation: 6570:3ac7 (Invalid index: 397687)
Failed to process relocation: 6570:3ac2 (Invalid index: 397682)
Failed to process relocation: 6570:3ab9 (Invalid index: 397673)
 (ProgramLoader)  
INFO  IMPORTING: Loaded 0 additional files (HeadlessAnalyzer)  
INFO  REPORT: Execute script: MarkOverlayThunks 'pre' '3ab8'  (HeadlessAnalyzer)  
INFO  SCRIPT: C:\prog\jwcad\ghidra_scripts\MarkOverlayThunks.java (HeadlessAnalyzer)  
INFO  MarkOverlayThunks.java> cd 3f sites: 124 (GhidraScript)  
INFO  MarkOverlayThunks.java> overlay trap operands marked as data: 124 of 124 (GhidraScript)  
INFO  ANALYZING all memory and code: file:///C:/prog/jwcad/ovl/jw06.exe (HeadlessAnalyzer)  
ERROR Failed to create function at 28b3:0f86 since its body contains referring thunk at 28b3:0ee9 (CreateFunctionCmd)  
WARN  Decompiling 12c1:097e, pcode error at 1000:5097: Unable to resolve constructor at 1000:5097 (DecompileCallback)  
WARN  Decompiling 32b2:0d40, pcode error at 3000:5054: Unable to resolve constructor at 3000:5054 (DecompileCallback)  
WARN  Decompiling 32b2:0d40, pcode error at 3000:018e: Unable to resolve constructor at 3000:018e (DecompileCallback)  
WARN  Decompiling 32b2:1528: Unable to read bytes at ram:0000:7be2 (DecompileCallback)  
WARN  Decompiling 1000:0a81, pcode error at 1000:0a6f: Unable to resolve constructor at 1000:0a6f (DecompileCallback)  
WARN  Decompiling 1000:0a81, pcode error at 1000:0a4b: Unable to resolve constructor at 1000:0a4b (DecompileCallback)  
WARN  Decompiling 1000:0a81, pcode error at 1000:0818: Unable to resolve constructor at 1000:0818 (DecompileCallback)  
WARN  Decompiling 21f2:246e, pcode error at 2000:3158: Unable to resolve constructor at 2000:3158 (DecompileCallback)  
WARN  Decompiling 21f2:246e, pcode error at 2000:7191: Unable to resolve constructor at 2000:7191 (DecompileCallback)  
INFO  Packed database cache: C:\Users\yomei\AppData\Local\ghidra\packed-db-cache (PackedDatabaseCache)  
INFO  Applied data type archive: generic_clib (ApplyDataArchiveAnalyzer)  
INFO  -----------------------------------------------------
    ASCII Strings                              0.375 secs
    Apply Data Archives                        0.902 secs
    Call Convention ID                         0.041 secs
    Call-Fixup Installer                       0.024 secs
    Create Function                            0.674 secs
    Data Reference                             0.052 secs
    Decompiler Switch Analysis                72.876 secs
    Demangler GNU                              0.059 secs
    Disassemble                                2.969 secs
    Disassemble Entry Points                   0.219 secs
    Embedded Media                             0.019 secs
    External Entry References                  0.000 secs
    Function ID                                0.168 secs
    Function Start Search                      0.032 secs
    Non-Returning Functions - Discovered       0.475 secs
    Reference                                  0.077 secs
    Segmented X86 Calling Conventions          0.002 secs
    Shared Return Calls                        0.299 secs
    Stack                                      3.559 secs
    Subroutine References                      0.148 secs
    Subroutine References - One Time           0.000 secs
    X86 Function Callee Purge                  0.157 secs
    x86 Constant Reference Analyzer            2.642 secs
-----------------------------------------------------
     Total Time   85 secs
-----------------------------------------------------
 (AutoAnalysisManager)  
INFO  REPORT: Analysis succeeded for file: file:///C:/prog/jwcad/ovl/jw06.exe (HeadlessAnalyzer)  
INFO  REPORT: Execute script: MarkOverlayThunks 'post' '3ab8' 'C:\prog\jwcad\entries\06.txt' '6'  (HeadlessAnalyzer)  
INFO  SCRIPT: C:\prog\jwcad\ghidra_scripts\MarkOverlayThunks.java (HeadlessAnalyzer)  
INFO  MarkOverlayThunks.java> cd 3f sites: 124 (GhidraScript)  
INFO  MarkOverlayThunks.java> overlay traps given a fall-through: 124, references added: 4 (GhidraScript)  
INFO  MarkOverlayThunks.java> overlay entry points seeded: 10 (GhidraScript)  
INFO  REPORT: Execute script: DecompileAll 'C:\prog\jwcad\out\ovl06' '3ab8' '4375'  (HeadlessAnalyzer)  
INFO  SCRIPT: C:\prog\jwcad\ghidra_scripts\DecompileAll.java (HeadlessAnalyzer)  
WARN  Decompiling 3ab8:46bc, pcode error at 3000:018e: Unable to resolve constructor at 3000:018e (DecompileCallback)  
WARN  Decompiling 3ab8:4c91, pcode error at 3000:018e: Unable to resolve constructor at 3000:018e (DecompileCallback)  
INFO  DecompileAll.java> decompiled 45 functions, 0 failed (GhidraScript)  
INFO  ANALYZING changes made by post scripts: file:///C:/prog/jwcad/ovl/jw06.exe (HeadlessAnalyzer)  
INFO  REPORT: Post-analysis succeeded for file: file:///C:/prog/jwcad/ovl/jw06.exe (HeadlessAnalyzer)  
INFO  /jw06.exe: file created (yomei) (LocalFileSystem)  
INFO  REPORT: Save succeeded for: /jw06.exe (ovl06:/jw06.exe) (HeadlessAnalyzer)  
INFO  REPORT: Import succeeded (HeadlessAnalyzer)  
