INFO  Using log config file: jar:file:/C:/prog/ghidra/ghidra_12.1.3_PUBLIC/Ghidra/Framework/Generic/lib/Generic.jar!/generic.log4j.xml (LoggingInitialization)  
INFO  Using log file: C:\Users\yomei\AppData\Roaming\ghidra\ghidra_12.1.3_PUBLIC\application.log (LoggingInitialization)  
INFO  Loading user preferences: C:\Users\yomei\AppData\Roaming\ghidra\ghidra_12.1.3_PUBLIC\preferences (Preferences)  
INFO  Searching for classes... (ClassSearcher)  
INFO  Class search complete (1017 ms) (ClassSearcher)  
INFO  Initializing SSL Context (DefaultSSLContextInitializer)  
INFO  Initializing Random Number Generator... (SecureRandomFactory)  
INFO  Random Number Generator initialization complete: SHA1PRNG (SecureRandomFactory)  
INFO  Trust manager disabled, cacerts have not been set (DefaultTrustManagerFactory)  
INFO  Headless startup complete (9720 ms) (AnalyzeHeadless)  
INFO  Class searcher loaded 59 extension points (20 false positives) (ClassSearcher)  
INFO  HEADLESS Script Paths:
    C:\prog\ghidra\ghidra_12.1.3_PUBLIC\Ghidra\Debug\Debugger-rmi-trace\ghidra_scripts
    C:\prog\ghidra\ghidra_12.1.3_PUBLIC\Ghidra\Features\FileFormats\ghidra_scripts
    C:\prog\ghidra\ghidra_12.1.3_PUBLIC\Ghidra\Features\GnuDemangler\ghidra_scripts
    C:\prog\ghidra\ghidra_12.1.3_PUBLIC\Ghidra\Features\VersionTracking\ghidra_scripts
    C:\prog\ghidra\ghidra_12.1.3_PUBLIC\Ghidra\Debug\Debugger\ghidra_scripts
    C:\prog\ghidra\ghidra_12.1.3_PUBLIC\Ghidra\Processors\8051\ghidra_scripts
    C:\prog\ghidra\ghidra_12.1.3_PUBLIC\Ghidra\Features\BSim\ghidra_scripts
    C:\prog\ghidra\ghidra_12.1.3_PUBLIC\Ghidra\Features\WildcardAssembler\ghidra_scripts
    C:\prog\ghidra\ghidra_12.1.3_PUBLIC\Ghidra\Features\FunctionID\ghidra_scripts
    C:\prog\ghidra\ghidra_12.1.3_PUBLIC\Ghidra\Features\SystemEmulation\ghidra_scripts
    C:\prog\ghidra\ghidra_12.1.3_PUBLIC\Ghidra\Processors\PIC\ghidra_scripts
    C:\prog\ghidra\ghidra_12.1.3_PUBLIC\Ghidra\Features\PDB\ghidra_scripts
    C:\prog\ghidra\ghidra_12.1.3_PUBLIC\Ghidra\Features\DecompilerDependent\ghidra_scripts
    C:\prog\ghidra\ghidra_12.1.3_PUBLIC\Ghidra\Features\SwiftDemangler\ghidra_scripts
    C:\prog\ghidra\ghidra_12.1.3_PUBLIC\Ghidra\Features\MicrosoftCodeAnalyzer\ghidra_scripts
    C:\prog\ghidra\ghidra_12.1.3_PUBLIC\Ghidra\Processors\DATA\ghidra_scripts
    C:\prog\ghidra\ghidra_12.1.3_PUBLIC\Ghidra\Features\Decompiler\ghidra_scripts
    C:\prog\ghidra\ghidra_12.1.3_PUBLIC\Ghidra\Features\BytePatterns\ghidra_scripts
    C:\prog\ghidra\ghidra_12.1.3_PUBLIC\Ghidra\Features\PyGhidra\ghidra_scripts
    C:\prog\ghidra\ghidra_12.1.3_PUBLIC\Ghidra\Processors\Atmel\ghidra_scripts
    C:\prog\ghidra\ghidra_12.1.3_PUBLIC\Ghidra\Features\Base\ghidra_scripts
    C:\prog\jwcad\ghidra_scripts
    C:\prog\ghidra\ghidra_12.1.3_PUBLIC\Ghidra\Processors\JVM\ghidra_scripts (HeadlessAnalyzer)  
INFO  HEADLESS: execution starts (HeadlessAnalyzer)  
INFO  Creating temporary project: C:\prog\jwcad\proj\ovl26 (HeadlessAnalyzer)  
INFO  Creating project: C:\prog\jwcad\proj\ovl26 (DefaultProject)  
INFO  REPORT: Processing input files:  (HeadlessAnalyzer)  
INFO       project: C:\prog\jwcad\proj\ovl26 (HeadlessAnalyzer)  
INFO  IMPORTING: file:///C:/prog/jwcad/ovl/jw26.exe (HeadlessAnalyzer)  
INFO  Using Loader: Old-style DOS Executable (MZ) (ProgramLoader)  
INFO  Using Language/Compiler: x86:LE:16:Real Mode:default (ProgramLoader)  
INFO  Using Library Search Path: [., C:\Windows\SysWOW64, C:\prog\ghidra\jdk21\bin, C:\Windows\Sun\Java\bin, C:\Windows\system32, C:\Windows, C:\Program Files\Python312\Scripts\, C:\Program Files\Python312\, C:\Windows\System32\Wbem, C:\Windows\System32\WindowsPowerShell\v1.0\, C:\Windows\System32\OpenSSH\, C:\Program Files\Amazon\AWSCLIV2\, C:\ProgramData\chocolatey\bin, C:\ffmpeg, C:\Users\yomei\AppData\Local\Microsoft\WindowsApps] (ProgramLoader)  
INFO  Additional info:
There were too many messages to display.
1196 messages have been truncated.

Loading file:///C:/prog/jwcad/ovl/jw26.exe?MD5=058881350cdf3e5e7f415bc6e640b571...
Failed to process relocation: 6570:00a8 (Invalid index: 385000)
Failed to process relocation: 6570:0098 (Invalid index: 384984)
Failed to process relocation: 6570:0088 (Invalid index: 384968)
Failed to process relocation: 6570:0077 (Invalid index: 384951)
Failed to process relocation: 6570:0063 (Invalid index: 384931)
Failed to process relocation: 6570:005a (Invalid index: 384922)
Failed to process relocation: 6570:004e (Invalid index: 384910)
Failed to process relocation: 6570:0005 (Invalid index: 384837)
Failed to process relocation: 6570:021c (Invalid index: 385372)
Failed to process relocation: 6570:0217 (Invalid index: 385367)
Failed to process relocation: 6570:0212 (Invalid index: 385362)
Failed to process relocation: 6570:020d (Invalid index: 385357)
Failed to process relocation: 6570:0205 (Invalid index: 385349)
Failed to process relocation: 6570:01fd (Invalid index: 385341)
Failed to process relocation: 6570:01f2 (Invalid index: 385330)
Failed to process relocation: 6570:01ed (Invalid index: 385325)
Failed to process relocation: 6570:01e8 (Invalid index: 385320)
Failed to process relocation: 6570:01e3 (Invalid index: 385315)
Failed to process relocation: 6570:01db (Invalid index: 385307)
Failed to process relocation: 6570:01d3 (Invalid index: 385299)
Failed to process relocation: 6570:01ca (Invalid index: 385290)
Failed to process relocation: 6570:01c2 (Invalid index: 385282)
Failed to process relocation: 6570:01ba (Invalid index: 385274)
Failed to process relocation: 6570:01b1 (Invalid index: 385265)
Failed to process relocation: 6570:01a9 (Invalid index: 385257)
Failed to process relocation: 6570:01a1 (Invalid index: 385249)
Failed to process relocation: 6570:0199 (Invalid index: 385241)
Failed to process relocation: 6570:0191 (Invalid index: 385233)
Failed to process relocation: 6570:0188 (Invalid index: 385224)
Failed to process relocation: 6570:0180 (Invalid index: 385216)
Failed to process relocation: 6570:016c (Invalid index: 385196)
Failed to process relocation: 6570:012b (Invalid index: 385131)
Failed to process relocation: 6570:010e (Invalid index: 385102)
Failed to process relocation: 6570:00ef (Invalid index: 385071)
Failed to process relocation: 6570:00b8 (Invalid index: 385016)
Failed to process relocation: 6570:03f5 (Invalid index: 385845)
Failed to process relocation: 6570:03ed (Invalid index: 385837)
Failed to process relocation: 6570:03e3 (Invalid index: 385827)
Failed to process relocation: 6570:03bb (Invalid index: 385787)
Failed to process relocation: 6570:03b3 (Invalid index: 385779)
Failed to process relocation: 6570:03a9 (Invalid index: 385769)
Failed to process relocation: 6570:03a4 (Invalid index: 385764)
Failed to process relocation: 6570:039c (Invalid index: 385756)
Failed to process relocation: 6570:0392 (Invalid index: 385746)
Failed to process relocation: 6570:0389 (Invalid index: 385737)
Failed to process relocation: 6570:037f (Invalid index: 385727)
Failed to process relocation: 6570:037a (Invalid index: 385722)
Failed to process relocation: 6570:0372 (Invalid index: 385714)
Failed to process relocation: 6570:0368 (Invalid index: 385704)
Failed to process relocation: 6570:0363 (Invalid index: 385699)
Failed to process relocation: 6570:0341 (Invalid index: 385665)
Failed to process relocation: 6570:033c (Invalid index: 385660)
Failed to process relocation: 6570:0332 (Invalid index: 385650)
Failed to process relocation: 6570:032d (Invalid index: 385645)
Failed to process relocation: 6570:0325 (Invalid index: 385637)
Failed to process relocation: 6570:031b (Invalid index: 385627)
Failed to process relocation: 6570:0316 (Invalid index: 385622)
Failed to process relocation: 6570:030e (Invalid index: 385614)
Failed to process relocation: 6570:0304 (Invalid index: 385604)
Failed to process relocation: 6570:02ff (Invalid index: 385599)
Failed to process relocation: 6570:02f7 (Invalid index: 385591)
Failed to process relocation: 6570:02ed (Invalid index: 385581)
Failed to process relocation: 6570:02e8 (Invalid index: 385576)
Failed to process relocation: 6570:02ce (Invalid index: 385550)
Failed to process relocation: 6570:029a (Invalid index: 385498)
Failed to process relocation: 6570:026e (Invalid index: 385454)
Failed to process relocation: 6570:0236 (Invalid index: 385398)
Failed to process relocation: 6570:05a7 (Invalid index: 386279)
Failed to process relocation: 6570:05a2 (Invalid index: 386274)
Failed to process relocation: 6570:059d (Invalid index: 386269)
Failed to process relocation: 6570:0598 (Invalid index: 386264)
Failed to process relocation: 6570:0590 (Invalid index: 386256)
Failed to process relocation: 6570:0588 (Invalid index: 386248)
Failed to process relocation: 6570:057a (Invalid index: 386234)
Failed to process relocation: 6570:0575 (Invalid index: 386229)
Failed to process relocation: 6570:0570 (Invalid index: 386224)
Failed to process relocation: 6570:056b (Invalid index: 386219)
Failed to process relocation: 6570:0563 (Invalid index: 386211)
Failed to process relocation: 6570:0558 (Invalid index: 386200)
Failed to process relocation: 6570:0553 (Invalid index: 386195)
Failed to process relocation: 6570:054e (Invalid index: 386190)
Failed to process relocation: 6570:0549 (Invalid index: 386185)
Failed to process relocation: 6570:0541 (Invalid index: 386177)
Failed to process relocation: 6570:0528 (Invalid index: 386152)
Failed to process relocation: 6570:051f (Invalid index: 386143)
Failed to process relocation: 6570:0515 (Invalid index: 386133)
Failed to process relocation: 6570:0510 (Invalid index: 386128)
Failed to process relocation: 6570:0508 (Invalid index: 386120)
Failed to process relocation: 6570:04fe (Invalid index: 386110)
Failed to process relocation: 6570:04f9 (Invalid index: 386105)
Failed to process relocation: 6570:04e1 (Invalid index: 386081)
Failed to process relocation: 6570:04d8 (Invalid index: 386072)
Failed to process relocation: 6570:04ce (Invalid index: 386062)
Failed to process relocation: 6570:04c9 (Invalid index: 386057)
Failed to process relocation: 6570:04c1 (Invalid index: 386049)
Failed to process relocation: 6570:04b7 (Invalid index: 386039)
Failed to process relocation: 6570:04b2 (Invalid index: 386034)
Failed to process relocation: 6570:049d (Invalid index: 386013)
Failed to process relocation: 6570:0498 (Invalid index: 386008)
Failed to process relocation: 6570:048e (Invalid index: 385998)
Failed to process relocation: 6570:0489 (Invalid index: 385993)
Failed to process relocation: 6570:0481 (Invalid index: 385985)
Failed to process relocation: 6570:0477 (Invalid index: 385975)
Failed to process relocation: 6570:0472 (Invalid index: 385970)
Failed to process relocation: 6570:046a (Invalid index: 385962)
Failed to process relocation: 6570:0460 (Invalid index: 385952)
Failed to process relocation: 6570:045b (Invalid index: 385947)
Failed to process relocation: 6570:0453 (Invalid index: 385939)
Failed to process relocation: 6570:0449 (Invalid index: 385929)
Failed to process relocation: 6570:0444 (Invalid index: 385924)
Failed to process relocation: 6570:0435 (Invalid index: 385909)
Failed to process relocation: 6570:0967 (Invalid index: 387239)
Failed to process relocation: 6570:095d (Invalid index: 387229)
Failed to process relocation: 6570:0958 (Invalid index: 387224)
Failed to process relocation: 6570:094f (Invalid index: 387215)
Failed to process relocation: 6570:0945 (Invalid index: 387205)
Failed to process relocation: 6570:0940 (Invalid index: 387200)
Failed to process relocation: 6570:0927 (Invalid index: 387175)
Failed to process relocation: 6570:091e (Invalid index: 387166)
Failed to process relocation: 6570:0914 (Invalid index: 387156)
Failed to process relocation: 6570:090f (Invalid index: 387151)
Failed to process relocation: 6570:0906 (Invalid index: 387142)
Failed to process relocation: 6570:08fc (Invalid index: 387132)
Failed to process relocation: 6570:08f7 (Invalid index: 387127)
Failed to process relocation: 6570:08c6 (Invalid index: 387078)
Failed to process relocation: 6570:08c1 (Invalid index: 387073)
Failed to process relocation: 6570:08b7 (Invalid index: 387063)
Failed to process relocation: 6570:08b2 (Invalid index: 387058)
Failed to process relocation: 6570:08aa (Invalid index: 387050)
Failed to process relocation: 6570:08a0 (Invalid index: 387040)
Failed to process relocation: 6570:089b (Invalid index: 387035)
Failed to process relocation: 6570:0893 (Invalid index: 387027)
Failed to process relocation: 6570:0889 (Invalid index: 387017)
Failed to process relocation: 6570:0884 (Invalid index: 387012)
Failed to process relocation: 6570:087c (Invalid index: 387004)
Failed to process relocation: 6570:0872 (Invalid index: 386994)
Failed to process relocation: 6570:086d (Invalid index: 386989)
Failed to process relocation: 6570:085e (Invalid index: 386974)
Failed to process relocation: 6570:0829 (Invalid index: 386921)
Failed to process relocation: 6570:05c8 (Invalid index: 386312)
Failed to process relocation: 6570:05c1 (Invalid index: 386305)
Failed to process relocation: 6570:0d1b (Invalid index: 388187)
Failed to process relocation: 6570:0d13 (Invalid index: 388179)
Failed to process relocation: 6570:0d0a (Invalid index: 388170)
Failed to process relocation: 6570:0d01 (Invalid index: 388161)
Failed to process relocation: 6570:0cf8 (Invalid index: 388152)
Failed to process relocation: 6570:0cef (Invalid index: 388143)
Failed to process relocation: 6570:0ce6 (Invalid index: 388134)
Failed to process relocation: 6570:0cde (Invalid index: 388126)
Failed to process relocation: 6570:0cd5 (Invalid index: 388117)
Failed to process relocation: 6570:0ccd (Invalid index: 388109)
Failed to process relocation: 6570:0cc4 (Invalid index: 388100)
Failed to process relocation: 6570:0cbc (Invalid index: 388092)
Failed to process relocation: 6570:0ca1 (Invalid index: 388065)
Failed to process relocation: 6570:0c99 (Invalid index: 388057)
Failed to process relocation: 6570:0c8f (Invalid index: 388047)
Failed to process relocation: 6570:0c67 (Invalid index: 388007)
Failed to process relocation: 6570:0c5f (Invalid index: 387999)
Failed to process relocation: 6570:0c55 (Invalid index: 387989)
Failed to process relocation: 6570:0c3d (Invalid index: 387965)
Failed to process relocation: 6570:0c35 (Invalid index: 387957)
Failed to process relocation: 6570:0c30 (Invalid index: 387952)
Failed to process relocation: 6570:0c26 (Invalid index: 387942)
Failed to process relocation: 6570:0c21 (Invalid index: 387937)
Failed to process relocation: 6570:0c17 (Invalid index: 387927)
Failed to process relocation: 6570:0c0e (Invalid index: 387918)
Failed to process relocation: 6570:0c04 (Invalid index: 387908)
Failed to process relocation: 6570:0bff (Invalid index: 387903)
Failed to process relocation: 6570:0bf6 (Invalid index: 387894)
Failed to process relocation: 6570:0bec (Invalid index: 387884)
Failed to process relocation: 6570:0be7 (Invalid index: 387879)
Failed to process relocation: 6570:0bde (Invalid index: 387870)
Failed to process relocation: 6570:0bd5 (Invalid index: 387861)
Failed to process relocation: 6570:0bcd (Invalid index: 387853)
Failed to process relocation: 6570:0bc3 (Invalid index: 387843)
Failed to process relocation: 6570:0bbe (Invalid index: 387838)
Failed to process relocation: 6570:0bb4 (Invalid index: 387828)
Failed to process relocation: 6570:0baf (Invalid index: 387823)
Failed to process relocation: 6570:0baa (Invalid index: 387818)
Failed to process relocation: 6570:0ba1 (Invalid index: 387809)
Failed to process relocation: 6570:0b98 (Invalid index: 387800)
Failed to process relocation: 6570:0b90 (Invalid index: 387792)
Failed to process relocation: 6570:0b88 (Invalid index: 387784)
Failed to process relocation: 6570:0b7f (Invalid index: 387775)
Failed to process relocation: 6570:0b76 (Invalid index: 387766)
Failed to process relocation: 6570:0b6d (Invalid index: 387757)
Failed to process relocation: 6570:0b64 (Invalid index: 387748)
Failed to process relocation: 6570:0b5b (Invalid index: 387739)
Failed to process relocation: 6570:0b2a (Invalid index: 387690)
Failed to process relocation: 6570:0b25 (Invalid index: 387685)
Failed to process relocation: 6570:0b1b (Invalid index: 387675)
Failed to process relocation: 6570:0b16 (Invalid index: 387670)
Failed to process relocation: 6570:0b0e (Invalid index: 387662)
Failed to process relocation: 6570:0b04 (Invalid index: 387652)
Failed to process relocation: 6570:0aff (Invalid index: 387647)
Failed to process relocation: 6570:0af7 (Invalid index: 387639)
Failed to process relocation: 6570:0aed (Invalid index: 387629)
Failed to process relocation: 6570:0ae8 (Invalid index: 387624)
Failed to process relocation: 6570:0ae0 (Invalid index: 387616)
Failed to process relocation: 6570:0ad6 (Invalid index: 387606)
Failed to process relocation: 6570:0ad1 (Invalid index: 387601)
Failed to process relocation: 6570:0ac2 (Invalid index: 387586)
Failed to process relocation: 6570:0a8d (Invalid index: 387533)
Failed to process relocation: 6570:09e2 (Invalid index: 387362)
Failed to process relocation: 6570:09dd (Invalid index: 387357)
Failed to process relocation: 6570:09d4 (Invalid index: 387348)
Failed to process relocation: 6570:09c9 (Invalid index: 387337)
Failed to process relocation: 6570:09c4 (Invalid index: 387332)
Failed to process relocation: 6570:09bb (Invalid index: 387323)
Failed to process relocation: 6570:09b1 (Invalid index: 387313)
Failed to process relocation: 6570:09ac (Invalid index: 387308)
Failed to process relocation: 6570:09a3 (Invalid index: 387299)
Failed to process relocation: 6570:0998 (Invalid index: 387288)
Failed to process relocation: 6570:0993 (Invalid index: 387283)
Failed to process relocation: 6570:098a (Invalid index: 387274)
Failed to process relocation: 6570:0970 (Invalid index: 387248)
Failed to process relocation: 6570:0f30 (Invalid index: 388720)
Failed to process relocation: 6570:0f1a (Invalid index: 388698)
Failed to process relocation: 6570:0f09 (Invalid index: 388681)
Failed to process relocation: 6570:0eee (Invalid index: 388654)
Failed to process relocation: 6570:0ebe (Invalid index: 388606)
Failed to process relocation: 6570:0eae (Invalid index: 388590)
Failed to process relocation: 6570:0ea9 (Invalid index: 388585)
Failed to process relocation: 6570:0e9f (Invalid index: 388575)
Failed to process relocation: 6570:0e9a (Invalid index: 388570)
Failed to process relocation: 6570:0e92 (Invalid index: 388562)
Failed to process relocation: 6570:0e88 (Invalid index: 388552)
Failed to process relocation: 6570:0e83 (Invalid index: 388547)
Failed to process relocation: 6570:0e7b (Invalid index: 388539)
Failed to process relocation: 6570:0e71 (Invalid index: 388529)
Failed to process relocation: 6570:0e6c (Invalid index: 388524)
Failed to process relocation: 6570:0e63 (Invalid index: 388515)
Failed to process relocation: 6570:0e59 (Invalid index: 388505)
Failed to process relocation: 6570:0e54 (Invalid index: 388500)
Failed to process relocation: 6570:0e48 (Invalid index: 388488)
Failed to process relocation: 6570:0e43 (Invalid index: 388483)
Failed to process relocation: 6570:0e3e (Invalid index: 388478)
Failed to process relocation: 6570:0e36 (Invalid index: 388470)
Failed to process relocation: 6570:0e2d (Invalid index: 388461)
Failed to process relocation: 6570:0e28 (Invalid index: 388456)
Failed to process relocation: 6570:0e20 (Invalid index: 388448)
Failed to process relocation: 6570:0e17 (Invalid index: 388439)
Failed to process relocation: 6570:0e0d (Invalid index: 388429)
Failed to process relocation: 6570:0e04 (Invalid index: 388420)
Failed to process relocation: 6570:0dfa (Invalid index: 388410)
Failed to process relocation: 6570:0df5 (Invalid index: 388405)
Failed to process relocation: 6570:0dec (Invalid index: 388396)
Failed to process relocation: 6570:0de2 (Invalid index: 388386)
Failed to process relocation: 6570:0ddd (Invalid index: 388381)
Failed to process relocation: 6570:0dd4 (Invalid index: 388372)
Failed to process relocation: 6570:0dcc (Invalid index: 388364)
Failed to process relocation: 6570:0dc3 (Invalid index: 388355)
Failed to process relocation: 6570:0db9 (Invalid index: 388345)
Failed to process relocation: 6570:0db4 (Invalid index: 388340)
Failed to process relocation: 6570:0daa (Invalid index: 388330)
Failed to process relocation: 6570:0da5 (Invalid index: 388325)
Failed to process relocation: 6570:0d9c (Invalid index: 388316)
Failed to process relocation: 6570:0d93 (Invalid index: 388307)
Failed to process relocation: 6570:0d80 (Invalid index: 388288)
Failed to process relocation: 6570:0d7b (Invalid index: 388283)
Failed to process relocation: 6570:0d71 (Invalid index: 388273)
Failed to process relocation: 6570:0d6c (Invalid index: 388268)
Failed to process relocation: 6570:0d63 (Invalid index: 388259)
Failed to process relocation: 6570:0d59 (Invalid index: 388249)
Failed to process relocation: 6570:0d54 (Invalid index: 388244)
Failed to process relocation: 6570:0d4b (Invalid index: 388235)
Failed to process relocation: 6570:0d41 (Invalid index: 388225)
Failed to process relocation: 6570:0d3c (Invalid index: 388220)
Failed to process relocation: 6570:0d33 (Invalid index: 388211)
Failed to process relocation: 6570:0d29 (Invalid index: 388201)
Failed to process relocation: 6570:0d24 (Invalid index: 388196)
Failed to process relocation: 6570:12f9 (Invalid index: 389689)
Failed to process relocation: 6570:12f0 (Invalid index: 389680)
Failed to process relocation: 6570:12e7 (Invalid index: 389671)
Failed to process relocation: 6570:12de (Invalid index: 389662)
Failed to process relocation: 6570:12d5 (Invalid index: 389653)
Failed to process relocation: 6570:12cc (Invalid index: 389644)
Failed to process relocation: 6570:12c3 (Invalid index: 389635)
Failed to process relocation: 6570:12ba (Invalid index: 389626)
Failed to process relocation: 6570:12b1 (Invalid index: 389617)
Failed to process relocation: 6570:12a8 (Invalid index: 389608)
Failed to process relocation: 6570:129f (Invalid index: 389599)
Failed to process relocation: 6570:1296 (Invalid index: 389590)
Failed to process relocation: 6570:128d (Invalid index: 389581)
Failed to process relocation: 6570:1284 (Invalid index: 389572)
Failed to process relocation: 6570:127b (Invalid index: 389563)
Failed to process relocation: 6570:1272 (Invalid index: 389554)
Failed to process relocation: 6570:1269 (Invalid index: 389545)
Failed to process relocation: 6570:1260 (Invalid index: 389536)
Failed to process relocation: 6570:124d (Invalid index: 389517)
Failed to process relocation: 6570:1219 (Invalid index: 389465)
Failed to process relocation: 6570:11e6 (Invalid index: 389414)
Failed to process relocation: 6570:11b1 (Invalid index: 389361)
Failed to process relocation: 6570:0fbe (Invalid index: 388862)
Failed to process relocation: 6570:0fa0 (Invalid index: 388832)
Failed to process relocation: 6570:0f83 (Invalid index: 388803)
Failed to process relocation: 6570:0f66 (Invalid index: 388774)
Failed to process relocation: 6570:0f57 (Invalid index: 388759)
Failed to process relocation: 6570:0f50 (Invalid index: 388752)
Failed to process relocation: 6570:16a7 (Invalid index: 390631)
Failed to process relocation: 6570:16a2 (Invalid index: 390626)
Failed to process relocation: 6570:1687 (Invalid index: 390599)
Failed to process relocation: 6570:167e (Invalid index: 390590)
Failed to process relocation: 6570:1674 (Invalid index: 390580)
Failed to process relocation: 6570:166f (Invalid index: 390575)
Failed to process relocation: 6570:1666 (Invalid index: 390566)
Failed to process relocation: 6570:165c (Invalid index: 390556)
Failed to process relocation: 6570:1657 (Invalid index: 390551)
Failed to process relocation: 6570:163c (Invalid index: 390524)
Failed to process relocation: 6570:1633 (Invalid index: 390515)
Failed to process relocation: 6570:1629 (Invalid index: 390505)
Failed to process relocation: 6570:1624 (Invalid index: 390500)
Failed to process relocation: 6570:161b (Invalid index: 390491)
Failed to process relocation: 6570:1611 (Invalid index: 390481)
Failed to process relocation: 6570:160c (Invalid index: 390476)
Failed to process relocation: 6570:15f1 (Invalid index: 390449)
Failed to process relocation: 6570:15e8 (Invalid index: 390440)
Failed to process relocation: 6570:15de (Invalid index: 390430)
Failed to process relocation: 6570:15d9 (Invalid index: 390425)
Failed to process relocation: 6570:15d0 (Invalid index: 390416)
Failed to process relocation: 6570:15c6 (Invalid index: 390406)
Failed to process relocation: 6570:15c1 (Invalid index: 390401)
Failed to process relocation: 6570:15a6 (Invalid index: 390374)
Failed to process relocation: 6570:159d (Invalid index: 390365)
Failed to process relocation: 6570:1593 (Invalid index: 390355)
Failed to process relocation: 6570:158e (Invalid index: 390350)
Failed to process relocation: 6570:1585 (Invalid index: 390341)
Failed to process relocation: 6570:157b (Invalid index: 390331)
Failed to process relocation: 6570:1576 (Invalid index: 390326)
Failed to process relocation: 6570:156d (Invalid index: 390317)
Failed to process relocation: 6570:1564 (Invalid index: 390308)
Failed to process relocation: 6570:155a (Invalid index: 390298)
Failed to process relocation: 6570:1555 (Invalid index: 390293)
Failed to process relocation: 6570:154b (Invalid index: 390283)
Failed to process relocation: 6570:1546 (Invalid index: 390278)
Failed to process relocation: 6570:1541 (Invalid index: 390273)
Failed to process relocation: 6570:1538 (Invalid index: 390264)
Failed to process relocation: 6570:152f (Invalid index: 390255)
Failed to process relocation: 6570:1526 (Invalid index: 390246)
Failed to process relocation: 6570:151d (Invalid index: 390237)
Failed to process relocation: 6570:1514 (Invalid index: 390228)
Failed to process relocation: 6570:150b (Invalid index: 390219)
Failed to process relocation: 6570:1502 (Invalid index: 390210)
Failed to process relocation: 6570:14ef (Invalid index: 390191)
Failed to process relocation: 6570:14ea (Invalid index: 390186)
Failed to process relocation: 6570:14e0 (Invalid index: 390176)
Failed to process relocation: 6570:14db (Invalid index: 390171)
Failed to process relocation: 6570:14d2 (Invalid index: 390162)
Failed to process relocation: 6570:14c8 (Invalid index: 390152)
Failed to process relocation: 6570:14c3 (Invalid index: 390147)
Failed to process relocation: 6570:14ba (Invalid index: 390138)
Failed to process relocation: 6570:14b0 (Invalid index: 390128)
Failed to process relocation: 6570:14ab (Invalid index: 390123)
Failed to process relocation: 6570:14a2 (Invalid index: 390114)
Failed to process relocation: 6570:1498 (Invalid index: 390104)
Failed to process relocation: 6570:1493 (Invalid index: 390099)
Failed to process relocation: 6570:1368 (Invalid index: 389800)
Failed to process relocation: 6570:1363 (Invalid index: 389795)
Failed to process relocation: 6570:1359 (Invalid index: 389785)
Failed to process relocation: 6570:1354 (Invalid index: 389780)
Failed to process relocation: 6570:134a (Invalid index: 389770)
Failed to process relocation: 6570:1345 (Invalid index: 389765)
Failed to process relocation: 6570:1340 (Invalid index: 389760)
Failed to process relocation: 6570:1337 (Invalid index: 389751)
Failed to process relocation: 6570:132e (Invalid index: 389742)
Failed to process relocation: 6570:1325 (Invalid index: 389733)
Failed to process relocation: 6570:131c (Invalid index: 389724)
Failed to process relocation: 6570:1312 (Invalid index: 389714)
Failed to process relocation: 6570:130d (Invalid index: 389709)
Failed to process relocation: 6570:1303 (Invalid index: 389699)
Failed to process relocation: 6570:12fe (Invalid index: 389694)
Failed to process relocation: 6570:1a4b (Invalid index: 391563)
Failed to process relocation: 6570:1a41 (Invalid index: 391553)
Failed to process relocation: 6570:1a39 (Invalid index: 391545)
Failed to process relocation: 6570:1a30 (Invalid index: 391536)
Failed to process relocation: 6570:1a28 (Invalid index: 391528)
Failed to process relocation: 6570:1a20 (Invalid index: 391520)
Failed to process relocation: 6570:1a16 (Invalid index: 391510)
Failed to process relocation: 6570:1a0e (Invalid index: 391502)
Failed to process relocation: 6570:1a05 (Invalid index: 391493)
Failed to process relocation: 6570:19fd (Invalid index: 391485)
Failed to process relocation: 6570:19c6 (Invalid index: 391430)
Failed to process relocation: 6570:19be (Invalid index: 391422)
Failed to process relocation: 6570:19b4 (Invalid index: 391412)
Failed to process relocation: 6570:19ab (Invalid index: 391403)
Failed to process relocation: 6570:19a1 (Invalid index: 391393)
Failed to process relocation: 6570:199c (Invalid index: 391388)
Failed to process relocation: 6570:1982 (Invalid index: 391362)
Failed to process relocation: 6570:197a (Invalid index: 391354)
Failed to process relocation: 6570:1970 (Invalid index: 391344)
Failed to process relocation: 6570:1967 (Invalid index: 391335)
Failed to process relocation: 6570:195d (Invalid index: 391325)
Failed to process relocation: 6570:1958 (Invalid index: 391320)
Failed to process relocation: 6570:1950 (Invalid index: 391312)
Failed to process relocation: 6570:1947 (Invalid index: 391303)
Failed to process relocation: 6570:193f (Invalid index: 391295)
Failed to process relocation: 6570:1935 (Invalid index: 391285)
Failed to process relocation: 6570:192d (Invalid index: 391277)
Failed to process relocation: 6570:1923 (Invalid index: 391267)
Failed to process relocation: 6570:191a (Invalid index: 391258)
Failed to process relocation: 6570:1910 (Invalid index: 391248)
Failed to process relocation: 6570:190b (Invalid index: 391243)
Failed to process relocation: 6570:18eb (Invalid index: 391211)
Failed to process relocation: 6570:18e3 (Invalid index: 391203)
Failed to process relocation: 6570:18d9 (Invalid index: 391193)
Failed to process relocation: 6570:18d0 (Invalid index: 391184)
Failed to process relocation: 6570:18c6 (Invalid index: 391174)
Failed to process relocation: 6570:18c1 (Invalid index: 391169)
Failed to process relocation: 6570:1865 (Invalid index: 391077)
Failed to process relocation: 6570:185d (Invalid index: 391069)
Failed to process relocation: 6570:1858 (Invalid index: 391064)
Failed to process relocation: 6570:184e (Invalid index: 391054)
Failed to process relocation: 6570:1849 (Invalid index: 391049)
Failed to process relocation: 6570:1840 (Invalid index: 391040)
Failed to process relocation: 6570:1837 (Invalid index: 391031)
Failed to process relocation: 6570:182f (Invalid index: 391023)
Failed to process relocation: 6570:1825 (Invalid index: 391013)
Failed to process relocation: 6570:1820 (Invalid index: 391008)
Failed to process relocation: 6570:1816 (Invalid index: 390998)
Failed to process relocation: 6570:1811 (Invalid index: 390993)
Failed to process relocation: 6570:180c (Invalid index: 390988)
Failed to process relocation: 6570:1803 (Invalid index: 390979)
Failed to process relocation: 6570:17fa (Invalid index: 390970)
Failed to process relocation: 6570:17f1 (Invalid index: 390961)
Failed to process relocation: 6570:17e8 (Invalid index: 390952)
Failed to process relocation: 6570:17e0 (Invalid index: 390944)
Failed to process relocation: 6570:17d7 (Invalid index: 390935)
Failed to process relocation: 6570:17ce (Invalid index: 390926)
Failed to process relocation: 6570:17b3 (Invalid index: 390899)
Failed to process relocation: 6570:17aa (Invalid index: 390890)
Failed to process relocation: 6570:17a0 (Invalid index: 390880)
Failed to process relocation: 6570:179b (Invalid index: 390875)
Failed to process relocation: 6570:1792 (Invalid index: 390866)
Failed to process relocation: 6570:1788 (Invalid index: 390856)
Failed to process relocation: 6570:1783 (Invalid index: 390851)
Failed to process relocation: 6570:1768 (Invalid index: 390824)
Failed to process relocation: 6570:175f (Invalid index: 390815)
Failed to process relocation: 6570:1755 (Invalid index: 390805)
Failed to process relocation: 6570:1750 (Invalid index: 390800)
Failed to process relocation: 6570:1747 (Invalid index: 390791)
Failed to process relocation: 6570:173d (Invalid index: 390781)
Failed to process relocation: 6570:1738 (Invalid index: 390776)
Failed to process relocation: 6570:171d (Invalid index: 390749)
Failed to process relocation: 6570:1714 (Invalid index: 390740)
Failed to process relocation: 6570:170a (Invalid index: 390730)
Failed to process relocation: 6570:1705 (Invalid index: 390725)
Failed to process relocation: 6570:16fc (Invalid index: 390716)
Failed to process relocation: 6570:16f2 (Invalid index: 390706)
Failed to process relocation: 6570:16ed (Invalid index: 390701)
Failed to process relocation: 6570:16d2 (Invalid index: 390674)
Failed to process relocation: 6570:16c9 (Invalid index: 390665)
Failed to process relocation: 6570:16bf (Invalid index: 390655)
Failed to process relocation: 6570:16ba (Invalid index: 390650)
Failed to process relocation: 6570:16b1 (Invalid index: 390641)
Failed to process relocation: 6570:1dc6 (Invalid index: 392454)
Failed to process relocation: 6570:1dbf (Invalid index: 392447)
Failed to process relocation: 6570:1daa (Invalid index: 392426)
Failed to process relocation: 6570:1d98 (Invalid index: 392408)
Failed to process relocation: 6570:1d83 (Invalid index: 392387)
Failed to process relocation: 6570:1d4b (Invalid index: 392331)
Failed to process relocation: 6570:1d43 (Invalid index: 392323)
Failed to process relocation: 6570:1d39 (Invalid index: 392313)
Failed to process relocation: 6570:1d30 (Invalid index: 392304)
Failed to process relocation: 6570:1d26 (Invalid index: 392294)
Failed to process relocation: 6570:1d0d (Invalid index: 392269)
Failed to process relocation: 6570:1d05 (Invalid index: 392261)
Failed to process relocation: 6570:1cfb (Invalid index: 392251)
Failed to process relocation: 6570:1cf2 (Invalid index: 392242)
Failed to process relocation: 6570:1ce8 (Invalid index: 392232)
Failed to process relocation: 6570:1cdf (Invalid index: 392223)
Failed to process relocation: 6570:1cda (Invalid index: 392218)
Failed to process relocation: 6570:1cd2 (Invalid index: 392210)
Failed to process relocation: 6570:1cc9 (Invalid index: 392201)
Failed to process relocation: 6570:1cbf (Invalid index: 392191)
Failed to process relocation: 6570:1cb6 (Invalid index: 392182)
Failed to process relocation: 6570:1cac (Invalid index: 392172)
Failed to process relocation: 6570:1ca4 (Invalid index: 392164)
Failed to process relocation: 6570:1c9a (Invalid index: 392154)
Failed to process relocation: 6570:1c80 (Invalid index: 392128)
Failed to process relocation: 6570:1c77 (Invalid index: 392119)
Failed to process relocation: 6570:1c6d (Invalid index: 392109)
Failed to process relocation: 6570:1c65 (Invalid index: 392101)
Failed to process relocation: 6570:1c5b (Invalid index: 392091)
Failed to process relocation: 6570:1c4b (Invalid index: 392075)
Failed to process relocation: 6570:1c1f (Invalid index: 392031)
Failed to process relocation: 6570:1bfa (Invalid index: 391994)
Failed to process relocation: 6570:1bf0 (Invalid index: 391984)
Failed to process relocation: 6570:1beb (Invalid index: 391979)
Failed to process relocation: 6570:1bdb (Invalid index: 391963)
Failed to process relocation: 6570:1bbf (Invalid index: 391935)
Failed to process relocation: 6570:1bba (Invalid index: 391930)
Failed to process relocation: 6570:1bb0 (Invalid index: 391920)
Failed to process relocation: 6570:1bab (Invalid index: 391915)
Failed to process relocation: 6570:1ba2 (Invalid index: 391906)
Failed to process relocation: 6570:1b98 (Invalid index: 391896)
Failed to process relocation: 6570:1b93 (Invalid index: 391891)
Failed to process relocation: 6570:1b8a (Invalid index: 391882)
Failed to process relocation: 6570:1b80 (Invalid index: 391872)
Failed to process relocation: 6570:1b7b (Invalid index: 391867)
 (ProgramLoader)  
INFO  IMPORTING: Loaded 0 additional files (HeadlessAnalyzer)  
INFO  REPORT: Execute script: MarkOverlayThunks 'pre' '3ab8'  (HeadlessAnalyzer)  
INFO  SCRIPT: C:\prog\jwcad\ghidra_scripts\MarkOverlayThunks.java (HeadlessAnalyzer)  
INFO  MarkOverlayThunks.java> cd 3f sites: 102 (GhidraScript)  
INFO  MarkOverlayThunks.java> overlay trap operands marked as data: 102 of 102 (GhidraScript)  
INFO  ANALYZING all memory and code: file:///C:/prog/jwcad/ovl/jw26.exe (HeadlessAnalyzer)  
ERROR Failed to create function at 28b3:0f86 since its body contains referring thunk at 28b3:0ee9 (CreateFunctionCmd)  
WARN  WARNING! Repairing body of function at 3ab8:522f (ClearFlowAndRepairCmd)  
ERROR ... function body repair failed due to overlap with another function: 3ab8:522f (ClearFlowAndRepairCmd)  
WARN  WARNING! Repairing body of function at 3ab8:3fb9 (ClearFlowAndRepairCmd)  
ERROR ... function body repair failed due to overlap with another function: 3ab8:3fb9 (ClearFlowAndRepairCmd)  
WARN  Decompiling 1000:0a81, pcode error at 1000:0a6f: Unable to resolve constructor at 1000:0a6f (DecompileCallback)  
WARN  Decompiling 1000:0a81, pcode error at 1000:0a4b: Unable to resolve constructor at 1000:0a4b (DecompileCallback)  
WARN  Decompiling 1000:0a81, pcode error at 1000:0818: Unable to resolve constructor at 1000:0818 (DecompileCallback)  
INFO  Packed database cache: C:\Users\yomei\AppData\Local\ghidra\packed-db-cache (PackedDatabaseCache)  
INFO  Applied data type archive: generic_clib (ApplyDataArchiveAnalyzer)  
INFO  -----------------------------------------------------
    ASCII Strings                              0.390 secs
    Apply Data Archives                        0.866 secs
    Call Convention ID                         0.001 secs
    Call-Fixup Installer                       0.236 secs
    Create Function                            0.263 secs
    Data Reference                             0.013 secs
    Decompiler Switch Analysis                 1.190 secs
    Demangler GNU                              0.047 secs
    Disassemble                                3.128 secs
    Disassemble Entry Points                   0.186 secs
    Embedded Media                             0.014 secs
    External Entry References                  0.000 secs
    Function ID                                0.125 secs
    Function Start Search                      0.025 secs
    Non-Returning Functions - Discovered       2.887 secs
    Reference                                  0.019 secs
    Segmented X86 Calling Conventions          0.002 secs
    Shared Return Calls                        0.082 secs
    Stack                                      1.002 secs
    Subroutine References                      0.185 secs
    Subroutine References - One Time           0.000 secs
    X86 Function Callee Purge                  0.089 secs
    x86 Constant Reference Analyzer            0.900 secs
-----------------------------------------------------
     Total Time   11 secs
-----------------------------------------------------
 (AutoAnalysisManager)  
INFO  REPORT: Analysis succeeded for file: file:///C:/prog/jwcad/ovl/jw26.exe (HeadlessAnalyzer)  
INFO  REPORT: Execute script: MarkOverlayThunks 'post' '3ab8' 'C:\prog\jwcad\entries\26.txt' '26'  (HeadlessAnalyzer)  
INFO  SCRIPT: C:\prog\jwcad\ghidra_scripts\MarkOverlayThunks.java (HeadlessAnalyzer)  
INFO  MarkOverlayThunks.java> cd 3f sites: 102 (GhidraScript)  
INFO  MarkOverlayThunks.java> overlay traps given a fall-through: 102, references added: 2 (GhidraScript)  
INFO  MarkOverlayThunks.java> overlay entry points seeded: 4 (GhidraScript)  
INFO  REPORT: Execute script: DecompileAll 'C:\prog\jwcad\out\ovl26' '3ab8' '4375'  (HeadlessAnalyzer)  
INFO  SCRIPT: C:\prog\jwcad\ghidra_scripts\DecompileAll.java (HeadlessAnalyzer)  
WARN  Decompiling 3ab8:522f, pcode error at 4000:fe14: Disassembly not permitted within uninitialized memory block (DecompileCallback)  
INFO  DecompileAll.java> decompiled 24 functions, 0 failed (GhidraScript)  
INFO  ANALYZING changes made by post scripts: file:///C:/prog/jwcad/ovl/jw26.exe (HeadlessAnalyzer)  
INFO  REPORT: Post-analysis succeeded for file: file:///C:/prog/jwcad/ovl/jw26.exe (HeadlessAnalyzer)  
INFO  /jw26.exe: file created (yomei) (LocalFileSystem)  
INFO  REPORT: Save succeeded for: /jw26.exe (ovl26:/jw26.exe) (HeadlessAnalyzer)  
INFO  REPORT: Import succeeded (HeadlessAnalyzer)  
